[0.068s] DEBUG:colcon:Command line arguments: ['/usr/bin/colcon', 'build']
[0.068s] DEBUG:colcon:Parsed command line arguments: Namespace(log_base=None, log_level=None, verb_name='build', build_base='build', install_base='install', merge_install=False, symlink_install=False, test_result_base=None, continue_on_error=False, executor='parallel', parallel_workers=16, event_handlers=None, ignore_user_meta=False, metas=['./colcon.meta'], base_paths=['.'], packages_ignore=None, packages_ignore_regex=None, paths=None, packages_up_to=None, packages_up_to_regex=None, packages_above=None, packages_above_and_dependencies=None, packages_above_depth=None, packages_select_by_dep=None, packages_skip_by_dep=None, packages_skip_up_to=None, packages_select_build_failed=False, packages_skip_build_finished=False, packages_select_test_failures=False, packages_skip_test_passed=False, packages_select=None, packages_skip=None, packages_select_regex=None, packages_skip_regex=None, packages_start=None, packages_end=None, allow_overriding=[], cmake_args=None, cmake_target=None, cmake_target_skip_unavailable=False, cmake_clean_cache=False, cmake_clean_first=False, cmake_force_configure=False, ament_cmake_args=None, catkin_cmake_args=None, catkin_skip_building_tests=False, verb_parser=<colcon_defaults.argument_parser.defaults.DefaultArgumentsDecorator object at 0x7c1746f77c80>, verb_extension=<colcon_core.verb.build.BuildVerb object at 0x7c1746f77860>, main=<bound method BuildVerb.main of <colcon_core.verb.build.BuildVerb object at 0x7c1746f77860>>)
[0.093s] Level 1:colcon.colcon_core.package_discovery:discover_packages(colcon_meta) check parameters
[0.093s] Level 1:colcon.colcon_core.package_discovery:discover_packages(recursive) check parameters
[0.093s] Level 1:colcon.colcon_core.package_discovery:discover_packages(ignore) check parameters
[0.093s] Level 1:colcon.colcon_core.package_discovery:discover_packages(path) check parameters
[0.093s] Level 1:colcon.colcon_core.package_discovery:discover_packages(colcon_meta) discover
[0.093s] Level 1:colcon.colcon_core.package_discovery:discover_packages(recursive) discover
[0.093s] INFO:colcon.colcon_core.package_discovery:Crawling recursively for packages in '/home/aly-sultan/Desktop/SLAM'
[0.093s] Level 1:colcon.colcon_core.package_identification:_identify(.) by extensions ['ignore', 'ignore_ament_install']
[0.093s] Level 1:colcon.colcon_core.package_identification:_identify(.) by extension 'ignore'
[0.093s] Level 1:colcon.colcon_core.package_identification:_identify(.) by extension 'ignore_ament_install'
[0.093s] Level 1:colcon.colcon_core.package_identification:_identify(.) by extensions ['colcon_pkg']
[0.093s] Level 1:colcon.colcon_core.package_identification:_identify(.) by extension 'colcon_pkg'
[0.093s] Level 1:colcon.colcon_core.package_identification:_identify(.) by extensions ['colcon_meta']
[0.093s] Level 1:colcon.colcon_core.package_identification:_identify(.) by extension 'colcon_meta'
[0.093s] Level 1:colcon.colcon_core.package_identification:_identify(.) by extensions ['ros']
[0.093s] Level 1:colcon.colcon_core.package_identification:_identify(.) by extension 'ros'
[0.111s] Level 1:colcon.colcon_core.package_identification:_identify(.) by extensions ['cmake', 'python']
[0.111s] Level 1:colcon.colcon_core.package_identification:_identify(.) by extension 'cmake'
[0.111s] Level 1:colcon.colcon_core.package_identification:_identify(.) by extension 'python'
[0.111s] Level 1:colcon.colcon_core.package_identification:_identify(.) by extensions ['python_setup_py']
[0.111s] Level 1:colcon.colcon_core.package_identification:_identify(.) by extension 'python_setup_py'
[0.111s] Level 1:colcon.colcon_core.package_identification:_identify(LeGO-LOAM) by extensions ['ignore', 'ignore_ament_install']
[0.111s] Level 1:colcon.colcon_core.package_identification:_identify(LeGO-LOAM) by extension 'ignore'
[0.111s] Level 1:colcon.colcon_core.package_identification:_identify(LeGO-LOAM) by extension 'ignore_ament_install'
[0.111s] Level 1:colcon.colcon_core.package_identification:_identify(LeGO-LOAM) by extensions ['colcon_pkg']
[0.111s] Level 1:colcon.colcon_core.package_identification:_identify(LeGO-LOAM) by extension 'colcon_pkg'
[0.111s] Level 1:colcon.colcon_core.package_identification:_identify(LeGO-LOAM) by extensions ['colcon_meta']
[0.111s] Level 1:colcon.colcon_core.package_identification:_identify(LeGO-LOAM) by extension 'colcon_meta'
[0.111s] Level 1:colcon.colcon_core.package_identification:_identify(LeGO-LOAM) by extensions ['ros']
[0.112s] Level 1:colcon.colcon_core.package_identification:_identify(LeGO-LOAM) by extension 'ros'
[0.113s] DEBUG:colcon.colcon_core.package_identification:Package 'LeGO-LOAM' with type 'ros.ament_cmake' and name 'lego_loam_sr'
[0.113s] Level 1:colcon.colcon_core.package_identification:_identify(asurt_msgs) by extensions ['ignore', 'ignore_ament_install']
[0.113s] Level 1:colcon.colcon_core.package_identification:_identify(asurt_msgs) by extension 'ignore'
[0.113s] Level 1:colcon.colcon_core.package_identification:_identify(asurt_msgs) by extension 'ignore_ament_install'
[0.113s] Level 1:colcon.colcon_core.package_identification:_identify(asurt_msgs) by extensions ['colcon_pkg']
[0.113s] Level 1:colcon.colcon_core.package_identification:_identify(asurt_msgs) by extension 'colcon_pkg'
[0.113s] Level 1:colcon.colcon_core.package_identification:_identify(asurt_msgs) by extensions ['colcon_meta']
[0.113s] Level 1:colcon.colcon_core.package_identification:_identify(asurt_msgs) by extension 'colcon_meta'
[0.113s] Level 1:colcon.colcon_core.package_identification:_identify(asurt_msgs) by extensions ['ros']
[0.113s] Level 1:colcon.colcon_core.package_identification:_identify(asurt_msgs) by extension 'ros'
[0.114s] DEBUG:colcon.colcon_core.package_identification:Package 'asurt_msgs' with type 'ros.ament_cmake' and name 'asurt_msgs'
[0.114s] Level 1:colcon.colcon_core.package_identification:_identify(build) by extensions ['ignore', 'ignore_ament_install']
[0.114s] Level 1:colcon.colcon_core.package_identification:_identify(build) by extension 'ignore'
[0.114s] Level 1:colcon.colcon_core.package_identification:_identify(build) ignored
[0.114s] Level 1:colcon.colcon_core.package_identification:_identify(cloud_msgs) by extensions ['ignore', 'ignore_ament_install']
[0.114s] Level 1:colcon.colcon_core.package_identification:_identify(cloud_msgs) by extension 'ignore'
[0.114s] Level 1:colcon.colcon_core.package_identification:_identify(cloud_msgs) by extension 'ignore_ament_install'
[0.114s] Level 1:colcon.colcon_core.package_identification:_identify(cloud_msgs) by extensions ['colcon_pkg']
[0.114s] Level 1:colcon.colcon_core.package_identification:_identify(cloud_msgs) by extension 'colcon_pkg'
[0.114s] Level 1:colcon.colcon_core.package_identification:_identify(cloud_msgs) by extensions ['colcon_meta']
[0.114s] Level 1:colcon.colcon_core.package_identification:_identify(cloud_msgs) by extension 'colcon_meta'
[0.114s] Level 1:colcon.colcon_core.package_identification:_identify(cloud_msgs) by extensions ['ros']
[0.114s] Level 1:colcon.colcon_core.package_identification:_identify(cloud_msgs) by extension 'ros'
[0.115s] DEBUG:colcon.colcon_core.package_identification:Package 'cloud_msgs' with type 'ros.ament_cmake' and name 'cloud_msgs'
[0.115s] Level 1:colcon.colcon_core.package_identification:_identify(install) by extensions ['ignore', 'ignore_ament_install']
[0.115s] Level 1:colcon.colcon_core.package_identification:_identify(install) by extension 'ignore'
[0.115s] Level 1:colcon.colcon_core.package_identification:_identify(install) ignored
[0.115s] Level 1:colcon.colcon_core.package_identification:_identify(log) by extensions ['ignore', 'ignore_ament_install']
[0.115s] Level 1:colcon.colcon_core.package_identification:_identify(log) by extension 'ignore'
[0.115s] Level 1:colcon.colcon_core.package_identification:_identify(log) ignored
[0.115s] Level 1:colcon.colcon_core.package_discovery:discover_packages(recursive) using defaults
[0.115s] Level 1:colcon.colcon_core.package_discovery:discover_packages(ignore) discover
[0.115s] Level 1:colcon.colcon_core.package_discovery:discover_packages(ignore) using defaults
[0.115s] Level 1:colcon.colcon_core.package_discovery:discover_packages(path) discover
[0.115s] Level 1:colcon.colcon_core.package_discovery:discover_packages(path) using defaults
[0.127s] Level 1:colcon.colcon_core.package_discovery:discover_packages(prefix_path) check parameters
[0.127s] Level 1:colcon.colcon_core.package_discovery:discover_packages(prefix_path) discover
[0.128s] DEBUG:colcon.colcon_installed_package_information.package_discovery:Found 4 installed packages in /home/aly-sultan/Desktop/SLAM/install
[0.130s] DEBUG:colcon.colcon_installed_package_information.package_discovery:Found 374 installed packages in /opt/ros/jazzy
[0.131s] Level 1:colcon.colcon_core.package_discovery:discover_packages(prefix_path) using defaults
[0.159s] Level 5:colcon.colcon_core.verb:set package 'asurt_msgs' build argument 'cmake_args' from command line to 'None'
[0.159s] Level 5:colcon.colcon_core.verb:set package 'asurt_msgs' build argument 'cmake_target' from command line to 'None'
[0.159s] Level 5:colcon.colcon_core.verb:set package 'asurt_msgs' build argument 'cmake_target_skip_unavailable' from command line to 'False'
[0.159s] Level 5:colcon.colcon_core.verb:set package 'asurt_msgs' build argument 'cmake_clean_cache' from command line to 'False'
[0.159s] Level 5:colcon.colcon_core.verb:set package 'asurt_msgs' build argument 'cmake_clean_first' from command line to 'False'
[0.159s] Level 5:colcon.colcon_core.verb:set package 'asurt_msgs' build argument 'cmake_force_configure' from command line to 'False'
[0.159s] Level 5:colcon.colcon_core.verb:set package 'asurt_msgs' build argument 'ament_cmake_args' from command line to 'None'
[0.159s] Level 5:colcon.colcon_core.verb:set package 'asurt_msgs' build argument 'catkin_cmake_args' from command line to 'None'
[0.159s] Level 5:colcon.colcon_core.verb:set package 'asurt_msgs' build argument 'catkin_skip_building_tests' from command line to 'False'
[0.159s] DEBUG:colcon.colcon_core.verb:Building package 'asurt_msgs' with the following arguments: {'ament_cmake_args': None, 'build_base': '/home/aly-sultan/Desktop/SLAM/build/asurt_msgs', 'catkin_cmake_args': None, 'catkin_skip_building_tests': False, 'cmake_args': None, 'cmake_clean_cache': False, 'cmake_clean_first': False, 'cmake_force_configure': False, 'cmake_target': None, 'cmake_target_skip_unavailable': False, 'install_base': '/home/aly-sultan/Desktop/SLAM/install/asurt_msgs', 'merge_install': False, 'path': '/home/aly-sultan/Desktop/SLAM/asurt_msgs', 'symlink_install': False, 'test_result_base': None}
[0.160s] Level 5:colcon.colcon_core.verb:set package 'cloud_msgs' build argument 'cmake_args' from command line to 'None'
[0.160s] Level 5:colcon.colcon_core.verb:set package 'cloud_msgs' build argument 'cmake_target' from command line to 'None'
[0.160s] Level 5:colcon.colcon_core.verb:set package 'cloud_msgs' build argument 'cmake_target_skip_unavailable' from command line to 'False'
[0.160s] Level 5:colcon.colcon_core.verb:set package 'cloud_msgs' build argument 'cmake_clean_cache' from command line to 'False'
[0.160s] Level 5:colcon.colcon_core.verb:set package 'cloud_msgs' build argument 'cmake_clean_first' from command line to 'False'
[0.160s] Level 5:colcon.colcon_core.verb:set package 'cloud_msgs' build argument 'cmake_force_configure' from command line to 'False'
[0.160s] Level 5:colcon.colcon_core.verb:set package 'cloud_msgs' build argument 'ament_cmake_args' from command line to 'None'
[0.160s] Level 5:colcon.colcon_core.verb:set package 'cloud_msgs' build argument 'catkin_cmake_args' from command line to 'None'
[0.160s] Level 5:colcon.colcon_core.verb:set package 'cloud_msgs' build argument 'catkin_skip_building_tests' from command line to 'False'
[0.160s] DEBUG:colcon.colcon_core.verb:Building package 'cloud_msgs' with the following arguments: {'ament_cmake_args': None, 'build_base': '/home/aly-sultan/Desktop/SLAM/build/cloud_msgs', 'catkin_cmake_args': None, 'catkin_skip_building_tests': False, 'cmake_args': None, 'cmake_clean_cache': False, 'cmake_clean_first': False, 'cmake_force_configure': False, 'cmake_target': None, 'cmake_target_skip_unavailable': False, 'install_base': '/home/aly-sultan/Desktop/SLAM/install/cloud_msgs', 'merge_install': False, 'path': '/home/aly-sultan/Desktop/SLAM/cloud_msgs', 'symlink_install': False, 'test_result_base': None}
[0.160s] Level 5:colcon.colcon_core.verb:set package 'lego_loam_sr' build argument 'cmake_args' from command line to 'None'
[0.160s] Level 5:colcon.colcon_core.verb:set package 'lego_loam_sr' build argument 'cmake_target' from command line to 'None'
[0.160s] Level 5:colcon.colcon_core.verb:set package 'lego_loam_sr' build argument 'cmake_target_skip_unavailable' from command line to 'False'
[0.160s] Level 5:colcon.colcon_core.verb:set package 'lego_loam_sr' build argument 'cmake_clean_cache' from command line to 'False'
[0.160s] Level 5:colcon.colcon_core.verb:set package 'lego_loam_sr' build argument 'cmake_clean_first' from command line to 'False'
[0.160s] Level 5:colcon.colcon_core.verb:set package 'lego_loam_sr' build argument 'cmake_force_configure' from command line to 'False'
[0.160s] Level 5:colcon.colcon_core.verb:set package 'lego_loam_sr' build argument 'ament_cmake_args' from command line to 'None'
[0.160s] Level 5:colcon.colcon_core.verb:set package 'lego_loam_sr' build argument 'catkin_cmake_args' from command line to 'None'
[0.160s] Level 5:colcon.colcon_core.verb:set package 'lego_loam_sr' build argument 'catkin_skip_building_tests' from command line to 'False'
[0.160s] DEBUG:colcon.colcon_core.verb:Building package 'lego_loam_sr' with the following arguments: {'ament_cmake_args': None, 'build_base': '/home/aly-sultan/Desktop/SLAM/build/lego_loam_sr', 'catkin_cmake_args': None, 'catkin_skip_building_tests': False, 'cmake_args': None, 'cmake_clean_cache': False, 'cmake_clean_first': False, 'cmake_force_configure': False, 'cmake_target': None, 'cmake_target_skip_unavailable': False, 'install_base': '/home/aly-sultan/Desktop/SLAM/install/lego_loam_sr', 'merge_install': False, 'path': '/home/aly-sultan/Desktop/SLAM/LeGO-LOAM', 'symlink_install': False, 'test_result_base': None}
[0.160s] INFO:colcon.colcon_core.executor:Executing jobs using 'parallel' executor
[0.161s] DEBUG:colcon.colcon_parallel_executor.executor.parallel:run_until_complete
[0.161s] INFO:colcon.colcon_ros.task.ament_cmake.build:Building ROS package in '/home/aly-sultan/Desktop/SLAM/asurt_msgs' with build type 'ament_cmake'
[0.161s] INFO:colcon.colcon_cmake.task.cmake.build:Building CMake package in '/home/aly-sultan/Desktop/SLAM/asurt_msgs'
[0.162s] INFO:colcon.colcon_core.plugin_system:Skipping extension 'colcon_core.shell.bat': Not used on non-Windows systems
[0.162s] INFO:colcon.colcon_core.shell:Skip shell extension 'powershell' for command environment: Not usable outside of PowerShell
[0.163s] DEBUG:colcon.colcon_core.shell:Skip shell extension 'dsv' for command environment
[0.165s] INFO:colcon.colcon_ros.task.ament_cmake.build:Building ROS package in '/home/aly-sultan/Desktop/SLAM/cloud_msgs' with build type 'ament_cmake'
[0.165s] INFO:colcon.colcon_cmake.task.cmake.build:Building CMake package in '/home/aly-sultan/Desktop/SLAM/cloud_msgs'
[0.165s] INFO:colcon.colcon_core.shell:Skip shell extension 'powershell' for command environment: Not usable outside of PowerShell
[0.165s] DEBUG:colcon.colcon_core.shell:Skip shell extension 'dsv' for command environment
[0.171s] DEBUG:colcon.colcon_core.event_handler.log_command:Invoking command in '/home/aly-sultan/Desktop/SLAM/build/asurt_msgs': CMAKE_PREFIX_PATH=${CMAKE_PREFIX_PATH}:/home/aly-sultan/Desktop/SLAM/install/cone_a_lisa:/opt/ros/jazzy DEBUGINFOD_URLS=https://debuginfod.ubuntu.com /usr/bin/cmake --build /home/aly-sultan/Desktop/SLAM/build/asurt_msgs -- -j16 -l16
[0.173s] DEBUG:colcon.colcon_core.event_handler.log_command:Invoking command in '/home/aly-sultan/Desktop/SLAM/build/cloud_msgs': CMAKE_PREFIX_PATH=${CMAKE_PREFIX_PATH}:/home/aly-sultan/Desktop/SLAM/install/cone_a_lisa:/opt/ros/jazzy DEBUGINFOD_URLS=https://debuginfod.ubuntu.com /usr/bin/cmake --build /home/aly-sultan/Desktop/SLAM/build/cloud_msgs -- -j16 -l16
[1.349s] DEBUG:colcon.colcon_core.event_handler.log_command:Invoked command in '/home/aly-sultan/Desktop/SLAM/build/cloud_msgs' returned '0': CMAKE_PREFIX_PATH=${CMAKE_PREFIX_PATH}:/home/aly-sultan/Desktop/SLAM/install/cone_a_lisa:/opt/ros/jazzy DEBUGINFOD_URLS=https://debuginfod.ubuntu.com /usr/bin/cmake --build /home/aly-sultan/Desktop/SLAM/build/cloud_msgs -- -j16 -l16
[1.357s] DEBUG:colcon.colcon_core.event_handler.log_command:Invoking command in '/home/aly-sultan/Desktop/SLAM/build/cloud_msgs': CMAKE_PREFIX_PATH=${CMAKE_PREFIX_PATH}:/home/aly-sultan/Desktop/SLAM/install/cone_a_lisa:/opt/ros/jazzy DEBUGINFOD_URLS=https://debuginfod.ubuntu.com /usr/bin/cmake --install /home/aly-sultan/Desktop/SLAM/build/cloud_msgs
[1.398s] Level 1:colcon.colcon_core.environment:create_environment_scripts_only(cloud_msgs)
[1.399s] DEBUG:colcon.colcon_core.event_handler.log_command:Invoked command in '/home/aly-sultan/Desktop/SLAM/build/cloud_msgs' returned '0': CMAKE_PREFIX_PATH=${CMAKE_PREFIX_PATH}:/home/aly-sultan/Desktop/SLAM/install/cone_a_lisa:/opt/ros/jazzy DEBUGINFOD_URLS=https://debuginfod.ubuntu.com /usr/bin/cmake --install /home/aly-sultan/Desktop/SLAM/build/cloud_msgs
[1.401s] Level 1:colcon.colcon_core.environment:checking '/home/aly-sultan/Desktop/SLAM/install/cloud_msgs' for CMake module files
[1.401s] Level 1:colcon.colcon_core.environment:checking '/home/aly-sultan/Desktop/SLAM/install/cloud_msgs' for CMake config files
[1.401s] Level 1:colcon.colcon_core.shell:create_environment_hook('cloud_msgs', 'cmake_prefix_path')
[1.402s] INFO:colcon.colcon_core.shell:Creating environment hook '/home/aly-sultan/Desktop/SLAM/install/cloud_msgs/share/cloud_msgs/hook/cmake_prefix_path.ps1'
[1.402s] INFO:colcon.colcon_core.shell:Creating environment descriptor '/home/aly-sultan/Desktop/SLAM/install/cloud_msgs/share/cloud_msgs/hook/cmake_prefix_path.dsv'
[1.402s] INFO:colcon.colcon_core.shell:Creating environment hook '/home/aly-sultan/Desktop/SLAM/install/cloud_msgs/share/cloud_msgs/hook/cmake_prefix_path.sh'
[1.403s] Level 1:colcon.colcon_core.environment:checking '/home/aly-sultan/Desktop/SLAM/install/cloud_msgs/lib'
[1.403s] Level 1:colcon.colcon_core.shell:create_environment_hook('cloud_msgs', 'ld_library_path_lib')
[1.403s] INFO:colcon.colcon_core.shell:Creating environment hook '/home/aly-sultan/Desktop/SLAM/install/cloud_msgs/share/cloud_msgs/hook/ld_library_path_lib.ps1'
[1.403s] INFO:colcon.colcon_core.shell:Creating environment descriptor '/home/aly-sultan/Desktop/SLAM/install/cloud_msgs/share/cloud_msgs/hook/ld_library_path_lib.dsv'
[1.403s] INFO:colcon.colcon_core.shell:Creating environment hook '/home/aly-sultan/Desktop/SLAM/install/cloud_msgs/share/cloud_msgs/hook/ld_library_path_lib.sh'
[1.403s] Level 1:colcon.colcon_core.environment:checking '/home/aly-sultan/Desktop/SLAM/install/cloud_msgs/bin'
[1.404s] Level 1:colcon.colcon_core.environment:checking '/home/aly-sultan/Desktop/SLAM/install/cloud_msgs/lib/pkgconfig/cloud_msgs.pc'
[1.404s] Level 1:colcon.colcon_core.environment:checking '/home/aly-sultan/Desktop/SLAM/install/cloud_msgs/lib/python3.12/site-packages'
[1.404s] Level 1:colcon.colcon_core.shell:create_environment_hook('cloud_msgs', 'pythonpath')
[1.404s] INFO:colcon.colcon_core.shell:Creating environment hook '/home/aly-sultan/Desktop/SLAM/install/cloud_msgs/share/cloud_msgs/hook/pythonpath.ps1'
[1.404s] INFO:colcon.colcon_core.shell:Creating environment descriptor '/home/aly-sultan/Desktop/SLAM/install/cloud_msgs/share/cloud_msgs/hook/pythonpath.dsv'
[1.404s] INFO:colcon.colcon_core.shell:Creating environment hook '/home/aly-sultan/Desktop/SLAM/install/cloud_msgs/share/cloud_msgs/hook/pythonpath.sh'
[1.405s] Level 1:colcon.colcon_core.environment:checking '/home/aly-sultan/Desktop/SLAM/install/cloud_msgs/bin'
[1.405s] INFO:colcon.colcon_core.shell:Creating package script '/home/aly-sultan/Desktop/SLAM/install/cloud_msgs/share/cloud_msgs/package.ps1'
[1.405s] INFO:colcon.colcon_core.shell:Creating package descriptor '/home/aly-sultan/Desktop/SLAM/install/cloud_msgs/share/cloud_msgs/package.dsv'
[1.406s] INFO:colcon.colcon_core.shell:Creating package script '/home/aly-sultan/Desktop/SLAM/install/cloud_msgs/share/cloud_msgs/package.sh'
[1.406s] INFO:colcon.colcon_core.shell:Creating package script '/home/aly-sultan/Desktop/SLAM/install/cloud_msgs/share/cloud_msgs/package.bash'
[1.406s] INFO:colcon.colcon_core.shell:Creating package script '/home/aly-sultan/Desktop/SLAM/install/cloud_msgs/share/cloud_msgs/package.zsh'
[1.407s] Level 1:colcon.colcon_core.environment:create_file_with_runtime_dependencies(/home/aly-sultan/Desktop/SLAM/install/cloud_msgs/share/colcon-core/packages/cloud_msgs)
[1.407s] Level 1:colcon.colcon_core.environment:create_environment_scripts_only(cloud_msgs)
[1.407s] Level 1:colcon.colcon_core.environment:checking '/home/aly-sultan/Desktop/SLAM/install/cloud_msgs' for CMake module files
[1.407s] Level 1:colcon.colcon_core.environment:checking '/home/aly-sultan/Desktop/SLAM/install/cloud_msgs' for CMake config files
[1.408s] Level 1:colcon.colcon_core.shell:create_environment_hook('cloud_msgs', 'cmake_prefix_path')
[1.408s] INFO:colcon.colcon_core.shell:Creating environment hook '/home/aly-sultan/Desktop/SLAM/install/cloud_msgs/share/cloud_msgs/hook/cmake_prefix_path.ps1'
[1.408s] INFO:colcon.colcon_core.shell:Creating environment descriptor '/home/aly-sultan/Desktop/SLAM/install/cloud_msgs/share/cloud_msgs/hook/cmake_prefix_path.dsv'
[1.408s] INFO:colcon.colcon_core.shell:Creating environment hook '/home/aly-sultan/Desktop/SLAM/install/cloud_msgs/share/cloud_msgs/hook/cmake_prefix_path.sh'
[1.408s] Level 1:colcon.colcon_core.environment:checking '/home/aly-sultan/Desktop/SLAM/install/cloud_msgs/lib'
[1.408s] Level 1:colcon.colcon_core.shell:create_environment_hook('cloud_msgs', 'ld_library_path_lib')
[1.408s] INFO:colcon.colcon_core.shell:Creating environment hook '/home/aly-sultan/Desktop/SLAM/install/cloud_msgs/share/cloud_msgs/hook/ld_library_path_lib.ps1'
[1.409s] INFO:colcon.colcon_core.shell:Creating environment descriptor '/home/aly-sultan/Desktop/SLAM/install/cloud_msgs/share/cloud_msgs/hook/ld_library_path_lib.dsv'
[1.409s] INFO:colcon.colcon_core.shell:Creating environment hook '/home/aly-sultan/Desktop/SLAM/install/cloud_msgs/share/cloud_msgs/hook/ld_library_path_lib.sh'
[1.409s] Level 1:colcon.colcon_core.environment:checking '/home/aly-sultan/Desktop/SLAM/install/cloud_msgs/bin'
[1.409s] Level 1:colcon.colcon_core.environment:checking '/home/aly-sultan/Desktop/SLAM/install/cloud_msgs/lib/pkgconfig/cloud_msgs.pc'
[1.409s] Level 1:colcon.colcon_core.environment:checking '/home/aly-sultan/Desktop/SLAM/install/cloud_msgs/lib/python3.12/site-packages'
[1.409s] Level 1:colcon.colcon_core.shell:create_environment_hook('cloud_msgs', 'pythonpath')
[1.409s] INFO:colcon.colcon_core.shell:Creating environment hook '/home/aly-sultan/Desktop/SLAM/install/cloud_msgs/share/cloud_msgs/hook/pythonpath.ps1'
[1.410s] INFO:colcon.colcon_core.shell:Creating environment descriptor '/home/aly-sultan/Desktop/SLAM/install/cloud_msgs/share/cloud_msgs/hook/pythonpath.dsv'
[1.410s] INFO:colcon.colcon_core.shell:Creating environment hook '/home/aly-sultan/Desktop/SLAM/install/cloud_msgs/share/cloud_msgs/hook/pythonpath.sh'
[1.410s] Level 1:colcon.colcon_core.environment:checking '/home/aly-sultan/Desktop/SLAM/install/cloud_msgs/bin'
[1.410s] INFO:colcon.colcon_core.shell:Creating package script '/home/aly-sultan/Desktop/SLAM/install/cloud_msgs/share/cloud_msgs/package.ps1'
[1.411s] INFO:colcon.colcon_core.shell:Creating package descriptor '/home/aly-sultan/Desktop/SLAM/install/cloud_msgs/share/cloud_msgs/package.dsv'
[1.411s] INFO:colcon.colcon_core.shell:Creating package script '/home/aly-sultan/Desktop/SLAM/install/cloud_msgs/share/cloud_msgs/package.sh'
[1.411s] INFO:colcon.colcon_core.shell:Creating package script '/home/aly-sultan/Desktop/SLAM/install/cloud_msgs/share/cloud_msgs/package.bash'
[1.411s] INFO:colcon.colcon_core.shell:Creating package script '/home/aly-sultan/Desktop/SLAM/install/cloud_msgs/share/cloud_msgs/package.zsh'
[1.412s] Level 1:colcon.colcon_core.environment:create_file_with_runtime_dependencies(/home/aly-sultan/Desktop/SLAM/install/cloud_msgs/share/colcon-core/packages/cloud_msgs)
[1.806s] DEBUG:colcon.colcon_core.event_handler.log_command:Invoked command in '/home/aly-sultan/Desktop/SLAM/build/asurt_msgs' returned '0': CMAKE_PREFIX_PATH=${CMAKE_PREFIX_PATH}:/home/aly-sultan/Desktop/SLAM/install/cone_a_lisa:/opt/ros/jazzy DEBUGINFOD_URLS=https://debuginfod.ubuntu.com /usr/bin/cmake --build /home/aly-sultan/Desktop/SLAM/build/asurt_msgs -- -j16 -l16
[1.807s] DEBUG:colcon.colcon_core.event_handler.log_command:Invoking command in '/home/aly-sultan/Desktop/SLAM/build/asurt_msgs': CMAKE_PREFIX_PATH=${CMAKE_PREFIX_PATH}:/home/aly-sultan/Desktop/SLAM/install/cone_a_lisa:/opt/ros/jazzy DEBUGINFOD_URLS=https://debuginfod.ubuntu.com /usr/bin/cmake --install /home/aly-sultan/Desktop/SLAM/build/asurt_msgs
[1.857s] Level 1:colcon.colcon_core.environment:create_environment_scripts_only(asurt_msgs)
[1.858s] Level 1:colcon.colcon_core.environment:checking '/home/aly-sultan/Desktop/SLAM/install/asurt_msgs' for CMake module files
[1.858s] DEBUG:colcon.colcon_core.event_handler.log_command:Invoked command in '/home/aly-sultan/Desktop/SLAM/build/asurt_msgs' returned '0': CMAKE_PREFIX_PATH=${CMAKE_PREFIX_PATH}:/home/aly-sultan/Desktop/SLAM/install/cone_a_lisa:/opt/ros/jazzy DEBUGINFOD_URLS=https://debuginfod.ubuntu.com /usr/bin/cmake --install /home/aly-sultan/Desktop/SLAM/build/asurt_msgs
[1.858s] Level 1:colcon.colcon_core.environment:checking '/home/aly-sultan/Desktop/SLAM/install/asurt_msgs' for CMake config files
[1.859s] Level 1:colcon.colcon_core.shell:create_environment_hook('asurt_msgs', 'cmake_prefix_path')
[1.859s] INFO:colcon.colcon_core.shell:Creating environment hook '/home/aly-sultan/Desktop/SLAM/install/asurt_msgs/share/asurt_msgs/hook/cmake_prefix_path.ps1'
[1.859s] INFO:colcon.colcon_core.shell:Creating environment descriptor '/home/aly-sultan/Desktop/SLAM/install/asurt_msgs/share/asurt_msgs/hook/cmake_prefix_path.dsv'
[1.859s] INFO:colcon.colcon_core.shell:Creating environment hook '/home/aly-sultan/Desktop/SLAM/install/asurt_msgs/share/asurt_msgs/hook/cmake_prefix_path.sh'
[1.860s] Level 1:colcon.colcon_core.environment:checking '/home/aly-sultan/Desktop/SLAM/install/asurt_msgs/lib'
[1.860s] Level 1:colcon.colcon_core.shell:create_environment_hook('asurt_msgs', 'ld_library_path_lib')
[1.860s] INFO:colcon.colcon_core.shell:Creating environment hook '/home/aly-sultan/Desktop/SLAM/install/asurt_msgs/share/asurt_msgs/hook/ld_library_path_lib.ps1'
[1.860s] INFO:colcon.colcon_core.shell:Creating environment descriptor '/home/aly-sultan/Desktop/SLAM/install/asurt_msgs/share/asurt_msgs/hook/ld_library_path_lib.dsv'
[1.860s] INFO:colcon.colcon_core.shell:Creating environment hook '/home/aly-sultan/Desktop/SLAM/install/asurt_msgs/share/asurt_msgs/hook/ld_library_path_lib.sh'
[1.861s] Level 1:colcon.colcon_core.environment:checking '/home/aly-sultan/Desktop/SLAM/install/asurt_msgs/bin'
[1.861s] Level 1:colcon.colcon_core.environment:checking '/home/aly-sultan/Desktop/SLAM/install/asurt_msgs/lib/pkgconfig/asurt_msgs.pc'
[1.861s] Level 1:colcon.colcon_core.environment:checking '/home/aly-sultan/Desktop/SLAM/install/asurt_msgs/lib/python3.12/site-packages'
[1.861s] Level 1:colcon.colcon_core.shell:create_environment_hook('asurt_msgs', 'pythonpath')
[1.861s] INFO:colcon.colcon_core.shell:Creating environment hook '/home/aly-sultan/Desktop/SLAM/install/asurt_msgs/share/asurt_msgs/hook/pythonpath.ps1'
[1.861s] INFO:colcon.colcon_core.shell:Creating environment descriptor '/home/aly-sultan/Desktop/SLAM/install/asurt_msgs/share/asurt_msgs/hook/pythonpath.dsv'
[1.862s] INFO:colcon.colcon_core.shell:Creating environment hook '/home/aly-sultan/Desktop/SLAM/install/asurt_msgs/share/asurt_msgs/hook/pythonpath.sh'
[1.862s] Level 1:colcon.colcon_core.environment:checking '/home/aly-sultan/Desktop/SLAM/install/asurt_msgs/bin'
[1.862s] INFO:colcon.colcon_core.shell:Creating package script '/home/aly-sultan/Desktop/SLAM/install/asurt_msgs/share/asurt_msgs/package.ps1'
[1.863s] INFO:colcon.colcon_core.shell:Creating package descriptor '/home/aly-sultan/Desktop/SLAM/install/asurt_msgs/share/asurt_msgs/package.dsv'
[1.863s] INFO:colcon.colcon_core.shell:Creating package script '/home/aly-sultan/Desktop/SLAM/install/asurt_msgs/share/asurt_msgs/package.sh'
[1.863s] INFO:colcon.colcon_core.shell:Creating package script '/home/aly-sultan/Desktop/SLAM/install/asurt_msgs/share/asurt_msgs/package.bash'
[1.864s] INFO:colcon.colcon_core.shell:Creating package script '/home/aly-sultan/Desktop/SLAM/install/asurt_msgs/share/asurt_msgs/package.zsh'
[1.864s] Level 1:colcon.colcon_core.environment:create_file_with_runtime_dependencies(/home/aly-sultan/Desktop/SLAM/install/asurt_msgs/share/colcon-core/packages/asurt_msgs)
[1.864s] Level 1:colcon.colcon_core.environment:create_environment_scripts_only(asurt_msgs)
[1.864s] Level 1:colcon.colcon_core.environment:checking '/home/aly-sultan/Desktop/SLAM/install/asurt_msgs' for CMake module files
[1.865s] Level 1:colcon.colcon_core.environment:checking '/home/aly-sultan/Desktop/SLAM/install/asurt_msgs' for CMake config files
[1.865s] Level 1:colcon.colcon_core.shell:create_environment_hook('asurt_msgs', 'cmake_prefix_path')
[1.865s] INFO:colcon.colcon_core.shell:Creating environment hook '/home/aly-sultan/Desktop/SLAM/install/asurt_msgs/share/asurt_msgs/hook/cmake_prefix_path.ps1'
[1.865s] INFO:colcon.colcon_core.shell:Creating environment descriptor '/home/aly-sultan/Desktop/SLAM/install/asurt_msgs/share/asurt_msgs/hook/cmake_prefix_path.dsv'
[1.866s] INFO:colcon.colcon_core.shell:Creating environment hook '/home/aly-sultan/Desktop/SLAM/install/asurt_msgs/share/asurt_msgs/hook/cmake_prefix_path.sh'
[1.866s] Level 1:colcon.colcon_core.environment:checking '/home/aly-sultan/Desktop/SLAM/install/asurt_msgs/lib'
[1.866s] Level 1:colcon.colcon_core.shell:create_environment_hook('asurt_msgs', 'ld_library_path_lib')
[1.866s] INFO:colcon.colcon_core.shell:Creating environment hook '/home/aly-sultan/Desktop/SLAM/install/asurt_msgs/share/asurt_msgs/hook/ld_library_path_lib.ps1'
[1.866s] INFO:colcon.colcon_core.shell:Creating environment descriptor '/home/aly-sultan/Desktop/SLAM/install/asurt_msgs/share/asurt_msgs/hook/ld_library_path_lib.dsv'
[1.867s] INFO:colcon.colcon_core.shell:Creating environment hook '/home/aly-sultan/Desktop/SLAM/install/asurt_msgs/share/asurt_msgs/hook/ld_library_path_lib.sh'
[1.867s] Level 1:colcon.colcon_core.environment:checking '/home/aly-sultan/Desktop/SLAM/install/asurt_msgs/bin'
[1.867s] Level 1:colcon.colcon_core.environment:checking '/home/aly-sultan/Desktop/SLAM/install/asurt_msgs/lib/pkgconfig/asurt_msgs.pc'
[1.867s] Level 1:colcon.colcon_core.environment:checking '/home/aly-sultan/Desktop/SLAM/install/asurt_msgs/lib/python3.12/site-packages'
[1.867s] Level 1:colcon.colcon_core.shell:create_environment_hook('asurt_msgs', 'pythonpath')
[1.867s] INFO:colcon.colcon_core.shell:Creating environment hook '/home/aly-sultan/Desktop/SLAM/install/asurt_msgs/share/asurt_msgs/hook/pythonpath.ps1'
[1.868s] INFO:colcon.colcon_core.shell:Creating environment descriptor '/home/aly-sultan/Desktop/SLAM/install/asurt_msgs/share/asurt_msgs/hook/pythonpath.dsv'
[1.868s] INFO:colcon.colcon_core.shell:Creating environment hook '/home/aly-sultan/Desktop/SLAM/install/asurt_msgs/share/asurt_msgs/hook/pythonpath.sh'
[1.868s] Level 1:colcon.colcon_core.environment:checking '/home/aly-sultan/Desktop/SLAM/install/asurt_msgs/bin'
[1.869s] INFO:colcon.colcon_core.shell:Creating package script '/home/aly-sultan/Desktop/SLAM/install/asurt_msgs/share/asurt_msgs/package.ps1'
[1.869s] INFO:colcon.colcon_core.shell:Creating package descriptor '/home/aly-sultan/Desktop/SLAM/install/asurt_msgs/share/asurt_msgs/package.dsv'
[1.869s] INFO:colcon.colcon_core.shell:Creating package script '/home/aly-sultan/Desktop/SLAM/install/asurt_msgs/share/asurt_msgs/package.sh'
[1.870s] INFO:colcon.colcon_core.shell:Creating package script '/home/aly-sultan/Desktop/SLAM/install/asurt_msgs/share/asurt_msgs/package.bash'
[1.870s] INFO:colcon.colcon_core.shell:Creating package script '/home/aly-sultan/Desktop/SLAM/install/asurt_msgs/share/asurt_msgs/package.zsh'
[1.870s] Level 1:colcon.colcon_core.environment:create_file_with_runtime_dependencies(/home/aly-sultan/Desktop/SLAM/install/asurt_msgs/share/colcon-core/packages/asurt_msgs)
[1.870s] INFO:colcon.colcon_ros.task.ament_cmake.build:Building ROS package in '/home/aly-sultan/Desktop/SLAM/LeGO-LOAM' with build type 'ament_cmake'
[1.870s] INFO:colcon.colcon_cmake.task.cmake.build:Building CMake package in '/home/aly-sultan/Desktop/SLAM/LeGO-LOAM'
[1.871s] INFO:colcon.colcon_core.shell:Skip shell extension 'powershell' for command environment: Not usable outside of PowerShell
[1.871s] DEBUG:colcon.colcon_core.shell:Skip shell extension 'dsv' for command environment
[1.883s] DEBUG:colcon.colcon_core.event_handler.log_command:Invoking command in '/home/aly-sultan/Desktop/SLAM/build/lego_loam_sr': AMENT_PREFIX_PATH=/home/aly-sultan/Desktop/fs-system-25/SLAM/install/cloud_msgs:/home/aly-sultan/Desktop/fs-system-25/SLAM/install/asurt_msgs:${AMENT_PREFIX_PATH} CMAKE_PREFIX_PATH=/home/aly-sultan/Desktop/SLAM/install/cloud_msgs:/home/aly-sultan/Desktop/SLAM/install/asurt_msgs:/home/aly-sultan/Desktop/SLAM/install/lego_loam_sr:/opt/ros/jazzy/opt/gz_sim_vendor:/opt/ros/jazzy/opt/gz_sensors_vendor:/opt/ros/jazzy/opt/gz_physics_vendor:/opt/ros/jazzy/opt/sdformat_vendor:/opt/ros/jazzy/opt/gz_gui_vendor:/opt/ros/jazzy/opt/gz_transport_vendor:/opt/ros/jazzy/opt/gz_rendering_vendor:/opt/ros/jazzy/opt/gz_plugin_vendor:/opt/ros/jazzy/opt/gz_fuel_tools_vendor:/opt/ros/jazzy/opt/gz_msgs_vendor:/opt/ros/jazzy/opt/gz_common_vendor:/opt/ros/jazzy/opt/gz_math_vendor:/opt/ros/jazzy/opt/gz_utils_vendor:/opt/ros/jazzy/opt/gz_tools_vendor:/opt/ros/jazzy/opt/gz_ogre_next_vendor:/opt/ros/jazzy/opt/gz_dartsim_vendor:/opt/ros/jazzy/opt/gz_cmake_vendor:/home/aly-sultan/Desktop/SLAM/install/cone_a_lisa:/opt/ros/jazzy DEBUGINFOD_URLS=https://debuginfod.ubuntu.com LD_LIBRARY_PATH=/home/aly-sultan/Desktop/fs-system-25/SLAM/install/cloud_msgs/lib:/home/aly-sultan/Desktop/SLAM/install/cloud_msgs/lib:/home/aly-sultan/Desktop/fs-system-25/SLAM/install/asurt_msgs/lib:/home/aly-sultan/Desktop/SLAM/install/asurt_msgs/lib:/opt/ros/jazzy/opt/gz_sim_vendor/lib:/opt/ros/jazzy/opt/gz_sensors_vendor/lib:/opt/ros/jazzy/opt/gz_physics_vendor/lib:/opt/ros/jazzy/opt/sdformat_vendor/lib:/opt/ros/jazzy/opt/rviz_ogre_vendor/lib:/opt/ros/jazzy/lib/x86_64-linux-gnu:/opt/ros/jazzy/opt/gz_gui_vendor/lib:/opt/ros/jazzy/opt/gz_transport_vendor/lib:/opt/ros/jazzy/opt/gz_rendering_vendor/lib:/opt/ros/jazzy/opt/gz_plugin_vendor/lib:/opt/ros/jazzy/opt/gz_fuel_tools_vendor/lib:/opt/ros/jazzy/opt/gz_msgs_vendor/lib:/opt/ros/jazzy/opt/gz_common_vendor/lib:/opt/ros/jazzy/opt/gz_math_vendor/lib:/opt/ros/jazzy/opt/gz_utils_vendor/lib:/opt/ros/jazzy/opt/gz_tools_vendor/lib:/opt/ros/jazzy/opt/gz_ogre_next_vendor/lib:/opt/ros/jazzy/opt/gz_dartsim_vendor/lib:/opt/ros/jazzy/opt/gz_cmake_vendor/lib:/opt/ros/jazzy/lib PYTHONPATH=/home/aly-sultan/Desktop/fs-system-25/SLAM/install/cloud_msgs/lib/python3.12/site-packages:/home/aly-sultan/Desktop/SLAM/install/cloud_msgs/lib/python3.12/site-packages:/home/aly-sultan/Desktop/fs-system-25/SLAM/install/asurt_msgs/lib/python3.12/site-packages:/home/aly-sultan/Desktop/SLAM/install/asurt_msgs/lib/python3.12/site-packages:/home/aly-sultan/Desktop/SLAM/install/cone_a_lisa/lib/python3.12/site-packages:/opt/ros/jazzy/lib/python3.12/site-packages /usr/bin/cmake --build /home/aly-sultan/Desktop/SLAM/build/lego_loam_sr -- -j16 -l16
[17.169s] DEBUG:colcon.colcon_core.event_handler.log_command:Invoked command in '/home/aly-sultan/Desktop/SLAM/build/lego_loam_sr' returned '0': AMENT_PREFIX_PATH=/home/aly-sultan/Desktop/fs-system-25/SLAM/install/cloud_msgs:/home/aly-sultan/Desktop/fs-system-25/SLAM/install/asurt_msgs:${AMENT_PREFIX_PATH} CMAKE_PREFIX_PATH=/home/aly-sultan/Desktop/SLAM/install/cloud_msgs:/home/aly-sultan/Desktop/SLAM/install/asurt_msgs:/home/aly-sultan/Desktop/SLAM/install/lego_loam_sr:/opt/ros/jazzy/opt/gz_sim_vendor:/opt/ros/jazzy/opt/gz_sensors_vendor:/opt/ros/jazzy/opt/gz_physics_vendor:/opt/ros/jazzy/opt/sdformat_vendor:/opt/ros/jazzy/opt/gz_gui_vendor:/opt/ros/jazzy/opt/gz_transport_vendor:/opt/ros/jazzy/opt/gz_rendering_vendor:/opt/ros/jazzy/opt/gz_plugin_vendor:/opt/ros/jazzy/opt/gz_fuel_tools_vendor:/opt/ros/jazzy/opt/gz_msgs_vendor:/opt/ros/jazzy/opt/gz_common_vendor:/opt/ros/jazzy/opt/gz_math_vendor:/opt/ros/jazzy/opt/gz_utils_vendor:/opt/ros/jazzy/opt/gz_tools_vendor:/opt/ros/jazzy/opt/gz_ogre_next_vendor:/opt/ros/jazzy/opt/gz_dartsim_vendor:/opt/ros/jazzy/opt/gz_cmake_vendor:/home/aly-sultan/Desktop/SLAM/install/cone_a_lisa:/opt/ros/jazzy DEBUGINFOD_URLS=https://debuginfod.ubuntu.com LD_LIBRARY_PATH=/home/aly-sultan/Desktop/fs-system-25/SLAM/install/cloud_msgs/lib:/home/aly-sultan/Desktop/SLAM/install/cloud_msgs/lib:/home/aly-sultan/Desktop/fs-system-25/SLAM/install/asurt_msgs/lib:/home/aly-sultan/Desktop/SLAM/install/asurt_msgs/lib:/opt/ros/jazzy/opt/gz_sim_vendor/lib:/opt/ros/jazzy/opt/gz_sensors_vendor/lib:/opt/ros/jazzy/opt/gz_physics_vendor/lib:/opt/ros/jazzy/opt/sdformat_vendor/lib:/opt/ros/jazzy/opt/rviz_ogre_vendor/lib:/opt/ros/jazzy/lib/x86_64-linux-gnu:/opt/ros/jazzy/opt/gz_gui_vendor/lib:/opt/ros/jazzy/opt/gz_transport_vendor/lib:/opt/ros/jazzy/opt/gz_rendering_vendor/lib:/opt/ros/jazzy/opt/gz_plugin_vendor/lib:/opt/ros/jazzy/opt/gz_fuel_tools_vendor/lib:/opt/ros/jazzy/opt/gz_msgs_vendor/lib:/opt/ros/jazzy/opt/gz_common_vendor/lib:/opt/ros/jazzy/opt/gz_math_vendor/lib:/opt/ros/jazzy/opt/gz_utils_vendor/lib:/opt/ros/jazzy/opt/gz_tools_vendor/lib:/opt/ros/jazzy/opt/gz_ogre_next_vendor/lib:/opt/ros/jazzy/opt/gz_dartsim_vendor/lib:/opt/ros/jazzy/opt/gz_cmake_vendor/lib:/opt/ros/jazzy/lib PYTHONPATH=/home/aly-sultan/Desktop/fs-system-25/SLAM/install/cloud_msgs/lib/python3.12/site-packages:/home/aly-sultan/Desktop/SLAM/install/cloud_msgs/lib/python3.12/site-packages:/home/aly-sultan/Desktop/fs-system-25/SLAM/install/asurt_msgs/lib/python3.12/site-packages:/home/aly-sultan/Desktop/SLAM/install/asurt_msgs/lib/python3.12/site-packages:/home/aly-sultan/Desktop/SLAM/install/cone_a_lisa/lib/python3.12/site-packages:/opt/ros/jazzy/lib/python3.12/site-packages /usr/bin/cmake --build /home/aly-sultan/Desktop/SLAM/build/lego_loam_sr -- -j16 -l16
[17.170s] DEBUG:colcon.colcon_core.event_handler.log_command:Invoking command in '/home/aly-sultan/Desktop/SLAM/build/lego_loam_sr': AMENT_PREFIX_PATH=/home/aly-sultan/Desktop/fs-system-25/SLAM/install/cloud_msgs:/home/aly-sultan/Desktop/fs-system-25/SLAM/install/asurt_msgs:${AMENT_PREFIX_PATH} CMAKE_PREFIX_PATH=/home/aly-sultan/Desktop/SLAM/install/cloud_msgs:/home/aly-sultan/Desktop/SLAM/install/asurt_msgs:/home/aly-sultan/Desktop/SLAM/install/lego_loam_sr:/opt/ros/jazzy/opt/gz_sim_vendor:/opt/ros/jazzy/opt/gz_sensors_vendor:/opt/ros/jazzy/opt/gz_physics_vendor:/opt/ros/jazzy/opt/sdformat_vendor:/opt/ros/jazzy/opt/gz_gui_vendor:/opt/ros/jazzy/opt/gz_transport_vendor:/opt/ros/jazzy/opt/gz_rendering_vendor:/opt/ros/jazzy/opt/gz_plugin_vendor:/opt/ros/jazzy/opt/gz_fuel_tools_vendor:/opt/ros/jazzy/opt/gz_msgs_vendor:/opt/ros/jazzy/opt/gz_common_vendor:/opt/ros/jazzy/opt/gz_math_vendor:/opt/ros/jazzy/opt/gz_utils_vendor:/opt/ros/jazzy/opt/gz_tools_vendor:/opt/ros/jazzy/opt/gz_ogre_next_vendor:/opt/ros/jazzy/opt/gz_dartsim_vendor:/opt/ros/jazzy/opt/gz_cmake_vendor:/home/aly-sultan/Desktop/SLAM/install/cone_a_lisa:/opt/ros/jazzy DEBUGINFOD_URLS=https://debuginfod.ubuntu.com LD_LIBRARY_PATH=/home/aly-sultan/Desktop/fs-system-25/SLAM/install/cloud_msgs/lib:/home/aly-sultan/Desktop/SLAM/install/cloud_msgs/lib:/home/aly-sultan/Desktop/fs-system-25/SLAM/install/asurt_msgs/lib:/home/aly-sultan/Desktop/SLAM/install/asurt_msgs/lib:/opt/ros/jazzy/opt/gz_sim_vendor/lib:/opt/ros/jazzy/opt/gz_sensors_vendor/lib:/opt/ros/jazzy/opt/gz_physics_vendor/lib:/opt/ros/jazzy/opt/sdformat_vendor/lib:/opt/ros/jazzy/opt/rviz_ogre_vendor/lib:/opt/ros/jazzy/lib/x86_64-linux-gnu:/opt/ros/jazzy/opt/gz_gui_vendor/lib:/opt/ros/jazzy/opt/gz_transport_vendor/lib:/opt/ros/jazzy/opt/gz_rendering_vendor/lib:/opt/ros/jazzy/opt/gz_plugin_vendor/lib:/opt/ros/jazzy/opt/gz_fuel_tools_vendor/lib:/opt/ros/jazzy/opt/gz_msgs_vendor/lib:/opt/ros/jazzy/opt/gz_common_vendor/lib:/opt/ros/jazzy/opt/gz_math_vendor/lib:/opt/ros/jazzy/opt/gz_utils_vendor/lib:/opt/ros/jazzy/opt/gz_tools_vendor/lib:/opt/ros/jazzy/opt/gz_ogre_next_vendor/lib:/opt/ros/jazzy/opt/gz_dartsim_vendor/lib:/opt/ros/jazzy/opt/gz_cmake_vendor/lib:/opt/ros/jazzy/lib PYTHONPATH=/home/aly-sultan/Desktop/fs-system-25/SLAM/install/cloud_msgs/lib/python3.12/site-packages:/home/aly-sultan/Desktop/SLAM/install/cloud_msgs/lib/python3.12/site-packages:/home/aly-sultan/Desktop/fs-system-25/SLAM/install/asurt_msgs/lib/python3.12/site-packages:/home/aly-sultan/Desktop/SLAM/install/asurt_msgs/lib/python3.12/site-packages:/home/aly-sultan/Desktop/SLAM/install/cone_a_lisa/lib/python3.12/site-packages:/opt/ros/jazzy/lib/python3.12/site-packages /usr/bin/cmake --install /home/aly-sultan/Desktop/SLAM/build/lego_loam_sr
[17.186s] Level 1:colcon.colcon_core.environment:create_environment_scripts_only(lego_loam_sr)
[17.187s] Level 1:colcon.colcon_core.environment:checking '/home/aly-sultan/Desktop/SLAM/install/lego_loam_sr' for CMake module files
[17.189s] Level 1:colcon.colcon_core.environment:checking '/home/aly-sultan/Desktop/SLAM/install/lego_loam_sr' for CMake config files
[17.191s] Level 1:colcon.colcon_core.shell:create_environment_hook('lego_loam_sr', 'cmake_prefix_path')
[17.191s] INFO:colcon.colcon_core.shell:Creating environment hook '/home/aly-sultan/Desktop/SLAM/install/lego_loam_sr/share/lego_loam_sr/hook/cmake_prefix_path.ps1'
[17.192s] DEBUG:colcon.colcon_core.event_handler.log_command:Invoked command in '/home/aly-sultan/Desktop/SLAM/build/lego_loam_sr' returned '0': AMENT_PREFIX_PATH=/home/aly-sultan/Desktop/fs-system-25/SLAM/install/cloud_msgs:/home/aly-sultan/Desktop/fs-system-25/SLAM/install/asurt_msgs:${AMENT_PREFIX_PATH} CMAKE_PREFIX_PATH=/home/aly-sultan/Desktop/SLAM/install/cloud_msgs:/home/aly-sultan/Desktop/SLAM/install/asurt_msgs:/home/aly-sultan/Desktop/SLAM/install/lego_loam_sr:/opt/ros/jazzy/opt/gz_sim_vendor:/opt/ros/jazzy/opt/gz_sensors_vendor:/opt/ros/jazzy/opt/gz_physics_vendor:/opt/ros/jazzy/opt/sdformat_vendor:/opt/ros/jazzy/opt/gz_gui_vendor:/opt/ros/jazzy/opt/gz_transport_vendor:/opt/ros/jazzy/opt/gz_rendering_vendor:/opt/ros/jazzy/opt/gz_plugin_vendor:/opt/ros/jazzy/opt/gz_fuel_tools_vendor:/opt/ros/jazzy/opt/gz_msgs_vendor:/opt/ros/jazzy/opt/gz_common_vendor:/opt/ros/jazzy/opt/gz_math_vendor:/opt/ros/jazzy/opt/gz_utils_vendor:/opt/ros/jazzy/opt/gz_tools_vendor:/opt/ros/jazzy/opt/gz_ogre_next_vendor:/opt/ros/jazzy/opt/gz_dartsim_vendor:/opt/ros/jazzy/opt/gz_cmake_vendor:/home/aly-sultan/Desktop/SLAM/install/cone_a_lisa:/opt/ros/jazzy DEBUGINFOD_URLS=https://debuginfod.ubuntu.com LD_LIBRARY_PATH=/home/aly-sultan/Desktop/fs-system-25/SLAM/install/cloud_msgs/lib:/home/aly-sultan/Desktop/SLAM/install/cloud_msgs/lib:/home/aly-sultan/Desktop/fs-system-25/SLAM/install/asurt_msgs/lib:/home/aly-sultan/Desktop/SLAM/install/asurt_msgs/lib:/opt/ros/jazzy/opt/gz_sim_vendor/lib:/opt/ros/jazzy/opt/gz_sensors_vendor/lib:/opt/ros/jazzy/opt/gz_physics_vendor/lib:/opt/ros/jazzy/opt/sdformat_vendor/lib:/opt/ros/jazzy/opt/rviz_ogre_vendor/lib:/opt/ros/jazzy/lib/x86_64-linux-gnu:/opt/ros/jazzy/opt/gz_gui_vendor/lib:/opt/ros/jazzy/opt/gz_transport_vendor/lib:/opt/ros/jazzy/opt/gz_rendering_vendor/lib:/opt/ros/jazzy/opt/gz_plugin_vendor/lib:/opt/ros/jazzy/opt/gz_fuel_tools_vendor/lib:/opt/ros/jazzy/opt/gz_msgs_vendor/lib:/opt/ros/jazzy/opt/gz_common_vendor/lib:/opt/ros/jazzy/opt/gz_math_vendor/lib:/opt/ros/jazzy/opt/gz_utils_vendor/lib:/opt/ros/jazzy/opt/gz_tools_vendor/lib:/opt/ros/jazzy/opt/gz_ogre_next_vendor/lib:/opt/ros/jazzy/opt/gz_dartsim_vendor/lib:/opt/ros/jazzy/opt/gz_cmake_vendor/lib:/opt/ros/jazzy/lib PYTHONPATH=/home/aly-sultan/Desktop/fs-system-25/SLAM/install/cloud_msgs/lib/python3.12/site-packages:/home/aly-sultan/Desktop/SLAM/install/cloud_msgs/lib/python3.12/site-packages:/home/aly-sultan/Desktop/fs-system-25/SLAM/install/asurt_msgs/lib/python3.12/site-packages:/home/aly-sultan/Desktop/SLAM/install/asurt_msgs/lib/python3.12/site-packages:/home/aly-sultan/Desktop/SLAM/install/cone_a_lisa/lib/python3.12/site-packages:/opt/ros/jazzy/lib/python3.12/site-packages /usr/bin/cmake --install /home/aly-sultan/Desktop/SLAM/build/lego_loam_sr
[17.192s] INFO:colcon.colcon_core.shell:Creating environment descriptor '/home/aly-sultan/Desktop/SLAM/install/lego_loam_sr/share/lego_loam_sr/hook/cmake_prefix_path.dsv'
[17.192s] INFO:colcon.colcon_core.shell:Creating environment hook '/home/aly-sultan/Desktop/SLAM/install/lego_loam_sr/share/lego_loam_sr/hook/cmake_prefix_path.sh'
[17.193s] Level 1:colcon.colcon_core.environment:checking '/home/aly-sultan/Desktop/SLAM/install/lego_loam_sr/lib'
[17.193s] Level 1:colcon.colcon_core.environment:checking '/home/aly-sultan/Desktop/SLAM/install/lego_loam_sr/bin'
[17.193s] Level 1:colcon.colcon_core.environment:checking '/home/aly-sultan/Desktop/SLAM/install/lego_loam_sr/lib/pkgconfig/lego_loam_sr.pc'
[17.194s] Level 1:colcon.colcon_core.environment:checking '/home/aly-sultan/Desktop/SLAM/install/lego_loam_sr/lib/python3.12/site-packages'
[17.194s] Level 1:colcon.colcon_core.environment:checking '/home/aly-sultan/Desktop/SLAM/install/lego_loam_sr/bin'
[17.194s] INFO:colcon.colcon_core.shell:Creating package script '/home/aly-sultan/Desktop/SLAM/install/lego_loam_sr/share/lego_loam_sr/package.ps1'
[17.195s] INFO:colcon.colcon_core.shell:Creating package descriptor '/home/aly-sultan/Desktop/SLAM/install/lego_loam_sr/share/lego_loam_sr/package.dsv'
[17.196s] INFO:colcon.colcon_core.shell:Creating package script '/home/aly-sultan/Desktop/SLAM/install/lego_loam_sr/share/lego_loam_sr/package.sh'
[17.196s] INFO:colcon.colcon_core.shell:Creating package script '/home/aly-sultan/Desktop/SLAM/install/lego_loam_sr/share/lego_loam_sr/package.bash'
[17.197s] INFO:colcon.colcon_core.shell:Creating package script '/home/aly-sultan/Desktop/SLAM/install/lego_loam_sr/share/lego_loam_sr/package.zsh'
[17.197s] Level 1:colcon.colcon_core.environment:create_file_with_runtime_dependencies(/home/aly-sultan/Desktop/SLAM/install/lego_loam_sr/share/colcon-core/packages/lego_loam_sr)
[17.197s] Level 1:colcon.colcon_core.environment:create_environment_scripts_only(lego_loam_sr)
[17.197s] Level 1:colcon.colcon_core.environment:checking '/home/aly-sultan/Desktop/SLAM/install/lego_loam_sr' for CMake module files
[17.198s] Level 1:colcon.colcon_core.environment:checking '/home/aly-sultan/Desktop/SLAM/install/lego_loam_sr' for CMake config files
[17.198s] Level 1:colcon.colcon_core.shell:create_environment_hook('lego_loam_sr', 'cmake_prefix_path')
[17.198s] INFO:colcon.colcon_core.shell:Creating environment hook '/home/aly-sultan/Desktop/SLAM/install/lego_loam_sr/share/lego_loam_sr/hook/cmake_prefix_path.ps1'
[17.198s] INFO:colcon.colcon_core.shell:Creating environment descriptor '/home/aly-sultan/Desktop/SLAM/install/lego_loam_sr/share/lego_loam_sr/hook/cmake_prefix_path.dsv'
[17.198s] INFO:colcon.colcon_core.shell:Creating environment hook '/home/aly-sultan/Desktop/SLAM/install/lego_loam_sr/share/lego_loam_sr/hook/cmake_prefix_path.sh'
[17.199s] Level 1:colcon.colcon_core.environment:checking '/home/aly-sultan/Desktop/SLAM/install/lego_loam_sr/lib'
[17.199s] Level 1:colcon.colcon_core.environment:checking '/home/aly-sultan/Desktop/SLAM/install/lego_loam_sr/bin'
[17.199s] Level 1:colcon.colcon_core.environment:checking '/home/aly-sultan/Desktop/SLAM/install/lego_loam_sr/lib/pkgconfig/lego_loam_sr.pc'
[17.199s] Level 1:colcon.colcon_core.environment:checking '/home/aly-sultan/Desktop/SLAM/install/lego_loam_sr/lib/python3.12/site-packages'
[17.200s] Level 1:colcon.colcon_core.environment:checking '/home/aly-sultan/Desktop/SLAM/install/lego_loam_sr/bin'
[17.200s] INFO:colcon.colcon_core.shell:Creating package script '/home/aly-sultan/Desktop/SLAM/install/lego_loam_sr/share/lego_loam_sr/package.ps1'
[17.200s] INFO:colcon.colcon_core.shell:Creating package descriptor '/home/aly-sultan/Desktop/SLAM/install/lego_loam_sr/share/lego_loam_sr/package.dsv'
[17.201s] INFO:colcon.colcon_core.shell:Creating package script '/home/aly-sultan/Desktop/SLAM/install/lego_loam_sr/share/lego_loam_sr/package.sh'
[17.201s] INFO:colcon.colcon_core.shell:Creating package script '/home/aly-sultan/Desktop/SLAM/install/lego_loam_sr/share/lego_loam_sr/package.bash'
[17.201s] INFO:colcon.colcon_core.shell:Creating package script '/home/aly-sultan/Desktop/SLAM/install/lego_loam_sr/share/lego_loam_sr/package.zsh'
[17.201s] Level 1:colcon.colcon_core.environment:create_file_with_runtime_dependencies(/home/aly-sultan/Desktop/SLAM/install/lego_loam_sr/share/colcon-core/packages/lego_loam_sr)
[17.202s] DEBUG:colcon.colcon_parallel_executor.executor.parallel:closing loop
[17.202s] DEBUG:colcon.colcon_parallel_executor.executor.parallel:loop closed
[17.202s] DEBUG:colcon.colcon_parallel_executor.executor.parallel:run_until_complete finished with '0'
[17.202s] DEBUG:colcon.colcon_core.event_reactor:joining thread
[17.208s] INFO:colcon.colcon_core.plugin_system:Skipping extension 'colcon_notification.desktop_notification.terminal_notifier': Not used on non-Darwin systems
[17.208s] INFO:colcon.colcon_core.plugin_system:Skipping extension 'colcon_notification.desktop_notification.win32': Not used on non-Windows systems
[17.208s] INFO:colcon.colcon_notification.desktop_notification:Sending desktop notification using 'notify2'
[17.225s] DEBUG:colcon.colcon_core.event_reactor:joined thread
[17.225s] INFO:colcon.colcon_core.shell:Creating prefix script '/home/aly-sultan/Desktop/SLAM/install/local_setup.ps1'
[17.225s] INFO:colcon.colcon_core.shell:Creating prefix util module '/home/aly-sultan/Desktop/SLAM/install/_local_setup_util_ps1.py'
[17.226s] INFO:colcon.colcon_core.shell:Creating prefix chain script '/home/aly-sultan/Desktop/SLAM/install/setup.ps1'
[17.227s] INFO:colcon.colcon_core.shell:Creating prefix script '/home/aly-sultan/Desktop/SLAM/install/local_setup.sh'
[17.227s] INFO:colcon.colcon_core.shell:Creating prefix util module '/home/aly-sultan/Desktop/SLAM/install/_local_setup_util_sh.py'
[17.227s] INFO:colcon.colcon_core.shell:Creating prefix chain script '/home/aly-sultan/Desktop/SLAM/install/setup.sh'
[17.228s] INFO:colcon.colcon_core.shell:Creating prefix script '/home/aly-sultan/Desktop/SLAM/install/local_setup.bash'
[17.228s] INFO:colcon.colcon_core.shell:Creating prefix chain script '/home/aly-sultan/Desktop/SLAM/install/setup.bash'
[17.229s] INFO:colcon.colcon_core.shell:Creating prefix script '/home/aly-sultan/Desktop/SLAM/install/local_setup.zsh'
[17.229s] INFO:colcon.colcon_core.shell:Creating prefix chain script '/home/aly-sultan/Desktop/SLAM/install/setup.zsh'
