/home/fsai/.local/lib/python3.10/site-packages/setuptools/_distutils/dist.py:289: UserWarning: Unknown distribution option: 'tests_require'
  warnings.warn(msg)
running develop
running egg_info
creating path_csv.egg-info
writing path_csv.egg-info/PKG-INFO
writing dependency_links to path_csv.egg-info/dependency_links.txt
writing entry points to path_csv.egg-info/entry_points.txt
writing requirements to path_csv.egg-info/requires.txt
writing top-level names to path_csv.egg-info/top_level.txt
writing manifest file 'path_csv.egg-info/SOURCES.txt'
reading manifest file 'path_csv.egg-info/SOURCES.txt'
writing manifest file 'path_csv.egg-info/SOURCES.txt'
running build_ext
Creating /home/fsai/Desktop/IPG_2025Modified/formula-carmaker-fs_2024Modifiednextold/formula-carmaker-fs_2024/FCM_Projects/FS_autonomous/ros/ros2_ws/src/path_csv/install/path_csv/lib/python3.10/site-packages/path-csv.egg-link (link to .)
Installing path_csv script to /home/fsai/Desktop/IPG_2025Modified/formula-carmaker-fs_2024Modifiednextold/formula-carmaker-fs_2024/FCM_Projects/FS_autonomous/ros/ros2_ws/src/path_csv/install/path_csv/lib/path_csv

Installed /home/fsai/Desktop/IPG_2025Modified/formula-carmaker-fs_2024Modifiednextold/formula-carmaker-fs_2024/FCM_Projects/FS_autonomous/ros/ros2_ws/src/path_csv/build/path_csv
running symlink_data
creating /home/fsai/Desktop/IPG_2025Modified/formula-carmaker-fs_2024Modifiednextold/formula-carmaker-fs_2024/FCM_Projects/FS_autonomous/ros/ros2_ws/src/path_csv/install/path_csv/share/ament_index/resource_index/packages
symbolically linking /home/fsai/Desktop/IPG_2025Modified/formula-carmaker-fs_2024Modifiednextold/formula-carmaker-fs_2024/FCM_Projects/FS_autonomous/ros/ros2_ws/src/path_csv/build/path_csv/resource/path_csv -> /home/fsai/Desktop/IPG_2025Modified/formula-carmaker-fs_2024Modifiednextold/formula-carmaker-fs_2024/FCM_Projects/FS_autonomous/ros/ros2_ws/src/path_csv/install/path_csv/share/ament_index/resource_index/packages
symbolically linking /home/fsai/Desktop/IPG_2025Modified/formula-carmaker-fs_2024Modifiednextold/formula-carmaker-fs_2024/FCM_Projects/FS_autonomous/ros/ros2_ws/src/path_csv/build/path_csv/package.xml -> /home/fsai/Desktop/IPG_2025Modified/formula-carmaker-fs_2024Modifiednextold/formula-carmaker-fs_2024/FCM_Projects/FS_autonomous/ros/ros2_ws/src/path_csv/install/path_csv/share/path_csv
