[5.147s] Invoking command in '/home/fsai/Desktop/IPG_2025Modified/formula-carmaker-fs_2024Modifiednextold/formula-carmaker-fs_2024/FCM_Projects/FS_autonomous/ros/ros2_ws/src/path_csv/build/path_csv': PYTHONPATH=/home/fsai/Desktop/IPG_2025Modified/formula-carmaker-fs_2024Modifiednextold/formula-carmaker-fs_2024/FCM_Projects/FS_autonomous/ros/ros2_ws/src/path_csv/build/path_csv/prefix_override:/usr/lib/python3/dist-packages/colcon_core/task/python/colcon_distutils_commands:/home/fsai/Desktop/IPG_2025Modified/formula-carmaker-fs_2024Modifiednextold/formula-carmaker-fs_2024/FCM_Projects/FS_autonomous/ros/ros2_ws/src/path_csv/install/path_csv/lib/python3.10/site-packages:${PYTHONPATH} /usr/bin/python3 -W ignore:setup.py install is deprecated -W ignore:easy_install command is deprecated setup.py develop --editable --build-directory /home/fsai/Desktop/IPG_2025Modified/formula-carmaker-fs_2024Modifiednextold/formula-carmaker-fs_2024/FCM_Projects/FS_autonomous/ros/ros2_ws/src/path_csv/build/path_csv/build --no-deps symlink_data
[5.290s] /home/fsai/.local/lib/python3.10/site-packages/setuptools/_distutils/dist.py:289: UserWarning: Unknown distribution option: 'tests_require'
[5.290s]   warnings.warn(msg)
[5.490s] running develop
[5.753s] running egg_info
[5.772s] creating path_csv.egg-info
[5.773s] writing path_csv.egg-info/PKG-INFO
[5.773s] writing dependency_links to path_csv.egg-info/dependency_links.txt
[5.773s] writing entry points to path_csv.egg-info/entry_points.txt
[5.774s] writing requirements to path_csv.egg-info/requires.txt
[5.774s] writing top-level names to path_csv.egg-info/top_level.txt
[5.774s] writing manifest file 'path_csv.egg-info/SOURCES.txt'
[5.820s] reading manifest file 'path_csv.egg-info/SOURCES.txt'
[5.820s] writing manifest file 'path_csv.egg-info/SOURCES.txt'
[5.874s] running build_ext
[5.874s] Creating /home/fsai/Desktop/IPG_2025Modified/formula-carmaker-fs_2024Modifiednextold/formula-carmaker-fs_2024/FCM_Projects/FS_autonomous/ros/ros2_ws/src/path_csv/install/path_csv/lib/python3.10/site-packages/path-csv.egg-link (link to .)
[5.875s] Installing path_csv script to /home/fsai/Desktop/IPG_2025Modified/formula-carmaker-fs_2024Modifiednextold/formula-carmaker-fs_2024/FCM_Projects/FS_autonomous/ros/ros2_ws/src/path_csv/install/path_csv/lib/path_csv
[5.875s] 
[5.875s] Installed /home/fsai/Desktop/IPG_2025Modified/formula-carmaker-fs_2024Modifiednextold/formula-carmaker-fs_2024/FCM_Projects/FS_autonomous/ros/ros2_ws/src/path_csv/build/path_csv
[5.875s] running symlink_data
[5.875s] creating /home/fsai/Desktop/IPG_2025Modified/formula-carmaker-fs_2024Modifiednextold/formula-carmaker-fs_2024/FCM_Projects/FS_autonomous/ros/ros2_ws/src/path_csv/install/path_csv/share/ament_index/resource_index/packages
[5.876s] symbolically linking /home/fsai/Desktop/IPG_2025Modified/formula-carmaker-fs_2024Modifiednextold/formula-carmaker-fs_2024/FCM_Projects/FS_autonomous/ros/ros2_ws/src/path_csv/build/path_csv/resource/path_csv -> /home/fsai/Desktop/IPG_2025Modified/formula-carmaker-fs_2024Modifiednextold/formula-carmaker-fs_2024/FCM_Projects/FS_autonomous/ros/ros2_ws/src/path_csv/install/path_csv/share/ament_index/resource_index/packages
[5.876s] symbolically linking /home/fsai/Desktop/IPG_2025Modified/formula-carmaker-fs_2024Modifiednextold/formula-carmaker-fs_2024/FCM_Projects/FS_autonomous/ros/ros2_ws/src/path_csv/build/path_csv/package.xml -> /home/fsai/Desktop/IPG_2025Modified/formula-carmaker-fs_2024Modifiednextold/formula-carmaker-fs_2024/FCM_Projects/FS_autonomous/ros/ros2_ws/src/path_csv/install/path_csv/share/path_csv
[5.904s] Invoked command in '/home/fsai/Desktop/IPG_2025Modified/formula-carmaker-fs_2024Modifiednextold/formula-carmaker-fs_2024/FCM_Projects/FS_autonomous/ros/ros2_ws/src/path_csv/build/path_csv' returned '0': PYTHONPATH=/home/fsai/Desktop/IPG_2025Modified/formula-carmaker-fs_2024Modifiednextold/formula-carmaker-fs_2024/FCM_Projects/FS_autonomous/ros/ros2_ws/src/path_csv/build/path_csv/prefix_override:/usr/lib/python3/dist-packages/colcon_core/task/python/colcon_distutils_commands:/home/fsai/Desktop/IPG_2025Modified/formula-carmaker-fs_2024Modifiednextold/formula-carmaker-fs_2024/FCM_Projects/FS_autonomous/ros/ros2_ws/src/path_csv/install/path_csv/lib/python3.10/site-packages:${PYTHONPATH} /usr/bin/python3 -W ignore:setup.py install is deprecated -W ignore:easy_install command is deprecated setup.py develop --editable --build-directory /home/fsai/Desktop/IPG_2025Modified/formula-carmaker-fs_2024Modifiednextold/formula-carmaker-fs_2024/FCM_Projects/FS_autonomous/ros/ros2_ws/src/path_csv/build/path_csv/build --no-deps symlink_data
