running develop
running egg_info
creating lidarpipeline.egg-info
writing lidarpipeline.egg-info/PKG-INFO
writing dependency_links to lidarpipeline.egg-info/dependency_links.txt
writing entry points to lidarpipeline.egg-info/entry_points.txt
writing requirements to lidarpipeline.egg-info/requires.txt
writing top-level names to lidarpipeline.egg-info/top_level.txt
writing manifest file 'lidarpipeline.egg-info/SOURCES.txt'
reading manifest file 'lidarpipeline.egg-info/SOURCES.txt'
writing manifest file 'lidarpipeline.egg-info/SOURCES.txt'
running build_ext
Creating /home/spacecraft/fs-system-25/lidarpipeline/install/lidarpipeline/lib/python3.10/site-packages/lidarpipeline.egg-link (link to .)
Installing lidar_processor_node script to /home/spacecraft/fs-system-25/lidarpipeline/install/lidarpipeline/lib/lidarpipeline

Installed /home/spacecraft/fs-system-25/lidarpipeline/build/lidarpipeline
running symlink_data
creating /home/spacecraft/fs-system-25/lidarpipeline/install/lidarpipeline/share/ament_index
creating /home/spacecraft/fs-system-25/lidarpipeline/install/lidarpipeline/share/ament_index/resource_index
creating /home/spacecraft/fs-system-25/lidarpipeline/install/lidarpipeline/share/ament_index/resource_index/packages
symbolically linking /home/spacecraft/fs-system-25/lidarpipeline/build/lidarpipeline/resource/lidarpipeline -> /home/spacecraft/fs-system-25/lidarpipeline/install/lidarpipeline/share/ament_index/resource_index/packages
symbolically linking /home/spacecraft/fs-system-25/lidarpipeline/build/lidarpipeline/package.xml -> /home/spacecraft/fs-system-25/lidarpipeline/install/lidarpipeline/share/lidarpipeline
creating /home/spacecraft/fs-system-25/lidarpipeline/install/lidarpipeline/share/lidarpipeline/launch
symbolically linking /home/spacecraft/fs-system-25/lidarpipeline/build/lidarpipeline/launch/filter.launch.py -> /home/spacecraft/fs-system-25/lidarpipeline/install/lidarpipeline/share/lidarpipeline/launch
