[0.071s] DEBUG:colcon:Command line arguments: ['/usr/bin/colcon', 'build']
[0.071s] DEBUG:colcon:Parsed command line arguments: Namespace(log_base=None, log_level=None, verb_name='build', build_base='build', install_base='install', merge_install=False, symlink_install=False, test_result_base=None, continue_on_error=False, executor='parallel', parallel_workers=16, event_handlers=None, ignore_user_meta=False, metas=['./colcon.meta'], base_paths=['.'], packages_ignore=None, packages_ignore_regex=None, paths=None, packages_up_to=None, packages_up_to_regex=None, packages_above=None, packages_above_and_dependencies=None, packages_above_depth=None, packages_select_by_dep=None, packages_skip_by_dep=None, packages_skip_up_to=None, packages_select_build_failed=False, packages_skip_build_finished=False, packages_select_test_failures=False, packages_skip_test_passed=False, packages_select=None, packages_skip=None, packages_select_regex=None, packages_skip_regex=None, packages_start=None, packages_end=None, allow_overriding=[], cmake_args=None, cmake_target=None, cmake_target_skip_unavailable=False, cmake_clean_cache=False, cmake_clean_first=False, cmake_force_configure=False, ament_cmake_args=None, catkin_cmake_args=None, catkin_skip_building_tests=False, verb_parser=<colcon_defaults.argument_parser.defaults.DefaultArgumentsDecorator object at 0x776d394940b0>, verb_extension=<colcon_core.verb.build.BuildVerb object at 0x776d39467e90>, main=<bound method BuildVerb.main of <colcon_core.verb.build.BuildVerb object at 0x776d39467e90>>)
[0.097s] Level 1:colcon.colcon_core.package_discovery:discover_packages(colcon_meta) check parameters
[0.097s] Level 1:colcon.colcon_core.package_discovery:discover_packages(recursive) check parameters
[0.097s] Level 1:colcon.colcon_core.package_discovery:discover_packages(ignore) check parameters
[0.097s] Level 1:colcon.colcon_core.package_discovery:discover_packages(path) check parameters
[0.097s] Level 1:colcon.colcon_core.package_discovery:discover_packages(colcon_meta) discover
[0.097s] Level 1:colcon.colcon_core.package_discovery:discover_packages(recursive) discover
[0.097s] INFO:colcon.colcon_core.package_discovery:Crawling recursively for packages in '/home/aly-sultan/Desktop/SLAM'
[0.097s] Level 1:colcon.colcon_core.package_identification:_identify(.) by extensions ['ignore', 'ignore_ament_install']
[0.097s] Level 1:colcon.colcon_core.package_identification:_identify(.) by extension 'ignore'
[0.098s] Level 1:colcon.colcon_core.package_identification:_identify(.) by extension 'ignore_ament_install'
[0.098s] Level 1:colcon.colcon_core.package_identification:_identify(.) by extensions ['colcon_pkg']
[0.098s] Level 1:colcon.colcon_core.package_identification:_identify(.) by extension 'colcon_pkg'
[0.098s] Level 1:colcon.colcon_core.package_identification:_identify(.) by extensions ['colcon_meta']
[0.098s] Level 1:colcon.colcon_core.package_identification:_identify(.) by extension 'colcon_meta'
[0.098s] Level 1:colcon.colcon_core.package_identification:_identify(.) by extensions ['ros']
[0.098s] Level 1:colcon.colcon_core.package_identification:_identify(.) by extension 'ros'
[0.116s] Level 1:colcon.colcon_core.package_identification:_identify(.) by extensions ['cmake', 'python']
[0.116s] Level 1:colcon.colcon_core.package_identification:_identify(.) by extension 'cmake'
[0.116s] Level 1:colcon.colcon_core.package_identification:_identify(.) by extension 'python'
[0.116s] Level 1:colcon.colcon_core.package_identification:_identify(.) by extensions ['python_setup_py']
[0.116s] Level 1:colcon.colcon_core.package_identification:_identify(.) by extension 'python_setup_py'
[0.116s] Level 1:colcon.colcon_core.package_identification:_identify(LeGO-LOAM) by extensions ['ignore', 'ignore_ament_install']
[0.116s] Level 1:colcon.colcon_core.package_identification:_identify(LeGO-LOAM) by extension 'ignore'
[0.116s] Level 1:colcon.colcon_core.package_identification:_identify(LeGO-LOAM) by extension 'ignore_ament_install'
[0.116s] Level 1:colcon.colcon_core.package_identification:_identify(LeGO-LOAM) by extensions ['colcon_pkg']
[0.116s] Level 1:colcon.colcon_core.package_identification:_identify(LeGO-LOAM) by extension 'colcon_pkg'
[0.116s] Level 1:colcon.colcon_core.package_identification:_identify(LeGO-LOAM) by extensions ['colcon_meta']
[0.116s] Level 1:colcon.colcon_core.package_identification:_identify(LeGO-LOAM) by extension 'colcon_meta'
[0.116s] Level 1:colcon.colcon_core.package_identification:_identify(LeGO-LOAM) by extensions ['ros']
[0.117s] Level 1:colcon.colcon_core.package_identification:_identify(LeGO-LOAM) by extension 'ros'
[0.118s] DEBUG:colcon.colcon_core.package_identification:Package 'LeGO-LOAM' with type 'ros.ament_cmake' and name 'lego_loam_sr'
[0.118s] Level 1:colcon.colcon_core.package_identification:_identify(asurt_msgs) by extensions ['ignore', 'ignore_ament_install']
[0.118s] Level 1:colcon.colcon_core.package_identification:_identify(asurt_msgs) by extension 'ignore'
[0.118s] Level 1:colcon.colcon_core.package_identification:_identify(asurt_msgs) by extension 'ignore_ament_install'
[0.118s] Level 1:colcon.colcon_core.package_identification:_identify(asurt_msgs) by extensions ['colcon_pkg']
[0.118s] Level 1:colcon.colcon_core.package_identification:_identify(asurt_msgs) by extension 'colcon_pkg'
[0.118s] Level 1:colcon.colcon_core.package_identification:_identify(asurt_msgs) by extensions ['colcon_meta']
[0.118s] Level 1:colcon.colcon_core.package_identification:_identify(asurt_msgs) by extension 'colcon_meta'
[0.118s] Level 1:colcon.colcon_core.package_identification:_identify(asurt_msgs) by extensions ['ros']
[0.118s] Level 1:colcon.colcon_core.package_identification:_identify(asurt_msgs) by extension 'ros'
[0.119s] DEBUG:colcon.colcon_core.package_identification:Package 'asurt_msgs' with type 'ros.ament_cmake' and name 'asurt_msgs'
[0.119s] Level 1:colcon.colcon_core.package_identification:_identify(build) by extensions ['ignore', 'ignore_ament_install']
[0.119s] Level 1:colcon.colcon_core.package_identification:_identify(build) by extension 'ignore'
[0.119s] Level 1:colcon.colcon_core.package_identification:_identify(build) ignored
[0.119s] Level 1:colcon.colcon_core.package_identification:_identify(cloud_msgs) by extensions ['ignore', 'ignore_ament_install']
[0.119s] Level 1:colcon.colcon_core.package_identification:_identify(cloud_msgs) by extension 'ignore'
[0.119s] Level 1:colcon.colcon_core.package_identification:_identify(cloud_msgs) by extension 'ignore_ament_install'
[0.119s] Level 1:colcon.colcon_core.package_identification:_identify(cloud_msgs) by extensions ['colcon_pkg']
[0.119s] Level 1:colcon.colcon_core.package_identification:_identify(cloud_msgs) by extension 'colcon_pkg'
[0.119s] Level 1:colcon.colcon_core.package_identification:_identify(cloud_msgs) by extensions ['colcon_meta']
[0.119s] Level 1:colcon.colcon_core.package_identification:_identify(cloud_msgs) by extension 'colcon_meta'
[0.119s] Level 1:colcon.colcon_core.package_identification:_identify(cloud_msgs) by extensions ['ros']
[0.119s] Level 1:colcon.colcon_core.package_identification:_identify(cloud_msgs) by extension 'ros'
[0.120s] DEBUG:colcon.colcon_core.package_identification:Package 'cloud_msgs' with type 'ros.ament_cmake' and name 'cloud_msgs'
[0.120s] Level 1:colcon.colcon_core.package_identification:_identify(cone_a_lisa) by extensions ['ignore', 'ignore_ament_install']
[0.120s] Level 1:colcon.colcon_core.package_identification:_identify(cone_a_lisa) by extension 'ignore'
[0.120s] Level 1:colcon.colcon_core.package_identification:_identify(cone_a_lisa) by extension 'ignore_ament_install'
[0.120s] Level 1:colcon.colcon_core.package_identification:_identify(cone_a_lisa) by extensions ['colcon_pkg']
[0.120s] Level 1:colcon.colcon_core.package_identification:_identify(cone_a_lisa) by extension 'colcon_pkg'
[0.120s] Level 1:colcon.colcon_core.package_identification:_identify(cone_a_lisa) by extensions ['colcon_meta']
[0.120s] Level 1:colcon.colcon_core.package_identification:_identify(cone_a_lisa) by extension 'colcon_meta'
[0.120s] Level 1:colcon.colcon_core.package_identification:_identify(cone_a_lisa) by extensions ['ros']
[0.120s] Level 1:colcon.colcon_core.package_identification:_identify(cone_a_lisa) by extension 'ros'
[0.120s] DEBUG:colcon.colcon_core.package_identification:Package 'cone_a_lisa' with type 'ros.ament_python' and name 'cone_a_lisa'
[0.120s] Level 1:colcon.colcon_core.package_identification:_identify(install) by extensions ['ignore', 'ignore_ament_install']
[0.120s] Level 1:colcon.colcon_core.package_identification:_identify(install) by extension 'ignore'
[0.121s] Level 1:colcon.colcon_core.package_identification:_identify(install) ignored
[0.121s] Level 1:colcon.colcon_core.package_identification:_identify(log) by extensions ['ignore', 'ignore_ament_install']
[0.121s] Level 1:colcon.colcon_core.package_identification:_identify(log) by extension 'ignore'
[0.121s] Level 1:colcon.colcon_core.package_identification:_identify(log) ignored
[0.121s] Level 1:colcon.colcon_core.package_discovery:discover_packages(recursive) using defaults
[0.121s] Level 1:colcon.colcon_core.package_discovery:discover_packages(ignore) discover
[0.121s] Level 1:colcon.colcon_core.package_discovery:discover_packages(ignore) using defaults
[0.121s] Level 1:colcon.colcon_core.package_discovery:discover_packages(path) discover
[0.121s] Level 1:colcon.colcon_core.package_discovery:discover_packages(path) using defaults
[0.134s] Level 1:colcon.colcon_core.package_discovery:discover_packages(prefix_path) check parameters
[0.134s] Level 1:colcon.colcon_core.package_discovery:discover_packages(prefix_path) discover
[0.135s] DEBUG:colcon.colcon_installed_package_information.package_discovery:Found 4 installed packages in /home/aly-sultan/Desktop/SLAM/install
[0.136s] DEBUG:colcon.colcon_installed_package_information.package_discovery:Found 374 installed packages in /opt/ros/jazzy
[0.137s] Level 1:colcon.colcon_core.package_discovery:discover_packages(prefix_path) using defaults
[0.166s] Level 5:colcon.colcon_core.verb:set package 'asurt_msgs' build argument 'cmake_args' from command line to 'None'
[0.166s] Level 5:colcon.colcon_core.verb:set package 'asurt_msgs' build argument 'cmake_target' from command line to 'None'
[0.166s] Level 5:colcon.colcon_core.verb:set package 'asurt_msgs' build argument 'cmake_target_skip_unavailable' from command line to 'False'
[0.167s] Level 5:colcon.colcon_core.verb:set package 'asurt_msgs' build argument 'cmake_clean_cache' from command line to 'False'
[0.167s] Level 5:colcon.colcon_core.verb:set package 'asurt_msgs' build argument 'cmake_clean_first' from command line to 'False'
[0.167s] Level 5:colcon.colcon_core.verb:set package 'asurt_msgs' build argument 'cmake_force_configure' from command line to 'False'
[0.167s] Level 5:colcon.colcon_core.verb:set package 'asurt_msgs' build argument 'ament_cmake_args' from command line to 'None'
[0.167s] Level 5:colcon.colcon_core.verb:set package 'asurt_msgs' build argument 'catkin_cmake_args' from command line to 'None'
[0.167s] Level 5:colcon.colcon_core.verb:set package 'asurt_msgs' build argument 'catkin_skip_building_tests' from command line to 'False'
[0.167s] DEBUG:colcon.colcon_core.verb:Building package 'asurt_msgs' with the following arguments: {'ament_cmake_args': None, 'build_base': '/home/aly-sultan/Desktop/SLAM/build/asurt_msgs', 'catkin_cmake_args': None, 'catkin_skip_building_tests': False, 'cmake_args': None, 'cmake_clean_cache': False, 'cmake_clean_first': False, 'cmake_force_configure': False, 'cmake_target': None, 'cmake_target_skip_unavailable': False, 'install_base': '/home/aly-sultan/Desktop/SLAM/install/asurt_msgs', 'merge_install': False, 'path': '/home/aly-sultan/Desktop/SLAM/asurt_msgs', 'symlink_install': False, 'test_result_base': None}
[0.167s] Level 5:colcon.colcon_core.verb:set package 'cloud_msgs' build argument 'cmake_args' from command line to 'None'
[0.167s] Level 5:colcon.colcon_core.verb:set package 'cloud_msgs' build argument 'cmake_target' from command line to 'None'
[0.167s] Level 5:colcon.colcon_core.verb:set package 'cloud_msgs' build argument 'cmake_target_skip_unavailable' from command line to 'False'
[0.167s] Level 5:colcon.colcon_core.verb:set package 'cloud_msgs' build argument 'cmake_clean_cache' from command line to 'False'
[0.167s] Level 5:colcon.colcon_core.verb:set package 'cloud_msgs' build argument 'cmake_clean_first' from command line to 'False'
[0.167s] Level 5:colcon.colcon_core.verb:set package 'cloud_msgs' build argument 'cmake_force_configure' from command line to 'False'
[0.167s] Level 5:colcon.colcon_core.verb:set package 'cloud_msgs' build argument 'ament_cmake_args' from command line to 'None'
[0.167s] Level 5:colcon.colcon_core.verb:set package 'cloud_msgs' build argument 'catkin_cmake_args' from command line to 'None'
[0.167s] Level 5:colcon.colcon_core.verb:set package 'cloud_msgs' build argument 'catkin_skip_building_tests' from command line to 'False'
[0.167s] DEBUG:colcon.colcon_core.verb:Building package 'cloud_msgs' with the following arguments: {'ament_cmake_args': None, 'build_base': '/home/aly-sultan/Desktop/SLAM/build/cloud_msgs', 'catkin_cmake_args': None, 'catkin_skip_building_tests': False, 'cmake_args': None, 'cmake_clean_cache': False, 'cmake_clean_first': False, 'cmake_force_configure': False, 'cmake_target': None, 'cmake_target_skip_unavailable': False, 'install_base': '/home/aly-sultan/Desktop/SLAM/install/cloud_msgs', 'merge_install': False, 'path': '/home/aly-sultan/Desktop/SLAM/cloud_msgs', 'symlink_install': False, 'test_result_base': None}
[0.167s] Level 5:colcon.colcon_core.verb:set package 'cone_a_lisa' build argument 'cmake_args' from command line to 'None'
[0.167s] Level 5:colcon.colcon_core.verb:set package 'cone_a_lisa' build argument 'cmake_target' from command line to 'None'
[0.167s] Level 5:colcon.colcon_core.verb:set package 'cone_a_lisa' build argument 'cmake_target_skip_unavailable' from command line to 'False'
[0.167s] Level 5:colcon.colcon_core.verb:set package 'cone_a_lisa' build argument 'cmake_clean_cache' from command line to 'False'
[0.167s] Level 5:colcon.colcon_core.verb:set package 'cone_a_lisa' build argument 'cmake_clean_first' from command line to 'False'
[0.167s] Level 5:colcon.colcon_core.verb:set package 'cone_a_lisa' build argument 'cmake_force_configure' from command line to 'False'
[0.167s] Level 5:colcon.colcon_core.verb:set package 'cone_a_lisa' build argument 'ament_cmake_args' from command line to 'None'
[0.167s] Level 5:colcon.colcon_core.verb:set package 'cone_a_lisa' build argument 'catkin_cmake_args' from command line to 'None'
[0.167s] Level 5:colcon.colcon_core.verb:set package 'cone_a_lisa' build argument 'catkin_skip_building_tests' from command line to 'False'
[0.167s] DEBUG:colcon.colcon_core.verb:Building package 'cone_a_lisa' with the following arguments: {'ament_cmake_args': None, 'build_base': '/home/aly-sultan/Desktop/SLAM/build/cone_a_lisa', 'catkin_cmake_args': None, 'catkin_skip_building_tests': False, 'cmake_args': None, 'cmake_clean_cache': False, 'cmake_clean_first': False, 'cmake_force_configure': False, 'cmake_target': None, 'cmake_target_skip_unavailable': False, 'install_base': '/home/aly-sultan/Desktop/SLAM/install/cone_a_lisa', 'merge_install': False, 'path': '/home/aly-sultan/Desktop/SLAM/cone_a_lisa', 'symlink_install': False, 'test_result_base': None}
[0.167s] Level 5:colcon.colcon_core.verb:set package 'lego_loam_sr' build argument 'cmake_args' from command line to 'None'
[0.167s] Level 5:colcon.colcon_core.verb:set package 'lego_loam_sr' build argument 'cmake_target' from command line to 'None'
[0.167s] Level 5:colcon.colcon_core.verb:set package 'lego_loam_sr' build argument 'cmake_target_skip_unavailable' from command line to 'False'
[0.167s] Level 5:colcon.colcon_core.verb:set package 'lego_loam_sr' build argument 'cmake_clean_cache' from command line to 'False'
[0.167s] Level 5:colcon.colcon_core.verb:set package 'lego_loam_sr' build argument 'cmake_clean_first' from command line to 'False'
[0.167s] Level 5:colcon.colcon_core.verb:set package 'lego_loam_sr' build argument 'cmake_force_configure' from command line to 'False'
[0.167s] Level 5:colcon.colcon_core.verb:set package 'lego_loam_sr' build argument 'ament_cmake_args' from command line to 'None'
[0.167s] Level 5:colcon.colcon_core.verb:set package 'lego_loam_sr' build argument 'catkin_cmake_args' from command line to 'None'
[0.167s] Level 5:colcon.colcon_core.verb:set package 'lego_loam_sr' build argument 'catkin_skip_building_tests' from command line to 'False'
[0.167s] DEBUG:colcon.colcon_core.verb:Building package 'lego_loam_sr' with the following arguments: {'ament_cmake_args': None, 'build_base': '/home/aly-sultan/Desktop/SLAM/build/lego_loam_sr', 'catkin_cmake_args': None, 'catkin_skip_building_tests': False, 'cmake_args': None, 'cmake_clean_cache': False, 'cmake_clean_first': False, 'cmake_force_configure': False, 'cmake_target': None, 'cmake_target_skip_unavailable': False, 'install_base': '/home/aly-sultan/Desktop/SLAM/install/lego_loam_sr', 'merge_install': False, 'path': '/home/aly-sultan/Desktop/SLAM/LeGO-LOAM', 'symlink_install': False, 'test_result_base': None}
[0.167s] INFO:colcon.colcon_core.executor:Executing jobs using 'parallel' executor
[0.168s] DEBUG:colcon.colcon_parallel_executor.executor.parallel:run_until_complete
[0.168s] INFO:colcon.colcon_ros.task.ament_cmake.build:Building ROS package in '/home/aly-sultan/Desktop/SLAM/asurt_msgs' with build type 'ament_cmake'
[0.169s] INFO:colcon.colcon_cmake.task.cmake.build:Building CMake package in '/home/aly-sultan/Desktop/SLAM/asurt_msgs'
[0.170s] INFO:colcon.colcon_core.plugin_system:Skipping extension 'colcon_core.shell.bat': Not used on non-Windows systems
[0.170s] INFO:colcon.colcon_core.shell:Skip shell extension 'powershell' for command environment: Not usable outside of PowerShell
[0.170s] DEBUG:colcon.colcon_core.shell:Skip shell extension 'dsv' for command environment
[0.173s] INFO:colcon.colcon_ros.task.ament_cmake.build:Building ROS package in '/home/aly-sultan/Desktop/SLAM/cloud_msgs' with build type 'ament_cmake'
[0.173s] INFO:colcon.colcon_cmake.task.cmake.build:Building CMake package in '/home/aly-sultan/Desktop/SLAM/cloud_msgs'
[0.173s] INFO:colcon.colcon_core.shell:Skip shell extension 'powershell' for command environment: Not usable outside of PowerShell
[0.173s] DEBUG:colcon.colcon_core.shell:Skip shell extension 'dsv' for command environment
[0.176s] INFO:colcon.colcon_ros.task.ament_python.build:Building ROS package in '/home/aly-sultan/Desktop/SLAM/cone_a_lisa' with build type 'ament_python'
[0.176s] Level 1:colcon.colcon_core.shell:create_environment_hook('cone_a_lisa', 'ament_prefix_path')
[0.176s] INFO:colcon.colcon_core.shell:Creating environment hook '/home/aly-sultan/Desktop/SLAM/install/cone_a_lisa/share/cone_a_lisa/hook/ament_prefix_path.ps1'
[0.176s] INFO:colcon.colcon_core.shell:Creating environment descriptor '/home/aly-sultan/Desktop/SLAM/install/cone_a_lisa/share/cone_a_lisa/hook/ament_prefix_path.dsv'
[0.176s] INFO:colcon.colcon_core.shell:Creating environment hook '/home/aly-sultan/Desktop/SLAM/install/cone_a_lisa/share/cone_a_lisa/hook/ament_prefix_path.sh'
[0.177s] INFO:colcon.colcon_core.shell:Skip shell extension 'powershell' for command environment: Not usable outside of PowerShell
[0.177s] DEBUG:colcon.colcon_core.shell:Skip shell extension 'dsv' for command environment
[0.182s] DEBUG:colcon.colcon_core.event_handler.log_command:Invoking command in '/home/aly-sultan/Desktop/SLAM/build/asurt_msgs': CMAKE_PREFIX_PATH=${CMAKE_PREFIX_PATH}:/home/aly-sultan/Desktop/SLAM/install/cone_a_lisa:/opt/ros/jazzy DEBUGINFOD_URLS=https://debuginfod.ubuntu.com /usr/bin/cmake --build /home/aly-sultan/Desktop/SLAM/build/asurt_msgs -- -j16 -l16
[0.185s] DEBUG:colcon.colcon_core.event_handler.log_command:Invoking command in '/home/aly-sultan/Desktop/SLAM/build/cloud_msgs': CMAKE_PREFIX_PATH=${CMAKE_PREFIX_PATH}:/home/aly-sultan/Desktop/SLAM/install/cone_a_lisa:/opt/ros/jazzy DEBUGINFOD_URLS=https://debuginfod.ubuntu.com /usr/bin/cmake --build /home/aly-sultan/Desktop/SLAM/build/cloud_msgs -- -j16 -l16
[0.342s] INFO:colcon.colcon_core.task.python.build:Building Python package in '/home/aly-sultan/Desktop/SLAM/cone_a_lisa'
[0.342s] INFO:colcon.colcon_core.shell:Skip shell extension 'powershell' for command environment: Not usable outside of PowerShell
[0.342s] DEBUG:colcon.colcon_core.shell:Skip shell extension 'dsv' for command environment
[0.831s] DEBUG:colcon.colcon_core.event_handler.log_command:Invoking command in '/home/aly-sultan/Desktop/SLAM/cone_a_lisa': DEBUGINFOD_URLS=https://debuginfod.ubuntu.com PYTHONPATH=/home/aly-sultan/Desktop/SLAM/build/cone_a_lisa/prefix_override:/usr/lib/python3/dist-packages/colcon_core/task/python/colcon_distutils_commands:/home/aly-sultan/Desktop/SLAM/install/cone_a_lisa/lib/python3.12/site-packages:${PYTHONPATH} /usr/bin/python3 -W ignore:setup.py install is deprecated -W ignore:easy_install command is deprecated setup.py egg_info --egg-base ../build/cone_a_lisa build --build-base /home/aly-sultan/Desktop/SLAM/build/cone_a_lisa/build install --record /home/aly-sultan/Desktop/SLAM/build/cone_a_lisa/install.log --single-version-externally-managed install_data
[1.209s] DEBUG:colcon.colcon_core.event_handler.log_command:Invoked command in '/home/aly-sultan/Desktop/SLAM/cone_a_lisa' returned '0': DEBUGINFOD_URLS=https://debuginfod.ubuntu.com PYTHONPATH=/home/aly-sultan/Desktop/SLAM/build/cone_a_lisa/prefix_override:/usr/lib/python3/dist-packages/colcon_core/task/python/colcon_distutils_commands:/home/aly-sultan/Desktop/SLAM/install/cone_a_lisa/lib/python3.12/site-packages:${PYTHONPATH} /usr/bin/python3 -W ignore:setup.py install is deprecated -W ignore:easy_install command is deprecated setup.py egg_info --egg-base ../build/cone_a_lisa build --build-base /home/aly-sultan/Desktop/SLAM/build/cone_a_lisa/build install --record /home/aly-sultan/Desktop/SLAM/build/cone_a_lisa/install.log --single-version-externally-managed install_data
[1.210s] Level 1:colcon.colcon_core.environment:checking '/home/aly-sultan/Desktop/SLAM/install/cone_a_lisa' for CMake module files
[1.211s] Level 1:colcon.colcon_core.environment:checking '/home/aly-sultan/Desktop/SLAM/install/cone_a_lisa' for CMake config files
[1.211s] Level 1:colcon.colcon_core.environment:checking '/home/aly-sultan/Desktop/SLAM/install/cone_a_lisa/lib'
[1.211s] Level 1:colcon.colcon_core.environment:checking '/home/aly-sultan/Desktop/SLAM/install/cone_a_lisa/bin'
[1.212s] Level 1:colcon.colcon_core.environment:checking '/home/aly-sultan/Desktop/SLAM/install/cone_a_lisa/lib/pkgconfig/cone_a_lisa.pc'
[1.212s] Level 1:colcon.colcon_core.environment:checking '/home/aly-sultan/Desktop/SLAM/install/cone_a_lisa/lib/python3.12/site-packages'
[1.212s] Level 1:colcon.colcon_core.shell:create_environment_hook('cone_a_lisa', 'pythonpath')
[1.212s] INFO:colcon.colcon_core.shell:Creating environment hook '/home/aly-sultan/Desktop/SLAM/install/cone_a_lisa/share/cone_a_lisa/hook/pythonpath.ps1'
[1.212s] INFO:colcon.colcon_core.shell:Creating environment descriptor '/home/aly-sultan/Desktop/SLAM/install/cone_a_lisa/share/cone_a_lisa/hook/pythonpath.dsv'
[1.213s] INFO:colcon.colcon_core.shell:Creating environment hook '/home/aly-sultan/Desktop/SLAM/install/cone_a_lisa/share/cone_a_lisa/hook/pythonpath.sh'
[1.213s] Level 1:colcon.colcon_core.environment:checking '/home/aly-sultan/Desktop/SLAM/install/cone_a_lisa/bin'
[1.213s] Level 1:colcon.colcon_core.environment:create_environment_scripts_only(cone_a_lisa)
[1.213s] INFO:colcon.colcon_core.shell:Creating package script '/home/aly-sultan/Desktop/SLAM/install/cone_a_lisa/share/cone_a_lisa/package.ps1'
[1.214s] INFO:colcon.colcon_core.shell:Creating package descriptor '/home/aly-sultan/Desktop/SLAM/install/cone_a_lisa/share/cone_a_lisa/package.dsv'
[1.214s] INFO:colcon.colcon_core.shell:Creating package script '/home/aly-sultan/Desktop/SLAM/install/cone_a_lisa/share/cone_a_lisa/package.sh'
[1.215s] INFO:colcon.colcon_core.shell:Creating package script '/home/aly-sultan/Desktop/SLAM/install/cone_a_lisa/share/cone_a_lisa/package.bash'
[1.215s] INFO:colcon.colcon_core.shell:Creating package script '/home/aly-sultan/Desktop/SLAM/install/cone_a_lisa/share/cone_a_lisa/package.zsh'
[1.215s] Level 1:colcon.colcon_core.environment:create_file_with_runtime_dependencies(/home/aly-sultan/Desktop/SLAM/install/cone_a_lisa/share/colcon-core/packages/cone_a_lisa)
[1.379s] DEBUG:colcon.colcon_core.event_handler.log_command:Invoked command in '/home/aly-sultan/Desktop/SLAM/build/cloud_msgs' returned '0': CMAKE_PREFIX_PATH=${CMAKE_PREFIX_PATH}:/home/aly-sultan/Desktop/SLAM/install/cone_a_lisa:/opt/ros/jazzy DEBUGINFOD_URLS=https://debuginfod.ubuntu.com /usr/bin/cmake --build /home/aly-sultan/Desktop/SLAM/build/cloud_msgs -- -j16 -l16
[1.388s] DEBUG:colcon.colcon_core.event_handler.log_command:Invoking command in '/home/aly-sultan/Desktop/SLAM/build/cloud_msgs': CMAKE_PREFIX_PATH=${CMAKE_PREFIX_PATH}:/home/aly-sultan/Desktop/SLAM/install/cone_a_lisa:/opt/ros/jazzy DEBUGINFOD_URLS=https://debuginfod.ubuntu.com /usr/bin/cmake --install /home/aly-sultan/Desktop/SLAM/build/cloud_msgs
[1.436s] Level 1:colcon.colcon_core.environment:create_environment_scripts_only(cloud_msgs)
[1.436s] Level 1:colcon.colcon_core.environment:checking '/home/aly-sultan/Desktop/SLAM/install/cloud_msgs' for CMake module files
[1.437s] DEBUG:colcon.colcon_core.event_handler.log_command:Invoked command in '/home/aly-sultan/Desktop/SLAM/build/cloud_msgs' returned '0': CMAKE_PREFIX_PATH=${CMAKE_PREFIX_PATH}:/home/aly-sultan/Desktop/SLAM/install/cone_a_lisa:/opt/ros/jazzy DEBUGINFOD_URLS=https://debuginfod.ubuntu.com /usr/bin/cmake --install /home/aly-sultan/Desktop/SLAM/build/cloud_msgs
[1.437s] Level 1:colcon.colcon_core.environment:checking '/home/aly-sultan/Desktop/SLAM/install/cloud_msgs' for CMake config files
[1.437s] Level 1:colcon.colcon_core.shell:create_environment_hook('cloud_msgs', 'cmake_prefix_path')
[1.437s] INFO:colcon.colcon_core.shell:Creating environment hook '/home/aly-sultan/Desktop/SLAM/install/cloud_msgs/share/cloud_msgs/hook/cmake_prefix_path.ps1'
[1.438s] INFO:colcon.colcon_core.shell:Creating environment descriptor '/home/aly-sultan/Desktop/SLAM/install/cloud_msgs/share/cloud_msgs/hook/cmake_prefix_path.dsv'
[1.438s] INFO:colcon.colcon_core.shell:Creating environment hook '/home/aly-sultan/Desktop/SLAM/install/cloud_msgs/share/cloud_msgs/hook/cmake_prefix_path.sh'
[1.438s] Level 1:colcon.colcon_core.environment:checking '/home/aly-sultan/Desktop/SLAM/install/cloud_msgs/lib'
[1.438s] Level 1:colcon.colcon_core.shell:create_environment_hook('cloud_msgs', 'ld_library_path_lib')
[1.438s] INFO:colcon.colcon_core.shell:Creating environment hook '/home/aly-sultan/Desktop/SLAM/install/cloud_msgs/share/cloud_msgs/hook/ld_library_path_lib.ps1'
[1.439s] INFO:colcon.colcon_core.shell:Creating environment descriptor '/home/aly-sultan/Desktop/SLAM/install/cloud_msgs/share/cloud_msgs/hook/ld_library_path_lib.dsv'
[1.439s] INFO:colcon.colcon_core.shell:Creating environment hook '/home/aly-sultan/Desktop/SLAM/install/cloud_msgs/share/cloud_msgs/hook/ld_library_path_lib.sh'
[1.439s] Level 1:colcon.colcon_core.environment:checking '/home/aly-sultan/Desktop/SLAM/install/cloud_msgs/bin'
[1.439s] Level 1:colcon.colcon_core.environment:checking '/home/aly-sultan/Desktop/SLAM/install/cloud_msgs/lib/pkgconfig/cloud_msgs.pc'
[1.440s] Level 1:colcon.colcon_core.environment:checking '/home/aly-sultan/Desktop/SLAM/install/cloud_msgs/lib/python3.12/site-packages'
[1.440s] Level 1:colcon.colcon_core.shell:create_environment_hook('cloud_msgs', 'pythonpath')
[1.440s] INFO:colcon.colcon_core.shell:Creating environment hook '/home/aly-sultan/Desktop/SLAM/install/cloud_msgs/share/cloud_msgs/hook/pythonpath.ps1'
[1.440s] INFO:colcon.colcon_core.shell:Creating environment descriptor '/home/aly-sultan/Desktop/SLAM/install/cloud_msgs/share/cloud_msgs/hook/pythonpath.dsv'
[1.440s] INFO:colcon.colcon_core.shell:Creating environment hook '/home/aly-sultan/Desktop/SLAM/install/cloud_msgs/share/cloud_msgs/hook/pythonpath.sh'
[1.441s] Level 1:colcon.colcon_core.environment:checking '/home/aly-sultan/Desktop/SLAM/install/cloud_msgs/bin'
[1.441s] INFO:colcon.colcon_core.shell:Creating package script '/home/aly-sultan/Desktop/SLAM/install/cloud_msgs/share/cloud_msgs/package.ps1'
[1.441s] INFO:colcon.colcon_core.shell:Creating package descriptor '/home/aly-sultan/Desktop/SLAM/install/cloud_msgs/share/cloud_msgs/package.dsv'
[1.442s] INFO:colcon.colcon_core.shell:Creating package script '/home/aly-sultan/Desktop/SLAM/install/cloud_msgs/share/cloud_msgs/package.sh'
[1.442s] INFO:colcon.colcon_core.shell:Creating package script '/home/aly-sultan/Desktop/SLAM/install/cloud_msgs/share/cloud_msgs/package.bash'
[1.442s] INFO:colcon.colcon_core.shell:Creating package script '/home/aly-sultan/Desktop/SLAM/install/cloud_msgs/share/cloud_msgs/package.zsh'
[1.442s] Level 1:colcon.colcon_core.environment:create_file_with_runtime_dependencies(/home/aly-sultan/Desktop/SLAM/install/cloud_msgs/share/colcon-core/packages/cloud_msgs)
[1.443s] Level 1:colcon.colcon_core.environment:create_environment_scripts_only(cloud_msgs)
[1.443s] Level 1:colcon.colcon_core.environment:checking '/home/aly-sultan/Desktop/SLAM/install/cloud_msgs' for CMake module files
[1.443s] Level 1:colcon.colcon_core.environment:checking '/home/aly-sultan/Desktop/SLAM/install/cloud_msgs' for CMake config files
[1.443s] Level 1:colcon.colcon_core.shell:create_environment_hook('cloud_msgs', 'cmake_prefix_path')
[1.443s] INFO:colcon.colcon_core.shell:Creating environment hook '/home/aly-sultan/Desktop/SLAM/install/cloud_msgs/share/cloud_msgs/hook/cmake_prefix_path.ps1'
[1.443s] INFO:colcon.colcon_core.shell:Creating environment descriptor '/home/aly-sultan/Desktop/SLAM/install/cloud_msgs/share/cloud_msgs/hook/cmake_prefix_path.dsv'
[1.444s] INFO:colcon.colcon_core.shell:Creating environment hook '/home/aly-sultan/Desktop/SLAM/install/cloud_msgs/share/cloud_msgs/hook/cmake_prefix_path.sh'
[1.444s] Level 1:colcon.colcon_core.environment:checking '/home/aly-sultan/Desktop/SLAM/install/cloud_msgs/lib'
[1.444s] Level 1:colcon.colcon_core.shell:create_environment_hook('cloud_msgs', 'ld_library_path_lib')
[1.444s] INFO:colcon.colcon_core.shell:Creating environment hook '/home/aly-sultan/Desktop/SLAM/install/cloud_msgs/share/cloud_msgs/hook/ld_library_path_lib.ps1'
[1.444s] INFO:colcon.colcon_core.shell:Creating environment descriptor '/home/aly-sultan/Desktop/SLAM/install/cloud_msgs/share/cloud_msgs/hook/ld_library_path_lib.dsv'
[1.444s] INFO:colcon.colcon_core.shell:Creating environment hook '/home/aly-sultan/Desktop/SLAM/install/cloud_msgs/share/cloud_msgs/hook/ld_library_path_lib.sh'
[1.445s] Level 1:colcon.colcon_core.environment:checking '/home/aly-sultan/Desktop/SLAM/install/cloud_msgs/bin'
[1.445s] Level 1:colcon.colcon_core.environment:checking '/home/aly-sultan/Desktop/SLAM/install/cloud_msgs/lib/pkgconfig/cloud_msgs.pc'
[1.445s] Level 1:colcon.colcon_core.environment:checking '/home/aly-sultan/Desktop/SLAM/install/cloud_msgs/lib/python3.12/site-packages'
[1.445s] Level 1:colcon.colcon_core.shell:create_environment_hook('cloud_msgs', 'pythonpath')
[1.445s] INFO:colcon.colcon_core.shell:Creating environment hook '/home/aly-sultan/Desktop/SLAM/install/cloud_msgs/share/cloud_msgs/hook/pythonpath.ps1'
[1.445s] INFO:colcon.colcon_core.shell:Creating environment descriptor '/home/aly-sultan/Desktop/SLAM/install/cloud_msgs/share/cloud_msgs/hook/pythonpath.dsv'
[1.445s] INFO:colcon.colcon_core.shell:Creating environment hook '/home/aly-sultan/Desktop/SLAM/install/cloud_msgs/share/cloud_msgs/hook/pythonpath.sh'
[1.446s] Level 1:colcon.colcon_core.environment:checking '/home/aly-sultan/Desktop/SLAM/install/cloud_msgs/bin'
[1.446s] INFO:colcon.colcon_core.shell:Creating package script '/home/aly-sultan/Desktop/SLAM/install/cloud_msgs/share/cloud_msgs/package.ps1'
[1.446s] INFO:colcon.colcon_core.shell:Creating package descriptor '/home/aly-sultan/Desktop/SLAM/install/cloud_msgs/share/cloud_msgs/package.dsv'
[1.446s] INFO:colcon.colcon_core.shell:Creating package script '/home/aly-sultan/Desktop/SLAM/install/cloud_msgs/share/cloud_msgs/package.sh'
[1.447s] INFO:colcon.colcon_core.shell:Creating package script '/home/aly-sultan/Desktop/SLAM/install/cloud_msgs/share/cloud_msgs/package.bash'
[1.447s] INFO:colcon.colcon_core.shell:Creating package script '/home/aly-sultan/Desktop/SLAM/install/cloud_msgs/share/cloud_msgs/package.zsh'
[1.447s] Level 1:colcon.colcon_core.environment:create_file_with_runtime_dependencies(/home/aly-sultan/Desktop/SLAM/install/cloud_msgs/share/colcon-core/packages/cloud_msgs)
[1.792s] DEBUG:colcon.colcon_core.event_handler.log_command:Invoked command in '/home/aly-sultan/Desktop/SLAM/build/asurt_msgs' returned '0': CMAKE_PREFIX_PATH=${CMAKE_PREFIX_PATH}:/home/aly-sultan/Desktop/SLAM/install/cone_a_lisa:/opt/ros/jazzy DEBUGINFOD_URLS=https://debuginfod.ubuntu.com /usr/bin/cmake --build /home/aly-sultan/Desktop/SLAM/build/asurt_msgs -- -j16 -l16
[1.793s] DEBUG:colcon.colcon_core.event_handler.log_command:Invoking command in '/home/aly-sultan/Desktop/SLAM/build/asurt_msgs': CMAKE_PREFIX_PATH=${CMAKE_PREFIX_PATH}:/home/aly-sultan/Desktop/SLAM/install/cone_a_lisa:/opt/ros/jazzy DEBUGINFOD_URLS=https://debuginfod.ubuntu.com /usr/bin/cmake --install /home/aly-sultan/Desktop/SLAM/build/asurt_msgs
[1.845s] Level 1:colcon.colcon_core.environment:create_environment_scripts_only(asurt_msgs)
[1.845s] Level 1:colcon.colcon_core.environment:checking '/home/aly-sultan/Desktop/SLAM/install/asurt_msgs' for CMake module files
[1.845s] DEBUG:colcon.colcon_core.event_handler.log_command:Invoked command in '/home/aly-sultan/Desktop/SLAM/build/asurt_msgs' returned '0': CMAKE_PREFIX_PATH=${CMAKE_PREFIX_PATH}:/home/aly-sultan/Desktop/SLAM/install/cone_a_lisa:/opt/ros/jazzy DEBUGINFOD_URLS=https://debuginfod.ubuntu.com /usr/bin/cmake --install /home/aly-sultan/Desktop/SLAM/build/asurt_msgs
[1.846s] Level 1:colcon.colcon_core.environment:checking '/home/aly-sultan/Desktop/SLAM/install/asurt_msgs' for CMake config files
[1.846s] Level 1:colcon.colcon_core.shell:create_environment_hook('asurt_msgs', 'cmake_prefix_path')
[1.847s] INFO:colcon.colcon_core.shell:Creating environment hook '/home/aly-sultan/Desktop/SLAM/install/asurt_msgs/share/asurt_msgs/hook/cmake_prefix_path.ps1'
[1.847s] INFO:colcon.colcon_core.shell:Creating environment descriptor '/home/aly-sultan/Desktop/SLAM/install/asurt_msgs/share/asurt_msgs/hook/cmake_prefix_path.dsv'
[1.848s] INFO:colcon.colcon_core.shell:Creating environment hook '/home/aly-sultan/Desktop/SLAM/install/asurt_msgs/share/asurt_msgs/hook/cmake_prefix_path.sh'
[1.848s] Level 1:colcon.colcon_core.environment:checking '/home/aly-sultan/Desktop/SLAM/install/asurt_msgs/lib'
[1.848s] Level 1:colcon.colcon_core.shell:create_environment_hook('asurt_msgs', 'ld_library_path_lib')
[1.849s] INFO:colcon.colcon_core.shell:Creating environment hook '/home/aly-sultan/Desktop/SLAM/install/asurt_msgs/share/asurt_msgs/hook/ld_library_path_lib.ps1'
[1.849s] INFO:colcon.colcon_core.shell:Creating environment descriptor '/home/aly-sultan/Desktop/SLAM/install/asurt_msgs/share/asurt_msgs/hook/ld_library_path_lib.dsv'
[1.850s] INFO:colcon.colcon_core.shell:Creating environment hook '/home/aly-sultan/Desktop/SLAM/install/asurt_msgs/share/asurt_msgs/hook/ld_library_path_lib.sh'
[1.850s] Level 1:colcon.colcon_core.environment:checking '/home/aly-sultan/Desktop/SLAM/install/asurt_msgs/bin'
[1.850s] Level 1:colcon.colcon_core.environment:checking '/home/aly-sultan/Desktop/SLAM/install/asurt_msgs/lib/pkgconfig/asurt_msgs.pc'
[1.850s] Level 1:colcon.colcon_core.environment:checking '/home/aly-sultan/Desktop/SLAM/install/asurt_msgs/lib/python3.12/site-packages'
[1.850s] Level 1:colcon.colcon_core.shell:create_environment_hook('asurt_msgs', 'pythonpath')
[1.850s] INFO:colcon.colcon_core.shell:Creating environment hook '/home/aly-sultan/Desktop/SLAM/install/asurt_msgs/share/asurt_msgs/hook/pythonpath.ps1'
[1.851s] INFO:colcon.colcon_core.shell:Creating environment descriptor '/home/aly-sultan/Desktop/SLAM/install/asurt_msgs/share/asurt_msgs/hook/pythonpath.dsv'
[1.851s] INFO:colcon.colcon_core.shell:Creating environment hook '/home/aly-sultan/Desktop/SLAM/install/asurt_msgs/share/asurt_msgs/hook/pythonpath.sh'
[1.851s] Level 1:colcon.colcon_core.environment:checking '/home/aly-sultan/Desktop/SLAM/install/asurt_msgs/bin'
[1.852s] INFO:colcon.colcon_core.shell:Creating package script '/home/aly-sultan/Desktop/SLAM/install/asurt_msgs/share/asurt_msgs/package.ps1'
[1.852s] INFO:colcon.colcon_core.shell:Creating package descriptor '/home/aly-sultan/Desktop/SLAM/install/asurt_msgs/share/asurt_msgs/package.dsv'
[1.852s] INFO:colcon.colcon_core.shell:Creating package script '/home/aly-sultan/Desktop/SLAM/install/asurt_msgs/share/asurt_msgs/package.sh'
[1.853s] INFO:colcon.colcon_core.shell:Creating package script '/home/aly-sultan/Desktop/SLAM/install/asurt_msgs/share/asurt_msgs/package.bash'
[1.853s] INFO:colcon.colcon_core.shell:Creating package script '/home/aly-sultan/Desktop/SLAM/install/asurt_msgs/share/asurt_msgs/package.zsh'
[1.853s] Level 1:colcon.colcon_core.environment:create_file_with_runtime_dependencies(/home/aly-sultan/Desktop/SLAM/install/asurt_msgs/share/colcon-core/packages/asurt_msgs)
[1.854s] Level 1:colcon.colcon_core.environment:create_environment_scripts_only(asurt_msgs)
[1.854s] Level 1:colcon.colcon_core.environment:checking '/home/aly-sultan/Desktop/SLAM/install/asurt_msgs' for CMake module files
[1.854s] Level 1:colcon.colcon_core.environment:checking '/home/aly-sultan/Desktop/SLAM/install/asurt_msgs' for CMake config files
[1.854s] Level 1:colcon.colcon_core.shell:create_environment_hook('asurt_msgs', 'cmake_prefix_path')
[1.855s] INFO:colcon.colcon_core.shell:Creating environment hook '/home/aly-sultan/Desktop/SLAM/install/asurt_msgs/share/asurt_msgs/hook/cmake_prefix_path.ps1'
[1.855s] INFO:colcon.colcon_core.shell:Creating environment descriptor '/home/aly-sultan/Desktop/SLAM/install/asurt_msgs/share/asurt_msgs/hook/cmake_prefix_path.dsv'
[1.855s] INFO:colcon.colcon_core.shell:Creating environment hook '/home/aly-sultan/Desktop/SLAM/install/asurt_msgs/share/asurt_msgs/hook/cmake_prefix_path.sh'
[1.856s] Level 1:colcon.colcon_core.environment:checking '/home/aly-sultan/Desktop/SLAM/install/asurt_msgs/lib'
[1.856s] Level 1:colcon.colcon_core.shell:create_environment_hook('asurt_msgs', 'ld_library_path_lib')
[1.856s] INFO:colcon.colcon_core.shell:Creating environment hook '/home/aly-sultan/Desktop/SLAM/install/asurt_msgs/share/asurt_msgs/hook/ld_library_path_lib.ps1'
[1.856s] INFO:colcon.colcon_core.shell:Creating environment descriptor '/home/aly-sultan/Desktop/SLAM/install/asurt_msgs/share/asurt_msgs/hook/ld_library_path_lib.dsv'
[1.857s] INFO:colcon.colcon_core.shell:Creating environment hook '/home/aly-sultan/Desktop/SLAM/install/asurt_msgs/share/asurt_msgs/hook/ld_library_path_lib.sh'
[1.857s] Level 1:colcon.colcon_core.environment:checking '/home/aly-sultan/Desktop/SLAM/install/asurt_msgs/bin'
[1.857s] Level 1:colcon.colcon_core.environment:checking '/home/aly-sultan/Desktop/SLAM/install/asurt_msgs/lib/pkgconfig/asurt_msgs.pc'
[1.857s] Level 1:colcon.colcon_core.environment:checking '/home/aly-sultan/Desktop/SLAM/install/asurt_msgs/lib/python3.12/site-packages'
[1.857s] Level 1:colcon.colcon_core.shell:create_environment_hook('asurt_msgs', 'pythonpath')
[1.858s] INFO:colcon.colcon_core.shell:Creating environment hook '/home/aly-sultan/Desktop/SLAM/install/asurt_msgs/share/asurt_msgs/hook/pythonpath.ps1'
[1.858s] INFO:colcon.colcon_core.shell:Creating environment descriptor '/home/aly-sultan/Desktop/SLAM/install/asurt_msgs/share/asurt_msgs/hook/pythonpath.dsv'
[1.858s] INFO:colcon.colcon_core.shell:Creating environment hook '/home/aly-sultan/Desktop/SLAM/install/asurt_msgs/share/asurt_msgs/hook/pythonpath.sh'
[1.859s] Level 1:colcon.colcon_core.environment:checking '/home/aly-sultan/Desktop/SLAM/install/asurt_msgs/bin'
[1.859s] INFO:colcon.colcon_core.shell:Creating package script '/home/aly-sultan/Desktop/SLAM/install/asurt_msgs/share/asurt_msgs/package.ps1'
[1.859s] INFO:colcon.colcon_core.shell:Creating package descriptor '/home/aly-sultan/Desktop/SLAM/install/asurt_msgs/share/asurt_msgs/package.dsv'
[1.860s] INFO:colcon.colcon_core.shell:Creating package script '/home/aly-sultan/Desktop/SLAM/install/asurt_msgs/share/asurt_msgs/package.sh'
[1.860s] INFO:colcon.colcon_core.shell:Creating package script '/home/aly-sultan/Desktop/SLAM/install/asurt_msgs/share/asurt_msgs/package.bash'
[1.860s] INFO:colcon.colcon_core.shell:Creating package script '/home/aly-sultan/Desktop/SLAM/install/asurt_msgs/share/asurt_msgs/package.zsh'
[1.861s] Level 1:colcon.colcon_core.environment:create_file_with_runtime_dependencies(/home/aly-sultan/Desktop/SLAM/install/asurt_msgs/share/colcon-core/packages/asurt_msgs)
[1.861s] INFO:colcon.colcon_ros.task.ament_cmake.build:Building ROS package in '/home/aly-sultan/Desktop/SLAM/LeGO-LOAM' with build type 'ament_cmake'
[1.861s] INFO:colcon.colcon_cmake.task.cmake.build:Building CMake package in '/home/aly-sultan/Desktop/SLAM/LeGO-LOAM'
[1.861s] INFO:colcon.colcon_core.shell:Skip shell extension 'powershell' for command environment: Not usable outside of PowerShell
[1.861s] DEBUG:colcon.colcon_core.shell:Skip shell extension 'dsv' for command environment
[1.873s] DEBUG:colcon.colcon_core.event_handler.log_command:Invoking command in '/home/aly-sultan/Desktop/SLAM/build/lego_loam_sr': AMENT_PREFIX_PATH=/home/aly-sultan/Desktop/fs-system-25/SLAM/install/cloud_msgs:/home/aly-sultan/Desktop/fs-system-25/SLAM/install/asurt_msgs:${AMENT_PREFIX_PATH} CMAKE_PREFIX_PATH=/home/aly-sultan/Desktop/SLAM/install/cloud_msgs:/home/aly-sultan/Desktop/SLAM/install/asurt_msgs:/home/aly-sultan/Desktop/SLAM/install/lego_loam_sr:/opt/ros/jazzy/opt/gz_sim_vendor:/opt/ros/jazzy/opt/gz_sensors_vendor:/opt/ros/jazzy/opt/gz_physics_vendor:/opt/ros/jazzy/opt/sdformat_vendor:/opt/ros/jazzy/opt/gz_gui_vendor:/opt/ros/jazzy/opt/gz_transport_vendor:/opt/ros/jazzy/opt/gz_rendering_vendor:/opt/ros/jazzy/opt/gz_plugin_vendor:/opt/ros/jazzy/opt/gz_fuel_tools_vendor:/opt/ros/jazzy/opt/gz_msgs_vendor:/opt/ros/jazzy/opt/gz_common_vendor:/opt/ros/jazzy/opt/gz_math_vendor:/opt/ros/jazzy/opt/gz_utils_vendor:/opt/ros/jazzy/opt/gz_tools_vendor:/opt/ros/jazzy/opt/gz_ogre_next_vendor:/opt/ros/jazzy/opt/gz_dartsim_vendor:/opt/ros/jazzy/opt/gz_cmake_vendor:/home/aly-sultan/Desktop/SLAM/install/cone_a_lisa:/opt/ros/jazzy DEBUGINFOD_URLS=https://debuginfod.ubuntu.com LD_LIBRARY_PATH=/home/aly-sultan/Desktop/fs-system-25/SLAM/install/cloud_msgs/lib:/home/aly-sultan/Desktop/SLAM/install/cloud_msgs/lib:/home/aly-sultan/Desktop/fs-system-25/SLAM/install/asurt_msgs/lib:/home/aly-sultan/Desktop/SLAM/install/asurt_msgs/lib:/opt/ros/jazzy/opt/gz_sim_vendor/lib:/opt/ros/jazzy/opt/gz_sensors_vendor/lib:/opt/ros/jazzy/opt/gz_physics_vendor/lib:/opt/ros/jazzy/opt/sdformat_vendor/lib:/opt/ros/jazzy/opt/rviz_ogre_vendor/lib:/opt/ros/jazzy/lib/x86_64-linux-gnu:/opt/ros/jazzy/opt/gz_gui_vendor/lib:/opt/ros/jazzy/opt/gz_transport_vendor/lib:/opt/ros/jazzy/opt/gz_rendering_vendor/lib:/opt/ros/jazzy/opt/gz_plugin_vendor/lib:/opt/ros/jazzy/opt/gz_fuel_tools_vendor/lib:/opt/ros/jazzy/opt/gz_msgs_vendor/lib:/opt/ros/jazzy/opt/gz_common_vendor/lib:/opt/ros/jazzy/opt/gz_math_vendor/lib:/opt/ros/jazzy/opt/gz_utils_vendor/lib:/opt/ros/jazzy/opt/gz_tools_vendor/lib:/opt/ros/jazzy/opt/gz_ogre_next_vendor/lib:/opt/ros/jazzy/opt/gz_dartsim_vendor/lib:/opt/ros/jazzy/opt/gz_cmake_vendor/lib:/opt/ros/jazzy/lib PYTHONPATH=/home/aly-sultan/Desktop/fs-system-25/SLAM/install/cloud_msgs/lib/python3.12/site-packages:/home/aly-sultan/Desktop/SLAM/install/cloud_msgs/lib/python3.12/site-packages:/home/aly-sultan/Desktop/fs-system-25/SLAM/install/asurt_msgs/lib/python3.12/site-packages:/home/aly-sultan/Desktop/SLAM/install/asurt_msgs/lib/python3.12/site-packages:/home/aly-sultan/Desktop/SLAM/install/cone_a_lisa/lib/python3.12/site-packages:/opt/ros/jazzy/lib/python3.12/site-packages /usr/bin/cmake --build /home/aly-sultan/Desktop/SLAM/build/lego_loam_sr -- -j16 -l16
[18.117s] DEBUG:colcon.colcon_core.event_handler.log_command:Invoked command in '/home/aly-sultan/Desktop/SLAM/build/lego_loam_sr' returned '0': AMENT_PREFIX_PATH=/home/aly-sultan/Desktop/fs-system-25/SLAM/install/cloud_msgs:/home/aly-sultan/Desktop/fs-system-25/SLAM/install/asurt_msgs:${AMENT_PREFIX_PATH} CMAKE_PREFIX_PATH=/home/aly-sultan/Desktop/SLAM/install/cloud_msgs:/home/aly-sultan/Desktop/SLAM/install/asurt_msgs:/home/aly-sultan/Desktop/SLAM/install/lego_loam_sr:/opt/ros/jazzy/opt/gz_sim_vendor:/opt/ros/jazzy/opt/gz_sensors_vendor:/opt/ros/jazzy/opt/gz_physics_vendor:/opt/ros/jazzy/opt/sdformat_vendor:/opt/ros/jazzy/opt/gz_gui_vendor:/opt/ros/jazzy/opt/gz_transport_vendor:/opt/ros/jazzy/opt/gz_rendering_vendor:/opt/ros/jazzy/opt/gz_plugin_vendor:/opt/ros/jazzy/opt/gz_fuel_tools_vendor:/opt/ros/jazzy/opt/gz_msgs_vendor:/opt/ros/jazzy/opt/gz_common_vendor:/opt/ros/jazzy/opt/gz_math_vendor:/opt/ros/jazzy/opt/gz_utils_vendor:/opt/ros/jazzy/opt/gz_tools_vendor:/opt/ros/jazzy/opt/gz_ogre_next_vendor:/opt/ros/jazzy/opt/gz_dartsim_vendor:/opt/ros/jazzy/opt/gz_cmake_vendor:/home/aly-sultan/Desktop/SLAM/install/cone_a_lisa:/opt/ros/jazzy DEBUGINFOD_URLS=https://debuginfod.ubuntu.com LD_LIBRARY_PATH=/home/aly-sultan/Desktop/fs-system-25/SLAM/install/cloud_msgs/lib:/home/aly-sultan/Desktop/SLAM/install/cloud_msgs/lib:/home/aly-sultan/Desktop/fs-system-25/SLAM/install/asurt_msgs/lib:/home/aly-sultan/Desktop/SLAM/install/asurt_msgs/lib:/opt/ros/jazzy/opt/gz_sim_vendor/lib:/opt/ros/jazzy/opt/gz_sensors_vendor/lib:/opt/ros/jazzy/opt/gz_physics_vendor/lib:/opt/ros/jazzy/opt/sdformat_vendor/lib:/opt/ros/jazzy/opt/rviz_ogre_vendor/lib:/opt/ros/jazzy/lib/x86_64-linux-gnu:/opt/ros/jazzy/opt/gz_gui_vendor/lib:/opt/ros/jazzy/opt/gz_transport_vendor/lib:/opt/ros/jazzy/opt/gz_rendering_vendor/lib:/opt/ros/jazzy/opt/gz_plugin_vendor/lib:/opt/ros/jazzy/opt/gz_fuel_tools_vendor/lib:/opt/ros/jazzy/opt/gz_msgs_vendor/lib:/opt/ros/jazzy/opt/gz_common_vendor/lib:/opt/ros/jazzy/opt/gz_math_vendor/lib:/opt/ros/jazzy/opt/gz_utils_vendor/lib:/opt/ros/jazzy/opt/gz_tools_vendor/lib:/opt/ros/jazzy/opt/gz_ogre_next_vendor/lib:/opt/ros/jazzy/opt/gz_dartsim_vendor/lib:/opt/ros/jazzy/opt/gz_cmake_vendor/lib:/opt/ros/jazzy/lib PYTHONPATH=/home/aly-sultan/Desktop/fs-system-25/SLAM/install/cloud_msgs/lib/python3.12/site-packages:/home/aly-sultan/Desktop/SLAM/install/cloud_msgs/lib/python3.12/site-packages:/home/aly-sultan/Desktop/fs-system-25/SLAM/install/asurt_msgs/lib/python3.12/site-packages:/home/aly-sultan/Desktop/SLAM/install/asurt_msgs/lib/python3.12/site-packages:/home/aly-sultan/Desktop/SLAM/install/cone_a_lisa/lib/python3.12/site-packages:/opt/ros/jazzy/lib/python3.12/site-packages /usr/bin/cmake --build /home/aly-sultan/Desktop/SLAM/build/lego_loam_sr -- -j16 -l16
[18.118s] DEBUG:colcon.colcon_core.event_handler.log_command:Invoking command in '/home/aly-sultan/Desktop/SLAM/build/lego_loam_sr': AMENT_PREFIX_PATH=/home/aly-sultan/Desktop/fs-system-25/SLAM/install/cloud_msgs:/home/aly-sultan/Desktop/fs-system-25/SLAM/install/asurt_msgs:${AMENT_PREFIX_PATH} CMAKE_PREFIX_PATH=/home/aly-sultan/Desktop/SLAM/install/cloud_msgs:/home/aly-sultan/Desktop/SLAM/install/asurt_msgs:/home/aly-sultan/Desktop/SLAM/install/lego_loam_sr:/opt/ros/jazzy/opt/gz_sim_vendor:/opt/ros/jazzy/opt/gz_sensors_vendor:/opt/ros/jazzy/opt/gz_physics_vendor:/opt/ros/jazzy/opt/sdformat_vendor:/opt/ros/jazzy/opt/gz_gui_vendor:/opt/ros/jazzy/opt/gz_transport_vendor:/opt/ros/jazzy/opt/gz_rendering_vendor:/opt/ros/jazzy/opt/gz_plugin_vendor:/opt/ros/jazzy/opt/gz_fuel_tools_vendor:/opt/ros/jazzy/opt/gz_msgs_vendor:/opt/ros/jazzy/opt/gz_common_vendor:/opt/ros/jazzy/opt/gz_math_vendor:/opt/ros/jazzy/opt/gz_utils_vendor:/opt/ros/jazzy/opt/gz_tools_vendor:/opt/ros/jazzy/opt/gz_ogre_next_vendor:/opt/ros/jazzy/opt/gz_dartsim_vendor:/opt/ros/jazzy/opt/gz_cmake_vendor:/home/aly-sultan/Desktop/SLAM/install/cone_a_lisa:/opt/ros/jazzy DEBUGINFOD_URLS=https://debuginfod.ubuntu.com LD_LIBRARY_PATH=/home/aly-sultan/Desktop/fs-system-25/SLAM/install/cloud_msgs/lib:/home/aly-sultan/Desktop/SLAM/install/cloud_msgs/lib:/home/aly-sultan/Desktop/fs-system-25/SLAM/install/asurt_msgs/lib:/home/aly-sultan/Desktop/SLAM/install/asurt_msgs/lib:/opt/ros/jazzy/opt/gz_sim_vendor/lib:/opt/ros/jazzy/opt/gz_sensors_vendor/lib:/opt/ros/jazzy/opt/gz_physics_vendor/lib:/opt/ros/jazzy/opt/sdformat_vendor/lib:/opt/ros/jazzy/opt/rviz_ogre_vendor/lib:/opt/ros/jazzy/lib/x86_64-linux-gnu:/opt/ros/jazzy/opt/gz_gui_vendor/lib:/opt/ros/jazzy/opt/gz_transport_vendor/lib:/opt/ros/jazzy/opt/gz_rendering_vendor/lib:/opt/ros/jazzy/opt/gz_plugin_vendor/lib:/opt/ros/jazzy/opt/gz_fuel_tools_vendor/lib:/opt/ros/jazzy/opt/gz_msgs_vendor/lib:/opt/ros/jazzy/opt/gz_common_vendor/lib:/opt/ros/jazzy/opt/gz_math_vendor/lib:/opt/ros/jazzy/opt/gz_utils_vendor/lib:/opt/ros/jazzy/opt/gz_tools_vendor/lib:/opt/ros/jazzy/opt/gz_ogre_next_vendor/lib:/opt/ros/jazzy/opt/gz_dartsim_vendor/lib:/opt/ros/jazzy/opt/gz_cmake_vendor/lib:/opt/ros/jazzy/lib PYTHONPATH=/home/aly-sultan/Desktop/fs-system-25/SLAM/install/cloud_msgs/lib/python3.12/site-packages:/home/aly-sultan/Desktop/SLAM/install/cloud_msgs/lib/python3.12/site-packages:/home/aly-sultan/Desktop/fs-system-25/SLAM/install/asurt_msgs/lib/python3.12/site-packages:/home/aly-sultan/Desktop/SLAM/install/asurt_msgs/lib/python3.12/site-packages:/home/aly-sultan/Desktop/SLAM/install/cone_a_lisa/lib/python3.12/site-packages:/opt/ros/jazzy/lib/python3.12/site-packages /usr/bin/cmake --install /home/aly-sultan/Desktop/SLAM/build/lego_loam_sr
[18.125s] Level 1:colcon.colcon_core.environment:create_environment_scripts_only(lego_loam_sr)
[18.125s] Level 1:colcon.colcon_core.environment:checking '/home/aly-sultan/Desktop/SLAM/install/lego_loam_sr' for CMake module files
[18.126s] DEBUG:colcon.colcon_core.event_handler.log_command:Invoked command in '/home/aly-sultan/Desktop/SLAM/build/lego_loam_sr' returned '0': AMENT_PREFIX_PATH=/home/aly-sultan/Desktop/fs-system-25/SLAM/install/cloud_msgs:/home/aly-sultan/Desktop/fs-system-25/SLAM/install/asurt_msgs:${AMENT_PREFIX_PATH} CMAKE_PREFIX_PATH=/home/aly-sultan/Desktop/SLAM/install/cloud_msgs:/home/aly-sultan/Desktop/SLAM/install/asurt_msgs:/home/aly-sultan/Desktop/SLAM/install/lego_loam_sr:/opt/ros/jazzy/opt/gz_sim_vendor:/opt/ros/jazzy/opt/gz_sensors_vendor:/opt/ros/jazzy/opt/gz_physics_vendor:/opt/ros/jazzy/opt/sdformat_vendor:/opt/ros/jazzy/opt/gz_gui_vendor:/opt/ros/jazzy/opt/gz_transport_vendor:/opt/ros/jazzy/opt/gz_rendering_vendor:/opt/ros/jazzy/opt/gz_plugin_vendor:/opt/ros/jazzy/opt/gz_fuel_tools_vendor:/opt/ros/jazzy/opt/gz_msgs_vendor:/opt/ros/jazzy/opt/gz_common_vendor:/opt/ros/jazzy/opt/gz_math_vendor:/opt/ros/jazzy/opt/gz_utils_vendor:/opt/ros/jazzy/opt/gz_tools_vendor:/opt/ros/jazzy/opt/gz_ogre_next_vendor:/opt/ros/jazzy/opt/gz_dartsim_vendor:/opt/ros/jazzy/opt/gz_cmake_vendor:/home/aly-sultan/Desktop/SLAM/install/cone_a_lisa:/opt/ros/jazzy DEBUGINFOD_URLS=https://debuginfod.ubuntu.com LD_LIBRARY_PATH=/home/aly-sultan/Desktop/fs-system-25/SLAM/install/cloud_msgs/lib:/home/aly-sultan/Desktop/SLAM/install/cloud_msgs/lib:/home/aly-sultan/Desktop/fs-system-25/SLAM/install/asurt_msgs/lib:/home/aly-sultan/Desktop/SLAM/install/asurt_msgs/lib:/opt/ros/jazzy/opt/gz_sim_vendor/lib:/opt/ros/jazzy/opt/gz_sensors_vendor/lib:/opt/ros/jazzy/opt/gz_physics_vendor/lib:/opt/ros/jazzy/opt/sdformat_vendor/lib:/opt/ros/jazzy/opt/rviz_ogre_vendor/lib:/opt/ros/jazzy/lib/x86_64-linux-gnu:/opt/ros/jazzy/opt/gz_gui_vendor/lib:/opt/ros/jazzy/opt/gz_transport_vendor/lib:/opt/ros/jazzy/opt/gz_rendering_vendor/lib:/opt/ros/jazzy/opt/gz_plugin_vendor/lib:/opt/ros/jazzy/opt/gz_fuel_tools_vendor/lib:/opt/ros/jazzy/opt/gz_msgs_vendor/lib:/opt/ros/jazzy/opt/gz_common_vendor/lib:/opt/ros/jazzy/opt/gz_math_vendor/lib:/opt/ros/jazzy/opt/gz_utils_vendor/lib:/opt/ros/jazzy/opt/gz_tools_vendor/lib:/opt/ros/jazzy/opt/gz_ogre_next_vendor/lib:/opt/ros/jazzy/opt/gz_dartsim_vendor/lib:/opt/ros/jazzy/opt/gz_cmake_vendor/lib:/opt/ros/jazzy/lib PYTHONPATH=/home/aly-sultan/Desktop/fs-system-25/SLAM/install/cloud_msgs/lib/python3.12/site-packages:/home/aly-sultan/Desktop/SLAM/install/cloud_msgs/lib/python3.12/site-packages:/home/aly-sultan/Desktop/fs-system-25/SLAM/install/asurt_msgs/lib/python3.12/site-packages:/home/aly-sultan/Desktop/SLAM/install/asurt_msgs/lib/python3.12/site-packages:/home/aly-sultan/Desktop/SLAM/install/cone_a_lisa/lib/python3.12/site-packages:/opt/ros/jazzy/lib/python3.12/site-packages /usr/bin/cmake --install /home/aly-sultan/Desktop/SLAM/build/lego_loam_sr
[18.126s] Level 1:colcon.colcon_core.environment:checking '/home/aly-sultan/Desktop/SLAM/install/lego_loam_sr' for CMake config files
[18.126s] Level 1:colcon.colcon_core.shell:create_environment_hook('lego_loam_sr', 'cmake_prefix_path')
[18.126s] INFO:colcon.colcon_core.shell:Creating environment hook '/home/aly-sultan/Desktop/SLAM/install/lego_loam_sr/share/lego_loam_sr/hook/cmake_prefix_path.ps1'
[18.127s] INFO:colcon.colcon_core.shell:Creating environment descriptor '/home/aly-sultan/Desktop/SLAM/install/lego_loam_sr/share/lego_loam_sr/hook/cmake_prefix_path.dsv'
[18.127s] INFO:colcon.colcon_core.shell:Creating environment hook '/home/aly-sultan/Desktop/SLAM/install/lego_loam_sr/share/lego_loam_sr/hook/cmake_prefix_path.sh'
[18.127s] Level 1:colcon.colcon_core.environment:checking '/home/aly-sultan/Desktop/SLAM/install/lego_loam_sr/lib'
[18.127s] Level 1:colcon.colcon_core.environment:checking '/home/aly-sultan/Desktop/SLAM/install/lego_loam_sr/bin'
[18.127s] Level 1:colcon.colcon_core.environment:checking '/home/aly-sultan/Desktop/SLAM/install/lego_loam_sr/lib/pkgconfig/lego_loam_sr.pc'
[18.127s] Level 1:colcon.colcon_core.environment:checking '/home/aly-sultan/Desktop/SLAM/install/lego_loam_sr/lib/python3.12/site-packages'
[18.128s] Level 1:colcon.colcon_core.environment:checking '/home/aly-sultan/Desktop/SLAM/install/lego_loam_sr/bin'
[18.128s] INFO:colcon.colcon_core.shell:Creating package script '/home/aly-sultan/Desktop/SLAM/install/lego_loam_sr/share/lego_loam_sr/package.ps1'
[18.128s] INFO:colcon.colcon_core.shell:Creating package descriptor '/home/aly-sultan/Desktop/SLAM/install/lego_loam_sr/share/lego_loam_sr/package.dsv'
[18.128s] INFO:colcon.colcon_core.shell:Creating package script '/home/aly-sultan/Desktop/SLAM/install/lego_loam_sr/share/lego_loam_sr/package.sh'
[18.128s] INFO:colcon.colcon_core.shell:Creating package script '/home/aly-sultan/Desktop/SLAM/install/lego_loam_sr/share/lego_loam_sr/package.bash'
[18.129s] INFO:colcon.colcon_core.shell:Creating package script '/home/aly-sultan/Desktop/SLAM/install/lego_loam_sr/share/lego_loam_sr/package.zsh'
[18.129s] Level 1:colcon.colcon_core.environment:create_file_with_runtime_dependencies(/home/aly-sultan/Desktop/SLAM/install/lego_loam_sr/share/colcon-core/packages/lego_loam_sr)
[18.129s] Level 1:colcon.colcon_core.environment:create_environment_scripts_only(lego_loam_sr)
[18.129s] Level 1:colcon.colcon_core.environment:checking '/home/aly-sultan/Desktop/SLAM/install/lego_loam_sr' for CMake module files
[18.129s] Level 1:colcon.colcon_core.environment:checking '/home/aly-sultan/Desktop/SLAM/install/lego_loam_sr' for CMake config files
[18.130s] Level 1:colcon.colcon_core.shell:create_environment_hook('lego_loam_sr', 'cmake_prefix_path')
[18.130s] INFO:colcon.colcon_core.shell:Creating environment hook '/home/aly-sultan/Desktop/SLAM/install/lego_loam_sr/share/lego_loam_sr/hook/cmake_prefix_path.ps1'
[18.130s] INFO:colcon.colcon_core.shell:Creating environment descriptor '/home/aly-sultan/Desktop/SLAM/install/lego_loam_sr/share/lego_loam_sr/hook/cmake_prefix_path.dsv'
[18.130s] INFO:colcon.colcon_core.shell:Creating environment hook '/home/aly-sultan/Desktop/SLAM/install/lego_loam_sr/share/lego_loam_sr/hook/cmake_prefix_path.sh'
[18.130s] Level 1:colcon.colcon_core.environment:checking '/home/aly-sultan/Desktop/SLAM/install/lego_loam_sr/lib'
[18.130s] Level 1:colcon.colcon_core.environment:checking '/home/aly-sultan/Desktop/SLAM/install/lego_loam_sr/bin'
[18.130s] Level 1:colcon.colcon_core.environment:checking '/home/aly-sultan/Desktop/SLAM/install/lego_loam_sr/lib/pkgconfig/lego_loam_sr.pc'
[18.131s] Level 1:colcon.colcon_core.environment:checking '/home/aly-sultan/Desktop/SLAM/install/lego_loam_sr/lib/python3.12/site-packages'
[18.131s] Level 1:colcon.colcon_core.environment:checking '/home/aly-sultan/Desktop/SLAM/install/lego_loam_sr/bin'
[18.131s] INFO:colcon.colcon_core.shell:Creating package script '/home/aly-sultan/Desktop/SLAM/install/lego_loam_sr/share/lego_loam_sr/package.ps1'
[18.131s] INFO:colcon.colcon_core.shell:Creating package descriptor '/home/aly-sultan/Desktop/SLAM/install/lego_loam_sr/share/lego_loam_sr/package.dsv'
[18.131s] INFO:colcon.colcon_core.shell:Creating package script '/home/aly-sultan/Desktop/SLAM/install/lego_loam_sr/share/lego_loam_sr/package.sh'
[18.132s] INFO:colcon.colcon_core.shell:Creating package script '/home/aly-sultan/Desktop/SLAM/install/lego_loam_sr/share/lego_loam_sr/package.bash'
[18.132s] INFO:colcon.colcon_core.shell:Creating package script '/home/aly-sultan/Desktop/SLAM/install/lego_loam_sr/share/lego_loam_sr/package.zsh'
[18.132s] Level 1:colcon.colcon_core.environment:create_file_with_runtime_dependencies(/home/aly-sultan/Desktop/SLAM/install/lego_loam_sr/share/colcon-core/packages/lego_loam_sr)
[18.132s] DEBUG:colcon.colcon_parallel_executor.executor.parallel:closing loop
[18.133s] DEBUG:colcon.colcon_parallel_executor.executor.parallel:loop closed
[18.133s] DEBUG:colcon.colcon_parallel_executor.executor.parallel:run_until_complete finished with '0'
[18.133s] DEBUG:colcon.colcon_core.event_reactor:joining thread
[18.137s] INFO:colcon.colcon_core.plugin_system:Skipping extension 'colcon_notification.desktop_notification.terminal_notifier': Not used on non-Darwin systems
[18.137s] INFO:colcon.colcon_core.plugin_system:Skipping extension 'colcon_notification.desktop_notification.win32': Not used on non-Windows systems
[18.138s] INFO:colcon.colcon_notification.desktop_notification:Sending desktop notification using 'notify2'
[18.151s] DEBUG:colcon.colcon_core.event_reactor:joined thread
[18.152s] INFO:colcon.colcon_core.shell:Creating prefix script '/home/aly-sultan/Desktop/SLAM/install/local_setup.ps1'
[18.153s] INFO:colcon.colcon_core.shell:Creating prefix util module '/home/aly-sultan/Desktop/SLAM/install/_local_setup_util_ps1.py'
[18.154s] INFO:colcon.colcon_core.shell:Creating prefix chain script '/home/aly-sultan/Desktop/SLAM/install/setup.ps1'
[18.155s] INFO:colcon.colcon_core.shell:Creating prefix script '/home/aly-sultan/Desktop/SLAM/install/local_setup.sh'
[18.155s] INFO:colcon.colcon_core.shell:Creating prefix util module '/home/aly-sultan/Desktop/SLAM/install/_local_setup_util_sh.py'
[18.156s] INFO:colcon.colcon_core.shell:Creating prefix chain script '/home/aly-sultan/Desktop/SLAM/install/setup.sh'
[18.156s] INFO:colcon.colcon_core.shell:Creating prefix script '/home/aly-sultan/Desktop/SLAM/install/local_setup.bash'
[18.157s] INFO:colcon.colcon_core.shell:Creating prefix chain script '/home/aly-sultan/Desktop/SLAM/install/setup.bash'
[18.157s] INFO:colcon.colcon_core.shell:Creating prefix script '/home/aly-sultan/Desktop/SLAM/install/local_setup.zsh'
[18.157s] INFO:colcon.colcon_core.shell:Creating prefix chain script '/home/aly-sultan/Desktop/SLAM/install/setup.zsh'
