[0.009s] Invoking command in '/home/ayasx9/FSAI26/FSAI25_perception/fs-system-26/Perception/ros2_ws/asurt_msgs/build/asurt_msgs': CMAKE_PREFIX_PATH=${CMAKE_PREFIX_PATH}:/home/ayasx9/arl_workshop/turtle_proj1/install/project_nodes:/home/ayasx9/ros2_proj1/install/my_turtle_proj:/opt/ros/humble /usr/bin/cmake /home/ayasx9/FSAI26/FSAI25_perception/fs-system-26/Perception/ros2_ws/asurt_msgs -DCMAKE_INSTALL_PREFIX=/home/ayasx9/FSAI26/FSAI25_perception/fs-system-26/Perception/ros2_ws/asurt_msgs/install/asurt_msgs
[0.194s] -- The C compiler identification is GNU 11.4.0
[1.139s] -- The CXX compiler identification is GNU 11.4.0
[2.273s] -- Detecting C compiler ABI info
[2.393s] -- Detecting C compiler ABI info - done
[2.397s] -- Check for working C compiler: /usr/bin/cc - skipped
[2.398s] -- Detecting C compile features
[2.398s] -- Detecting C compile features - done
[2.400s] -- Detecting CXX compiler ABI info
[2.538s] -- Detecting CXX compiler ABI info - done
[2.543s] -- Check for working CXX compiler: /usr/bin/c++ - skipped
[2.543s] -- Detecting CXX compile features
[2.543s] -- Detecting CXX compile features - done
[2.545s] -- Found ament_cmake: 1.3.12 (/opt/ros/humble/share/ament_cmake/cmake)
[2.643s] -- Found Python3: /usr/bin/python3 (found version "3.10.12") found components: Interpreter 
[2.704s] -- Found builtin_interfaces: 1.2.2 (/opt/ros/humble/share/builtin_interfaces/cmake)
[3.108s] -- Found rosidl_generator_c: 3.1.7 (/opt/ros/humble/share/rosidl_generator_c/cmake)
[3.112s] -- Found rosidl_adapter: 3.1.7 (/opt/ros/humble/share/rosidl_adapter/cmake)
[3.118s] -- Found rosidl_generator_cpp: 3.1.7 (/opt/ros/humble/share/rosidl_generator_cpp/cmake)
[3.127s] -- Using all available rosidl_typesupport_c: rosidl_typesupport_fastrtps_c;rosidl_typesupport_introspection_c
[3.139s] -- Using all available rosidl_typesupport_cpp: rosidl_typesupport_fastrtps_cpp;rosidl_typesupport_introspection_cpp
[3.151s] -- Found rosidl_default_generators: 1.2.0 (/opt/ros/humble/share/rosidl_default_generators/cmake)
[3.164s] -- Found rclcpp: 16.0.15 (/opt/ros/humble/share/rclcpp/cmake)
[3.204s] -- Found rmw_implementation_cmake: 6.1.2 (/opt/ros/humble/share/rmw_implementation_cmake/cmake)
[3.206s] -- Found rmw_fastrtps_cpp: 6.2.8 (/opt/ros/humble/share/rmw_fastrtps_cpp/cmake)
[4.803s] -- Found OpenSSL: /usr/lib/x86_64-linux-gnu/libcrypto.so (found version "3.0.2")  
[7.732s] -- Found FastRTPS: /opt/ros/humble/include  
[12.225s] -- Using RMW implementation 'rmw_fastrtps_cpp' as default
[12.231s] -- Looking for pthread.h
[12.477s] -- Looking for pthread.h - found
[12.477s] -- Performing Test CMAKE_HAVE_LIBC_PTHREAD
[12.695s] -- Performing Test CMAKE_HAVE_LIBC_PTHREAD - Success
[12.695s] -- Found Threads: TRUE  
[12.734s] -- Found geometry_msgs: 4.9.0 (/opt/ros/humble/share/geometry_msgs/cmake)
[12.740s] -- Found sensor_msgs: 4.9.0 (/opt/ros/humble/share/sensor_msgs/cmake)
[13.006s] -- Found ament_cmake_ros: 0.10.0 (/opt/ros/humble/share/ament_cmake_ros/cmake)
[13.302s] -- Using all available rosidl_typesupport_c: rosidl_typesupport_fastrtps_c;rosidl_typesupport_introspection_c
[13.440s] -- Using all available rosidl_typesupport_cpp: rosidl_typesupport_fastrtps_cpp;rosidl_typesupport_introspection_cpp
[13.712s] -- Found PythonInterp: /usr/bin/python3 (found suitable version "3.10.12", minimum required is "3.6") 
[13.713s] -- Found python_cmake_module: 0.10.0 (/opt/ros/humble/share/python_cmake_module/cmake)
[14.532s] -- Found PythonLibs: /usr/lib/x86_64-linux-gnu/libpython3.10.so (found suitable version "3.10.12", minimum required is "3.5") 
[14.533s] -- Using PYTHON_EXECUTABLE: /usr/bin/python3
[14.533s] -- Using PYTHON_INCLUDE_DIRS: /usr/include/python3.10
[14.533s] -- Using PYTHON_LIBRARIES: /usr/lib/x86_64-linux-gnu/libpython3.10.so
[14.548s] -- Found PythonExtra: .so  
[14.681s] -- Found ament_lint_auto: 0.12.14 (/opt/ros/humble/share/ament_lint_auto/cmake)
[14.699s] -- Added test 'cppcheck' to perform static code analysis on C / C++ code
[14.700s] -- Configured cppcheck include dirs: $<BUILD_INTERFACE:/home/ayasx9/FSAI26/FSAI25_perception/fs-system-26/Perception/ros2_ws/asurt_msgs/build/asurt_msgs/rosidl_generator_c>;$<BUILD_INTERFACE:/home/ayasx9/FSAI26/FSAI25_perception/fs-system-26/Perception/ros2_ws/asurt_msgs/build/asurt_msgs/rosidl_typesupport_fastrtps_c>;$<BUILD_INTERFACE:/home/ayasx9/FSAI26/FSAI25_perception/fs-system-26/Perception/ros2_ws/asurt_msgs/build/asurt_msgs/rosidl_generator_cpp>;$<BUILD_INTERFACE:/home/ayasx9/FSAI26/FSAI25_perception/fs-system-26/Perception/ros2_ws/asurt_msgs/build/asurt_msgs/rosidl_typesupport_fastrtps_cpp>;$<BUILD_INTERFACE:/home/ayasx9/FSAI26/FSAI25_perception/fs-system-26/Perception/ros2_ws/asurt_msgs/build/asurt_msgs/rosidl_typesupport_introspection_c>;$<BUILD_INTERFACE:/home/ayasx9/FSAI26/FSAI25_perception/fs-system-26/Perception/ros2_ws/asurt_msgs/build/asurt_msgs/rosidl_typesupport_introspection_cpp>;/home/ayasx9/FSAI26/FSAI25_perception/fs-system-26/Perception/ros2_ws/asurt_msgs/build/asurt_msgs/rosidl_generator_c;/home/ayasx9/FSAI26/FSAI25_perception/fs-system-26/Perception/ros2_ws/asurt_msgs/build/asurt_msgs/rosidl_generator_py
[14.700s] -- Configured cppcheck exclude dirs and/or files: 
[14.702s] -- Added test 'flake8' to check Python code syntax and style conventions
[14.703s] -- Added test 'lint_cmake' to check CMake code style
[14.705s] -- Added test 'pep257' to check Python code against some of the docstring style conventions in PEP 257
[14.711s] -- Added test 'uncrustify' to check C / C++ code style
[14.711s] -- Configured uncrustify additional arguments: 
[14.713s] -- Added test 'xmllint' to check XML markup files
[14.718s] -- Configuring done
[14.781s] -- Generating done
[14.799s] -- Build files have been written to: /home/ayasx9/FSAI26/FSAI25_perception/fs-system-26/Perception/ros2_ws/asurt_msgs/build/asurt_msgs
[14.809s] Invoked command in '/home/ayasx9/FSAI26/FSAI25_perception/fs-system-26/Perception/ros2_ws/asurt_msgs/build/asurt_msgs' returned '0': CMAKE_PREFIX_PATH=${CMAKE_PREFIX_PATH}:/home/ayasx9/arl_workshop/turtle_proj1/install/project_nodes:/home/ayasx9/ros2_proj1/install/my_turtle_proj:/opt/ros/humble /usr/bin/cmake /home/ayasx9/FSAI26/FSAI25_perception/fs-system-26/Perception/ros2_ws/asurt_msgs -DCMAKE_INSTALL_PREFIX=/home/ayasx9/FSAI26/FSAI25_perception/fs-system-26/Perception/ros2_ws/asurt_msgs/install/asurt_msgs
[14.811s] Invoking command in '/home/ayasx9/FSAI26/FSAI25_perception/fs-system-26/Perception/ros2_ws/asurt_msgs/build/asurt_msgs': CMAKE_PREFIX_PATH=${CMAKE_PREFIX_PATH}:/home/ayasx9/arl_workshop/turtle_proj1/install/project_nodes:/home/ayasx9/ros2_proj1/install/my_turtle_proj:/opt/ros/humble /usr/bin/cmake --build /home/ayasx9/FSAI26/FSAI25_perception/fs-system-26/Perception/ros2_ws/asurt_msgs/build/asurt_msgs -- -j12 -l12
[14.843s] [  1%] [34m[1mGenerating C code for ROS interfaces[0m
[14.852s] [  1%] [34m[1mGenerating C++ code for ROS interfaces[0m
[14.860s] [  1%] Built target ament_cmake_python_copy_asurt_msgs
[15.111s] running egg_info
[15.111s] creating asurt_msgs.egg-info
[15.112s] writing asurt_msgs.egg-info/PKG-INFO
[15.112s] writing dependency_links to asurt_msgs.egg-info/dependency_links.txt
[15.112s] writing top-level names to asurt_msgs.egg-info/top_level.txt
[15.112s] writing manifest file 'asurt_msgs.egg-info/SOURCES.txt'
[15.114s] reading manifest file 'asurt_msgs.egg-info/SOURCES.txt'
[15.115s] writing manifest file 'asurt_msgs.egg-info/SOURCES.txt'
[15.144s] [  1%] Built target ament_cmake_python_build_asurt_msgs_egg
[15.698s] [  1%] Built target asurt_msgs__cpp
[15.708s] [  3%] [34m[1mGenerating C++ type support for eProsima Fast-RTPS[0m
[15.708s] [  2%] [34m[1mGenerating C++ type support dispatch for ROS interfaces[0m
[15.712s] [  4%] [34m[1mGenerating C++ introspection for ROS interfaces[0m
[15.712s] [  5%] [32mBuilding C object CMakeFiles/asurt_msgs__rosidl_generator_c.dir/rosidl_generator_c/asurt_msgs/msg/detail/landmark_array__functions.c.o[0m
[15.712s] [  6%] [32mBuilding C object CMakeFiles/asurt_msgs__rosidl_generator_c.dir/rosidl_generator_c/asurt_msgs/msg/detail/roadstate__functions.c.o[0m
[15.717s] [  7%] [32mBuilding C object CMakeFiles/asurt_msgs__rosidl_generator_c.dir/rosidl_generator_c/asurt_msgs/msg/detail/cloud_info__functions.c.o[0m
[15.725s] [  8%] [32mBuilding C object CMakeFiles/asurt_msgs__rosidl_generator_c.dir/rosidl_generator_c/asurt_msgs/msg/detail/node_status__functions.c.o[0m
[15.725s] [  9%] [32mBuilding C object CMakeFiles/asurt_msgs__rosidl_generator_c.dir/rosidl_generator_c/asurt_msgs/msg/detail/landmark__functions.c.o[0m
[15.725s] [ 11%] [32mBuilding C object CMakeFiles/asurt_msgs__rosidl_generator_c.dir/rosidl_generator_c/asurt_msgs/msg/detail/bounding_box__functions.c.o[0m
[15.726s] [ 11%] [32mBuilding C object CMakeFiles/asurt_msgs__rosidl_generator_c.dir/rosidl_generator_c/asurt_msgs/msg/detail/bounding_boxes__functions.c.o[0m
[15.726s] [ 12%] [32mBuilding C object CMakeFiles/asurt_msgs__rosidl_generator_c.dir/rosidl_generator_c/asurt_msgs/msg/detail/cone_img_array__functions.c.o[0m
[15.727s] [ 13%] [32mBuilding C object CMakeFiles/asurt_msgs__rosidl_generator_c.dir/rosidl_generator_c/asurt_msgs/msg/detail/cone_img__functions.c.o[0m
[15.781s] [ 14%] [32mBuilding C object CMakeFiles/asurt_msgs__rosidl_generator_c.dir/rosidl_generator_c/asurt_msgs/msg/detail/key_points__functions.c.o[0m
[15.844s] [ 15%] [32m[1mLinking C shared library libasurt_msgs__rosidl_generator_c.so[0m
[16.130s] [ 15%] Built target asurt_msgs__rosidl_generator_c
[16.146s] [ 16%] [34m[1mGenerating C introspection for ROS interfaces[0m
[16.156s] [ 17%] [34m[1mGenerating C type support for eProsima Fast-RTPS[0m
[16.158s] [ 18%] [34m[1mGenerating C type support dispatch for ROS interfaces[0m
[16.318s] [ 19%] [32mBuilding CXX object CMakeFiles/asurt_msgs__rosidl_typesupport_cpp.dir/rosidl_typesupport_cpp/asurt_msgs/msg/landmark__type_support.cpp.o[0m
[16.323s] [ 20%] [32mBuilding CXX object CMakeFiles/asurt_msgs__rosidl_typesupport_cpp.dir/rosidl_typesupport_cpp/asurt_msgs/msg/landmark_array__type_support.cpp.o[0m
[16.323s] [ 21%] [32mBuilding CXX object CMakeFiles/asurt_msgs__rosidl_typesupport_cpp.dir/rosidl_typesupport_cpp/asurt_msgs/msg/roadstate__type_support.cpp.o[0m
[16.326s] [ 23%] [32mBuilding CXX object CMakeFiles/asurt_msgs__rosidl_typesupport_cpp.dir/rosidl_typesupport_cpp/asurt_msgs/msg/node_status__type_support.cpp.o[0m
[16.326s] [ 23%] [32mBuilding CXX object CMakeFiles/asurt_msgs__rosidl_typesupport_cpp.dir/rosidl_typesupport_cpp/asurt_msgs/msg/cloud_info__type_support.cpp.o[0m
[16.330s] [ 24%] [32mBuilding CXX object CMakeFiles/asurt_msgs__rosidl_typesupport_cpp.dir/rosidl_typesupport_cpp/asurt_msgs/msg/bounding_boxes__type_support.cpp.o[0m
[16.334s] [ 25%] [32mBuilding CXX object CMakeFiles/asurt_msgs__rosidl_typesupport_cpp.dir/rosidl_typesupport_cpp/asurt_msgs/msg/bounding_box__type_support.cpp.o[0m
[16.750s] [ 26%] [32mBuilding CXX object CMakeFiles/asurt_msgs__rosidl_typesupport_introspection_cpp.dir/rosidl_typesupport_introspection_cpp/asurt_msgs/msg/detail/landmark__type_support.cpp.o[0m
[16.773s] [ 27%] [32mBuilding CXX object CMakeFiles/asurt_msgs__rosidl_typesupport_fastrtps_cpp.dir/rosidl_typesupport_fastrtps_cpp/asurt_msgs/msg/detail/dds_fastrtps/landmark__type_support.cpp.o[0m
[16.794s] [ 28%] [32mBuilding CXX object CMakeFiles/asurt_msgs__rosidl_typesupport_cpp.dir/rosidl_typesupport_cpp/asurt_msgs/msg/cone_img__type_support.cpp.o[0m
[16.809s] [ 29%] [32mBuilding CXX object CMakeFiles/asurt_msgs__rosidl_typesupport_introspection_cpp.dir/rosidl_typesupport_introspection_cpp/asurt_msgs/msg/detail/landmark_array__type_support.cpp.o[0m
[16.832s] [ 30%] [32mBuilding CXX object CMakeFiles/asurt_msgs__rosidl_typesupport_introspection_cpp.dir/rosidl_typesupport_introspection_cpp/asurt_msgs/msg/detail/node_status__type_support.cpp.o[0m
[16.913s] [ 31%] [32mBuilding CXX object CMakeFiles/asurt_msgs__rosidl_typesupport_fastrtps_cpp.dir/rosidl_typesupport_fastrtps_cpp/asurt_msgs/msg/detail/dds_fastrtps/landmark_array__type_support.cpp.o[0m
[16.957s] [ 32%] [32mBuilding CXX object CMakeFiles/asurt_msgs__rosidl_typesupport_introspection_cpp.dir/rosidl_typesupport_introspection_cpp/asurt_msgs/msg/detail/roadstate__type_support.cpp.o[0m
[16.970s] [ 33%] [32mBuilding CXX object CMakeFiles/asurt_msgs__rosidl_typesupport_introspection_cpp.dir/rosidl_typesupport_introspection_cpp/asurt_msgs/msg/detail/cloud_info__type_support.cpp.o[0m
[16.997s] [ 34%] [32mBuilding CXX object CMakeFiles/asurt_msgs__rosidl_typesupport_introspection_cpp.dir/rosidl_typesupport_introspection_cpp/asurt_msgs/msg/detail/bounding_box__type_support.cpp.o[0m
[17.210s] [ 35%] [32mBuilding CXX object CMakeFiles/asurt_msgs__rosidl_typesupport_c.dir/rosidl_typesupport_c/asurt_msgs/msg/landmark__type_support.cpp.o[0m
[17.273s] [ 36%] [32mBuilding CXX object CMakeFiles/asurt_msgs__rosidl_typesupport_c.dir/rosidl_typesupport_c/asurt_msgs/msg/landmark_array__type_support.cpp.o[0m
[17.333s] [ 37%] [32mBuilding CXX object CMakeFiles/asurt_msgs__rosidl_typesupport_c.dir/rosidl_typesupport_c/asurt_msgs/msg/node_status__type_support.cpp.o[0m
[17.401s] [ 38%] [32mBuilding CXX object CMakeFiles/asurt_msgs__rosidl_typesupport_c.dir/rosidl_typesupport_c/asurt_msgs/msg/roadstate__type_support.cpp.o[0m
[17.406s] [ 39%] [32mBuilding CXX object CMakeFiles/asurt_msgs__rosidl_typesupport_c.dir/rosidl_typesupport_c/asurt_msgs/msg/cloud_info__type_support.cpp.o[0m
[17.410s] [ 39%] [32mBuilding CXX object CMakeFiles/asurt_msgs__rosidl_typesupport_fastrtps_cpp.dir/rosidl_typesupport_fastrtps_cpp/asurt_msgs/msg/detail/dds_fastrtps/node_status__type_support.cpp.o[0m
[17.418s] [ 40%] [32mBuilding CXX object CMakeFiles/asurt_msgs__rosidl_typesupport_cpp.dir/rosidl_typesupport_cpp/asurt_msgs/msg/cone_img_array__type_support.cpp.o[0m
[17.436s] [ 41%] [32mBuilding C object CMakeFiles/asurt_msgs__rosidl_typesupport_introspection_c.dir/rosidl_typesupport_introspection_c/asurt_msgs/msg/detail/landmark__type_support.c.o[0m
[17.451s] [ 42%] [32mBuilding CXX object CMakeFiles/asurt_msgs__rosidl_typesupport_introspection_cpp.dir/rosidl_typesupport_introspection_cpp/asurt_msgs/msg/detail/bounding_boxes__type_support.cpp.o[0m
[17.458s] [ 43%] [32mBuilding CXX object CMakeFiles/asurt_msgs__rosidl_typesupport_c.dir/rosidl_typesupport_c/asurt_msgs/msg/bounding_box__type_support.cpp.o[0m
[17.469s] [ 44%] [32mBuilding C object CMakeFiles/asurt_msgs__rosidl_typesupport_introspection_c.dir/rosidl_typesupport_introspection_c/asurt_msgs/msg/detail/landmark_array__type_support.c.o[0m
[17.507s] [ 45%] [32mBuilding CXX object CMakeFiles/asurt_msgs__rosidl_typesupport_introspection_cpp.dir/rosidl_typesupport_introspection_cpp/asurt_msgs/msg/detail/cone_img__type_support.cpp.o[0m
[17.511s] [ 46%] [32mBuilding CXX object CMakeFiles/asurt_msgs__rosidl_typesupport_c.dir/rosidl_typesupport_c/asurt_msgs/msg/bounding_boxes__type_support.cpp.o[0m
[17.529s] [ 47%] [32mBuilding C object CMakeFiles/asurt_msgs__rosidl_typesupport_introspection_c.dir/rosidl_typesupport_introspection_c/asurt_msgs/msg/detail/node_status__type_support.c.o[0m
[17.566s] [ 48%] [32mBuilding CXX object CMakeFiles/asurt_msgs__rosidl_typesupport_c.dir/rosidl_typesupport_c/asurt_msgs/msg/cone_img__type_support.cpp.o[0m
[17.592s] [ 49%] [32mBuilding C object CMakeFiles/asurt_msgs__rosidl_typesupport_introspection_c.dir/rosidl_typesupport_introspection_c/asurt_msgs/msg/detail/roadstate__type_support.c.o[0m
[17.623s] [ 49%] [32mBuilding CXX object CMakeFiles/asurt_msgs__rosidl_typesupport_c.dir/rosidl_typesupport_c/asurt_msgs/msg/cone_img_array__type_support.cpp.o[0m
[17.652s] [ 50%] [32mBuilding C object CMakeFiles/asurt_msgs__rosidl_typesupport_introspection_c.dir/rosidl_typesupport_introspection_c/asurt_msgs/msg/detail/cloud_info__type_support.c.o[0m
[17.666s] [ 51%] [32mBuilding CXX object CMakeFiles/asurt_msgs__rosidl_typesupport_c.dir/rosidl_typesupport_c/asurt_msgs/msg/key_points__type_support.cpp.o[0m
[17.706s] [ 52%] [32m[1mLinking CXX shared library libasurt_msgs__rosidl_typesupport_c.so[0m
[17.718s] [ 53%] [32mBuilding C object CMakeFiles/asurt_msgs__rosidl_typesupport_introspection_c.dir/rosidl_typesupport_introspection_c/asurt_msgs/msg/detail/bounding_box__type_support.c.o[0m
[17.721s] [ 54%] [32mBuilding CXX object CMakeFiles/asurt_msgs__rosidl_typesupport_introspection_cpp.dir/rosidl_typesupport_introspection_cpp/asurt_msgs/msg/detail/cone_img_array__type_support.cpp.o[0m
[17.731s] [ 55%] [32mBuilding CXX object CMakeFiles/asurt_msgs__rosidl_typesupport_fastrtps_c.dir/rosidl_typesupport_fastrtps_c/asurt_msgs/msg/detail/landmark__type_support_c.cpp.o[0m
[17.734s] [ 56%] [32mBuilding CXX object CMakeFiles/asurt_msgs__rosidl_typesupport_introspection_cpp.dir/rosidl_typesupport_introspection_cpp/asurt_msgs/msg/detail/key_points__type_support.cpp.o[0m
[17.767s] [ 57%] [32mBuilding C object CMakeFiles/asurt_msgs__rosidl_typesupport_introspection_c.dir/rosidl_typesupport_introspection_c/asurt_msgs/msg/detail/bounding_boxes__type_support.c.o[0m
[17.776s] [ 58%] [32mBuilding C object CMakeFiles/asurt_msgs__rosidl_typesupport_introspection_c.dir/rosidl_typesupport_introspection_c/asurt_msgs/msg/detail/cone_img__type_support.c.o[0m
[17.795s] [ 59%] [32mBuilding C object CMakeFiles/asurt_msgs__rosidl_typesupport_introspection_c.dir/rosidl_typesupport_introspection_c/asurt_msgs/msg/detail/cone_img_array__type_support.c.o[0m
[17.815s] [ 60%] [32mBuilding CXX object CMakeFiles/asurt_msgs__rosidl_typesupport_cpp.dir/rosidl_typesupport_cpp/asurt_msgs/msg/key_points__type_support.cpp.o[0m
[17.817s] [ 61%] [32mBuilding CXX object CMakeFiles/asurt_msgs__rosidl_typesupport_fastrtps_cpp.dir/rosidl_typesupport_fastrtps_cpp/asurt_msgs/msg/detail/dds_fastrtps/roadstate__type_support.cpp.o[0m
[17.848s] [ 62%] [32mBuilding CXX object CMakeFiles/asurt_msgs__rosidl_typesupport_fastrtps_c.dir/rosidl_typesupport_fastrtps_c/asurt_msgs/msg/detail/landmark_array__type_support_c.cpp.o[0m
[17.866s] [ 63%] [32mBuilding C object CMakeFiles/asurt_msgs__rosidl_typesupport_introspection_c.dir/rosidl_typesupport_introspection_c/asurt_msgs/msg/detail/key_points__type_support.c.o[0m
[17.936s] [ 64%] [32m[1mLinking C shared library libasurt_msgs__rosidl_typesupport_introspection_c.so[0m
[18.046s] [ 64%] Built target asurt_msgs__rosidl_typesupport_c
[18.064s] [ 65%] [32mBuilding CXX object CMakeFiles/asurt_msgs__rosidl_typesupport_fastrtps_cpp.dir/rosidl_typesupport_fastrtps_cpp/asurt_msgs/msg/detail/dds_fastrtps/cloud_info__type_support.cpp.o[0m
[18.100s] [ 66%] [32mBuilding CXX object CMakeFiles/asurt_msgs__rosidl_typesupport_fastrtps_cpp.dir/rosidl_typesupport_fastrtps_cpp/asurt_msgs/msg/detail/dds_fastrtps/bounding_box__type_support.cpp.o[0m
[18.149s] [ 67%] [32mBuilding CXX object CMakeFiles/asurt_msgs__rosidl_typesupport_fastrtps_cpp.dir/rosidl_typesupport_fastrtps_cpp/asurt_msgs/msg/detail/dds_fastrtps/bounding_boxes__type_support.cpp.o[0m
[18.196s] [ 68%] [32mBuilding CXX object CMakeFiles/asurt_msgs__rosidl_typesupport_fastrtps_cpp.dir/rosidl_typesupport_fastrtps_cpp/asurt_msgs/msg/detail/dds_fastrtps/cone_img__type_support.cpp.o[0m
[18.257s] [ 69%] [32mBuilding CXX object CMakeFiles/asurt_msgs__rosidl_typesupport_fastrtps_cpp.dir/rosidl_typesupport_fastrtps_cpp/asurt_msgs/msg/detail/dds_fastrtps/cone_img_array__type_support.cpp.o[0m
[18.265s] [ 70%] [32mBuilding CXX object CMakeFiles/asurt_msgs__rosidl_typesupport_fastrtps_cpp.dir/rosidl_typesupport_fastrtps_cpp/asurt_msgs/msg/detail/dds_fastrtps/key_points__type_support.cpp.o[0m
[18.270s] [ 70%] Built target asurt_msgs__rosidl_typesupport_introspection_c
[18.272s] [ 71%] [32m[1mLinking CXX shared library libasurt_msgs__rosidl_typesupport_cpp.so[0m
[18.284s] [ 72%] [32mBuilding CXX object CMakeFiles/asurt_msgs__rosidl_typesupport_fastrtps_c.dir/rosidl_typesupport_fastrtps_c/asurt_msgs/msg/detail/node_status__type_support_c.cpp.o[0m
[18.448s] [ 73%] [32mBuilding CXX object CMakeFiles/asurt_msgs__rosidl_typesupport_fastrtps_c.dir/rosidl_typesupport_fastrtps_c/asurt_msgs/msg/detail/roadstate__type_support_c.cpp.o[0m
[18.517s] [ 74%] [32mBuilding CXX object CMakeFiles/asurt_msgs__rosidl_typesupport_fastrtps_c.dir/rosidl_typesupport_fastrtps_c/asurt_msgs/msg/detail/cloud_info__type_support_c.cpp.o[0m
[18.531s] [ 75%] [32m[1mLinking CXX shared library libasurt_msgs__rosidl_typesupport_introspection_cpp.so[0m
[18.577s] [ 76%] [32mBuilding CXX object CMakeFiles/asurt_msgs__rosidl_typesupport_fastrtps_c.dir/rosidl_typesupport_fastrtps_c/asurt_msgs/msg/detail/bounding_box__type_support_c.cpp.o[0m
[18.633s] [ 76%] Built target asurt_msgs__rosidl_typesupport_cpp
[18.644s] [ 77%] [32mBuilding CXX object CMakeFiles/asurt_msgs__rosidl_typesupport_fastrtps_c.dir/rosidl_typesupport_fastrtps_c/asurt_msgs/msg/detail/bounding_boxes__type_support_c.cpp.o[0m
[18.837s] [ 78%] [32mBuilding CXX object CMakeFiles/asurt_msgs__rosidl_typesupport_fastrtps_c.dir/rosidl_typesupport_fastrtps_c/asurt_msgs/msg/detail/cone_img__type_support_c.cpp.o[0m
[18.965s] [ 79%] [32mBuilding CXX object CMakeFiles/asurt_msgs__rosidl_typesupport_fastrtps_c.dir/rosidl_typesupport_fastrtps_c/asurt_msgs/msg/detail/cone_img_array__type_support_c.cpp.o[0m
[18.982s] [ 79%] Built target asurt_msgs__rosidl_typesupport_introspection_cpp
[18.994s] [ 80%] [32mBuilding CXX object CMakeFiles/asurt_msgs__rosidl_typesupport_fastrtps_c.dir/rosidl_typesupport_fastrtps_c/asurt_msgs/msg/detail/key_points__type_support_c.cpp.o[0m
[19.127s] [ 81%] [32m[1mLinking CXX shared library libasurt_msgs__rosidl_typesupport_fastrtps_cpp.so[0m
[19.353s] [ 82%] [32m[1mLinking CXX shared library libasurt_msgs__rosidl_typesupport_fastrtps_c.so[0m
[19.403s] [ 82%] Built target asurt_msgs__rosidl_typesupport_fastrtps_cpp
[19.495s] [ 82%] Built target asurt_msgs__rosidl_typesupport_fastrtps_c
[19.508s] [ 82%] Built target asurt_msgs
[19.522s] [ 83%] [34m[1mGenerating Python code for ROS interfaces[0m
[20.427s] [ 83%] Built target asurt_msgs__py
[20.443s] [ 84%] [32mBuilding C object CMakeFiles/asurt_msgs__rosidl_generator_py.dir/rosidl_generator_py/asurt_msgs/msg/_landmark_array_s.c.o[0m
[20.451s] [ 85%] [32mBuilding C object CMakeFiles/asurt_msgs__rosidl_generator_py.dir/rosidl_generator_py/asurt_msgs/msg/_cloud_info_s.c.o[0m
[20.451s] [ 86%] [32mBuilding C object CMakeFiles/asurt_msgs__rosidl_generator_py.dir/rosidl_generator_py/asurt_msgs/msg/_bounding_boxes_s.c.o[0m
[20.453s] [ 87%] [32mBuilding C object CMakeFiles/asurt_msgs__rosidl_generator_py.dir/rosidl_generator_py/asurt_msgs/msg/_cone_img_s.c.o[0m
[20.455s] [ 88%] [32mBuilding C object CMakeFiles/asurt_msgs__rosidl_generator_py.dir/rosidl_generator_py/asurt_msgs/msg/_cone_img_array_s.c.o[0m
[20.459s] [ 89%] [32mBuilding C object CMakeFiles/asurt_msgs__rosidl_generator_py.dir/rosidl_generator_py/asurt_msgs/msg/_node_status_s.c.o[0m
[20.461s] [ 90%] [32mBuilding C object CMakeFiles/asurt_msgs__rosidl_generator_py.dir/rosidl_generator_py/asurt_msgs/msg/_key_points_s.c.o[0m
[20.464s] [ 91%] [32mBuilding C object CMakeFiles/asurt_msgs__rosidl_generator_py.dir/rosidl_generator_py/asurt_msgs/msg/_roadstate_s.c.o[0m
[20.469s] [ 92%] [32mBuilding C object CMakeFiles/asurt_msgs__rosidl_generator_py.dir/rosidl_generator_py/asurt_msgs/msg/_bounding_box_s.c.o[0m
[20.469s] [ 93%] [32mBuilding C object CMakeFiles/asurt_msgs__rosidl_generator_py.dir/rosidl_generator_py/asurt_msgs/msg/_landmark_s.c.o[0m
[20.688s] [ 94%] [32m[1mLinking C shared library rosidl_generator_py/asurt_msgs/libasurt_msgs__rosidl_generator_py.so[0m
[21.074s] [ 94%] Built target asurt_msgs__rosidl_generator_py
[21.093s] [ 95%] [32mBuilding C object CMakeFiles/asurt_msgs__rosidl_typesupport_fastrtps_c__pyext.dir/rosidl_generator_py/asurt_msgs/_asurt_msgs_s.ep.rosidl_typesupport_fastrtps_c.c.o[0m
[21.098s] [ 96%] [32mBuilding C object CMakeFiles/asurt_msgs__rosidl_typesupport_introspection_c__pyext.dir/rosidl_generator_py/asurt_msgs/_asurt_msgs_s.ep.rosidl_typesupport_introspection_c.c.o[0m
[21.098s] [ 97%] [32mBuilding C object CMakeFiles/asurt_msgs__rosidl_typesupport_c__pyext.dir/rosidl_generator_py/asurt_msgs/_asurt_msgs_s.ep.rosidl_typesupport_c.c.o[0m
[21.238s] [ 98%] [32m[1mLinking C shared library rosidl_generator_py/asurt_msgs/asurt_msgs_s__rosidl_typesupport_introspection_c.cpython-310-x86_64-linux-gnu.so[0m
[21.239s] [ 99%] [32m[1mLinking C shared library rosidl_generator_py/asurt_msgs/asurt_msgs_s__rosidl_typesupport_fastrtps_c.cpython-310-x86_64-linux-gnu.so[0m
[21.246s] [100%] [32m[1mLinking C shared library rosidl_generator_py/asurt_msgs/asurt_msgs_s__rosidl_typesupport_c.cpython-310-x86_64-linux-gnu.so[0m
[21.520s] [100%] Built target asurt_msgs__rosidl_typesupport_introspection_c__pyext
[21.520s] [100%] Built target asurt_msgs__rosidl_typesupport_c__pyext
[21.520s] [100%] Built target asurt_msgs__rosidl_typesupport_fastrtps_c__pyext
[21.530s] Invoked command in '/home/ayasx9/FSAI26/FSAI25_perception/fs-system-26/Perception/ros2_ws/asurt_msgs/build/asurt_msgs' returned '0': CMAKE_PREFIX_PATH=${CMAKE_PREFIX_PATH}:/home/ayasx9/arl_workshop/turtle_proj1/install/project_nodes:/home/ayasx9/ros2_proj1/install/my_turtle_proj:/opt/ros/humble /usr/bin/cmake --build /home/ayasx9/FSAI26/FSAI25_perception/fs-system-26/Perception/ros2_ws/asurt_msgs/build/asurt_msgs -- -j12 -l12
[21.537s] Invoking command in '/home/ayasx9/FSAI26/FSAI25_perception/fs-system-26/Perception/ros2_ws/asurt_msgs/build/asurt_msgs': CMAKE_PREFIX_PATH=${CMAKE_PREFIX_PATH}:/home/ayasx9/arl_workshop/turtle_proj1/install/project_nodes:/home/ayasx9/ros2_proj1/install/my_turtle_proj:/opt/ros/humble /usr/bin/cmake --install /home/ayasx9/FSAI26/FSAI25_perception/fs-system-26/Perception/ros2_ws/asurt_msgs/build/asurt_msgs
[21.542s] -- Install configuration: ""
[21.542s] -- Installing: /home/ayasx9/FSAI26/FSAI25_perception/fs-system-26/Perception/ros2_ws/asurt_msgs/install/asurt_msgs/share/ament_index/resource_index/rosidl_interfaces/asurt_msgs
[21.543s] -- Installing: /home/ayasx9/FSAI26/FSAI25_perception/fs-system-26/Perception/ros2_ws/asurt_msgs/install/asurt_msgs/include/asurt_msgs/asurt_msgs
[21.543s] -- Installing: /home/ayasx9/FSAI26/FSAI25_perception/fs-system-26/Perception/ros2_ws/asurt_msgs/install/asurt_msgs/include/asurt_msgs/asurt_msgs/msg
[21.543s] -- Installing: /home/ayasx9/FSAI26/FSAI25_perception/fs-system-26/Perception/ros2_ws/asurt_msgs/install/asurt_msgs/include/asurt_msgs/asurt_msgs/msg/roadstate.h
[21.543s] -- Installing: /home/ayasx9/FSAI26/FSAI25_perception/fs-system-26/Perception/ros2_ws/asurt_msgs/install/asurt_msgs/include/asurt_msgs/asurt_msgs/msg/landmark.h
[21.544s] -- Installing: /home/ayasx9/FSAI26/FSAI25_perception/fs-system-26/Perception/ros2_ws/asurt_msgs/install/asurt_msgs/include/asurt_msgs/asurt_msgs/msg/cone_img_array.h
[21.544s] -- Installing: /home/ayasx9/FSAI26/FSAI25_perception/fs-system-26/Perception/ros2_ws/asurt_msgs/install/asurt_msgs/include/asurt_msgs/asurt_msgs/msg/rosidl_generator_c__visibility_control.h
[21.544s] -- Installing: /home/ayasx9/FSAI26/FSAI25_perception/fs-system-26/Perception/ros2_ws/asurt_msgs/install/asurt_msgs/include/asurt_msgs/asurt_msgs/msg/landmark_array.h
[21.544s] -- Installing: /home/ayasx9/FSAI26/FSAI25_perception/fs-system-26/Perception/ros2_ws/asurt_msgs/install/asurt_msgs/include/asurt_msgs/asurt_msgs/msg/bounding_boxes.h
[21.544s] -- Installing: /home/ayasx9/FSAI26/FSAI25_perception/fs-system-26/Perception/ros2_ws/asurt_msgs/install/asurt_msgs/include/asurt_msgs/asurt_msgs/msg/key_points.h
[21.544s] -- Installing: /home/ayasx9/FSAI26/FSAI25_perception/fs-system-26/Perception/ros2_ws/asurt_msgs/install/asurt_msgs/include/asurt_msgs/asurt_msgs/msg/detail
[21.544s] -- Installing: /home/ayasx9/FSAI26/FSAI25_perception/fs-system-26/Perception/ros2_ws/asurt_msgs/install/asurt_msgs/include/asurt_msgs/asurt_msgs/msg/detail/key_points__struct.h
[21.545s] -- Installing: /home/ayasx9/FSAI26/FSAI25_perception/fs-system-26/Perception/ros2_ws/asurt_msgs/install/asurt_msgs/include/asurt_msgs/asurt_msgs/msg/detail/landmark_array__type_support.h
[21.545s] -- Installing: /home/ayasx9/FSAI26/FSAI25_perception/fs-system-26/Perception/ros2_ws/asurt_msgs/install/asurt_msgs/include/asurt_msgs/asurt_msgs/msg/detail/bounding_boxes__struct.h
[21.545s] -- Installing: /home/ayasx9/FSAI26/FSAI25_perception/fs-system-26/Perception/ros2_ws/asurt_msgs/install/asurt_msgs/include/asurt_msgs/asurt_msgs/msg/detail/node_status__struct.h
[21.545s] -- Installing: /home/ayasx9/FSAI26/FSAI25_perception/fs-system-26/Perception/ros2_ws/asurt_msgs/install/asurt_msgs/include/asurt_msgs/asurt_msgs/msg/detail/node_status__functions.c
[21.545s] -- Installing: /home/ayasx9/FSAI26/FSAI25_perception/fs-system-26/Perception/ros2_ws/asurt_msgs/install/asurt_msgs/include/asurt_msgs/asurt_msgs/msg/detail/bounding_box__functions.h
[21.545s] -- Installing: /home/ayasx9/FSAI26/FSAI25_perception/fs-system-26/Perception/ros2_ws/asurt_msgs/install/asurt_msgs/include/asurt_msgs/asurt_msgs/msg/detail/cone_img_array__struct.h
[21.545s] -- Installing: /home/ayasx9/FSAI26/FSAI25_perception/fs-system-26/Perception/ros2_ws/asurt_msgs/install/asurt_msgs/include/asurt_msgs/asurt_msgs/msg/detail/cone_img__struct.h
[21.545s] -- Installing: /home/ayasx9/FSAI26/FSAI25_perception/fs-system-26/Perception/ros2_ws/asurt_msgs/install/asurt_msgs/include/asurt_msgs/asurt_msgs/msg/detail/node_status__functions.h
[21.546s] -- Installing: /home/ayasx9/FSAI26/FSAI25_perception/fs-system-26/Perception/ros2_ws/asurt_msgs/install/asurt_msgs/include/asurt_msgs/asurt_msgs/msg/detail/key_points__functions.c
[21.546s] -- Installing: /home/ayasx9/FSAI26/FSAI25_perception/fs-system-26/Perception/ros2_ws/asurt_msgs/install/asurt_msgs/include/asurt_msgs/asurt_msgs/msg/detail/landmark__type_support.h
[21.546s] -- Installing: /home/ayasx9/FSAI26/FSAI25_perception/fs-system-26/Perception/ros2_ws/asurt_msgs/install/asurt_msgs/include/asurt_msgs/asurt_msgs/msg/detail/cloud_info__functions.h
[21.546s] -- Installing: /home/ayasx9/FSAI26/FSAI25_perception/fs-system-26/Perception/ros2_ws/asurt_msgs/install/asurt_msgs/include/asurt_msgs/asurt_msgs/msg/detail/bounding_boxes__type_support.h
[21.546s] -- Installing: /home/ayasx9/FSAI26/FSAI25_perception/fs-system-26/Perception/ros2_ws/asurt_msgs/install/asurt_msgs/include/asurt_msgs/asurt_msgs/msg/detail/bounding_boxes__functions.h
[21.546s] -- Installing: /home/ayasx9/FSAI26/FSAI25_perception/fs-system-26/Perception/ros2_ws/asurt_msgs/install/asurt_msgs/include/asurt_msgs/asurt_msgs/msg/detail/cloud_info__functions.c
[21.546s] -- Installing: /home/ayasx9/FSAI26/FSAI25_perception/fs-system-26/Perception/ros2_ws/asurt_msgs/install/asurt_msgs/include/asurt_msgs/asurt_msgs/msg/detail/bounding_box__struct.h
[21.547s] -- Installing: /home/ayasx9/FSAI26/FSAI25_perception/fs-system-26/Perception/ros2_ws/asurt_msgs/install/asurt_msgs/include/asurt_msgs/asurt_msgs/msg/detail/landmark_array__functions.h
[21.547s] -- Installing: /home/ayasx9/FSAI26/FSAI25_perception/fs-system-26/Perception/ros2_ws/asurt_msgs/install/asurt_msgs/include/asurt_msgs/asurt_msgs/msg/detail/bounding_box__type_support.h
[21.547s] -- Installing: /home/ayasx9/FSAI26/FSAI25_perception/fs-system-26/Perception/ros2_ws/asurt_msgs/install/asurt_msgs/include/asurt_msgs/asurt_msgs/msg/detail/cone_img__functions.c
[21.547s] -- Installing: /home/ayasx9/FSAI26/FSAI25_perception/fs-system-26/Perception/ros2_ws/asurt_msgs/install/asurt_msgs/include/asurt_msgs/asurt_msgs/msg/detail/roadstate__struct.h
[21.547s] -- Installing: /home/ayasx9/FSAI26/FSAI25_perception/fs-system-26/Perception/ros2_ws/asurt_msgs/install/asurt_msgs/include/asurt_msgs/asurt_msgs/msg/detail/cone_img_array__functions.c
[21.547s] -- Installing: /home/ayasx9/FSAI26/FSAI25_perception/fs-system-26/Perception/ros2_ws/asurt_msgs/install/asurt_msgs/include/asurt_msgs/asurt_msgs/msg/detail/cone_img_array__functions.h
[21.547s] -- Installing: /home/ayasx9/FSAI26/FSAI25_perception/fs-system-26/Perception/ros2_ws/asurt_msgs/install/asurt_msgs/include/asurt_msgs/asurt_msgs/msg/detail/key_points__type_support.h
[21.547s] -- Installing: /home/ayasx9/FSAI26/FSAI25_perception/fs-system-26/Perception/ros2_ws/asurt_msgs/install/asurt_msgs/include/asurt_msgs/asurt_msgs/msg/detail/landmark__functions.c
[21.548s] -- Installing: /home/ayasx9/FSAI26/FSAI25_perception/fs-system-26/Perception/ros2_ws/asurt_msgs/install/asurt_msgs/include/asurt_msgs/asurt_msgs/msg/detail/roadstate__type_support.h
[21.548s] -- Installing: /home/ayasx9/FSAI26/FSAI25_perception/fs-system-26/Perception/ros2_ws/asurt_msgs/install/asurt_msgs/include/asurt_msgs/asurt_msgs/msg/detail/roadstate__functions.c
[21.548s] -- Installing: /home/ayasx9/FSAI26/FSAI25_perception/fs-system-26/Perception/ros2_ws/asurt_msgs/install/asurt_msgs/include/asurt_msgs/asurt_msgs/msg/detail/cloud_info__struct.h
[21.548s] -- Installing: /home/ayasx9/FSAI26/FSAI25_perception/fs-system-26/Perception/ros2_ws/asurt_msgs/install/asurt_msgs/include/asurt_msgs/asurt_msgs/msg/detail/cloud_info__type_support.h
[21.548s] -- Installing: /home/ayasx9/FSAI26/FSAI25_perception/fs-system-26/Perception/ros2_ws/asurt_msgs/install/asurt_msgs/include/asurt_msgs/asurt_msgs/msg/detail/bounding_box__functions.c
[21.548s] -- Installing: /home/ayasx9/FSAI26/FSAI25_perception/fs-system-26/Perception/ros2_ws/asurt_msgs/install/asurt_msgs/include/asurt_msgs/asurt_msgs/msg/detail/landmark_array__struct.h
[21.548s] -- Installing: /home/ayasx9/FSAI26/FSAI25_perception/fs-system-26/Perception/ros2_ws/asurt_msgs/install/asurt_msgs/include/asurt_msgs/asurt_msgs/msg/detail/key_points__functions.h
[21.549s] -- Installing: /home/ayasx9/FSAI26/FSAI25_perception/fs-system-26/Perception/ros2_ws/asurt_msgs/install/asurt_msgs/include/asurt_msgs/asurt_msgs/msg/detail/cone_img__type_support.h
[21.549s] -- Installing: /home/ayasx9/FSAI26/FSAI25_perception/fs-system-26/Perception/ros2_ws/asurt_msgs/install/asurt_msgs/include/asurt_msgs/asurt_msgs/msg/detail/landmark__struct.h
[21.549s] -- Installing: /home/ayasx9/FSAI26/FSAI25_perception/fs-system-26/Perception/ros2_ws/asurt_msgs/install/asurt_msgs/include/asurt_msgs/asurt_msgs/msg/detail/roadstate__functions.h
[21.549s] -- Installing: /home/ayasx9/FSAI26/FSAI25_perception/fs-system-26/Perception/ros2_ws/asurt_msgs/install/asurt_msgs/include/asurt_msgs/asurt_msgs/msg/detail/cone_img_array__type_support.h
[21.549s] -- Installing: /home/ayasx9/FSAI26/FSAI25_perception/fs-system-26/Perception/ros2_ws/asurt_msgs/install/asurt_msgs/include/asurt_msgs/asurt_msgs/msg/detail/landmark__functions.h
[21.549s] -- Installing: /home/ayasx9/FSAI26/FSAI25_perception/fs-system-26/Perception/ros2_ws/asurt_msgs/install/asurt_msgs/include/asurt_msgs/asurt_msgs/msg/detail/node_status__type_support.h
[21.550s] -- Installing: /home/ayasx9/FSAI26/FSAI25_perception/fs-system-26/Perception/ros2_ws/asurt_msgs/install/asurt_msgs/include/asurt_msgs/asurt_msgs/msg/detail/bounding_boxes__functions.c
[21.550s] -- Installing: /home/ayasx9/FSAI26/FSAI25_perception/fs-system-26/Perception/ros2_ws/asurt_msgs/install/asurt_msgs/include/asurt_msgs/asurt_msgs/msg/detail/landmark_array__functions.c
[21.550s] -- Installing: /home/ayasx9/FSAI26/FSAI25_perception/fs-system-26/Perception/ros2_ws/asurt_msgs/install/asurt_msgs/include/asurt_msgs/asurt_msgs/msg/detail/cone_img__functions.h
[21.550s] -- Installing: /home/ayasx9/FSAI26/FSAI25_perception/fs-system-26/Perception/ros2_ws/asurt_msgs/install/asurt_msgs/include/asurt_msgs/asurt_msgs/msg/cloud_info.h
[21.550s] -- Installing: /home/ayasx9/FSAI26/FSAI25_perception/fs-system-26/Perception/ros2_ws/asurt_msgs/install/asurt_msgs/include/asurt_msgs/asurt_msgs/msg/bounding_box.h
[21.550s] -- Installing: /home/ayasx9/FSAI26/FSAI25_perception/fs-system-26/Perception/ros2_ws/asurt_msgs/install/asurt_msgs/include/asurt_msgs/asurt_msgs/msg/cone_img.h
[21.550s] -- Installing: /home/ayasx9/FSAI26/FSAI25_perception/fs-system-26/Perception/ros2_ws/asurt_msgs/install/asurt_msgs/include/asurt_msgs/asurt_msgs/msg/node_status.h
[21.550s] -- Installing: /home/ayasx9/FSAI26/FSAI25_perception/fs-system-26/Perception/ros2_ws/asurt_msgs/install/asurt_msgs/share/asurt_msgs/environment/library_path.sh
[21.550s] -- Installing: /home/ayasx9/FSAI26/FSAI25_perception/fs-system-26/Perception/ros2_ws/asurt_msgs/install/asurt_msgs/share/asurt_msgs/environment/library_path.dsv
[21.550s] -- Installing: /home/ayasx9/FSAI26/FSAI25_perception/fs-system-26/Perception/ros2_ws/asurt_msgs/install/asurt_msgs/lib/libasurt_msgs__rosidl_generator_c.so
[21.551s] -- Set runtime path of "/home/ayasx9/FSAI26/FSAI25_perception/fs-system-26/Perception/ros2_ws/asurt_msgs/install/asurt_msgs/lib/libasurt_msgs__rosidl_generator_c.so" to ""
[21.551s] -- Up-to-date: /home/ayasx9/FSAI26/FSAI25_perception/fs-system-26/Perception/ros2_ws/asurt_msgs/install/asurt_msgs/include/asurt_msgs/asurt_msgs
[21.551s] -- Up-to-date: /home/ayasx9/FSAI26/FSAI25_perception/fs-system-26/Perception/ros2_ws/asurt_msgs/install/asurt_msgs/include/asurt_msgs/asurt_msgs/msg
[21.551s] -- Up-to-date: /home/ayasx9/FSAI26/FSAI25_perception/fs-system-26/Perception/ros2_ws/asurt_msgs/install/asurt_msgs/include/asurt_msgs/asurt_msgs/msg/detail
[21.551s] -- Installing: /home/ayasx9/FSAI26/FSAI25_perception/fs-system-26/Perception/ros2_ws/asurt_msgs/install/asurt_msgs/include/asurt_msgs/asurt_msgs/msg/detail/bounding_box__rosidl_typesupport_fastrtps_c.h
[21.552s] -- Installing: /home/ayasx9/FSAI26/FSAI25_perception/fs-system-26/Perception/ros2_ws/asurt_msgs/install/asurt_msgs/include/asurt_msgs/asurt_msgs/msg/detail/cone_img__rosidl_typesupport_fastrtps_c.h
[21.552s] -- Installing: /home/ayasx9/FSAI26/FSAI25_perception/fs-system-26/Perception/ros2_ws/asurt_msgs/install/asurt_msgs/include/asurt_msgs/asurt_msgs/msg/detail/cone_img_array__rosidl_typesupport_fastrtps_c.h
[21.552s] -- Installing: /home/ayasx9/FSAI26/FSAI25_perception/fs-system-26/Perception/ros2_ws/asurt_msgs/install/asurt_msgs/include/asurt_msgs/asurt_msgs/msg/detail/key_points__rosidl_typesupport_fastrtps_c.h
[21.552s] -- Installing: /home/ayasx9/FSAI26/FSAI25_perception/fs-system-26/Perception/ros2_ws/asurt_msgs/install/asurt_msgs/include/asurt_msgs/asurt_msgs/msg/detail/cloud_info__rosidl_typesupport_fastrtps_c.h
[21.552s] -- Installing: /home/ayasx9/FSAI26/FSAI25_perception/fs-system-26/Perception/ros2_ws/asurt_msgs/install/asurt_msgs/include/asurt_msgs/asurt_msgs/msg/detail/bounding_boxes__rosidl_typesupport_fastrtps_c.h
[21.552s] -- Installing: /home/ayasx9/FSAI26/FSAI25_perception/fs-system-26/Perception/ros2_ws/asurt_msgs/install/asurt_msgs/include/asurt_msgs/asurt_msgs/msg/detail/node_status__rosidl_typesupport_fastrtps_c.h
[21.552s] -- Installing: /home/ayasx9/FSAI26/FSAI25_perception/fs-system-26/Perception/ros2_ws/asurt_msgs/install/asurt_msgs/include/asurt_msgs/asurt_msgs/msg/detail/roadstate__rosidl_typesupport_fastrtps_c.h
[21.552s] -- Installing: /home/ayasx9/FSAI26/FSAI25_perception/fs-system-26/Perception/ros2_ws/asurt_msgs/install/asurt_msgs/include/asurt_msgs/asurt_msgs/msg/detail/landmark_array__rosidl_typesupport_fastrtps_c.h
[21.552s] -- Installing: /home/ayasx9/FSAI26/FSAI25_perception/fs-system-26/Perception/ros2_ws/asurt_msgs/install/asurt_msgs/include/asurt_msgs/asurt_msgs/msg/detail/landmark__rosidl_typesupport_fastrtps_c.h
[21.553s] -- Installing: /home/ayasx9/FSAI26/FSAI25_perception/fs-system-26/Perception/ros2_ws/asurt_msgs/install/asurt_msgs/include/asurt_msgs/asurt_msgs/msg/rosidl_typesupport_fastrtps_c__visibility_control.h
[21.553s] -- Installing: /home/ayasx9/FSAI26/FSAI25_perception/fs-system-26/Perception/ros2_ws/asurt_msgs/install/asurt_msgs/lib/libasurt_msgs__rosidl_typesupport_fastrtps_c.so
[21.553s] -- Set runtime path of "/home/ayasx9/FSAI26/FSAI25_perception/fs-system-26/Perception/ros2_ws/asurt_msgs/install/asurt_msgs/lib/libasurt_msgs__rosidl_typesupport_fastrtps_c.so" to ""
[21.553s] -- Up-to-date: /home/ayasx9/FSAI26/FSAI25_perception/fs-system-26/Perception/ros2_ws/asurt_msgs/install/asurt_msgs/include/asurt_msgs/asurt_msgs
[21.553s] -- Up-to-date: /home/ayasx9/FSAI26/FSAI25_perception/fs-system-26/Perception/ros2_ws/asurt_msgs/install/asurt_msgs/include/asurt_msgs/asurt_msgs/msg
[21.553s] -- Installing: /home/ayasx9/FSAI26/FSAI25_perception/fs-system-26/Perception/ros2_ws/asurt_msgs/install/asurt_msgs/include/asurt_msgs/asurt_msgs/msg/bounding_boxes.hpp
[21.554s] -- Installing: /home/ayasx9/FSAI26/FSAI25_perception/fs-system-26/Perception/ros2_ws/asurt_msgs/install/asurt_msgs/include/asurt_msgs/asurt_msgs/msg/cloud_info.hpp
[21.554s] -- Installing: /home/ayasx9/FSAI26/FSAI25_perception/fs-system-26/Perception/ros2_ws/asurt_msgs/install/asurt_msgs/include/asurt_msgs/asurt_msgs/msg/cone_img_array.hpp
[21.554s] -- Installing: /home/ayasx9/FSAI26/FSAI25_perception/fs-system-26/Perception/ros2_ws/asurt_msgs/install/asurt_msgs/include/asurt_msgs/asurt_msgs/msg/key_points.hpp
[21.554s] -- Installing: /home/ayasx9/FSAI26/FSAI25_perception/fs-system-26/Perception/ros2_ws/asurt_msgs/install/asurt_msgs/include/asurt_msgs/asurt_msgs/msg/cone_img.hpp
[21.554s] -- Up-to-date: /home/ayasx9/FSAI26/FSAI25_perception/fs-system-26/Perception/ros2_ws/asurt_msgs/install/asurt_msgs/include/asurt_msgs/asurt_msgs/msg/detail
[21.554s] -- Installing: /home/ayasx9/FSAI26/FSAI25_perception/fs-system-26/Perception/ros2_ws/asurt_msgs/install/asurt_msgs/include/asurt_msgs/asurt_msgs/msg/detail/node_status__type_support.hpp
[21.554s] -- Installing: /home/ayasx9/FSAI26/FSAI25_perception/fs-system-26/Perception/ros2_ws/asurt_msgs/install/asurt_msgs/include/asurt_msgs/asurt_msgs/msg/detail/roadstate__builder.hpp
[21.554s] -- Installing: /home/ayasx9/FSAI26/FSAI25_perception/fs-system-26/Perception/ros2_ws/asurt_msgs/install/asurt_msgs/include/asurt_msgs/asurt_msgs/msg/detail/bounding_box__struct.hpp
[21.555s] -- Installing: /home/ayasx9/FSAI26/FSAI25_perception/fs-system-26/Perception/ros2_ws/asurt_msgs/install/asurt_msgs/include/asurt_msgs/asurt_msgs/msg/detail/landmark__traits.hpp
[21.555s] -- Installing: /home/ayasx9/FSAI26/FSAI25_perception/fs-system-26/Perception/ros2_ws/asurt_msgs/install/asurt_msgs/include/asurt_msgs/asurt_msgs/msg/detail/key_points__struct.hpp
[21.555s] -- Installing: /home/ayasx9/FSAI26/FSAI25_perception/fs-system-26/Perception/ros2_ws/asurt_msgs/install/asurt_msgs/include/asurt_msgs/asurt_msgs/msg/detail/bounding_box__traits.hpp
[21.555s] -- Installing: /home/ayasx9/FSAI26/FSAI25_perception/fs-system-26/Perception/ros2_ws/asurt_msgs/install/asurt_msgs/include/asurt_msgs/asurt_msgs/msg/detail/landmark_array__builder.hpp
[21.555s] -- Installing: /home/ayasx9/FSAI26/FSAI25_perception/fs-system-26/Perception/ros2_ws/asurt_msgs/install/asurt_msgs/include/asurt_msgs/asurt_msgs/msg/detail/cone_img_array__traits.hpp
[21.555s] -- Installing: /home/ayasx9/FSAI26/FSAI25_perception/fs-system-26/Perception/ros2_ws/asurt_msgs/install/asurt_msgs/include/asurt_msgs/asurt_msgs/msg/detail/cone_img__builder.hpp
[21.555s] -- Installing: /home/ayasx9/FSAI26/FSAI25_perception/fs-system-26/Perception/ros2_ws/asurt_msgs/install/asurt_msgs/include/asurt_msgs/asurt_msgs/msg/detail/key_points__type_support.hpp
[21.555s] -- Installing: /home/ayasx9/FSAI26/FSAI25_perception/fs-system-26/Perception/ros2_ws/asurt_msgs/install/asurt_msgs/include/asurt_msgs/asurt_msgs/msg/detail/landmark_array__type_support.hpp
[21.556s] -- Installing: /home/ayasx9/FSAI26/FSAI25_perception/fs-system-26/Perception/ros2_ws/asurt_msgs/install/asurt_msgs/include/asurt_msgs/asurt_msgs/msg/detail/node_status__traits.hpp
[21.556s] -- Installing: /home/ayasx9/FSAI26/FSAI25_perception/fs-system-26/Perception/ros2_ws/asurt_msgs/install/asurt_msgs/include/asurt_msgs/asurt_msgs/msg/detail/bounding_boxes__struct.hpp
[21.556s] -- Installing: /home/ayasx9/FSAI26/FSAI25_perception/fs-system-26/Perception/ros2_ws/asurt_msgs/install/asurt_msgs/include/asurt_msgs/asurt_msgs/msg/detail/cone_img_array__builder.hpp
[21.556s] -- Installing: /home/ayasx9/FSAI26/FSAI25_perception/fs-system-26/Perception/ros2_ws/asurt_msgs/install/asurt_msgs/include/asurt_msgs/asurt_msgs/msg/detail/cloud_info__builder.hpp
[21.556s] -- Installing: /home/ayasx9/FSAI26/FSAI25_perception/fs-system-26/Perception/ros2_ws/asurt_msgs/install/asurt_msgs/include/asurt_msgs/asurt_msgs/msg/detail/node_status__builder.hpp
[21.556s] -- Installing: /home/ayasx9/FSAI26/FSAI25_perception/fs-system-26/Perception/ros2_ws/asurt_msgs/install/asurt_msgs/include/asurt_msgs/asurt_msgs/msg/detail/cloud_info__struct.hpp
[21.556s] -- Installing: /home/ayasx9/FSAI26/FSAI25_perception/fs-system-26/Perception/ros2_ws/asurt_msgs/install/asurt_msgs/include/asurt_msgs/asurt_msgs/msg/detail/bounding_box__type_support.hpp
[21.556s] -- Installing: /home/ayasx9/FSAI26/FSAI25_perception/fs-system-26/Perception/ros2_ws/asurt_msgs/install/asurt_msgs/include/asurt_msgs/asurt_msgs/msg/detail/cone_img__struct.hpp
[21.556s] -- Installing: /home/ayasx9/FSAI26/FSAI25_perception/fs-system-26/Perception/ros2_ws/asurt_msgs/install/asurt_msgs/include/asurt_msgs/asurt_msgs/msg/detail/cloud_info__type_support.hpp
[21.557s] -- Installing: /home/ayasx9/FSAI26/FSAI25_perception/fs-system-26/Perception/ros2_ws/asurt_msgs/install/asurt_msgs/include/asurt_msgs/asurt_msgs/msg/detail/bounding_boxes__type_support.hpp
[21.557s] -- Installing: /home/ayasx9/FSAI26/FSAI25_perception/fs-system-26/Perception/ros2_ws/asurt_msgs/install/asurt_msgs/include/asurt_msgs/asurt_msgs/msg/detail/roadstate__struct.hpp
[21.557s] -- Installing: /home/ayasx9/FSAI26/FSAI25_perception/fs-system-26/Perception/ros2_ws/asurt_msgs/install/asurt_msgs/include/asurt_msgs/asurt_msgs/msg/detail/bounding_boxes__traits.hpp
[21.557s] -- Installing: /home/ayasx9/FSAI26/FSAI25_perception/fs-system-26/Perception/ros2_ws/asurt_msgs/install/asurt_msgs/include/asurt_msgs/asurt_msgs/msg/detail/bounding_boxes__builder.hpp
[21.557s] -- Installing: /home/ayasx9/FSAI26/FSAI25_perception/fs-system-26/Perception/ros2_ws/asurt_msgs/install/asurt_msgs/include/asurt_msgs/asurt_msgs/msg/detail/bounding_box__builder.hpp
[21.557s] -- Installing: /home/ayasx9/FSAI26/FSAI25_perception/fs-system-26/Perception/ros2_ws/asurt_msgs/install/asurt_msgs/include/asurt_msgs/asurt_msgs/msg/detail/roadstate__type_support.hpp
[21.557s] -- Installing: /home/ayasx9/FSAI26/FSAI25_perception/fs-system-26/Perception/ros2_ws/asurt_msgs/install/asurt_msgs/include/asurt_msgs/asurt_msgs/msg/detail/landmark_array__traits.hpp
[21.557s] -- Installing: /home/ayasx9/FSAI26/FSAI25_perception/fs-system-26/Perception/ros2_ws/asurt_msgs/install/asurt_msgs/include/asurt_msgs/asurt_msgs/msg/detail/landmark__type_support.hpp
[21.557s] -- Installing: /home/ayasx9/FSAI26/FSAI25_perception/fs-system-26/Perception/ros2_ws/asurt_msgs/install/asurt_msgs/include/asurt_msgs/asurt_msgs/msg/detail/cone_img_array__struct.hpp
[21.557s] -- Installing: /home/ayasx9/FSAI26/FSAI25_perception/fs-system-26/Perception/ros2_ws/asurt_msgs/install/asurt_msgs/include/asurt_msgs/asurt_msgs/msg/detail/key_points__builder.hpp
[21.558s] -- Installing: /home/ayasx9/FSAI26/FSAI25_perception/fs-system-26/Perception/ros2_ws/asurt_msgs/install/asurt_msgs/include/asurt_msgs/asurt_msgs/msg/detail/roadstate__traits.hpp
[21.558s] -- Installing: /home/ayasx9/FSAI26/FSAI25_perception/fs-system-26/Perception/ros2_ws/asurt_msgs/install/asurt_msgs/include/asurt_msgs/asurt_msgs/msg/detail/landmark_array__struct.hpp
[21.558s] -- Installing: /home/ayasx9/FSAI26/FSAI25_perception/fs-system-26/Perception/ros2_ws/asurt_msgs/install/asurt_msgs/include/asurt_msgs/asurt_msgs/msg/detail/landmark__struct.hpp
[21.558s] -- Installing: /home/ayasx9/FSAI26/FSAI25_perception/fs-system-26/Perception/ros2_ws/asurt_msgs/install/asurt_msgs/include/asurt_msgs/asurt_msgs/msg/detail/key_points__traits.hpp
[21.558s] -- Installing: /home/ayasx9/FSAI26/FSAI25_perception/fs-system-26/Perception/ros2_ws/asurt_msgs/install/asurt_msgs/include/asurt_msgs/asurt_msgs/msg/detail/landmark__builder.hpp
[21.558s] -- Installing: /home/ayasx9/FSAI26/FSAI25_perception/fs-system-26/Perception/ros2_ws/asurt_msgs/install/asurt_msgs/include/asurt_msgs/asurt_msgs/msg/detail/cloud_info__traits.hpp
[21.558s] -- Installing: /home/ayasx9/FSAI26/FSAI25_perception/fs-system-26/Perception/ros2_ws/asurt_msgs/install/asurt_msgs/include/asurt_msgs/asurt_msgs/msg/detail/cone_img__traits.hpp
[21.559s] -- Installing: /home/ayasx9/FSAI26/FSAI25_perception/fs-system-26/Perception/ros2_ws/asurt_msgs/install/asurt_msgs/include/asurt_msgs/asurt_msgs/msg/detail/cone_img_array__type_support.hpp
[21.559s] -- Installing: /home/ayasx9/FSAI26/FSAI25_perception/fs-system-26/Perception/ros2_ws/asurt_msgs/install/asurt_msgs/include/asurt_msgs/asurt_msgs/msg/detail/cone_img__type_support.hpp
[21.559s] -- Installing: /home/ayasx9/FSAI26/FSAI25_perception/fs-system-26/Perception/ros2_ws/asurt_msgs/install/asurt_msgs/include/asurt_msgs/asurt_msgs/msg/detail/node_status__struct.hpp
[21.559s] -- Installing: /home/ayasx9/FSAI26/FSAI25_perception/fs-system-26/Perception/ros2_ws/asurt_msgs/install/asurt_msgs/include/asurt_msgs/asurt_msgs/msg/landmark_array.hpp
[21.559s] -- Installing: /home/ayasx9/FSAI26/FSAI25_perception/fs-system-26/Perception/ros2_ws/asurt_msgs/install/asurt_msgs/include/asurt_msgs/asurt_msgs/msg/roadstate.hpp
[21.559s] -- Installing: /home/ayasx9/FSAI26/FSAI25_perception/fs-system-26/Perception/ros2_ws/asurt_msgs/install/asurt_msgs/include/asurt_msgs/asurt_msgs/msg/bounding_box.hpp
[21.559s] -- Installing: /home/ayasx9/FSAI26/FSAI25_perception/fs-system-26/Perception/ros2_ws/asurt_msgs/install/asurt_msgs/include/asurt_msgs/asurt_msgs/msg/rosidl_generator_cpp__visibility_control.hpp
[21.559s] -- Installing: /home/ayasx9/FSAI26/FSAI25_perception/fs-system-26/Perception/ros2_ws/asurt_msgs/install/asurt_msgs/include/asurt_msgs/asurt_msgs/msg/node_status.hpp
[21.559s] -- Installing: /home/ayasx9/FSAI26/FSAI25_perception/fs-system-26/Perception/ros2_ws/asurt_msgs/install/asurt_msgs/include/asurt_msgs/asurt_msgs/msg/landmark.hpp
[21.560s] -- Up-to-date: /home/ayasx9/FSAI26/FSAI25_perception/fs-system-26/Perception/ros2_ws/asurt_msgs/install/asurt_msgs/include/asurt_msgs/asurt_msgs
[21.560s] -- Up-to-date: /home/ayasx9/FSAI26/FSAI25_perception/fs-system-26/Perception/ros2_ws/asurt_msgs/install/asurt_msgs/include/asurt_msgs/asurt_msgs/msg
[21.560s] -- Up-to-date: /home/ayasx9/FSAI26/FSAI25_perception/fs-system-26/Perception/ros2_ws/asurt_msgs/install/asurt_msgs/include/asurt_msgs/asurt_msgs/msg/detail
[21.560s] -- Installing: /home/ayasx9/FSAI26/FSAI25_perception/fs-system-26/Perception/ros2_ws/asurt_msgs/install/asurt_msgs/include/asurt_msgs/asurt_msgs/msg/detail/cone_img_array__rosidl_typesupport_fastrtps_cpp.hpp
[21.560s] -- Installing: /home/ayasx9/FSAI26/FSAI25_perception/fs-system-26/Perception/ros2_ws/asurt_msgs/install/asurt_msgs/include/asurt_msgs/asurt_msgs/msg/detail/node_status__rosidl_typesupport_fastrtps_cpp.hpp
[21.560s] -- Installing: /home/ayasx9/FSAI26/FSAI25_perception/fs-system-26/Perception/ros2_ws/asurt_msgs/install/asurt_msgs/include/asurt_msgs/asurt_msgs/msg/detail/roadstate__rosidl_typesupport_fastrtps_cpp.hpp
[21.560s] -- Installing: /home/ayasx9/FSAI26/FSAI25_perception/fs-system-26/Perception/ros2_ws/asurt_msgs/install/asurt_msgs/include/asurt_msgs/asurt_msgs/msg/detail/bounding_boxes__rosidl_typesupport_fastrtps_cpp.hpp
[21.560s] -- Installing: /home/ayasx9/FSAI26/FSAI25_perception/fs-system-26/Perception/ros2_ws/asurt_msgs/install/asurt_msgs/include/asurt_msgs/asurt_msgs/msg/detail/dds_fastrtps
[21.560s] -- Installing: /home/ayasx9/FSAI26/FSAI25_perception/fs-system-26/Perception/ros2_ws/asurt_msgs/install/asurt_msgs/include/asurt_msgs/asurt_msgs/msg/detail/key_points__rosidl_typesupport_fastrtps_cpp.hpp
[21.560s] -- Installing: /home/ayasx9/FSAI26/FSAI25_perception/fs-system-26/Perception/ros2_ws/asurt_msgs/install/asurt_msgs/include/asurt_msgs/asurt_msgs/msg/detail/bounding_box__rosidl_typesupport_fastrtps_cpp.hpp
[21.561s] -- Installing: /home/ayasx9/FSAI26/FSAI25_perception/fs-system-26/Perception/ros2_ws/asurt_msgs/install/asurt_msgs/include/asurt_msgs/asurt_msgs/msg/detail/landmark__rosidl_typesupport_fastrtps_cpp.hpp
[21.561s] -- Installing: /home/ayasx9/FSAI26/FSAI25_perception/fs-system-26/Perception/ros2_ws/asurt_msgs/install/asurt_msgs/include/asurt_msgs/asurt_msgs/msg/detail/cloud_info__rosidl_typesupport_fastrtps_cpp.hpp
[21.561s] -- Installing: /home/ayasx9/FSAI26/FSAI25_perception/fs-system-26/Perception/ros2_ws/asurt_msgs/install/asurt_msgs/include/asurt_msgs/asurt_msgs/msg/detail/landmark_array__rosidl_typesupport_fastrtps_cpp.hpp
[21.561s] -- Installing: /home/ayasx9/FSAI26/FSAI25_perception/fs-system-26/Perception/ros2_ws/asurt_msgs/install/asurt_msgs/include/asurt_msgs/asurt_msgs/msg/detail/cone_img__rosidl_typesupport_fastrtps_cpp.hpp
[21.561s] -- Installing: /home/ayasx9/FSAI26/FSAI25_perception/fs-system-26/Perception/ros2_ws/asurt_msgs/install/asurt_msgs/include/asurt_msgs/asurt_msgs/msg/rosidl_typesupport_fastrtps_cpp__visibility_control.h
[21.561s] -- Installing: /home/ayasx9/FSAI26/FSAI25_perception/fs-system-26/Perception/ros2_ws/asurt_msgs/install/asurt_msgs/lib/libasurt_msgs__rosidl_typesupport_fastrtps_cpp.so
[21.562s] -- Set runtime path of "/home/ayasx9/FSAI26/FSAI25_perception/fs-system-26/Perception/ros2_ws/asurt_msgs/install/asurt_msgs/lib/libasurt_msgs__rosidl_typesupport_fastrtps_cpp.so" to ""
[21.562s] -- Up-to-date: /home/ayasx9/FSAI26/FSAI25_perception/fs-system-26/Perception/ros2_ws/asurt_msgs/install/asurt_msgs/include/asurt_msgs/asurt_msgs
[21.562s] -- Up-to-date: /home/ayasx9/FSAI26/FSAI25_perception/fs-system-26/Perception/ros2_ws/asurt_msgs/install/asurt_msgs/include/asurt_msgs/asurt_msgs/msg
[21.562s] -- Up-to-date: /home/ayasx9/FSAI26/FSAI25_perception/fs-system-26/Perception/ros2_ws/asurt_msgs/install/asurt_msgs/include/asurt_msgs/asurt_msgs/msg/detail
[21.562s] -- Installing: /home/ayasx9/FSAI26/FSAI25_perception/fs-system-26/Perception/ros2_ws/asurt_msgs/install/asurt_msgs/include/asurt_msgs/asurt_msgs/msg/detail/cloud_info__type_support.c
[21.562s] -- Installing: /home/ayasx9/FSAI26/FSAI25_perception/fs-system-26/Perception/ros2_ws/asurt_msgs/install/asurt_msgs/include/asurt_msgs/asurt_msgs/msg/detail/landmark_array__type_support.c
[21.562s] -- Installing: /home/ayasx9/FSAI26/FSAI25_perception/fs-system-26/Perception/ros2_ws/asurt_msgs/install/asurt_msgs/include/asurt_msgs/asurt_msgs/msg/detail/key_points__type_support.c
[21.562s] -- Installing: /home/ayasx9/FSAI26/FSAI25_perception/fs-system-26/Perception/ros2_ws/asurt_msgs/install/asurt_msgs/include/asurt_msgs/asurt_msgs/msg/detail/node_status__type_support.c
[21.563s] -- Installing: /home/ayasx9/FSAI26/FSAI25_perception/fs-system-26/Perception/ros2_ws/asurt_msgs/install/asurt_msgs/include/asurt_msgs/asurt_msgs/msg/detail/bounding_boxes__type_support.c
[21.563s] -- Installing: /home/ayasx9/FSAI26/FSAI25_perception/fs-system-26/Perception/ros2_ws/asurt_msgs/install/asurt_msgs/include/asurt_msgs/asurt_msgs/msg/detail/landmark__rosidl_typesupport_introspection_c.h
[21.563s] -- Installing: /home/ayasx9/FSAI26/FSAI25_perception/fs-system-26/Perception/ros2_ws/asurt_msgs/install/asurt_msgs/include/asurt_msgs/asurt_msgs/msg/detail/cone_img_array__rosidl_typesupport_introspection_c.h
[21.563s] -- Installing: /home/ayasx9/FSAI26/FSAI25_perception/fs-system-26/Perception/ros2_ws/asurt_msgs/install/asurt_msgs/include/asurt_msgs/asurt_msgs/msg/detail/bounding_box__rosidl_typesupport_introspection_c.h
[21.563s] -- Installing: /home/ayasx9/FSAI26/FSAI25_perception/fs-system-26/Perception/ros2_ws/asurt_msgs/install/asurt_msgs/include/asurt_msgs/asurt_msgs/msg/detail/bounding_boxes__rosidl_typesupport_introspection_c.h
[21.563s] -- Installing: /home/ayasx9/FSAI26/FSAI25_perception/fs-system-26/Perception/ros2_ws/asurt_msgs/install/asurt_msgs/include/asurt_msgs/asurt_msgs/msg/detail/roadstate__type_support.c
[21.563s] -- Installing: /home/ayasx9/FSAI26/FSAI25_perception/fs-system-26/Perception/ros2_ws/asurt_msgs/install/asurt_msgs/include/asurt_msgs/asurt_msgs/msg/detail/landmark_array__rosidl_typesupport_introspection_c.h
[21.564s] -- Installing: /home/ayasx9/FSAI26/FSAI25_perception/fs-system-26/Perception/ros2_ws/asurt_msgs/install/asurt_msgs/include/asurt_msgs/asurt_msgs/msg/detail/bounding_box__type_support.c
[21.564s] -- Installing: /home/ayasx9/FSAI26/FSAI25_perception/fs-system-26/Perception/ros2_ws/asurt_msgs/install/asurt_msgs/include/asurt_msgs/asurt_msgs/msg/detail/cone_img__rosidl_typesupport_introspection_c.h
[21.564s] -- Installing: /home/ayasx9/FSAI26/FSAI25_perception/fs-system-26/Perception/ros2_ws/asurt_msgs/install/asurt_msgs/include/asurt_msgs/asurt_msgs/msg/detail/roadstate__rosidl_typesupport_introspection_c.h
[21.564s] -- Installing: /home/ayasx9/FSAI26/FSAI25_perception/fs-system-26/Perception/ros2_ws/asurt_msgs/install/asurt_msgs/include/asurt_msgs/asurt_msgs/msg/detail/landmark__type_support.c
[21.564s] -- Installing: /home/ayasx9/FSAI26/FSAI25_perception/fs-system-26/Perception/ros2_ws/asurt_msgs/install/asurt_msgs/include/asurt_msgs/asurt_msgs/msg/detail/cone_img__type_support.c
[21.564s] -- Installing: /home/ayasx9/FSAI26/FSAI25_perception/fs-system-26/Perception/ros2_ws/asurt_msgs/install/asurt_msgs/include/asurt_msgs/asurt_msgs/msg/detail/key_points__rosidl_typesupport_introspection_c.h
[21.564s] -- Installing: /home/ayasx9/FSAI26/FSAI25_perception/fs-system-26/Perception/ros2_ws/asurt_msgs/install/asurt_msgs/include/asurt_msgs/asurt_msgs/msg/detail/cloud_info__rosidl_typesupport_introspection_c.h
[21.564s] -- Installing: /home/ayasx9/FSAI26/FSAI25_perception/fs-system-26/Perception/ros2_ws/asurt_msgs/install/asurt_msgs/include/asurt_msgs/asurt_msgs/msg/detail/cone_img_array__type_support.c
[21.565s] -- Installing: /home/ayasx9/FSAI26/FSAI25_perception/fs-system-26/Perception/ros2_ws/asurt_msgs/install/asurt_msgs/include/asurt_msgs/asurt_msgs/msg/detail/node_status__rosidl_typesupport_introspection_c.h
[21.565s] -- Installing: /home/ayasx9/FSAI26/FSAI25_perception/fs-system-26/Perception/ros2_ws/asurt_msgs/install/asurt_msgs/include/asurt_msgs/asurt_msgs/msg/rosidl_typesupport_introspection_c__visibility_control.h
[21.565s] -- Installing: /home/ayasx9/FSAI26/FSAI25_perception/fs-system-26/Perception/ros2_ws/asurt_msgs/install/asurt_msgs/lib/libasurt_msgs__rosidl_typesupport_introspection_c.so
[21.565s] -- Set runtime path of "/home/ayasx9/FSAI26/FSAI25_perception/fs-system-26/Perception/ros2_ws/asurt_msgs/install/asurt_msgs/lib/libasurt_msgs__rosidl_typesupport_introspection_c.so" to ""
[21.565s] -- Installing: /home/ayasx9/FSAI26/FSAI25_perception/fs-system-26/Perception/ros2_ws/asurt_msgs/install/asurt_msgs/lib/libasurt_msgs__rosidl_typesupport_c.so
[21.565s] -- Set runtime path of "/home/ayasx9/FSAI26/FSAI25_perception/fs-system-26/Perception/ros2_ws/asurt_msgs/install/asurt_msgs/lib/libasurt_msgs__rosidl_typesupport_c.so" to ""
[21.565s] -- Up-to-date: /home/ayasx9/FSAI26/FSAI25_perception/fs-system-26/Perception/ros2_ws/asurt_msgs/install/asurt_msgs/include/asurt_msgs/asurt_msgs
[21.566s] -- Up-to-date: /home/ayasx9/FSAI26/FSAI25_perception/fs-system-26/Perception/ros2_ws/asurt_msgs/install/asurt_msgs/include/asurt_msgs/asurt_msgs/msg
[21.566s] -- Up-to-date: /home/ayasx9/FSAI26/FSAI25_perception/fs-system-26/Perception/ros2_ws/asurt_msgs/install/asurt_msgs/include/asurt_msgs/asurt_msgs/msg/detail
[21.566s] -- Installing: /home/ayasx9/FSAI26/FSAI25_perception/fs-system-26/Perception/ros2_ws/asurt_msgs/install/asurt_msgs/include/asurt_msgs/asurt_msgs/msg/detail/landmark_array__type_support.cpp
[21.566s] -- Installing: /home/ayasx9/FSAI26/FSAI25_perception/fs-system-26/Perception/ros2_ws/asurt_msgs/install/asurt_msgs/include/asurt_msgs/asurt_msgs/msg/detail/cone_img__type_support.cpp
[21.566s] -- Installing: /home/ayasx9/FSAI26/FSAI25_perception/fs-system-26/Perception/ros2_ws/asurt_msgs/install/asurt_msgs/include/asurt_msgs/asurt_msgs/msg/detail/bounding_boxes__type_support.cpp
[21.566s] -- Installing: /home/ayasx9/FSAI26/FSAI25_perception/fs-system-26/Perception/ros2_ws/asurt_msgs/install/asurt_msgs/include/asurt_msgs/asurt_msgs/msg/detail/key_points__type_support.cpp
[21.567s] -- Installing: /home/ayasx9/FSAI26/FSAI25_perception/fs-system-26/Perception/ros2_ws/asurt_msgs/install/asurt_msgs/include/asurt_msgs/asurt_msgs/msg/detail/node_status__rosidl_typesupport_introspection_cpp.hpp
[21.567s] -- Installing: /home/ayasx9/FSAI26/FSAI25_perception/fs-system-26/Perception/ros2_ws/asurt_msgs/install/asurt_msgs/include/asurt_msgs/asurt_msgs/msg/detail/key_points__rosidl_typesupport_introspection_cpp.hpp
[21.567s] -- Installing: /home/ayasx9/FSAI26/FSAI25_perception/fs-system-26/Perception/ros2_ws/asurt_msgs/install/asurt_msgs/include/asurt_msgs/asurt_msgs/msg/detail/cloud_info__type_support.cpp
[21.567s] -- Installing: /home/ayasx9/FSAI26/FSAI25_perception/fs-system-26/Perception/ros2_ws/asurt_msgs/install/asurt_msgs/include/asurt_msgs/asurt_msgs/msg/detail/cone_img__rosidl_typesupport_introspection_cpp.hpp
[21.567s] -- Installing: /home/ayasx9/FSAI26/FSAI25_perception/fs-system-26/Perception/ros2_ws/asurt_msgs/install/asurt_msgs/include/asurt_msgs/asurt_msgs/msg/detail/roadstate__type_support.cpp
[21.567s] -- Installing: /home/ayasx9/FSAI26/FSAI25_perception/fs-system-26/Perception/ros2_ws/asurt_msgs/install/asurt_msgs/include/asurt_msgs/asurt_msgs/msg/detail/landmark__rosidl_typesupport_introspection_cpp.hpp
[21.567s] -- Installing: /home/ayasx9/FSAI26/FSAI25_perception/fs-system-26/Perception/ros2_ws/asurt_msgs/install/asurt_msgs/include/asurt_msgs/asurt_msgs/msg/detail/cone_img_array__rosidl_typesupport_introspection_cpp.hpp
[21.567s] -- Installing: /home/ayasx9/FSAI26/FSAI25_perception/fs-system-26/Perception/ros2_ws/asurt_msgs/install/asurt_msgs/include/asurt_msgs/asurt_msgs/msg/detail/bounding_box__rosidl_typesupport_introspection_cpp.hpp
[21.568s] -- Installing: /home/ayasx9/FSAI26/FSAI25_perception/fs-system-26/Perception/ros2_ws/asurt_msgs/install/asurt_msgs/include/asurt_msgs/asurt_msgs/msg/detail/landmark_array__rosidl_typesupport_introspection_cpp.hpp
[21.568s] -- Installing: /home/ayasx9/FSAI26/FSAI25_perception/fs-system-26/Perception/ros2_ws/asurt_msgs/install/asurt_msgs/include/asurt_msgs/asurt_msgs/msg/detail/bounding_boxes__rosidl_typesupport_introspection_cpp.hpp
[21.568s] -- Installing: /home/ayasx9/FSAI26/FSAI25_perception/fs-system-26/Perception/ros2_ws/asurt_msgs/install/asurt_msgs/include/asurt_msgs/asurt_msgs/msg/detail/cloud_info__rosidl_typesupport_introspection_cpp.hpp
[21.568s] -- Installing: /home/ayasx9/FSAI26/FSAI25_perception/fs-system-26/Perception/ros2_ws/asurt_msgs/install/asurt_msgs/include/asurt_msgs/asurt_msgs/msg/detail/bounding_box__type_support.cpp
[21.568s] -- Installing: /home/ayasx9/FSAI26/FSAI25_perception/fs-system-26/Perception/ros2_ws/asurt_msgs/install/asurt_msgs/include/asurt_msgs/asurt_msgs/msg/detail/landmark__type_support.cpp
[21.568s] -- Installing: /home/ayasx9/FSAI26/FSAI25_perception/fs-system-26/Perception/ros2_ws/asurt_msgs/install/asurt_msgs/include/asurt_msgs/asurt_msgs/msg/detail/roadstate__rosidl_typesupport_introspection_cpp.hpp
[21.568s] -- Installing: /home/ayasx9/FSAI26/FSAI25_perception/fs-system-26/Perception/ros2_ws/asurt_msgs/install/asurt_msgs/include/asurt_msgs/asurt_msgs/msg/detail/cone_img_array__type_support.cpp
[21.568s] -- Installing: /home/ayasx9/FSAI26/FSAI25_perception/fs-system-26/Perception/ros2_ws/asurt_msgs/install/asurt_msgs/include/asurt_msgs/asurt_msgs/msg/detail/node_status__type_support.cpp
[21.568s] -- Installing: /home/ayasx9/FSAI26/FSAI25_perception/fs-system-26/Perception/ros2_ws/asurt_msgs/install/asurt_msgs/lib/libasurt_msgs__rosidl_typesupport_introspection_cpp.so
[21.568s] -- Set runtime path of "/home/ayasx9/FSAI26/FSAI25_perception/fs-system-26/Perception/ros2_ws/asurt_msgs/install/asurt_msgs/lib/libasurt_msgs__rosidl_typesupport_introspection_cpp.so" to ""
[21.568s] -- Installing: /home/ayasx9/FSAI26/FSAI25_perception/fs-system-26/Perception/ros2_ws/asurt_msgs/install/asurt_msgs/lib/libasurt_msgs__rosidl_typesupport_cpp.so
[21.569s] -- Set runtime path of "/home/ayasx9/FSAI26/FSAI25_perception/fs-system-26/Perception/ros2_ws/asurt_msgs/install/asurt_msgs/lib/libasurt_msgs__rosidl_typesupport_cpp.so" to ""
[21.569s] -- Installing: /home/ayasx9/FSAI26/FSAI25_perception/fs-system-26/Perception/ros2_ws/asurt_msgs/install/asurt_msgs/share/asurt_msgs/environment/pythonpath.sh
[21.569s] -- Installing: /home/ayasx9/FSAI26/FSAI25_perception/fs-system-26/Perception/ros2_ws/asurt_msgs/install/asurt_msgs/share/asurt_msgs/environment/pythonpath.dsv
[21.569s] -- Installing: /home/ayasx9/FSAI26/FSAI25_perception/fs-system-26/Perception/ros2_ws/asurt_msgs/install/asurt_msgs/local/lib/python3.10/dist-packages/asurt_msgs-2.0.0-py3.10.egg-info
[21.570s] -- Installing: /home/ayasx9/FSAI26/FSAI25_perception/fs-system-26/Perception/ros2_ws/asurt_msgs/install/asurt_msgs/local/lib/python3.10/dist-packages/asurt_msgs-2.0.0-py3.10.egg-info/SOURCES.txt
[21.570s] -- Installing: /home/ayasx9/FSAI26/FSAI25_perception/fs-system-26/Perception/ros2_ws/asurt_msgs/install/asurt_msgs/local/lib/python3.10/dist-packages/asurt_msgs-2.0.0-py3.10.egg-info/PKG-INFO
[21.570s] -- Installing: /home/ayasx9/FSAI26/FSAI25_perception/fs-system-26/Perception/ros2_ws/asurt_msgs/install/asurt_msgs/local/lib/python3.10/dist-packages/asurt_msgs-2.0.0-py3.10.egg-info/top_level.txt
[21.570s] -- Installing: /home/ayasx9/FSAI26/FSAI25_perception/fs-system-26/Perception/ros2_ws/asurt_msgs/install/asurt_msgs/local/lib/python3.10/dist-packages/asurt_msgs-2.0.0-py3.10.egg-info/dependency_links.txt
[21.571s] -- Installing: /home/ayasx9/FSAI26/FSAI25_perception/fs-system-26/Perception/ros2_ws/asurt_msgs/install/asurt_msgs/local/lib/python3.10/dist-packages/asurt_msgs
[21.571s] -- Installing: /home/ayasx9/FSAI26/FSAI25_perception/fs-system-26/Perception/ros2_ws/asurt_msgs/install/asurt_msgs/local/lib/python3.10/dist-packages/asurt_msgs/asurt_msgs_s__rosidl_typesupport_c.cpython-310-x86_64-linux-gnu.so
[21.571s] -- Installing: /home/ayasx9/FSAI26/FSAI25_perception/fs-system-26/Perception/ros2_ws/asurt_msgs/install/asurt_msgs/local/lib/python3.10/dist-packages/asurt_msgs/libasurt_msgs__rosidl_generator_py.so
[21.571s] -- Installing: /home/ayasx9/FSAI26/FSAI25_perception/fs-system-26/Perception/ros2_ws/asurt_msgs/install/asurt_msgs/local/lib/python3.10/dist-packages/asurt_msgs/_asurt_msgs_s.ep.rosidl_typesupport_fastrtps_c.c
[21.571s] -- Installing: /home/ayasx9/FSAI26/FSAI25_perception/fs-system-26/Perception/ros2_ws/asurt_msgs/install/asurt_msgs/local/lib/python3.10/dist-packages/asurt_msgs/__init__.py
[21.572s] -- Installing: /home/ayasx9/FSAI26/FSAI25_perception/fs-system-26/Perception/ros2_ws/asurt_msgs/install/asurt_msgs/local/lib/python3.10/dist-packages/asurt_msgs/asurt_msgs_s__rosidl_typesupport_introspection_c.cpython-310-x86_64-linux-gnu.so
[21.572s] -- Installing: /home/ayasx9/FSAI26/FSAI25_perception/fs-system-26/Perception/ros2_ws/asurt_msgs/install/asurt_msgs/local/lib/python3.10/dist-packages/asurt_msgs/asurt_msgs_s__rosidl_typesupport_fastrtps_c.cpython-310-x86_64-linux-gnu.so
[21.572s] -- Installing: /home/ayasx9/FSAI26/FSAI25_perception/fs-system-26/Perception/ros2_ws/asurt_msgs/install/asurt_msgs/local/lib/python3.10/dist-packages/asurt_msgs/msg
[21.572s] -- Installing: /home/ayasx9/FSAI26/FSAI25_perception/fs-system-26/Perception/ros2_ws/asurt_msgs/install/asurt_msgs/local/lib/python3.10/dist-packages/asurt_msgs/msg/_landmark.py
[21.572s] -- Installing: /home/ayasx9/FSAI26/FSAI25_perception/fs-system-26/Perception/ros2_ws/asurt_msgs/install/asurt_msgs/local/lib/python3.10/dist-packages/asurt_msgs/msg/_bounding_boxes_s.c
[21.572s] -- Installing: /home/ayasx9/FSAI26/FSAI25_perception/fs-system-26/Perception/ros2_ws/asurt_msgs/install/asurt_msgs/local/lib/python3.10/dist-packages/asurt_msgs/msg/_roadstate_s.c
[21.573s] -- Installing: /home/ayasx9/FSAI26/FSAI25_perception/fs-system-26/Perception/ros2_ws/asurt_msgs/install/asurt_msgs/local/lib/python3.10/dist-packages/asurt_msgs/msg/_cloud_info_s.c
[21.573s] -- Installing: /home/ayasx9/FSAI26/FSAI25_perception/fs-system-26/Perception/ros2_ws/asurt_msgs/install/asurt_msgs/local/lib/python3.10/dist-packages/asurt_msgs/msg/_bounding_box.py
[21.573s] -- Installing: /home/ayasx9/FSAI26/FSAI25_perception/fs-system-26/Perception/ros2_ws/asurt_msgs/install/asurt_msgs/local/lib/python3.10/dist-packages/asurt_msgs/msg/_cone_img_array_s.c
[21.573s] -- Installing: /home/ayasx9/FSAI26/FSAI25_perception/fs-system-26/Perception/ros2_ws/asurt_msgs/install/asurt_msgs/local/lib/python3.10/dist-packages/asurt_msgs/msg/_bounding_boxes.py
[21.573s] -- Installing: /home/ayasx9/FSAI26/FSAI25_perception/fs-system-26/Perception/ros2_ws/asurt_msgs/install/asurt_msgs/local/lib/python3.10/dist-packages/asurt_msgs/msg/_key_points_s.c
[21.573s] -- Installing: /home/ayasx9/FSAI26/FSAI25_perception/fs-system-26/Perception/ros2_ws/asurt_msgs/install/asurt_msgs/local/lib/python3.10/dist-packages/asurt_msgs/msg/__init__.py
[21.573s] -- Installing: /home/ayasx9/FSAI26/FSAI25_perception/fs-system-26/Perception/ros2_ws/asurt_msgs/install/asurt_msgs/local/lib/python3.10/dist-packages/asurt_msgs/msg/_cone_img.py
[21.573s] -- Installing: /home/ayasx9/FSAI26/FSAI25_perception/fs-system-26/Perception/ros2_ws/asurt_msgs/install/asurt_msgs/local/lib/python3.10/dist-packages/asurt_msgs/msg/_cloud_info.py
[21.574s] -- Installing: /home/ayasx9/FSAI26/FSAI25_perception/fs-system-26/Perception/ros2_ws/asurt_msgs/install/asurt_msgs/local/lib/python3.10/dist-packages/asurt_msgs/msg/_landmark_array_s.c
[21.574s] -- Installing: /home/ayasx9/FSAI26/FSAI25_perception/fs-system-26/Perception/ros2_ws/asurt_msgs/install/asurt_msgs/local/lib/python3.10/dist-packages/asurt_msgs/msg/_key_points.py
[21.574s] -- Installing: /home/ayasx9/FSAI26/FSAI25_perception/fs-system-26/Perception/ros2_ws/asurt_msgs/install/asurt_msgs/local/lib/python3.10/dist-packages/asurt_msgs/msg/_cone_img_array.py
[21.574s] -- Installing: /home/ayasx9/FSAI26/FSAI25_perception/fs-system-26/Perception/ros2_ws/asurt_msgs/install/asurt_msgs/local/lib/python3.10/dist-packages/asurt_msgs/msg/_landmark_s.c
[21.574s] -- Installing: /home/ayasx9/FSAI26/FSAI25_perception/fs-system-26/Perception/ros2_ws/asurt_msgs/install/asurt_msgs/local/lib/python3.10/dist-packages/asurt_msgs/msg/_bounding_box_s.c
[21.574s] -- Installing: /home/ayasx9/FSAI26/FSAI25_perception/fs-system-26/Perception/ros2_ws/asurt_msgs/install/asurt_msgs/local/lib/python3.10/dist-packages/asurt_msgs/msg/_cone_img_s.c
[21.574s] -- Installing: /home/ayasx9/FSAI26/FSAI25_perception/fs-system-26/Perception/ros2_ws/asurt_msgs/install/asurt_msgs/local/lib/python3.10/dist-packages/asurt_msgs/msg/_landmark_array.py
[21.575s] -- Installing: /home/ayasx9/FSAI26/FSAI25_perception/fs-system-26/Perception/ros2_ws/asurt_msgs/install/asurt_msgs/local/lib/python3.10/dist-packages/asurt_msgs/msg/_node_status_s.c
[21.575s] -- Installing: /home/ayasx9/FSAI26/FSAI25_perception/fs-system-26/Perception/ros2_ws/asurt_msgs/install/asurt_msgs/local/lib/python3.10/dist-packages/asurt_msgs/msg/_roadstate.py
[21.575s] -- Installing: /home/ayasx9/FSAI26/FSAI25_perception/fs-system-26/Perception/ros2_ws/asurt_msgs/install/asurt_msgs/local/lib/python3.10/dist-packages/asurt_msgs/msg/_node_status.py
[21.575s] -- Installing: /home/ayasx9/FSAI26/FSAI25_perception/fs-system-26/Perception/ros2_ws/asurt_msgs/install/asurt_msgs/local/lib/python3.10/dist-packages/asurt_msgs/_asurt_msgs_s.ep.rosidl_typesupport_c.c
[21.575s] -- Installing: /home/ayasx9/FSAI26/FSAI25_perception/fs-system-26/Perception/ros2_ws/asurt_msgs/install/asurt_msgs/local/lib/python3.10/dist-packages/asurt_msgs/_asurt_msgs_s.ep.rosidl_typesupport_introspection_c.c
[21.612s] Listing '/home/ayasx9/FSAI26/FSAI25_perception/fs-system-26/Perception/ros2_ws/asurt_msgs/install/asurt_msgs/local/lib/python3.10/dist-packages/asurt_msgs'...
[21.612s] Compiling '/home/ayasx9/FSAI26/FSAI25_perception/fs-system-26/Perception/ros2_ws/asurt_msgs/install/asurt_msgs/local/lib/python3.10/dist-packages/asurt_msgs/__init__.py'...
[21.612s] Listing '/home/ayasx9/FSAI26/FSAI25_perception/fs-system-26/Perception/ros2_ws/asurt_msgs/install/asurt_msgs/local/lib/python3.10/dist-packages/asurt_msgs/msg'...
[21.612s] Compiling '/home/ayasx9/FSAI26/FSAI25_perception/fs-system-26/Perception/ros2_ws/asurt_msgs/install/asurt_msgs/local/lib/python3.10/dist-packages/asurt_msgs/msg/__init__.py'...
[21.613s] Compiling '/home/ayasx9/FSAI26/FSAI25_perception/fs-system-26/Perception/ros2_ws/asurt_msgs/install/asurt_msgs/local/lib/python3.10/dist-packages/asurt_msgs/msg/_bounding_box.py'...
[21.613s] Compiling '/home/ayasx9/FSAI26/FSAI25_perception/fs-system-26/Perception/ros2_ws/asurt_msgs/install/asurt_msgs/local/lib/python3.10/dist-packages/asurt_msgs/msg/_bounding_boxes.py'...
[21.613s] Compiling '/home/ayasx9/FSAI26/FSAI25_perception/fs-system-26/Perception/ros2_ws/asurt_msgs/install/asurt_msgs/local/lib/python3.10/dist-packages/asurt_msgs/msg/_cloud_info.py'...
[21.613s] Compiling '/home/ayasx9/FSAI26/FSAI25_perception/fs-system-26/Perception/ros2_ws/asurt_msgs/install/asurt_msgs/local/lib/python3.10/dist-packages/asurt_msgs/msg/_cone_img.py'...
[21.613s] Compiling '/home/ayasx9/FSAI26/FSAI25_perception/fs-system-26/Perception/ros2_ws/asurt_msgs/install/asurt_msgs/local/lib/python3.10/dist-packages/asurt_msgs/msg/_cone_img_array.py'...
[21.613s] Compiling '/home/ayasx9/FSAI26/FSAI25_perception/fs-system-26/Perception/ros2_ws/asurt_msgs/install/asurt_msgs/local/lib/python3.10/dist-packages/asurt_msgs/msg/_key_points.py'...
[21.613s] Compiling '/home/ayasx9/FSAI26/FSAI25_perception/fs-system-26/Perception/ros2_ws/asurt_msgs/install/asurt_msgs/local/lib/python3.10/dist-packages/asurt_msgs/msg/_landmark.py'...
[21.613s] Compiling '/home/ayasx9/FSAI26/FSAI25_perception/fs-system-26/Perception/ros2_ws/asurt_msgs/install/asurt_msgs/local/lib/python3.10/dist-packages/asurt_msgs/msg/_landmark_array.py'...
[21.613s] Compiling '/home/ayasx9/FSAI26/FSAI25_perception/fs-system-26/Perception/ros2_ws/asurt_msgs/install/asurt_msgs/local/lib/python3.10/dist-packages/asurt_msgs/msg/_node_status.py'...
[21.613s] Compiling '/home/ayasx9/FSAI26/FSAI25_perception/fs-system-26/Perception/ros2_ws/asurt_msgs/install/asurt_msgs/local/lib/python3.10/dist-packages/asurt_msgs/msg/_roadstate.py'...
[21.617s] -- Installing: /home/ayasx9/FSAI26/FSAI25_perception/fs-system-26/Perception/ros2_ws/asurt_msgs/install/asurt_msgs/local/lib/python3.10/dist-packages/asurt_msgs/asurt_msgs_s__rosidl_typesupport_fastrtps_c.cpython-310-x86_64-linux-gnu.so
[21.617s] -- Set runtime path of "/home/ayasx9/FSAI26/FSAI25_perception/fs-system-26/Perception/ros2_ws/asurt_msgs/install/asurt_msgs/local/lib/python3.10/dist-packages/asurt_msgs/asurt_msgs_s__rosidl_typesupport_fastrtps_c.cpython-310-x86_64-linux-gnu.so" to ""
[21.617s] -- Installing: /home/ayasx9/FSAI26/FSAI25_perception/fs-system-26/Perception/ros2_ws/asurt_msgs/install/asurt_msgs/local/lib/python3.10/dist-packages/asurt_msgs/asurt_msgs_s__rosidl_typesupport_introspection_c.cpython-310-x86_64-linux-gnu.so
[21.617s] -- Set runtime path of "/home/ayasx9/FSAI26/FSAI25_perception/fs-system-26/Perception/ros2_ws/asurt_msgs/install/asurt_msgs/local/lib/python3.10/dist-packages/asurt_msgs/asurt_msgs_s__rosidl_typesupport_introspection_c.cpython-310-x86_64-linux-gnu.so" to ""
[21.618s] -- Installing: /home/ayasx9/FSAI26/FSAI25_perception/fs-system-26/Perception/ros2_ws/asurt_msgs/install/asurt_msgs/local/lib/python3.10/dist-packages/asurt_msgs/asurt_msgs_s__rosidl_typesupport_c.cpython-310-x86_64-linux-gnu.so
[21.618s] -- Set runtime path of "/home/ayasx9/FSAI26/FSAI25_perception/fs-system-26/Perception/ros2_ws/asurt_msgs/install/asurt_msgs/local/lib/python3.10/dist-packages/asurt_msgs/asurt_msgs_s__rosidl_typesupport_c.cpython-310-x86_64-linux-gnu.so" to ""
[21.618s] -- Installing: /home/ayasx9/FSAI26/FSAI25_perception/fs-system-26/Perception/ros2_ws/asurt_msgs/install/asurt_msgs/lib/libasurt_msgs__rosidl_generator_py.so
[21.618s] -- Set runtime path of "/home/ayasx9/FSAI26/FSAI25_perception/fs-system-26/Perception/ros2_ws/asurt_msgs/install/asurt_msgs/lib/libasurt_msgs__rosidl_generator_py.so" to ""
[21.619s] -- Installing: /home/ayasx9/FSAI26/FSAI25_perception/fs-system-26/Perception/ros2_ws/asurt_msgs/install/asurt_msgs/share/asurt_msgs/msg/Landmark.idl
[21.619s] -- Installing: /home/ayasx9/FSAI26/FSAI25_perception/fs-system-26/Perception/ros2_ws/asurt_msgs/install/asurt_msgs/share/asurt_msgs/msg/LandmarkArray.idl
[21.619s] -- Installing: /home/ayasx9/FSAI26/FSAI25_perception/fs-system-26/Perception/ros2_ws/asurt_msgs/install/asurt_msgs/share/asurt_msgs/msg/NodeStatus.idl
[21.619s] -- Installing: /home/ayasx9/FSAI26/FSAI25_perception/fs-system-26/Perception/ros2_ws/asurt_msgs/install/asurt_msgs/share/asurt_msgs/msg/Roadstate.idl
[21.619s] -- Installing: /home/ayasx9/FSAI26/FSAI25_perception/fs-system-26/Perception/ros2_ws/asurt_msgs/install/asurt_msgs/share/asurt_msgs/msg/CloudInfo.idl
[21.620s] -- Installing: /home/ayasx9/FSAI26/FSAI25_perception/fs-system-26/Perception/ros2_ws/asurt_msgs/install/asurt_msgs/share/asurt_msgs/msg/BoundingBox.idl
[21.620s] -- Installing: /home/ayasx9/FSAI26/FSAI25_perception/fs-system-26/Perception/ros2_ws/asurt_msgs/install/asurt_msgs/share/asurt_msgs/msg/BoundingBoxes.idl
[21.620s] -- Installing: /home/ayasx9/FSAI26/FSAI25_perception/fs-system-26/Perception/ros2_ws/asurt_msgs/install/asurt_msgs/share/asurt_msgs/msg/ConeImg.idl
[21.620s] -- Installing: /home/ayasx9/FSAI26/FSAI25_perception/fs-system-26/Perception/ros2_ws/asurt_msgs/install/asurt_msgs/share/asurt_msgs/msg/ConeImgArray.idl
[21.620s] -- Installing: /home/ayasx9/FSAI26/FSAI25_perception/fs-system-26/Perception/ros2_ws/asurt_msgs/install/asurt_msgs/share/asurt_msgs/msg/KeyPoints.idl
[21.620s] -- Installing: /home/ayasx9/FSAI26/FSAI25_perception/fs-system-26/Perception/ros2_ws/asurt_msgs/install/asurt_msgs/share/asurt_msgs/msg/Landmark.msg
[21.621s] -- Installing: /home/ayasx9/FSAI26/FSAI25_perception/fs-system-26/Perception/ros2_ws/asurt_msgs/install/asurt_msgs/share/asurt_msgs/msg/LandmarkArray.msg
[21.621s] -- Installing: /home/ayasx9/FSAI26/FSAI25_perception/fs-system-26/Perception/ros2_ws/asurt_msgs/install/asurt_msgs/share/asurt_msgs/msg/NodeStatus.msg
[21.621s] -- Installing: /home/ayasx9/FSAI26/FSAI25_perception/fs-system-26/Perception/ros2_ws/asurt_msgs/install/asurt_msgs/share/asurt_msgs/msg/Roadstate.msg
[21.621s] -- Installing: /home/ayasx9/FSAI26/FSAI25_perception/fs-system-26/Perception/ros2_ws/asurt_msgs/install/asurt_msgs/share/asurt_msgs/msg/CloudInfo.msg
[21.621s] -- Installing: /home/ayasx9/FSAI26/FSAI25_perception/fs-system-26/Perception/ros2_ws/asurt_msgs/install/asurt_msgs/share/asurt_msgs/msg/BoundingBox.msg
[21.621s] -- Installing: /home/ayasx9/FSAI26/FSAI25_perception/fs-system-26/Perception/ros2_ws/asurt_msgs/install/asurt_msgs/share/asurt_msgs/msg/BoundingBoxes.msg
[21.622s] -- Installing: /home/ayasx9/FSAI26/FSAI25_perception/fs-system-26/Perception/ros2_ws/asurt_msgs/install/asurt_msgs/share/asurt_msgs/msg/ConeImg.msg
[21.622s] -- Installing: /home/ayasx9/FSAI26/FSAI25_perception/fs-system-26/Perception/ros2_ws/asurt_msgs/install/asurt_msgs/share/asurt_msgs/msg/ConeImgArray.msg
[21.622s] -- Installing: /home/ayasx9/FSAI26/FSAI25_perception/fs-system-26/Perception/ros2_ws/asurt_msgs/install/asurt_msgs/share/asurt_msgs/msg/KeyPoints.msg
[21.622s] -- Installing: /home/ayasx9/FSAI26/FSAI25_perception/fs-system-26/Perception/ros2_ws/asurt_msgs/install/asurt_msgs/share/ament_index/resource_index/package_run_dependencies/asurt_msgs
[21.623s] -- Installing: /home/ayasx9/FSAI26/FSAI25_perception/fs-system-26/Perception/ros2_ws/asurt_msgs/install/asurt_msgs/share/ament_index/resource_index/parent_prefix_path/asurt_msgs
[21.623s] -- Installing: /home/ayasx9/FSAI26/FSAI25_perception/fs-system-26/Perception/ros2_ws/asurt_msgs/install/asurt_msgs/share/asurt_msgs/environment/ament_prefix_path.sh
[21.623s] -- Installing: /home/ayasx9/FSAI26/FSAI25_perception/fs-system-26/Perception/ros2_ws/asurt_msgs/install/asurt_msgs/share/asurt_msgs/environment/ament_prefix_path.dsv
[21.623s] -- Installing: /home/ayasx9/FSAI26/FSAI25_perception/fs-system-26/Perception/ros2_ws/asurt_msgs/install/asurt_msgs/share/asurt_msgs/environment/path.sh
[21.623s] -- Installing: /home/ayasx9/FSAI26/FSAI25_perception/fs-system-26/Perception/ros2_ws/asurt_msgs/install/asurt_msgs/share/asurt_msgs/environment/path.dsv
[21.624s] -- Installing: /home/ayasx9/FSAI26/FSAI25_perception/fs-system-26/Perception/ros2_ws/asurt_msgs/install/asurt_msgs/share/asurt_msgs/local_setup.bash
[21.624s] -- Installing: /home/ayasx9/FSAI26/FSAI25_perception/fs-system-26/Perception/ros2_ws/asurt_msgs/install/asurt_msgs/share/asurt_msgs/local_setup.sh
[21.624s] -- Installing: /home/ayasx9/FSAI26/FSAI25_perception/fs-system-26/Perception/ros2_ws/asurt_msgs/install/asurt_msgs/share/asurt_msgs/local_setup.zsh
[21.624s] -- Installing: /home/ayasx9/FSAI26/FSAI25_perception/fs-system-26/Perception/ros2_ws/asurt_msgs/install/asurt_msgs/share/asurt_msgs/local_setup.dsv
[21.625s] -- Installing: /home/ayasx9/FSAI26/FSAI25_perception/fs-system-26/Perception/ros2_ws/asurt_msgs/install/asurt_msgs/share/asurt_msgs/package.dsv
[21.625s] -- Installing: /home/ayasx9/FSAI26/FSAI25_perception/fs-system-26/Perception/ros2_ws/asurt_msgs/install/asurt_msgs/share/ament_index/resource_index/packages/asurt_msgs
[21.626s] -- Installing: /home/ayasx9/FSAI26/FSAI25_perception/fs-system-26/Perception/ros2_ws/asurt_msgs/install/asurt_msgs/share/asurt_msgs/cmake/export_asurt_msgs__rosidl_generator_cExport.cmake
[21.626s] -- Installing: /home/ayasx9/FSAI26/FSAI25_perception/fs-system-26/Perception/ros2_ws/asurt_msgs/install/asurt_msgs/share/asurt_msgs/cmake/export_asurt_msgs__rosidl_generator_cExport-noconfig.cmake
[21.626s] -- Installing: /home/ayasx9/FSAI26/FSAI25_perception/fs-system-26/Perception/ros2_ws/asurt_msgs/install/asurt_msgs/share/asurt_msgs/cmake/export_asurt_msgs__rosidl_typesupport_fastrtps_cExport.cmake
[21.627s] -- Installing: /home/ayasx9/FSAI26/FSAI25_perception/fs-system-26/Perception/ros2_ws/asurt_msgs/install/asurt_msgs/share/asurt_msgs/cmake/export_asurt_msgs__rosidl_typesupport_fastrtps_cExport-noconfig.cmake
[21.627s] -- Installing: /home/ayasx9/FSAI26/FSAI25_perception/fs-system-26/Perception/ros2_ws/asurt_msgs/install/asurt_msgs/share/asurt_msgs/cmake/export_asurt_msgs__rosidl_generator_cppExport.cmake
[21.627s] -- Installing: /home/ayasx9/FSAI26/FSAI25_perception/fs-system-26/Perception/ros2_ws/asurt_msgs/install/asurt_msgs/share/asurt_msgs/cmake/export_asurt_msgs__rosidl_typesupport_fastrtps_cppExport.cmake
[21.628s] -- Installing: /home/ayasx9/FSAI26/FSAI25_perception/fs-system-26/Perception/ros2_ws/asurt_msgs/install/asurt_msgs/share/asurt_msgs/cmake/export_asurt_msgs__rosidl_typesupport_fastrtps_cppExport-noconfig.cmake
[21.628s] -- Installing: /home/ayasx9/FSAI26/FSAI25_perception/fs-system-26/Perception/ros2_ws/asurt_msgs/install/asurt_msgs/share/asurt_msgs/cmake/asurt_msgs__rosidl_typesupport_introspection_cExport.cmake
[21.629s] -- Installing: /home/ayasx9/FSAI26/FSAI25_perception/fs-system-26/Perception/ros2_ws/asurt_msgs/install/asurt_msgs/share/asurt_msgs/cmake/asurt_msgs__rosidl_typesupport_introspection_cExport-noconfig.cmake
[21.629s] -- Installing: /home/ayasx9/FSAI26/FSAI25_perception/fs-system-26/Perception/ros2_ws/asurt_msgs/install/asurt_msgs/share/asurt_msgs/cmake/asurt_msgs__rosidl_typesupport_cExport.cmake
[21.629s] -- Installing: /home/ayasx9/FSAI26/FSAI25_perception/fs-system-26/Perception/ros2_ws/asurt_msgs/install/asurt_msgs/share/asurt_msgs/cmake/asurt_msgs__rosidl_typesupport_cExport-noconfig.cmake
[21.630s] -- Installing: /home/ayasx9/FSAI26/FSAI25_perception/fs-system-26/Perception/ros2_ws/asurt_msgs/install/asurt_msgs/share/asurt_msgs/cmake/asurt_msgs__rosidl_typesupport_introspection_cppExport.cmake
[21.630s] -- Installing: /home/ayasx9/FSAI26/FSAI25_perception/fs-system-26/Perception/ros2_ws/asurt_msgs/install/asurt_msgs/share/asurt_msgs/cmake/asurt_msgs__rosidl_typesupport_introspection_cppExport-noconfig.cmake
[21.630s] -- Installing: /home/ayasx9/FSAI26/FSAI25_perception/fs-system-26/Perception/ros2_ws/asurt_msgs/install/asurt_msgs/share/asurt_msgs/cmake/asurt_msgs__rosidl_typesupport_cppExport.cmake
[21.630s] -- Installing: /home/ayasx9/FSAI26/FSAI25_perception/fs-system-26/Perception/ros2_ws/asurt_msgs/install/asurt_msgs/share/asurt_msgs/cmake/asurt_msgs__rosidl_typesupport_cppExport-noconfig.cmake
[21.631s] -- Installing: /home/ayasx9/FSAI26/FSAI25_perception/fs-system-26/Perception/ros2_ws/asurt_msgs/install/asurt_msgs/share/asurt_msgs/cmake/export_asurt_msgs__rosidl_generator_pyExport.cmake
[21.631s] -- Installing: /home/ayasx9/FSAI26/FSAI25_perception/fs-system-26/Perception/ros2_ws/asurt_msgs/install/asurt_msgs/share/asurt_msgs/cmake/export_asurt_msgs__rosidl_generator_pyExport-noconfig.cmake
[21.632s] -- Installing: /home/ayasx9/FSAI26/FSAI25_perception/fs-system-26/Perception/ros2_ws/asurt_msgs/install/asurt_msgs/share/asurt_msgs/cmake/rosidl_cmake-extras.cmake
[21.632s] -- Installing: /home/ayasx9/FSAI26/FSAI25_perception/fs-system-26/Perception/ros2_ws/asurt_msgs/install/asurt_msgs/share/asurt_msgs/cmake/ament_cmake_export_dependencies-extras.cmake
[21.632s] -- Installing: /home/ayasx9/FSAI26/FSAI25_perception/fs-system-26/Perception/ros2_ws/asurt_msgs/install/asurt_msgs/share/asurt_msgs/cmake/ament_cmake_export_include_directories-extras.cmake
[21.633s] -- Installing: /home/ayasx9/FSAI26/FSAI25_perception/fs-system-26/Perception/ros2_ws/asurt_msgs/install/asurt_msgs/share/asurt_msgs/cmake/ament_cmake_export_libraries-extras.cmake
[21.634s] -- Installing: /home/ayasx9/FSAI26/FSAI25_perception/fs-system-26/Perception/ros2_ws/asurt_msgs/install/asurt_msgs/share/asurt_msgs/cmake/ament_cmake_export_targets-extras.cmake
[21.634s] -- Installing: /home/ayasx9/FSAI26/FSAI25_perception/fs-system-26/Perception/ros2_ws/asurt_msgs/install/asurt_msgs/share/asurt_msgs/cmake/rosidl_cmake_export_typesupport_targets-extras.cmake
[21.634s] -- Installing: /home/ayasx9/FSAI26/FSAI25_perception/fs-system-26/Perception/ros2_ws/asurt_msgs/install/asurt_msgs/share/asurt_msgs/cmake/rosidl_cmake_export_typesupport_libraries-extras.cmake
[21.635s] -- Installing: /home/ayasx9/FSAI26/FSAI25_perception/fs-system-26/Perception/ros2_ws/asurt_msgs/install/asurt_msgs/share/asurt_msgs/cmake/asurt_msgsConfig.cmake
[21.635s] -- Installing: /home/ayasx9/FSAI26/FSAI25_perception/fs-system-26/Perception/ros2_ws/asurt_msgs/install/asurt_msgs/share/asurt_msgs/cmake/asurt_msgsConfig-version.cmake
[21.635s] -- Installing: /home/ayasx9/FSAI26/FSAI25_perception/fs-system-26/Perception/ros2_ws/asurt_msgs/install/asurt_msgs/share/asurt_msgs/package.xml
[21.638s] Invoked command in '/home/ayasx9/FSAI26/FSAI25_perception/fs-system-26/Perception/ros2_ws/asurt_msgs/build/asurt_msgs' returned '0': CMAKE_PREFIX_PATH=${CMAKE_PREFIX_PATH}:/home/ayasx9/arl_workshop/turtle_proj1/install/project_nodes:/home/ayasx9/ros2_proj1/install/my_turtle_proj:/opt/ros/humble /usr/bin/cmake --install /home/ayasx9/FSAI26/FSAI25_perception/fs-system-26/Perception/ros2_ws/asurt_msgs/build/asurt_msgs
