[0.254s] [34mcolcon[0m [1;30mDEBUG[0m [32mCommand line arguments: ['/usr/bin/colcon', 'build', '--packages-select', 'tf_helper'][0m
[0.255s] [34mcolcon[0m [1;30mDEBUG[0m [32mParsed command line arguments: Namespace(log_base=None, log_level=None, verb_name='build', build_base='build', install_base='install', merge_install=False, symlink_install=False, test_result_base=None, continue_on_error=False, executor='parallel', parallel_workers=12, event_handlers=None, ignore_user_meta=False, metas=['./colcon.meta'], base_paths=['.'], packages_ignore=None, packages_ignore_regex=None, paths=None, packages_up_to=None, packages_up_to_regex=None, packages_above=None, packages_above_and_dependencies=None, packages_above_depth=None, packages_select_by_dep=None, packages_skip_by_dep=None, packages_skip_up_to=None, packages_select_build_failed=False, packages_skip_build_finished=False, packages_select_test_failures=False, packages_skip_test_passed=False, packages_select=['tf_helper'], packages_skip=None, packages_select_regex=None, packages_skip_regex=None, packages_start=None, packages_end=None, allow_overriding=[], cmake_args=None, cmake_target=None, cmake_target_skip_unavailable=False, cmake_clean_cache=False, cmake_clean_first=False, cmake_force_configure=False, ament_cmake_args=None, catkin_cmake_args=None, catkin_skip_building_tests=False, verb_parser=<colcon_defaults.argument_parser.defaults.DefaultArgumentsDecorator object at 0x760db9e03f70>, verb_extension=<colcon_core.verb.build.BuildVerb object at 0x760db9e03a60>, main=<bound method BuildVerb.main of <colcon_core.verb.build.BuildVerb object at 0x760db9e03a60>>)[0m
[0.352s] [34mcolcon.colcon_core.package_discovery[0m [1;30mLevel 1[0m discover_packages(colcon_meta) check parameters
[0.352s] [34mcolcon.colcon_core.package_discovery[0m [1;30mLevel 1[0m discover_packages(recursive) check parameters
[0.352s] [34mcolcon.colcon_core.package_discovery[0m [1;30mLevel 1[0m discover_packages(ignore) check parameters
[0.352s] [34mcolcon.colcon_core.package_discovery[0m [1;30mLevel 1[0m discover_packages(path) check parameters
[0.352s] [34mcolcon.colcon_core.package_discovery[0m [1;30mLevel 1[0m discover_packages(colcon_meta) discover
[0.352s] [34mcolcon.colcon_core.package_discovery[0m [1;30mLevel 1[0m discover_packages(recursive) discover
[0.352s] [34mcolcon.colcon_core.package_discovery[0m [1;30mINFO[0m Crawling recursively for packages in '/home/ayasx9/FSAI26/FSAI25_perception/fs-system-26/Perception/ros2_ws/tf_helper'
[0.352s] [34mcolcon.colcon_core.package_identification[0m [1;30mLevel 1[0m _identify(.) by extensions ['ignore', 'ignore_ament_install']
[0.352s] [34mcolcon.colcon_core.package_identification[0m [1;30mLevel 1[0m _identify(.) by extension 'ignore'
[0.352s] [34mcolcon.colcon_core.package_identification[0m [1;30mLevel 1[0m _identify(.) by extension 'ignore_ament_install'
[0.352s] [34mcolcon.colcon_core.package_identification[0m [1;30mLevel 1[0m _identify(.) by extensions ['colcon_pkg']
[0.352s] [34mcolcon.colcon_core.package_identification[0m [1;30mLevel 1[0m _identify(.) by extension 'colcon_pkg'
[0.352s] [34mcolcon.colcon_core.package_identification[0m [1;30mLevel 1[0m _identify(.) by extensions ['colcon_meta']
[0.352s] [34mcolcon.colcon_core.package_identification[0m [1;30mLevel 1[0m _identify(.) by extension 'colcon_meta'
[0.352s] [34mcolcon.colcon_core.package_identification[0m [1;30mLevel 1[0m _identify(.) by extensions ['ros']
[0.353s] [34mcolcon.colcon_core.package_identification[0m [1;30mLevel 1[0m _identify(.) by extension 'ros'
[0.378s] [34mcolcon.colcon_core.package_identification[0m [1;30mDEBUG[0m [32mPackage '.' with type 'ros.ament_python' and name 'tf_helper'[0m
[0.378s] [34mcolcon.colcon_core.package_discovery[0m [1;30mLevel 1[0m discover_packages(recursive) using defaults
[0.378s] [34mcolcon.colcon_core.package_discovery[0m [1;30mLevel 1[0m discover_packages(ignore) discover
[0.378s] [34mcolcon.colcon_core.package_discovery[0m [1;30mLevel 1[0m discover_packages(ignore) using defaults
[0.378s] [34mcolcon.colcon_core.package_discovery[0m [1;30mLevel 1[0m discover_packages(path) discover
[0.378s] [34mcolcon.colcon_core.package_discovery[0m [1;30mLevel 1[0m discover_packages(path) using defaults
[0.395s] [34mcolcon.colcon_core.package_discovery[0m [1;30mLevel 1[0m discover_packages(prefix_path) check parameters
[0.395s] [34mcolcon.colcon_core.package_discovery[0m [1;30mLevel 1[0m discover_packages(prefix_path) discover
[0.400s] [34mcolcon.colcon_installed_package_information.package_discovery[0m [1;30mDEBUG[0m [32mFound 6 installed packages in /home/ayasx9/FSAI26/FSAI25_perception/fs-system-26/Perception/ros2_ws/install[0m
[0.401s] [34mcolcon.colcon_installed_package_information.package_discovery[0m [1;30mDEBUG[0m [32mFound 2 installed packages in /home/ayasx9/arl_workshop/turtle_proj1/install[0m
[0.401s] [34mcolcon.colcon_installed_package_information.package_discovery[0m [1;30mDEBUG[0m [32mFound 1 installed packages in /home/ayasx9/ros2_proj1/install[0m
[0.402s] [34mcolcon.colcon_installed_package_information.package_discovery[0m [1;30mDEBUG[0m [32mFound 269 installed packages in /opt/ros/humble[0m
[0.403s] [34mcolcon.colcon_core.package_discovery[0m [1;30mLevel 1[0m discover_packages(prefix_path) using defaults
[0.492s] [34mcolcon.colcon_core.package_selection[0m [1;30mWARNING[0m [33mSome selected packages are already built in one or more underlay workspaces:
	'tf_helper' is in: /home/ayasx9/FSAI26/FSAI25_perception/fs-system-26/Perception/ros2_ws/install/tf_helper
If a package in a merged underlay workspace is overridden and it installs headers, then all packages in the overlay must sort their include directories by workspace order. Failure to do so may result in build failures or undefined behavior at run time.
If the overridden package is used by another package in any underlay, then the overriding package in the overlay must be API and ABI compatible or undefined behavior at run time may occur.

If you understand the risks and want to override a package anyways, add the following to the command line:
	--allow-overriding tf_helper

This may be promoted to an error in a future release of colcon-override-check.[0m
[0.493s] [34mcolcon.colcon_core.verb[0m [1;30mLevel 5[0m set package 'tf_helper' build argument 'cmake_args' from command line to 'None'
[0.493s] [34mcolcon.colcon_core.verb[0m [1;30mLevel 5[0m set package 'tf_helper' build argument 'cmake_target' from command line to 'None'
[0.493s] [34mcolcon.colcon_core.verb[0m [1;30mLevel 5[0m set package 'tf_helper' build argument 'cmake_target_skip_unavailable' from command line to 'False'
[0.493s] [34mcolcon.colcon_core.verb[0m [1;30mLevel 5[0m set package 'tf_helper' build argument 'cmake_clean_cache' from command line to 'False'
[0.493s] [34mcolcon.colcon_core.verb[0m [1;30mLevel 5[0m set package 'tf_helper' build argument 'cmake_clean_first' from command line to 'False'
[0.493s] [34mcolcon.colcon_core.verb[0m [1;30mLevel 5[0m set package 'tf_helper' build argument 'cmake_force_configure' from command line to 'False'
[0.493s] [34mcolcon.colcon_core.verb[0m [1;30mLevel 5[0m set package 'tf_helper' build argument 'ament_cmake_args' from command line to 'None'
[0.493s] [34mcolcon.colcon_core.verb[0m [1;30mLevel 5[0m set package 'tf_helper' build argument 'catkin_cmake_args' from command line to 'None'
[0.493s] [34mcolcon.colcon_core.verb[0m [1;30mLevel 5[0m set package 'tf_helper' build argument 'catkin_skip_building_tests' from command line to 'False'
[0.493s] [34mcolcon.colcon_core.verb[0m [1;30mDEBUG[0m [32mBuilding package 'tf_helper' with the following arguments: {'ament_cmake_args': None, 'build_base': '/home/ayasx9/FSAI26/FSAI25_perception/fs-system-26/Perception/ros2_ws/tf_helper/build/tf_helper', 'catkin_cmake_args': None, 'catkin_skip_building_tests': False, 'cmake_args': None, 'cmake_clean_cache': False, 'cmake_clean_first': False, 'cmake_force_configure': False, 'cmake_target': None, 'cmake_target_skip_unavailable': False, 'install_base': '/home/ayasx9/FSAI26/FSAI25_perception/fs-system-26/Perception/ros2_ws/tf_helper/install/tf_helper', 'merge_install': False, 'path': '/home/ayasx9/FSAI26/FSAI25_perception/fs-system-26/Perception/ros2_ws/tf_helper', 'symlink_install': False, 'test_result_base': None}[0m
[0.493s] [34mcolcon.colcon_core.executor[0m [1;30mINFO[0m Executing jobs using 'parallel' executor
[0.494s] [34mcolcon.colcon_parallel_executor.executor.parallel[0m [1;30mDEBUG[0m [32mrun_until_complete[0m
[0.495s] [34mcolcon.colcon_ros.task.ament_python.build[0m [1;30mINFO[0m Building ROS package in '/home/ayasx9/FSAI26/FSAI25_perception/fs-system-26/Perception/ros2_ws/tf_helper' with build type 'ament_python'
[0.495s] [34mcolcon.colcon_core.shell[0m [1;30mLevel 1[0m create_environment_hook('tf_helper', 'ament_prefix_path')
[0.503s] [34mcolcon.colcon_core.plugin_system[0m [1;30mINFO[0m Skipping extension 'colcon_core.shell.bat': Not used on non-Windows systems
[0.503s] [34mcolcon.colcon_core.shell[0m [1;30mINFO[0m Creating environment hook '/home/ayasx9/FSAI26/FSAI25_perception/fs-system-26/Perception/ros2_ws/tf_helper/install/tf_helper/share/tf_helper/hook/ament_prefix_path.ps1'
[0.505s] [34mcolcon.colcon_core.shell[0m [1;30mINFO[0m Creating environment descriptor '/home/ayasx9/FSAI26/FSAI25_perception/fs-system-26/Perception/ros2_ws/tf_helper/install/tf_helper/share/tf_helper/hook/ament_prefix_path.dsv'
[0.506s] [34mcolcon.colcon_core.shell[0m [1;30mINFO[0m Creating environment hook '/home/ayasx9/FSAI26/FSAI25_perception/fs-system-26/Perception/ros2_ws/tf_helper/install/tf_helper/share/tf_helper/hook/ament_prefix_path.sh'
[0.507s] [34mcolcon.colcon_core.shell[0m [1;30mINFO[0m Skip shell extension 'powershell' for command environment: Not usable outside of PowerShell
[0.507s] [34mcolcon.colcon_core.shell[0m [1;30mDEBUG[0m [32mSkip shell extension 'dsv' for command environment[0m
[0.687s] [34mcolcon.colcon_core.task.python.build[0m [1;30mINFO[0m Building Python package in '/home/ayasx9/FSAI26/FSAI25_perception/fs-system-26/Perception/ros2_ws/tf_helper'
[0.687s] [34mcolcon.colcon_core.shell[0m [1;30mINFO[0m Skip shell extension 'powershell' for command environment: Not usable outside of PowerShell
[0.687s] [34mcolcon.colcon_core.shell[0m [1;30mDEBUG[0m [32mSkip shell extension 'dsv' for command environment[0m
[1.063s] [34mcolcon.colcon_core.event_handler.log_command[0m [1;30mDEBUG[0m [32mInvoking command in '/home/ayasx9/FSAI26/FSAI25_perception/fs-system-26/Perception/ros2_ws/tf_helper': PYTHONPATH=/home/ayasx9/FSAI26/FSAI25_perception/fs-system-26/Perception/ros2_ws/tf_helper/build/tf_helper/prefix_override:/usr/lib/python3/dist-packages/colcon_core/task/python/colcon_distutils_commands:/home/ayasx9/FSAI26/FSAI25_perception/fs-system-26/Perception/ros2_ws/tf_helper/install/tf_helper/lib/python3.10/site-packages:${PYTHONPATH} /usr/bin/python3 -W ignore:setup.py install is deprecated -W ignore:easy_install command is deprecated setup.py egg_info --egg-base build/tf_helper build --build-base /home/ayasx9/FSAI26/FSAI25_perception/fs-system-26/Perception/ros2_ws/tf_helper/build/tf_helper/build install --record /home/ayasx9/FSAI26/FSAI25_perception/fs-system-26/Perception/ros2_ws/tf_helper/build/tf_helper/install.log --single-version-externally-managed install_data[0m
[1.264s] [34mcolcon.colcon_core.event_handler.log_command[0m [1;30mDEBUG[0m [32mInvoked command in '/home/ayasx9/FSAI26/FSAI25_perception/fs-system-26/Perception/ros2_ws/tf_helper' returned '0': PYTHONPATH=/home/ayasx9/FSAI26/FSAI25_perception/fs-system-26/Perception/ros2_ws/tf_helper/build/tf_helper/prefix_override:/usr/lib/python3/dist-packages/colcon_core/task/python/colcon_distutils_commands:/home/ayasx9/FSAI26/FSAI25_perception/fs-system-26/Perception/ros2_ws/tf_helper/install/tf_helper/lib/python3.10/site-packages:${PYTHONPATH} /usr/bin/python3 -W ignore:setup.py install is deprecated -W ignore:easy_install command is deprecated setup.py egg_info --egg-base build/tf_helper build --build-base /home/ayasx9/FSAI26/FSAI25_perception/fs-system-26/Perception/ros2_ws/tf_helper/build/tf_helper/build install --record /home/ayasx9/FSAI26/FSAI25_perception/fs-system-26/Perception/ros2_ws/tf_helper/build/tf_helper/install.log --single-version-externally-managed install_data[0m
[1.269s] [34mcolcon.colcon_core.environment[0m [1;30mLevel 1[0m checking '/home/ayasx9/FSAI26/FSAI25_perception/fs-system-26/Perception/ros2_ws/tf_helper/install/tf_helper' for CMake module files
[1.269s] [34mcolcon.colcon_core.environment[0m [1;30mLevel 1[0m checking '/home/ayasx9/FSAI26/FSAI25_perception/fs-system-26/Perception/ros2_ws/tf_helper/install/tf_helper' for CMake config files
[1.270s] [34mcolcon.colcon_core.environment[0m [1;30mLevel 1[0m checking '/home/ayasx9/FSAI26/FSAI25_perception/fs-system-26/Perception/ros2_ws/tf_helper/install/tf_helper/lib'
[1.270s] [34mcolcon.colcon_core.environment[0m [1;30mLevel 1[0m checking '/home/ayasx9/FSAI26/FSAI25_perception/fs-system-26/Perception/ros2_ws/tf_helper/install/tf_helper/bin'
[1.270s] [34mcolcon.colcon_core.environment[0m [1;30mLevel 1[0m checking '/home/ayasx9/FSAI26/FSAI25_perception/fs-system-26/Perception/ros2_ws/tf_helper/install/tf_helper/lib/pkgconfig/tf_helper.pc'
[1.270s] [34mcolcon.colcon_core.environment[0m [1;30mLevel 1[0m checking '/home/ayasx9/FSAI26/FSAI25_perception/fs-system-26/Perception/ros2_ws/tf_helper/install/tf_helper/lib/python3.10/site-packages'
[1.270s] [34mcolcon.colcon_core.shell[0m [1;30mLevel 1[0m create_environment_hook('tf_helper', 'pythonpath')
[1.270s] [34mcolcon.colcon_core.shell[0m [1;30mINFO[0m Creating environment hook '/home/ayasx9/FSAI26/FSAI25_perception/fs-system-26/Perception/ros2_ws/tf_helper/install/tf_helper/share/tf_helper/hook/pythonpath.ps1'
[1.271s] [34mcolcon.colcon_core.shell[0m [1;30mINFO[0m Creating environment descriptor '/home/ayasx9/FSAI26/FSAI25_perception/fs-system-26/Perception/ros2_ws/tf_helper/install/tf_helper/share/tf_helper/hook/pythonpath.dsv'
[1.271s] [34mcolcon.colcon_core.shell[0m [1;30mINFO[0m Creating environment hook '/home/ayasx9/FSAI26/FSAI25_perception/fs-system-26/Perception/ros2_ws/tf_helper/install/tf_helper/share/tf_helper/hook/pythonpath.sh'
[1.271s] [34mcolcon.colcon_core.environment[0m [1;30mLevel 1[0m checking '/home/ayasx9/FSAI26/FSAI25_perception/fs-system-26/Perception/ros2_ws/tf_helper/install/tf_helper/bin'
[1.271s] [34mcolcon.colcon_core.environment[0m [1;30mLevel 1[0m create_environment_scripts_only(tf_helper)
[1.272s] [34mcolcon.colcon_core.shell[0m [1;30mINFO[0m Creating package script '/home/ayasx9/FSAI26/FSAI25_perception/fs-system-26/Perception/ros2_ws/tf_helper/install/tf_helper/share/tf_helper/package.ps1'
[1.272s] [34mcolcon.colcon_core.shell[0m [1;30mINFO[0m Creating package descriptor '/home/ayasx9/FSAI26/FSAI25_perception/fs-system-26/Perception/ros2_ws/tf_helper/install/tf_helper/share/tf_helper/package.dsv'
[1.273s] [34mcolcon.colcon_core.shell[0m [1;30mINFO[0m Creating package script '/home/ayasx9/FSAI26/FSAI25_perception/fs-system-26/Perception/ros2_ws/tf_helper/install/tf_helper/share/tf_helper/package.sh'
[1.274s] [34mcolcon.colcon_core.shell[0m [1;30mINFO[0m Creating package script '/home/ayasx9/FSAI26/FSAI25_perception/fs-system-26/Perception/ros2_ws/tf_helper/install/tf_helper/share/tf_helper/package.bash'
[1.275s] [34mcolcon.colcon_core.shell[0m [1;30mINFO[0m Creating package script '/home/ayasx9/FSAI26/FSAI25_perception/fs-system-26/Perception/ros2_ws/tf_helper/install/tf_helper/share/tf_helper/package.zsh'
[1.276s] [34mcolcon.colcon_core.environment[0m [1;30mLevel 1[0m create_file_with_runtime_dependencies(/home/ayasx9/FSAI26/FSAI25_perception/fs-system-26/Perception/ros2_ws/tf_helper/install/tf_helper/share/colcon-core/packages/tf_helper)
[1.277s] [34mcolcon.colcon_parallel_executor.executor.parallel[0m [1;30mDEBUG[0m [32mclosing loop[0m
[1.278s] [34mcolcon.colcon_parallel_executor.executor.parallel[0m [1;30mDEBUG[0m [32mloop closed[0m
[1.278s] [34mcolcon.colcon_parallel_executor.executor.parallel[0m [1;30mDEBUG[0m [32mrun_until_complete finished with '0'[0m
[1.282s] [34mcolcon.colcon_core.event_reactor[0m [1;30mDEBUG[0m [32mjoining thread[0m
[1.368s] [34mcolcon.colcon_core.plugin_system[0m [1;30mINFO[0m Skipping extension 'colcon_notification.desktop_notification.notify_send': Could not find 'notify-send'
[1.368s] [34mcolcon.colcon_core.plugin_system[0m [1;30mINFO[0m Skipping extension 'colcon_notification.desktop_notification.terminal_notifier': Not used on non-Darwin systems
[1.368s] [34mcolcon.colcon_core.plugin_system[0m [1;30mINFO[0m Skipping extension 'colcon_notification.desktop_notification.win32': Not used on non-Windows systems
[1.368s] [34mcolcon.colcon_notification.desktop_notification[0m [1;30mINFO[0m Sending desktop notification using 'notify2'
[1.370s] [34mcolcon.colcon_notification.desktop_notification.notify2[0m [1;30mDEBUG[0m [32mFailed to initialize notify2: org.freedesktop.DBus.Error.ServiceUnknown: The name org.freedesktop.Notifications was not provided by any .service files[0m
[1.370s] [34mcolcon.colcon_core.event_reactor[0m [1;30mDEBUG[0m [32mjoined thread[0m
[1.371s] [34mcolcon.colcon_core.shell[0m [1;30mINFO[0m Creating prefix script '/home/ayasx9/FSAI26/FSAI25_perception/fs-system-26/Perception/ros2_ws/tf_helper/install/local_setup.ps1'
[1.371s] [34mcolcon.colcon_core.shell[0m [1;30mINFO[0m Creating prefix util module '/home/ayasx9/FSAI26/FSAI25_perception/fs-system-26/Perception/ros2_ws/tf_helper/install/_local_setup_util_ps1.py'
[1.373s] [34mcolcon.colcon_core.shell[0m [1;30mINFO[0m Creating prefix chain script '/home/ayasx9/FSAI26/FSAI25_perception/fs-system-26/Perception/ros2_ws/tf_helper/install/setup.ps1'
[1.374s] [34mcolcon.colcon_core.shell[0m [1;30mINFO[0m Creating prefix script '/home/ayasx9/FSAI26/FSAI25_perception/fs-system-26/Perception/ros2_ws/tf_helper/install/local_setup.sh'
[1.375s] [34mcolcon.colcon_core.shell[0m [1;30mINFO[0m Creating prefix util module '/home/ayasx9/FSAI26/FSAI25_perception/fs-system-26/Perception/ros2_ws/tf_helper/install/_local_setup_util_sh.py'
[1.375s] [34mcolcon.colcon_core.shell[0m [1;30mINFO[0m Creating prefix chain script '/home/ayasx9/FSAI26/FSAI25_perception/fs-system-26/Perception/ros2_ws/tf_helper/install/setup.sh'
[1.377s] [34mcolcon.colcon_core.shell[0m [1;30mINFO[0m Creating prefix script '/home/ayasx9/FSAI26/FSAI25_perception/fs-system-26/Perception/ros2_ws/tf_helper/install/local_setup.bash'
[1.377s] [34mcolcon.colcon_core.shell[0m [1;30mINFO[0m Creating prefix chain script '/home/ayasx9/FSAI26/FSAI25_perception/fs-system-26/Perception/ros2_ws/tf_helper/install/setup.bash'
[1.379s] [34mcolcon.colcon_core.shell[0m [1;30mINFO[0m Creating prefix script '/home/ayasx9/FSAI26/FSAI25_perception/fs-system-26/Perception/ros2_ws/tf_helper/install/local_setup.zsh'
[1.379s] [34mcolcon.colcon_core.shell[0m [1;30mINFO[0m Creating prefix chain script '/home/ayasx9/FSAI26/FSAI25_perception/fs-system-26/Perception/ros2_ws/tf_helper/install/setup.zsh'
