[0.068s] DEBUG:colcon:Command line arguments: ['/usr/bin/colcon', 'build']
[0.068s] DEBUG:colcon:Parsed command line arguments: Namespace(log_base=None, log_level=None, verb_name='build', build_base='build', install_base='install', merge_install=False, symlink_install=False, test_result_base=None, continue_on_error=False, executor='parallel', parallel_workers=16, event_handlers=None, ignore_user_meta=False, metas=['./colcon.meta'], base_paths=['.'], packages_ignore=None, packages_ignore_regex=None, paths=None, packages_up_to=None, packages_up_to_regex=None, packages_above=None, packages_above_and_dependencies=None, packages_above_depth=None, packages_select_by_dep=None, packages_skip_by_dep=None, packages_skip_up_to=None, packages_select_build_failed=False, packages_skip_build_finished=False, packages_select_test_failures=False, packages_skip_test_passed=False, packages_select=None, packages_skip=None, packages_select_regex=None, packages_skip_regex=None, packages_start=None, packages_end=None, allow_overriding=[], cmake_args=None, cmake_target=None, cmake_target_skip_unavailable=False, cmake_clean_cache=False, cmake_clean_first=False, cmake_force_configure=False, ament_cmake_args=None, catkin_cmake_args=None, catkin_skip_building_tests=False, verb_parser=<colcon_defaults.argument_parser.defaults.DefaultArgumentsDecorator object at 0x7ed6cc077ec0>, verb_extension=<colcon_core.verb.build.BuildVerb object at 0x7ed6cc077d40>, main=<bound method BuildVerb.main of <colcon_core.verb.build.BuildVerb object at 0x7ed6cc077d40>>)
[0.093s] Level 1:colcon.colcon_core.package_discovery:discover_packages(colcon_meta) check parameters
[0.093s] Level 1:colcon.colcon_core.package_discovery:discover_packages(recursive) check parameters
[0.093s] Level 1:colcon.colcon_core.package_discovery:discover_packages(ignore) check parameters
[0.093s] Level 1:colcon.colcon_core.package_discovery:discover_packages(path) check parameters
[0.093s] Level 1:colcon.colcon_core.package_discovery:discover_packages(colcon_meta) discover
[0.094s] Level 1:colcon.colcon_core.package_discovery:discover_packages(recursive) discover
[0.094s] INFO:colcon.colcon_core.package_discovery:Crawling recursively for packages in '/home/aly-sultan/Desktop/fs-system-25/SLAM'
[0.094s] Level 1:colcon.colcon_core.package_identification:_identify(.) by extensions ['ignore', 'ignore_ament_install']
[0.094s] Level 1:colcon.colcon_core.package_identification:_identify(.) by extension 'ignore'
[0.094s] Level 1:colcon.colcon_core.package_identification:_identify(.) by extension 'ignore_ament_install'
[0.094s] Level 1:colcon.colcon_core.package_identification:_identify(.) by extensions ['colcon_pkg']
[0.094s] Level 1:colcon.colcon_core.package_identification:_identify(.) by extension 'colcon_pkg'
[0.094s] Level 1:colcon.colcon_core.package_identification:_identify(.) by extensions ['colcon_meta']
[0.094s] Level 1:colcon.colcon_core.package_identification:_identify(.) by extension 'colcon_meta'
[0.094s] Level 1:colcon.colcon_core.package_identification:_identify(.) by extensions ['ros']
[0.094s] Level 1:colcon.colcon_core.package_identification:_identify(.) by extension 'ros'
[0.112s] Level 1:colcon.colcon_core.package_identification:_identify(.) by extensions ['cmake', 'python']
[0.112s] Level 1:colcon.colcon_core.package_identification:_identify(.) by extension 'cmake'
[0.112s] Level 1:colcon.colcon_core.package_identification:_identify(.) by extension 'python'
[0.112s] Level 1:colcon.colcon_core.package_identification:_identify(.) by extensions ['python_setup_py']
[0.112s] Level 1:colcon.colcon_core.package_identification:_identify(.) by extension 'python_setup_py'
[0.112s] Level 1:colcon.colcon_core.package_identification:_identify(LeGO-LOAM) by extensions ['ignore', 'ignore_ament_install']
[0.112s] Level 1:colcon.colcon_core.package_identification:_identify(LeGO-LOAM) by extension 'ignore'
[0.112s] Level 1:colcon.colcon_core.package_identification:_identify(LeGO-LOAM) by extension 'ignore_ament_install'
[0.112s] Level 1:colcon.colcon_core.package_identification:_identify(LeGO-LOAM) by extensions ['colcon_pkg']
[0.112s] Level 1:colcon.colcon_core.package_identification:_identify(LeGO-LOAM) by extension 'colcon_pkg'
[0.112s] Level 1:colcon.colcon_core.package_identification:_identify(LeGO-LOAM) by extensions ['colcon_meta']
[0.112s] Level 1:colcon.colcon_core.package_identification:_identify(LeGO-LOAM) by extension 'colcon_meta'
[0.112s] Level 1:colcon.colcon_core.package_identification:_identify(LeGO-LOAM) by extensions ['ros']
[0.112s] Level 1:colcon.colcon_core.package_identification:_identify(LeGO-LOAM) by extension 'ros'
[0.114s] DEBUG:colcon.colcon_core.package_identification:Package 'LeGO-LOAM' with type 'ros.ament_cmake' and name 'lego_loam_sr'
[0.114s] Level 1:colcon.colcon_core.package_identification:_identify(asurt_msgs) by extensions ['ignore', 'ignore_ament_install']
[0.114s] Level 1:colcon.colcon_core.package_identification:_identify(asurt_msgs) by extension 'ignore'
[0.114s] Level 1:colcon.colcon_core.package_identification:_identify(asurt_msgs) by extension 'ignore_ament_install'
[0.114s] Level 1:colcon.colcon_core.package_identification:_identify(asurt_msgs) by extensions ['colcon_pkg']
[0.114s] Level 1:colcon.colcon_core.package_identification:_identify(asurt_msgs) by extension 'colcon_pkg'
[0.114s] Level 1:colcon.colcon_core.package_identification:_identify(asurt_msgs) by extensions ['colcon_meta']
[0.114s] Level 1:colcon.colcon_core.package_identification:_identify(asurt_msgs) by extension 'colcon_meta'
[0.114s] Level 1:colcon.colcon_core.package_identification:_identify(asurt_msgs) by extensions ['ros']
[0.114s] Level 1:colcon.colcon_core.package_identification:_identify(asurt_msgs) by extension 'ros'
[0.114s] DEBUG:colcon.colcon_core.package_identification:Package 'asurt_msgs' with type 'ros.ament_cmake' and name 'asurt_msgs'
[0.115s] Level 1:colcon.colcon_core.package_identification:_identify(build) by extensions ['ignore', 'ignore_ament_install']
[0.115s] Level 1:colcon.colcon_core.package_identification:_identify(build) by extension 'ignore'
[0.115s] Level 1:colcon.colcon_core.package_identification:_identify(build) ignored
[0.115s] Level 1:colcon.colcon_core.package_identification:_identify(cloud_msgs) by extensions ['ignore', 'ignore_ament_install']
[0.115s] Level 1:colcon.colcon_core.package_identification:_identify(cloud_msgs) by extension 'ignore'
[0.115s] Level 1:colcon.colcon_core.package_identification:_identify(cloud_msgs) by extension 'ignore_ament_install'
[0.115s] Level 1:colcon.colcon_core.package_identification:_identify(cloud_msgs) by extensions ['colcon_pkg']
[0.115s] Level 1:colcon.colcon_core.package_identification:_identify(cloud_msgs) by extension 'colcon_pkg'
[0.115s] Level 1:colcon.colcon_core.package_identification:_identify(cloud_msgs) by extensions ['colcon_meta']
[0.115s] Level 1:colcon.colcon_core.package_identification:_identify(cloud_msgs) by extension 'colcon_meta'
[0.115s] Level 1:colcon.colcon_core.package_identification:_identify(cloud_msgs) by extensions ['ros']
[0.115s] Level 1:colcon.colcon_core.package_identification:_identify(cloud_msgs) by extension 'ros'
[0.115s] DEBUG:colcon.colcon_core.package_identification:Package 'cloud_msgs' with type 'ros.ament_cmake' and name 'cloud_msgs'
[0.115s] Level 1:colcon.colcon_core.package_identification:_identify(cone_a_lisa) by extensions ['ignore', 'ignore_ament_install']
[0.115s] Level 1:colcon.colcon_core.package_identification:_identify(cone_a_lisa) by extension 'ignore'
[0.115s] Level 1:colcon.colcon_core.package_identification:_identify(cone_a_lisa) by extension 'ignore_ament_install'
[0.115s] Level 1:colcon.colcon_core.package_identification:_identify(cone_a_lisa) by extensions ['colcon_pkg']
[0.115s] Level 1:colcon.colcon_core.package_identification:_identify(cone_a_lisa) by extension 'colcon_pkg'
[0.116s] Level 1:colcon.colcon_core.package_identification:_identify(cone_a_lisa) by extensions ['colcon_meta']
[0.116s] Level 1:colcon.colcon_core.package_identification:_identify(cone_a_lisa) by extension 'colcon_meta'
[0.116s] Level 1:colcon.colcon_core.package_identification:_identify(cone_a_lisa) by extensions ['ros']
[0.116s] Level 1:colcon.colcon_core.package_identification:_identify(cone_a_lisa) by extension 'ros'
[0.116s] DEBUG:colcon.colcon_core.package_identification:Package 'cone_a_lisa' with type 'ros.ament_python' and name 'cone_a_lisa'
[0.116s] Level 1:colcon.colcon_core.package_identification:_identify(install) by extensions ['ignore', 'ignore_ament_install']
[0.116s] Level 1:colcon.colcon_core.package_identification:_identify(install) by extension 'ignore'
[0.116s] Level 1:colcon.colcon_core.package_identification:_identify(install) ignored
[0.116s] Level 1:colcon.colcon_core.package_identification:_identify(log) by extensions ['ignore', 'ignore_ament_install']
[0.116s] Level 1:colcon.colcon_core.package_identification:_identify(log) by extension 'ignore'
[0.116s] Level 1:colcon.colcon_core.package_identification:_identify(log) ignored
[0.116s] Level 1:colcon.colcon_core.package_discovery:discover_packages(recursive) using defaults
[0.116s] Level 1:colcon.colcon_core.package_discovery:discover_packages(ignore) discover
[0.116s] Level 1:colcon.colcon_core.package_discovery:discover_packages(ignore) using defaults
[0.116s] Level 1:colcon.colcon_core.package_discovery:discover_packages(path) discover
[0.116s] Level 1:colcon.colcon_core.package_discovery:discover_packages(path) using defaults
[0.129s] Level 1:colcon.colcon_core.package_discovery:discover_packages(prefix_path) check parameters
[0.129s] Level 1:colcon.colcon_core.package_discovery:discover_packages(prefix_path) discover
[0.130s] DEBUG:colcon.colcon_installed_package_information.package_discovery:Found 4 installed packages in /home/aly-sultan/Desktop/fs-system-25/SLAM/install
[0.131s] DEBUG:colcon.colcon_installed_package_information.package_discovery:Found 374 installed packages in /opt/ros/jazzy
[0.132s] Level 1:colcon.colcon_core.package_discovery:discover_packages(prefix_path) using defaults
[0.161s] Level 5:colcon.colcon_core.verb:set package 'asurt_msgs' build argument 'cmake_args' from command line to 'None'
[0.161s] Level 5:colcon.colcon_core.verb:set package 'asurt_msgs' build argument 'cmake_target' from command line to 'None'
[0.161s] Level 5:colcon.colcon_core.verb:set package 'asurt_msgs' build argument 'cmake_target_skip_unavailable' from command line to 'False'
[0.161s] Level 5:colcon.colcon_core.verb:set package 'asurt_msgs' build argument 'cmake_clean_cache' from command line to 'False'
[0.161s] Level 5:colcon.colcon_core.verb:set package 'asurt_msgs' build argument 'cmake_clean_first' from command line to 'False'
[0.161s] Level 5:colcon.colcon_core.verb:set package 'asurt_msgs' build argument 'cmake_force_configure' from command line to 'False'
[0.161s] Level 5:colcon.colcon_core.verb:set package 'asurt_msgs' build argument 'ament_cmake_args' from command line to 'None'
[0.161s] Level 5:colcon.colcon_core.verb:set package 'asurt_msgs' build argument 'catkin_cmake_args' from command line to 'None'
[0.161s] Level 5:colcon.colcon_core.verb:set package 'asurt_msgs' build argument 'catkin_skip_building_tests' from command line to 'False'
[0.161s] DEBUG:colcon.colcon_core.verb:Building package 'asurt_msgs' with the following arguments: {'ament_cmake_args': None, 'build_base': '/home/aly-sultan/Desktop/fs-system-25/SLAM/build/asurt_msgs', 'catkin_cmake_args': None, 'catkin_skip_building_tests': False, 'cmake_args': None, 'cmake_clean_cache': False, 'cmake_clean_first': False, 'cmake_force_configure': False, 'cmake_target': None, 'cmake_target_skip_unavailable': False, 'install_base': '/home/aly-sultan/Desktop/fs-system-25/SLAM/install/asurt_msgs', 'merge_install': False, 'path': '/home/aly-sultan/Desktop/fs-system-25/SLAM/asurt_msgs', 'symlink_install': False, 'test_result_base': None}
[0.162s] Level 5:colcon.colcon_core.verb:set package 'cloud_msgs' build argument 'cmake_args' from command line to 'None'
[0.162s] Level 5:colcon.colcon_core.verb:set package 'cloud_msgs' build argument 'cmake_target' from command line to 'None'
[0.162s] Level 5:colcon.colcon_core.verb:set package 'cloud_msgs' build argument 'cmake_target_skip_unavailable' from command line to 'False'
[0.162s] Level 5:colcon.colcon_core.verb:set package 'cloud_msgs' build argument 'cmake_clean_cache' from command line to 'False'
[0.162s] Level 5:colcon.colcon_core.verb:set package 'cloud_msgs' build argument 'cmake_clean_first' from command line to 'False'
[0.162s] Level 5:colcon.colcon_core.verb:set package 'cloud_msgs' build argument 'cmake_force_configure' from command line to 'False'
[0.162s] Level 5:colcon.colcon_core.verb:set package 'cloud_msgs' build argument 'ament_cmake_args' from command line to 'None'
[0.162s] Level 5:colcon.colcon_core.verb:set package 'cloud_msgs' build argument 'catkin_cmake_args' from command line to 'None'
[0.162s] Level 5:colcon.colcon_core.verb:set package 'cloud_msgs' build argument 'catkin_skip_building_tests' from command line to 'False'
[0.162s] DEBUG:colcon.colcon_core.verb:Building package 'cloud_msgs' with the following arguments: {'ament_cmake_args': None, 'build_base': '/home/aly-sultan/Desktop/fs-system-25/SLAM/build/cloud_msgs', 'catkin_cmake_args': None, 'catkin_skip_building_tests': False, 'cmake_args': None, 'cmake_clean_cache': False, 'cmake_clean_first': False, 'cmake_force_configure': False, 'cmake_target': None, 'cmake_target_skip_unavailable': False, 'install_base': '/home/aly-sultan/Desktop/fs-system-25/SLAM/install/cloud_msgs', 'merge_install': False, 'path': '/home/aly-sultan/Desktop/fs-system-25/SLAM/cloud_msgs', 'symlink_install': False, 'test_result_base': None}
[0.162s] Level 5:colcon.colcon_core.verb:set package 'cone_a_lisa' build argument 'cmake_args' from command line to 'None'
[0.162s] Level 5:colcon.colcon_core.verb:set package 'cone_a_lisa' build argument 'cmake_target' from command line to 'None'
[0.162s] Level 5:colcon.colcon_core.verb:set package 'cone_a_lisa' build argument 'cmake_target_skip_unavailable' from command line to 'False'
[0.162s] Level 5:colcon.colcon_core.verb:set package 'cone_a_lisa' build argument 'cmake_clean_cache' from command line to 'False'
[0.162s] Level 5:colcon.colcon_core.verb:set package 'cone_a_lisa' build argument 'cmake_clean_first' from command line to 'False'
[0.162s] Level 5:colcon.colcon_core.verb:set package 'cone_a_lisa' build argument 'cmake_force_configure' from command line to 'False'
[0.162s] Level 5:colcon.colcon_core.verb:set package 'cone_a_lisa' build argument 'ament_cmake_args' from command line to 'None'
[0.162s] Level 5:colcon.colcon_core.verb:set package 'cone_a_lisa' build argument 'catkin_cmake_args' from command line to 'None'
[0.162s] Level 5:colcon.colcon_core.verb:set package 'cone_a_lisa' build argument 'catkin_skip_building_tests' from command line to 'False'
[0.162s] DEBUG:colcon.colcon_core.verb:Building package 'cone_a_lisa' with the following arguments: {'ament_cmake_args': None, 'build_base': '/home/aly-sultan/Desktop/fs-system-25/SLAM/build/cone_a_lisa', 'catkin_cmake_args': None, 'catkin_skip_building_tests': False, 'cmake_args': None, 'cmake_clean_cache': False, 'cmake_clean_first': False, 'cmake_force_configure': False, 'cmake_target': None, 'cmake_target_skip_unavailable': False, 'install_base': '/home/aly-sultan/Desktop/fs-system-25/SLAM/install/cone_a_lisa', 'merge_install': False, 'path': '/home/aly-sultan/Desktop/fs-system-25/SLAM/cone_a_lisa', 'symlink_install': False, 'test_result_base': None}
[0.162s] Level 5:colcon.colcon_core.verb:set package 'lego_loam_sr' build argument 'cmake_args' from command line to 'None'
[0.162s] Level 5:colcon.colcon_core.verb:set package 'lego_loam_sr' build argument 'cmake_target' from command line to 'None'
[0.162s] Level 5:colcon.colcon_core.verb:set package 'lego_loam_sr' build argument 'cmake_target_skip_unavailable' from command line to 'False'
[0.162s] Level 5:colcon.colcon_core.verb:set package 'lego_loam_sr' build argument 'cmake_clean_cache' from command line to 'False'
[0.162s] Level 5:colcon.colcon_core.verb:set package 'lego_loam_sr' build argument 'cmake_clean_first' from command line to 'False'
[0.162s] Level 5:colcon.colcon_core.verb:set package 'lego_loam_sr' build argument 'cmake_force_configure' from command line to 'False'
[0.162s] Level 5:colcon.colcon_core.verb:set package 'lego_loam_sr' build argument 'ament_cmake_args' from command line to 'None'
[0.162s] Level 5:colcon.colcon_core.verb:set package 'lego_loam_sr' build argument 'catkin_cmake_args' from command line to 'None'
[0.162s] Level 5:colcon.colcon_core.verb:set package 'lego_loam_sr' build argument 'catkin_skip_building_tests' from command line to 'False'
[0.162s] DEBUG:colcon.colcon_core.verb:Building package 'lego_loam_sr' with the following arguments: {'ament_cmake_args': None, 'build_base': '/home/aly-sultan/Desktop/fs-system-25/SLAM/build/lego_loam_sr', 'catkin_cmake_args': None, 'catkin_skip_building_tests': False, 'cmake_args': None, 'cmake_clean_cache': False, 'cmake_clean_first': False, 'cmake_force_configure': False, 'cmake_target': None, 'cmake_target_skip_unavailable': False, 'install_base': '/home/aly-sultan/Desktop/fs-system-25/SLAM/install/lego_loam_sr', 'merge_install': False, 'path': '/home/aly-sultan/Desktop/fs-system-25/SLAM/LeGO-LOAM', 'symlink_install': False, 'test_result_base': None}
[0.162s] INFO:colcon.colcon_core.executor:Executing jobs using 'parallel' executor
[0.163s] DEBUG:colcon.colcon_parallel_executor.executor.parallel:run_until_complete
[0.163s] INFO:colcon.colcon_ros.task.ament_cmake.build:Building ROS package in '/home/aly-sultan/Desktop/fs-system-25/SLAM/asurt_msgs' with build type 'ament_cmake'
[0.163s] INFO:colcon.colcon_cmake.task.cmake.build:Building CMake package in '/home/aly-sultan/Desktop/fs-system-25/SLAM/asurt_msgs'
[0.165s] INFO:colcon.colcon_core.plugin_system:Skipping extension 'colcon_core.shell.bat': Not used on non-Windows systems
[0.166s] INFO:colcon.colcon_core.shell:Skip shell extension 'powershell' for command environment: Not usable outside of PowerShell
[0.166s] DEBUG:colcon.colcon_core.shell:Skip shell extension 'dsv' for command environment
[0.170s] INFO:colcon.colcon_ros.task.ament_cmake.build:Building ROS package in '/home/aly-sultan/Desktop/fs-system-25/SLAM/cloud_msgs' with build type 'ament_cmake'
[0.170s] INFO:colcon.colcon_cmake.task.cmake.build:Building CMake package in '/home/aly-sultan/Desktop/fs-system-25/SLAM/cloud_msgs'
[0.170s] INFO:colcon.colcon_core.shell:Skip shell extension 'powershell' for command environment: Not usable outside of PowerShell
[0.171s] DEBUG:colcon.colcon_core.shell:Skip shell extension 'dsv' for command environment
[0.173s] INFO:colcon.colcon_ros.task.ament_python.build:Building ROS package in '/home/aly-sultan/Desktop/fs-system-25/SLAM/cone_a_lisa' with build type 'ament_python'
[0.173s] Level 1:colcon.colcon_core.shell:create_environment_hook('cone_a_lisa', 'ament_prefix_path')
[0.173s] INFO:colcon.colcon_core.shell:Creating environment hook '/home/aly-sultan/Desktop/fs-system-25/SLAM/install/cone_a_lisa/share/cone_a_lisa/hook/ament_prefix_path.ps1'
[0.173s] INFO:colcon.colcon_core.shell:Creating environment descriptor '/home/aly-sultan/Desktop/fs-system-25/SLAM/install/cone_a_lisa/share/cone_a_lisa/hook/ament_prefix_path.dsv'
[0.174s] INFO:colcon.colcon_core.shell:Creating environment hook '/home/aly-sultan/Desktop/fs-system-25/SLAM/install/cone_a_lisa/share/cone_a_lisa/hook/ament_prefix_path.sh'
[0.174s] INFO:colcon.colcon_core.shell:Skip shell extension 'powershell' for command environment: Not usable outside of PowerShell
[0.174s] DEBUG:colcon.colcon_core.shell:Skip shell extension 'dsv' for command environment
[0.179s] DEBUG:colcon.colcon_core.event_handler.log_command:Invoking command in '/home/aly-sultan/Desktop/fs-system-25/SLAM/build/asurt_msgs': CMAKE_PREFIX_PATH=${CMAKE_PREFIX_PATH}:/home/aly-sultan/Desktop/fs-system-25/SLAM/install/cone_a_lisa:/opt/ros/jazzy DEBUGINFOD_URLS=https://debuginfod.ubuntu.com /usr/bin/cmake --build /home/aly-sultan/Desktop/fs-system-25/SLAM/build/asurt_msgs -- -j16 -l16
[0.180s] DEBUG:colcon.colcon_core.event_handler.log_command:Invoking command in '/home/aly-sultan/Desktop/fs-system-25/SLAM/build/cloud_msgs': CMAKE_PREFIX_PATH=${CMAKE_PREFIX_PATH}:/home/aly-sultan/Desktop/fs-system-25/SLAM/install/cone_a_lisa:/opt/ros/jazzy DEBUGINFOD_URLS=https://debuginfod.ubuntu.com /usr/bin/cmake --build /home/aly-sultan/Desktop/fs-system-25/SLAM/build/cloud_msgs -- -j16 -l16
[0.347s] INFO:colcon.colcon_core.task.python.build:Building Python package in '/home/aly-sultan/Desktop/fs-system-25/SLAM/cone_a_lisa'
[0.347s] INFO:colcon.colcon_core.shell:Skip shell extension 'powershell' for command environment: Not usable outside of PowerShell
[0.347s] DEBUG:colcon.colcon_core.shell:Skip shell extension 'dsv' for command environment
[0.493s] DEBUG:colcon.colcon_core.event_handler.log_command:Invoked command in '/home/aly-sultan/Desktop/fs-system-25/SLAM/build/cloud_msgs' returned '0': CMAKE_PREFIX_PATH=${CMAKE_PREFIX_PATH}:/home/aly-sultan/Desktop/fs-system-25/SLAM/install/cone_a_lisa:/opt/ros/jazzy DEBUGINFOD_URLS=https://debuginfod.ubuntu.com /usr/bin/cmake --build /home/aly-sultan/Desktop/fs-system-25/SLAM/build/cloud_msgs -- -j16 -l16
[0.502s] DEBUG:colcon.colcon_core.event_handler.log_command:Invoking command in '/home/aly-sultan/Desktop/fs-system-25/SLAM/build/cloud_msgs': CMAKE_PREFIX_PATH=${CMAKE_PREFIX_PATH}:/home/aly-sultan/Desktop/fs-system-25/SLAM/install/cone_a_lisa:/opt/ros/jazzy DEBUGINFOD_URLS=https://debuginfod.ubuntu.com /usr/bin/cmake --install /home/aly-sultan/Desktop/fs-system-25/SLAM/build/cloud_msgs
[0.516s] DEBUG:colcon.colcon_core.event_handler.log_command:Invoked command in '/home/aly-sultan/Desktop/fs-system-25/SLAM/build/asurt_msgs' returned '0': CMAKE_PREFIX_PATH=${CMAKE_PREFIX_PATH}:/home/aly-sultan/Desktop/fs-system-25/SLAM/install/cone_a_lisa:/opt/ros/jazzy DEBUGINFOD_URLS=https://debuginfod.ubuntu.com /usr/bin/cmake --build /home/aly-sultan/Desktop/fs-system-25/SLAM/build/asurt_msgs -- -j16 -l16
[0.517s] DEBUG:colcon.colcon_core.event_handler.log_command:Invoking command in '/home/aly-sultan/Desktop/fs-system-25/SLAM/build/asurt_msgs': CMAKE_PREFIX_PATH=${CMAKE_PREFIX_PATH}:/home/aly-sultan/Desktop/fs-system-25/SLAM/install/cone_a_lisa:/opt/ros/jazzy DEBUGINFOD_URLS=https://debuginfod.ubuntu.com /usr/bin/cmake --install /home/aly-sultan/Desktop/fs-system-25/SLAM/build/asurt_msgs
[0.544s] Level 1:colcon.colcon_core.environment:create_environment_scripts_only(cloud_msgs)
[0.544s] DEBUG:colcon.colcon_core.event_handler.log_command:Invoked command in '/home/aly-sultan/Desktop/fs-system-25/SLAM/build/cloud_msgs' returned '0': CMAKE_PREFIX_PATH=${CMAKE_PREFIX_PATH}:/home/aly-sultan/Desktop/fs-system-25/SLAM/install/cone_a_lisa:/opt/ros/jazzy DEBUGINFOD_URLS=https://debuginfod.ubuntu.com /usr/bin/cmake --install /home/aly-sultan/Desktop/fs-system-25/SLAM/build/cloud_msgs
[0.545s] Level 1:colcon.colcon_core.environment:checking '/home/aly-sultan/Desktop/fs-system-25/SLAM/install/cloud_msgs' for CMake module files
[0.546s] Level 1:colcon.colcon_core.environment:checking '/home/aly-sultan/Desktop/fs-system-25/SLAM/install/cloud_msgs' for CMake config files
[0.546s] Level 1:colcon.colcon_core.shell:create_environment_hook('cloud_msgs', 'cmake_prefix_path')
[0.546s] INFO:colcon.colcon_core.shell:Creating environment hook '/home/aly-sultan/Desktop/fs-system-25/SLAM/install/cloud_msgs/share/cloud_msgs/hook/cmake_prefix_path.ps1'
[0.546s] INFO:colcon.colcon_core.shell:Creating environment descriptor '/home/aly-sultan/Desktop/fs-system-25/SLAM/install/cloud_msgs/share/cloud_msgs/hook/cmake_prefix_path.dsv'
[0.547s] INFO:colcon.colcon_core.shell:Creating environment hook '/home/aly-sultan/Desktop/fs-system-25/SLAM/install/cloud_msgs/share/cloud_msgs/hook/cmake_prefix_path.sh'
[0.547s] Level 1:colcon.colcon_core.environment:checking '/home/aly-sultan/Desktop/fs-system-25/SLAM/install/cloud_msgs/lib'
[0.547s] Level 1:colcon.colcon_core.shell:create_environment_hook('cloud_msgs', 'ld_library_path_lib')
[0.547s] INFO:colcon.colcon_core.shell:Creating environment hook '/home/aly-sultan/Desktop/fs-system-25/SLAM/install/cloud_msgs/share/cloud_msgs/hook/ld_library_path_lib.ps1'
[0.547s] INFO:colcon.colcon_core.shell:Creating environment descriptor '/home/aly-sultan/Desktop/fs-system-25/SLAM/install/cloud_msgs/share/cloud_msgs/hook/ld_library_path_lib.dsv'
[0.548s] INFO:colcon.colcon_core.shell:Creating environment hook '/home/aly-sultan/Desktop/fs-system-25/SLAM/install/cloud_msgs/share/cloud_msgs/hook/ld_library_path_lib.sh'
[0.548s] Level 1:colcon.colcon_core.environment:checking '/home/aly-sultan/Desktop/fs-system-25/SLAM/install/cloud_msgs/bin'
[0.548s] Level 1:colcon.colcon_core.environment:checking '/home/aly-sultan/Desktop/fs-system-25/SLAM/install/cloud_msgs/lib/pkgconfig/cloud_msgs.pc'
[0.548s] Level 1:colcon.colcon_core.environment:checking '/home/aly-sultan/Desktop/fs-system-25/SLAM/install/cloud_msgs/lib/python3.12/site-packages'
[0.548s] Level 1:colcon.colcon_core.shell:create_environment_hook('cloud_msgs', 'pythonpath')
[0.548s] INFO:colcon.colcon_core.shell:Creating environment hook '/home/aly-sultan/Desktop/fs-system-25/SLAM/install/cloud_msgs/share/cloud_msgs/hook/pythonpath.ps1'
[0.548s] INFO:colcon.colcon_core.shell:Creating environment descriptor '/home/aly-sultan/Desktop/fs-system-25/SLAM/install/cloud_msgs/share/cloud_msgs/hook/pythonpath.dsv'
[0.549s] INFO:colcon.colcon_core.shell:Creating environment hook '/home/aly-sultan/Desktop/fs-system-25/SLAM/install/cloud_msgs/share/cloud_msgs/hook/pythonpath.sh'
[0.549s] Level 1:colcon.colcon_core.environment:checking '/home/aly-sultan/Desktop/fs-system-25/SLAM/install/cloud_msgs/bin'
[0.549s] INFO:colcon.colcon_core.shell:Creating package script '/home/aly-sultan/Desktop/fs-system-25/SLAM/install/cloud_msgs/share/cloud_msgs/package.ps1'
[0.550s] INFO:colcon.colcon_core.shell:Creating package descriptor '/home/aly-sultan/Desktop/fs-system-25/SLAM/install/cloud_msgs/share/cloud_msgs/package.dsv'
[0.550s] INFO:colcon.colcon_core.shell:Creating package script '/home/aly-sultan/Desktop/fs-system-25/SLAM/install/cloud_msgs/share/cloud_msgs/package.sh'
[0.550s] INFO:colcon.colcon_core.shell:Creating package script '/home/aly-sultan/Desktop/fs-system-25/SLAM/install/cloud_msgs/share/cloud_msgs/package.bash'
[0.551s] INFO:colcon.colcon_core.shell:Creating package script '/home/aly-sultan/Desktop/fs-system-25/SLAM/install/cloud_msgs/share/cloud_msgs/package.zsh'
[0.551s] Level 1:colcon.colcon_core.environment:create_file_with_runtime_dependencies(/home/aly-sultan/Desktop/fs-system-25/SLAM/install/cloud_msgs/share/colcon-core/packages/cloud_msgs)
[0.551s] Level 1:colcon.colcon_core.environment:create_environment_scripts_only(cloud_msgs)
[0.551s] Level 1:colcon.colcon_core.environment:checking '/home/aly-sultan/Desktop/fs-system-25/SLAM/install/cloud_msgs' for CMake module files
[0.552s] Level 1:colcon.colcon_core.environment:checking '/home/aly-sultan/Desktop/fs-system-25/SLAM/install/cloud_msgs' for CMake config files
[0.552s] Level 1:colcon.colcon_core.shell:create_environment_hook('cloud_msgs', 'cmake_prefix_path')
[0.552s] INFO:colcon.colcon_core.shell:Creating environment hook '/home/aly-sultan/Desktop/fs-system-25/SLAM/install/cloud_msgs/share/cloud_msgs/hook/cmake_prefix_path.ps1'
[0.552s] INFO:colcon.colcon_core.shell:Creating environment descriptor '/home/aly-sultan/Desktop/fs-system-25/SLAM/install/cloud_msgs/share/cloud_msgs/hook/cmake_prefix_path.dsv'
[0.552s] INFO:colcon.colcon_core.shell:Creating environment hook '/home/aly-sultan/Desktop/fs-system-25/SLAM/install/cloud_msgs/share/cloud_msgs/hook/cmake_prefix_path.sh'
[0.553s] Level 1:colcon.colcon_core.environment:checking '/home/aly-sultan/Desktop/fs-system-25/SLAM/install/cloud_msgs/lib'
[0.553s] Level 1:colcon.colcon_core.shell:create_environment_hook('cloud_msgs', 'ld_library_path_lib')
[0.553s] INFO:colcon.colcon_core.shell:Creating environment hook '/home/aly-sultan/Desktop/fs-system-25/SLAM/install/cloud_msgs/share/cloud_msgs/hook/ld_library_path_lib.ps1'
[0.553s] INFO:colcon.colcon_core.shell:Creating environment descriptor '/home/aly-sultan/Desktop/fs-system-25/SLAM/install/cloud_msgs/share/cloud_msgs/hook/ld_library_path_lib.dsv'
[0.553s] INFO:colcon.colcon_core.shell:Creating environment hook '/home/aly-sultan/Desktop/fs-system-25/SLAM/install/cloud_msgs/share/cloud_msgs/hook/ld_library_path_lib.sh'
[0.553s] Level 1:colcon.colcon_core.environment:checking '/home/aly-sultan/Desktop/fs-system-25/SLAM/install/cloud_msgs/bin'
[0.554s] Level 1:colcon.colcon_core.environment:checking '/home/aly-sultan/Desktop/fs-system-25/SLAM/install/cloud_msgs/lib/pkgconfig/cloud_msgs.pc'
[0.554s] Level 1:colcon.colcon_core.environment:checking '/home/aly-sultan/Desktop/fs-system-25/SLAM/install/cloud_msgs/lib/python3.12/site-packages'
[0.554s] Level 1:colcon.colcon_core.shell:create_environment_hook('cloud_msgs', 'pythonpath')
[0.554s] INFO:colcon.colcon_core.shell:Creating environment hook '/home/aly-sultan/Desktop/fs-system-25/SLAM/install/cloud_msgs/share/cloud_msgs/hook/pythonpath.ps1'
[0.554s] INFO:colcon.colcon_core.shell:Creating environment descriptor '/home/aly-sultan/Desktop/fs-system-25/SLAM/install/cloud_msgs/share/cloud_msgs/hook/pythonpath.dsv'
[0.554s] INFO:colcon.colcon_core.shell:Creating environment hook '/home/aly-sultan/Desktop/fs-system-25/SLAM/install/cloud_msgs/share/cloud_msgs/hook/pythonpath.sh'
[0.555s] Level 1:colcon.colcon_core.environment:checking '/home/aly-sultan/Desktop/fs-system-25/SLAM/install/cloud_msgs/bin'
[0.555s] INFO:colcon.colcon_core.shell:Creating package script '/home/aly-sultan/Desktop/fs-system-25/SLAM/install/cloud_msgs/share/cloud_msgs/package.ps1'
[0.555s] INFO:colcon.colcon_core.shell:Creating package descriptor '/home/aly-sultan/Desktop/fs-system-25/SLAM/install/cloud_msgs/share/cloud_msgs/package.dsv'
[0.555s] INFO:colcon.colcon_core.shell:Creating package script '/home/aly-sultan/Desktop/fs-system-25/SLAM/install/cloud_msgs/share/cloud_msgs/package.sh'
[0.556s] INFO:colcon.colcon_core.shell:Creating package script '/home/aly-sultan/Desktop/fs-system-25/SLAM/install/cloud_msgs/share/cloud_msgs/package.bash'
[0.556s] INFO:colcon.colcon_core.shell:Creating package script '/home/aly-sultan/Desktop/fs-system-25/SLAM/install/cloud_msgs/share/cloud_msgs/package.zsh'
[0.556s] Level 1:colcon.colcon_core.environment:create_file_with_runtime_dependencies(/home/aly-sultan/Desktop/fs-system-25/SLAM/install/cloud_msgs/share/colcon-core/packages/cloud_msgs)
[0.563s] Level 1:colcon.colcon_core.environment:create_environment_scripts_only(asurt_msgs)
[0.564s] DEBUG:colcon.colcon_core.event_handler.log_command:Invoked command in '/home/aly-sultan/Desktop/fs-system-25/SLAM/build/asurt_msgs' returned '0': CMAKE_PREFIX_PATH=${CMAKE_PREFIX_PATH}:/home/aly-sultan/Desktop/fs-system-25/SLAM/install/cone_a_lisa:/opt/ros/jazzy DEBUGINFOD_URLS=https://debuginfod.ubuntu.com /usr/bin/cmake --install /home/aly-sultan/Desktop/fs-system-25/SLAM/build/asurt_msgs
[0.564s] Level 1:colcon.colcon_core.environment:checking '/home/aly-sultan/Desktop/fs-system-25/SLAM/install/asurt_msgs' for CMake module files
[0.565s] Level 1:colcon.colcon_core.environment:checking '/home/aly-sultan/Desktop/fs-system-25/SLAM/install/asurt_msgs' for CMake config files
[0.565s] Level 1:colcon.colcon_core.shell:create_environment_hook('asurt_msgs', 'cmake_prefix_path')
[0.565s] INFO:colcon.colcon_core.shell:Creating environment hook '/home/aly-sultan/Desktop/fs-system-25/SLAM/install/asurt_msgs/share/asurt_msgs/hook/cmake_prefix_path.ps1'
[0.566s] INFO:colcon.colcon_core.shell:Creating environment descriptor '/home/aly-sultan/Desktop/fs-system-25/SLAM/install/asurt_msgs/share/asurt_msgs/hook/cmake_prefix_path.dsv'
[0.566s] INFO:colcon.colcon_core.shell:Creating environment hook '/home/aly-sultan/Desktop/fs-system-25/SLAM/install/asurt_msgs/share/asurt_msgs/hook/cmake_prefix_path.sh'
[0.567s] Level 1:colcon.colcon_core.environment:checking '/home/aly-sultan/Desktop/fs-system-25/SLAM/install/asurt_msgs/lib'
[0.567s] Level 1:colcon.colcon_core.shell:create_environment_hook('asurt_msgs', 'ld_library_path_lib')
[0.567s] INFO:colcon.colcon_core.shell:Creating environment hook '/home/aly-sultan/Desktop/fs-system-25/SLAM/install/asurt_msgs/share/asurt_msgs/hook/ld_library_path_lib.ps1'
[0.567s] INFO:colcon.colcon_core.shell:Creating environment descriptor '/home/aly-sultan/Desktop/fs-system-25/SLAM/install/asurt_msgs/share/asurt_msgs/hook/ld_library_path_lib.dsv'
[0.568s] INFO:colcon.colcon_core.shell:Creating environment hook '/home/aly-sultan/Desktop/fs-system-25/SLAM/install/asurt_msgs/share/asurt_msgs/hook/ld_library_path_lib.sh'
[0.568s] Level 1:colcon.colcon_core.environment:checking '/home/aly-sultan/Desktop/fs-system-25/SLAM/install/asurt_msgs/bin'
[0.568s] Level 1:colcon.colcon_core.environment:checking '/home/aly-sultan/Desktop/fs-system-25/SLAM/install/asurt_msgs/lib/pkgconfig/asurt_msgs.pc'
[0.568s] Level 1:colcon.colcon_core.environment:checking '/home/aly-sultan/Desktop/fs-system-25/SLAM/install/asurt_msgs/lib/python3.12/site-packages'
[0.568s] Level 1:colcon.colcon_core.shell:create_environment_hook('asurt_msgs', 'pythonpath')
[0.568s] INFO:colcon.colcon_core.shell:Creating environment hook '/home/aly-sultan/Desktop/fs-system-25/SLAM/install/asurt_msgs/share/asurt_msgs/hook/pythonpath.ps1'
[0.568s] INFO:colcon.colcon_core.shell:Creating environment descriptor '/home/aly-sultan/Desktop/fs-system-25/SLAM/install/asurt_msgs/share/asurt_msgs/hook/pythonpath.dsv'
[0.569s] INFO:colcon.colcon_core.shell:Creating environment hook '/home/aly-sultan/Desktop/fs-system-25/SLAM/install/asurt_msgs/share/asurt_msgs/hook/pythonpath.sh'
[0.569s] Level 1:colcon.colcon_core.environment:checking '/home/aly-sultan/Desktop/fs-system-25/SLAM/install/asurt_msgs/bin'
[0.569s] INFO:colcon.colcon_core.shell:Creating package script '/home/aly-sultan/Desktop/fs-system-25/SLAM/install/asurt_msgs/share/asurt_msgs/package.ps1'
[0.569s] INFO:colcon.colcon_core.shell:Creating package descriptor '/home/aly-sultan/Desktop/fs-system-25/SLAM/install/asurt_msgs/share/asurt_msgs/package.dsv'
[0.570s] INFO:colcon.colcon_core.shell:Creating package script '/home/aly-sultan/Desktop/fs-system-25/SLAM/install/asurt_msgs/share/asurt_msgs/package.sh'
[0.570s] INFO:colcon.colcon_core.shell:Creating package script '/home/aly-sultan/Desktop/fs-system-25/SLAM/install/asurt_msgs/share/asurt_msgs/package.bash'
[0.570s] INFO:colcon.colcon_core.shell:Creating package script '/home/aly-sultan/Desktop/fs-system-25/SLAM/install/asurt_msgs/share/asurt_msgs/package.zsh'
[0.570s] Level 1:colcon.colcon_core.environment:create_file_with_runtime_dependencies(/home/aly-sultan/Desktop/fs-system-25/SLAM/install/asurt_msgs/share/colcon-core/packages/asurt_msgs)
[0.570s] Level 1:colcon.colcon_core.environment:create_environment_scripts_only(asurt_msgs)
[0.571s] Level 1:colcon.colcon_core.environment:checking '/home/aly-sultan/Desktop/fs-system-25/SLAM/install/asurt_msgs' for CMake module files
[0.571s] Level 1:colcon.colcon_core.environment:checking '/home/aly-sultan/Desktop/fs-system-25/SLAM/install/asurt_msgs' for CMake config files
[0.571s] Level 1:colcon.colcon_core.shell:create_environment_hook('asurt_msgs', 'cmake_prefix_path')
[0.571s] INFO:colcon.colcon_core.shell:Creating environment hook '/home/aly-sultan/Desktop/fs-system-25/SLAM/install/asurt_msgs/share/asurt_msgs/hook/cmake_prefix_path.ps1'
[0.571s] INFO:colcon.colcon_core.shell:Creating environment descriptor '/home/aly-sultan/Desktop/fs-system-25/SLAM/install/asurt_msgs/share/asurt_msgs/hook/cmake_prefix_path.dsv'
[0.572s] INFO:colcon.colcon_core.shell:Creating environment hook '/home/aly-sultan/Desktop/fs-system-25/SLAM/install/asurt_msgs/share/asurt_msgs/hook/cmake_prefix_path.sh'
[0.572s] Level 1:colcon.colcon_core.environment:checking '/home/aly-sultan/Desktop/fs-system-25/SLAM/install/asurt_msgs/lib'
[0.572s] Level 1:colcon.colcon_core.shell:create_environment_hook('asurt_msgs', 'ld_library_path_lib')
[0.572s] INFO:colcon.colcon_core.shell:Creating environment hook '/home/aly-sultan/Desktop/fs-system-25/SLAM/install/asurt_msgs/share/asurt_msgs/hook/ld_library_path_lib.ps1'
[0.572s] INFO:colcon.colcon_core.shell:Creating environment descriptor '/home/aly-sultan/Desktop/fs-system-25/SLAM/install/asurt_msgs/share/asurt_msgs/hook/ld_library_path_lib.dsv'
[0.573s] INFO:colcon.colcon_core.shell:Creating environment hook '/home/aly-sultan/Desktop/fs-system-25/SLAM/install/asurt_msgs/share/asurt_msgs/hook/ld_library_path_lib.sh'
[0.573s] Level 1:colcon.colcon_core.environment:checking '/home/aly-sultan/Desktop/fs-system-25/SLAM/install/asurt_msgs/bin'
[0.573s] Level 1:colcon.colcon_core.environment:checking '/home/aly-sultan/Desktop/fs-system-25/SLAM/install/asurt_msgs/lib/pkgconfig/asurt_msgs.pc'
[0.573s] Level 1:colcon.colcon_core.environment:checking '/home/aly-sultan/Desktop/fs-system-25/SLAM/install/asurt_msgs/lib/python3.12/site-packages'
[0.573s] Level 1:colcon.colcon_core.shell:create_environment_hook('asurt_msgs', 'pythonpath')
[0.573s] INFO:colcon.colcon_core.shell:Creating environment hook '/home/aly-sultan/Desktop/fs-system-25/SLAM/install/asurt_msgs/share/asurt_msgs/hook/pythonpath.ps1'
[0.573s] INFO:colcon.colcon_core.shell:Creating environment descriptor '/home/aly-sultan/Desktop/fs-system-25/SLAM/install/asurt_msgs/share/asurt_msgs/hook/pythonpath.dsv'
[0.573s] INFO:colcon.colcon_core.shell:Creating environment hook '/home/aly-sultan/Desktop/fs-system-25/SLAM/install/asurt_msgs/share/asurt_msgs/hook/pythonpath.sh'
[0.574s] Level 1:colcon.colcon_core.environment:checking '/home/aly-sultan/Desktop/fs-system-25/SLAM/install/asurt_msgs/bin'
[0.574s] INFO:colcon.colcon_core.shell:Creating package script '/home/aly-sultan/Desktop/fs-system-25/SLAM/install/asurt_msgs/share/asurt_msgs/package.ps1'
[0.574s] INFO:colcon.colcon_core.shell:Creating package descriptor '/home/aly-sultan/Desktop/fs-system-25/SLAM/install/asurt_msgs/share/asurt_msgs/package.dsv'
[0.575s] INFO:colcon.colcon_core.shell:Creating package script '/home/aly-sultan/Desktop/fs-system-25/SLAM/install/asurt_msgs/share/asurt_msgs/package.sh'
[0.575s] INFO:colcon.colcon_core.shell:Creating package script '/home/aly-sultan/Desktop/fs-system-25/SLAM/install/asurt_msgs/share/asurt_msgs/package.bash'
[0.575s] INFO:colcon.colcon_core.shell:Creating package script '/home/aly-sultan/Desktop/fs-system-25/SLAM/install/asurt_msgs/share/asurt_msgs/package.zsh'
[0.575s] Level 1:colcon.colcon_core.environment:create_file_with_runtime_dependencies(/home/aly-sultan/Desktop/fs-system-25/SLAM/install/asurt_msgs/share/colcon-core/packages/asurt_msgs)
[0.575s] INFO:colcon.colcon_ros.task.ament_cmake.build:Building ROS package in '/home/aly-sultan/Desktop/fs-system-25/SLAM/LeGO-LOAM' with build type 'ament_cmake'
[0.576s] INFO:colcon.colcon_cmake.task.cmake.build:Building CMake package in '/home/aly-sultan/Desktop/fs-system-25/SLAM/LeGO-LOAM'
[0.576s] INFO:colcon.colcon_core.shell:Skip shell extension 'powershell' for command environment: Not usable outside of PowerShell
[0.576s] DEBUG:colcon.colcon_core.shell:Skip shell extension 'dsv' for command environment
[0.587s] DEBUG:colcon.colcon_core.event_handler.log_command:Invoking command in '/home/aly-sultan/Desktop/fs-system-25/SLAM/build/lego_loam_sr': CMAKE_PREFIX_PATH=${CMAKE_PREFIX_PATH}:/home/aly-sultan/Desktop/fs-system-25/SLAM/install/cone_a_lisa:/opt/ros/jazzy DEBUGINFOD_URLS=https://debuginfod.ubuntu.com PYTHONPATH=/home/aly-sultan/Desktop/fs-system-25/SLAM/install/cloud_msgs/lib/python3.12/site-packages:/home/aly-sultan/Desktop/fs-system-25/SLAM/install/asurt_msgs/lib/python3.12/site-packages:/home/aly-sultan/Desktop/fs-system-25/SLAM/install/cone_a_lisa/lib/python3.12/site-packages:/opt/ros/jazzy/lib/python3.12/site-packages /usr/bin/cmake --build /home/aly-sultan/Desktop/fs-system-25/SLAM/build/lego_loam_sr -- -j16 -l16
[0.887s] DEBUG:colcon.colcon_core.event_handler.log_command:Invoking command in '/home/aly-sultan/Desktop/fs-system-25/SLAM/cone_a_lisa': DEBUGINFOD_URLS=https://debuginfod.ubuntu.com PYTHONPATH=/home/aly-sultan/Desktop/fs-system-25/SLAM/build/cone_a_lisa/prefix_override:/usr/lib/python3/dist-packages/colcon_core/task/python/colcon_distutils_commands:/home/aly-sultan/Desktop/fs-system-25/SLAM/install/cone_a_lisa/lib/python3.12/site-packages:${PYTHONPATH} /usr/bin/python3 -W ignore:setup.py install is deprecated -W ignore:easy_install command is deprecated setup.py egg_info --egg-base ../build/cone_a_lisa build --build-base /home/aly-sultan/Desktop/fs-system-25/SLAM/build/cone_a_lisa/build install --record /home/aly-sultan/Desktop/fs-system-25/SLAM/build/cone_a_lisa/install.log --single-version-externally-managed install_data
[1.496s] Level 1:colcon.colcon_core.environment:checking '/home/aly-sultan/Desktop/fs-system-25/SLAM/install/cone_a_lisa' for CMake module files
[1.497s] DEBUG:colcon.colcon_core.event_handler.log_command:Invoked command in '/home/aly-sultan/Desktop/fs-system-25/SLAM/cone_a_lisa' returned '0': DEBUGINFOD_URLS=https://debuginfod.ubuntu.com PYTHONPATH=/home/aly-sultan/Desktop/fs-system-25/SLAM/build/cone_a_lisa/prefix_override:/usr/lib/python3/dist-packages/colcon_core/task/python/colcon_distutils_commands:/home/aly-sultan/Desktop/fs-system-25/SLAM/install/cone_a_lisa/lib/python3.12/site-packages:${PYTHONPATH} /usr/bin/python3 -W ignore:setup.py install is deprecated -W ignore:easy_install command is deprecated setup.py egg_info --egg-base ../build/cone_a_lisa build --build-base /home/aly-sultan/Desktop/fs-system-25/SLAM/build/cone_a_lisa/build install --record /home/aly-sultan/Desktop/fs-system-25/SLAM/build/cone_a_lisa/install.log --single-version-externally-managed install_data
[1.497s] Level 1:colcon.colcon_core.environment:checking '/home/aly-sultan/Desktop/fs-system-25/SLAM/install/cone_a_lisa' for CMake config files
[1.498s] Level 1:colcon.colcon_core.environment:checking '/home/aly-sultan/Desktop/fs-system-25/SLAM/install/cone_a_lisa/lib'
[1.498s] Level 1:colcon.colcon_core.environment:checking '/home/aly-sultan/Desktop/fs-system-25/SLAM/install/cone_a_lisa/bin'
[1.498s] Level 1:colcon.colcon_core.environment:checking '/home/aly-sultan/Desktop/fs-system-25/SLAM/install/cone_a_lisa/lib/pkgconfig/cone_a_lisa.pc'
[1.498s] Level 1:colcon.colcon_core.environment:checking '/home/aly-sultan/Desktop/fs-system-25/SLAM/install/cone_a_lisa/lib/python3.12/site-packages'
[1.498s] Level 1:colcon.colcon_core.shell:create_environment_hook('cone_a_lisa', 'pythonpath')
[1.499s] INFO:colcon.colcon_core.shell:Creating environment hook '/home/aly-sultan/Desktop/fs-system-25/SLAM/install/cone_a_lisa/share/cone_a_lisa/hook/pythonpath.ps1'
[1.499s] INFO:colcon.colcon_core.shell:Creating environment descriptor '/home/aly-sultan/Desktop/fs-system-25/SLAM/install/cone_a_lisa/share/cone_a_lisa/hook/pythonpath.dsv'
[1.500s] INFO:colcon.colcon_core.shell:Creating environment hook '/home/aly-sultan/Desktop/fs-system-25/SLAM/install/cone_a_lisa/share/cone_a_lisa/hook/pythonpath.sh'
[1.500s] Level 1:colcon.colcon_core.environment:checking '/home/aly-sultan/Desktop/fs-system-25/SLAM/install/cone_a_lisa/bin'
[1.500s] Level 1:colcon.colcon_core.environment:create_environment_scripts_only(cone_a_lisa)
[1.500s] INFO:colcon.colcon_core.shell:Creating package script '/home/aly-sultan/Desktop/fs-system-25/SLAM/install/cone_a_lisa/share/cone_a_lisa/package.ps1'
[1.501s] INFO:colcon.colcon_core.shell:Creating package descriptor '/home/aly-sultan/Desktop/fs-system-25/SLAM/install/cone_a_lisa/share/cone_a_lisa/package.dsv'
[1.502s] INFO:colcon.colcon_core.shell:Creating package script '/home/aly-sultan/Desktop/fs-system-25/SLAM/install/cone_a_lisa/share/cone_a_lisa/package.sh'
[1.502s] INFO:colcon.colcon_core.shell:Creating package script '/home/aly-sultan/Desktop/fs-system-25/SLAM/install/cone_a_lisa/share/cone_a_lisa/package.bash'
[1.502s] INFO:colcon.colcon_core.shell:Creating package script '/home/aly-sultan/Desktop/fs-system-25/SLAM/install/cone_a_lisa/share/cone_a_lisa/package.zsh'
[1.503s] Level 1:colcon.colcon_core.environment:create_file_with_runtime_dependencies(/home/aly-sultan/Desktop/fs-system-25/SLAM/install/cone_a_lisa/share/colcon-core/packages/cone_a_lisa)
[32.605s] DEBUG:colcon.colcon_core.event_handler.log_command:Invoked command in '/home/aly-sultan/Desktop/fs-system-25/SLAM/build/lego_loam_sr' returned '0': CMAKE_PREFIX_PATH=${CMAKE_PREFIX_PATH}:/home/aly-sultan/Desktop/fs-system-25/SLAM/install/cone_a_lisa:/opt/ros/jazzy DEBUGINFOD_URLS=https://debuginfod.ubuntu.com PYTHONPATH=/home/aly-sultan/Desktop/fs-system-25/SLAM/install/cloud_msgs/lib/python3.12/site-packages:/home/aly-sultan/Desktop/fs-system-25/SLAM/install/asurt_msgs/lib/python3.12/site-packages:/home/aly-sultan/Desktop/fs-system-25/SLAM/install/cone_a_lisa/lib/python3.12/site-packages:/opt/ros/jazzy/lib/python3.12/site-packages /usr/bin/cmake --build /home/aly-sultan/Desktop/fs-system-25/SLAM/build/lego_loam_sr -- -j16 -l16
[32.606s] DEBUG:colcon.colcon_core.event_handler.log_command:Invoking command in '/home/aly-sultan/Desktop/fs-system-25/SLAM/build/lego_loam_sr': CMAKE_PREFIX_PATH=${CMAKE_PREFIX_PATH}:/home/aly-sultan/Desktop/fs-system-25/SLAM/install/cone_a_lisa:/opt/ros/jazzy DEBUGINFOD_URLS=https://debuginfod.ubuntu.com PYTHONPATH=/home/aly-sultan/Desktop/fs-system-25/SLAM/install/cloud_msgs/lib/python3.12/site-packages:/home/aly-sultan/Desktop/fs-system-25/SLAM/install/asurt_msgs/lib/python3.12/site-packages:/home/aly-sultan/Desktop/fs-system-25/SLAM/install/cone_a_lisa/lib/python3.12/site-packages:/opt/ros/jazzy/lib/python3.12/site-packages /usr/bin/cmake --install /home/aly-sultan/Desktop/fs-system-25/SLAM/build/lego_loam_sr
[32.630s] Level 1:colcon.colcon_core.environment:create_environment_scripts_only(lego_loam_sr)
[32.631s] Level 1:colcon.colcon_core.environment:checking '/home/aly-sultan/Desktop/fs-system-25/SLAM/install/lego_loam_sr' for CMake module files
[32.631s] DEBUG:colcon.colcon_core.event_handler.log_command:Invoked command in '/home/aly-sultan/Desktop/fs-system-25/SLAM/build/lego_loam_sr' returned '0': CMAKE_PREFIX_PATH=${CMAKE_PREFIX_PATH}:/home/aly-sultan/Desktop/fs-system-25/SLAM/install/cone_a_lisa:/opt/ros/jazzy DEBUGINFOD_URLS=https://debuginfod.ubuntu.com PYTHONPATH=/home/aly-sultan/Desktop/fs-system-25/SLAM/install/cloud_msgs/lib/python3.12/site-packages:/home/aly-sultan/Desktop/fs-system-25/SLAM/install/asurt_msgs/lib/python3.12/site-packages:/home/aly-sultan/Desktop/fs-system-25/SLAM/install/cone_a_lisa/lib/python3.12/site-packages:/opt/ros/jazzy/lib/python3.12/site-packages /usr/bin/cmake --install /home/aly-sultan/Desktop/fs-system-25/SLAM/build/lego_loam_sr
[32.631s] Level 1:colcon.colcon_core.environment:checking '/home/aly-sultan/Desktop/fs-system-25/SLAM/install/lego_loam_sr' for CMake config files
[32.631s] Level 1:colcon.colcon_core.shell:create_environment_hook('lego_loam_sr', 'cmake_prefix_path')
[32.632s] INFO:colcon.colcon_core.shell:Creating environment hook '/home/aly-sultan/Desktop/fs-system-25/SLAM/install/lego_loam_sr/share/lego_loam_sr/hook/cmake_prefix_path.ps1'
[32.632s] INFO:colcon.colcon_core.shell:Creating environment descriptor '/home/aly-sultan/Desktop/fs-system-25/SLAM/install/lego_loam_sr/share/lego_loam_sr/hook/cmake_prefix_path.dsv'
[32.632s] INFO:colcon.colcon_core.shell:Creating environment hook '/home/aly-sultan/Desktop/fs-system-25/SLAM/install/lego_loam_sr/share/lego_loam_sr/hook/cmake_prefix_path.sh'
[32.632s] Level 1:colcon.colcon_core.environment:checking '/home/aly-sultan/Desktop/fs-system-25/SLAM/install/lego_loam_sr/lib'
[32.632s] Level 1:colcon.colcon_core.environment:checking '/home/aly-sultan/Desktop/fs-system-25/SLAM/install/lego_loam_sr/bin'
[32.632s] Level 1:colcon.colcon_core.environment:checking '/home/aly-sultan/Desktop/fs-system-25/SLAM/install/lego_loam_sr/lib/pkgconfig/lego_loam_sr.pc'
[32.633s] Level 1:colcon.colcon_core.environment:checking '/home/aly-sultan/Desktop/fs-system-25/SLAM/install/lego_loam_sr/lib/python3.12/site-packages'
[32.633s] Level 1:colcon.colcon_core.environment:checking '/home/aly-sultan/Desktop/fs-system-25/SLAM/install/lego_loam_sr/bin'
[32.633s] INFO:colcon.colcon_core.shell:Creating package script '/home/aly-sultan/Desktop/fs-system-25/SLAM/install/lego_loam_sr/share/lego_loam_sr/package.ps1'
[32.633s] INFO:colcon.colcon_core.shell:Creating package descriptor '/home/aly-sultan/Desktop/fs-system-25/SLAM/install/lego_loam_sr/share/lego_loam_sr/package.dsv'
[32.633s] INFO:colcon.colcon_core.shell:Creating package script '/home/aly-sultan/Desktop/fs-system-25/SLAM/install/lego_loam_sr/share/lego_loam_sr/package.sh'
[32.634s] INFO:colcon.colcon_core.shell:Creating package script '/home/aly-sultan/Desktop/fs-system-25/SLAM/install/lego_loam_sr/share/lego_loam_sr/package.bash'
[32.634s] INFO:colcon.colcon_core.shell:Creating package script '/home/aly-sultan/Desktop/fs-system-25/SLAM/install/lego_loam_sr/share/lego_loam_sr/package.zsh'
[32.634s] Level 1:colcon.colcon_core.environment:create_file_with_runtime_dependencies(/home/aly-sultan/Desktop/fs-system-25/SLAM/install/lego_loam_sr/share/colcon-core/packages/lego_loam_sr)
[32.634s] Level 1:colcon.colcon_core.environment:create_environment_scripts_only(lego_loam_sr)
[32.634s] Level 1:colcon.colcon_core.environment:checking '/home/aly-sultan/Desktop/fs-system-25/SLAM/install/lego_loam_sr' for CMake module files
[32.635s] Level 1:colcon.colcon_core.environment:checking '/home/aly-sultan/Desktop/fs-system-25/SLAM/install/lego_loam_sr' for CMake config files
[32.635s] Level 1:colcon.colcon_core.shell:create_environment_hook('lego_loam_sr', 'cmake_prefix_path')
[32.635s] INFO:colcon.colcon_core.shell:Creating environment hook '/home/aly-sultan/Desktop/fs-system-25/SLAM/install/lego_loam_sr/share/lego_loam_sr/hook/cmake_prefix_path.ps1'
[32.635s] INFO:colcon.colcon_core.shell:Creating environment descriptor '/home/aly-sultan/Desktop/fs-system-25/SLAM/install/lego_loam_sr/share/lego_loam_sr/hook/cmake_prefix_path.dsv'
[32.635s] INFO:colcon.colcon_core.shell:Creating environment hook '/home/aly-sultan/Desktop/fs-system-25/SLAM/install/lego_loam_sr/share/lego_loam_sr/hook/cmake_prefix_path.sh'
[32.636s] Level 1:colcon.colcon_core.environment:checking '/home/aly-sultan/Desktop/fs-system-25/SLAM/install/lego_loam_sr/lib'
[32.636s] Level 1:colcon.colcon_core.environment:checking '/home/aly-sultan/Desktop/fs-system-25/SLAM/install/lego_loam_sr/bin'
[32.636s] Level 1:colcon.colcon_core.environment:checking '/home/aly-sultan/Desktop/fs-system-25/SLAM/install/lego_loam_sr/lib/pkgconfig/lego_loam_sr.pc'
[32.636s] Level 1:colcon.colcon_core.environment:checking '/home/aly-sultan/Desktop/fs-system-25/SLAM/install/lego_loam_sr/lib/python3.12/site-packages'
[32.636s] Level 1:colcon.colcon_core.environment:checking '/home/aly-sultan/Desktop/fs-system-25/SLAM/install/lego_loam_sr/bin'
[32.636s] INFO:colcon.colcon_core.shell:Creating package script '/home/aly-sultan/Desktop/fs-system-25/SLAM/install/lego_loam_sr/share/lego_loam_sr/package.ps1'
[32.636s] INFO:colcon.colcon_core.shell:Creating package descriptor '/home/aly-sultan/Desktop/fs-system-25/SLAM/install/lego_loam_sr/share/lego_loam_sr/package.dsv'
[32.637s] INFO:colcon.colcon_core.shell:Creating package script '/home/aly-sultan/Desktop/fs-system-25/SLAM/install/lego_loam_sr/share/lego_loam_sr/package.sh'
[32.637s] INFO:colcon.colcon_core.shell:Creating package script '/home/aly-sultan/Desktop/fs-system-25/SLAM/install/lego_loam_sr/share/lego_loam_sr/package.bash'
[32.637s] INFO:colcon.colcon_core.shell:Creating package script '/home/aly-sultan/Desktop/fs-system-25/SLAM/install/lego_loam_sr/share/lego_loam_sr/package.zsh'
[32.637s] Level 1:colcon.colcon_core.environment:create_file_with_runtime_dependencies(/home/aly-sultan/Desktop/fs-system-25/SLAM/install/lego_loam_sr/share/colcon-core/packages/lego_loam_sr)
[32.638s] DEBUG:colcon.colcon_parallel_executor.executor.parallel:closing loop
[32.638s] DEBUG:colcon.colcon_parallel_executor.executor.parallel:loop closed
[32.638s] DEBUG:colcon.colcon_parallel_executor.executor.parallel:run_until_complete finished with '0'
[32.638s] DEBUG:colcon.colcon_core.event_reactor:joining thread
[32.643s] INFO:colcon.colcon_core.plugin_system:Skipping extension 'colcon_notification.desktop_notification.terminal_notifier': Not used on non-Darwin systems
[32.643s] INFO:colcon.colcon_core.plugin_system:Skipping extension 'colcon_notification.desktop_notification.win32': Not used on non-Windows systems
[32.643s] INFO:colcon.colcon_notification.desktop_notification:Sending desktop notification using 'notify2'
[32.655s] DEBUG:colcon.colcon_core.event_reactor:joined thread
[32.655s] INFO:colcon.colcon_core.shell:Creating prefix script '/home/aly-sultan/Desktop/fs-system-25/SLAM/install/local_setup.ps1'
[32.656s] INFO:colcon.colcon_core.shell:Creating prefix util module '/home/aly-sultan/Desktop/fs-system-25/SLAM/install/_local_setup_util_ps1.py'
[32.656s] INFO:colcon.colcon_core.shell:Creating prefix chain script '/home/aly-sultan/Desktop/fs-system-25/SLAM/install/setup.ps1'
[32.657s] INFO:colcon.colcon_core.shell:Creating prefix script '/home/aly-sultan/Desktop/fs-system-25/SLAM/install/local_setup.sh'
[32.657s] INFO:colcon.colcon_core.shell:Creating prefix util module '/home/aly-sultan/Desktop/fs-system-25/SLAM/install/_local_setup_util_sh.py'
[32.658s] INFO:colcon.colcon_core.shell:Creating prefix chain script '/home/aly-sultan/Desktop/fs-system-25/SLAM/install/setup.sh'
[32.658s] INFO:colcon.colcon_core.shell:Creating prefix script '/home/aly-sultan/Desktop/fs-system-25/SLAM/install/local_setup.bash'
[32.659s] INFO:colcon.colcon_core.shell:Creating prefix chain script '/home/aly-sultan/Desktop/fs-system-25/SLAM/install/setup.bash'
[32.659s] INFO:colcon.colcon_core.shell:Creating prefix script '/home/aly-sultan/Desktop/fs-system-25/SLAM/install/local_setup.zsh'
[32.659s] INFO:colcon.colcon_core.shell:Creating prefix chain script '/home/aly-sultan/Desktop/fs-system-25/SLAM/install/setup.zsh'
