/home/ayasx9/FSAI26/FSAI25_perception/fs-system-26/Perception/ros2_ws/tf_helper/install/tf_helper/lib/python3.10/site-packages/tf_helper/TFHelperTest.py
/home/ayasx9/FSAI26/FSAI25_perception/fs-system-26/Perception/ros2_ws/tf_helper/install/tf_helper/lib/python3.10/site-packages/tf_helper/StatusPublisher.py
/home/ayasx9/FSAI26/FSAI25_perception/fs-system-26/Perception/ros2_ws/tf_helper/install/tf_helper/lib/python3.10/site-packages/tf_helper/__init__.py
/home/ayasx9/FSAI26/FSAI25_perception/fs-system-26/Perception/ros2_ws/tf_helper/install/tf_helper/lib/python3.10/site-packages/tf_helper/TFHelper.py
/home/ayasx9/FSAI26/FSAI25_perception/fs-system-26/Perception/ros2_ws/tf_helper/install/tf_helper/lib/python3.10/site-packages/tf_helper/utils.py
/home/ayasx9/FSAI26/FSAI25_perception/fs-system-26/Perception/ros2_ws/tf_helper/install/tf_helper/lib/python3.10/site-packages/tf_helper/statusPublisherTest.py
/home/ayasx9/FSAI26/FSAI25_perception/fs-system-26/Perception/ros2_ws/tf_helper/install/tf_helper/lib/python3.10/site-packages/tf_helper/markerVizTest.py
/home/ayasx9/FSAI26/FSAI25_perception/fs-system-26/Perception/ros2_ws/tf_helper/install/tf_helper/lib/python3.10/site-packages/tf_helper/MarkerViz.py
/home/ayasx9/FSAI26/FSAI25_perception/fs-system-26/Perception/ros2_ws/tf_helper/install/tf_helper/lib/python3.10/site-packages/tf_helper/__pycache__/TFHelperTest.cpython-310.pyc
/home/ayasx9/FSAI26/FSAI25_perception/fs-system-26/Perception/ros2_ws/tf_helper/install/tf_helper/lib/python3.10/site-packages/tf_helper/__pycache__/StatusPublisher.cpython-310.pyc
/home/ayasx9/FSAI26/FSAI25_perception/fs-system-26/Perception/ros2_ws/tf_helper/install/tf_helper/lib/python3.10/site-packages/tf_helper/__pycache__/__init__.cpython-310.pyc
/home/ayasx9/FSAI26/FSAI25_perception/fs-system-26/Perception/ros2_ws/tf_helper/install/tf_helper/lib/python3.10/site-packages/tf_helper/__pycache__/TFHelper.cpython-310.pyc
/home/ayasx9/FSAI26/FSAI25_perception/fs-system-26/Perception/ros2_ws/tf_helper/install/tf_helper/lib/python3.10/site-packages/tf_helper/__pycache__/utils.cpython-310.pyc
/home/ayasx9/FSAI26/FSAI25_perception/fs-system-26/Perception/ros2_ws/tf_helper/install/tf_helper/lib/python3.10/site-packages/tf_helper/__pycache__/statusPublisherTest.cpython-310.pyc
/home/ayasx9/FSAI26/FSAI25_perception/fs-system-26/Perception/ros2_ws/tf_helper/install/tf_helper/lib/python3.10/site-packages/tf_helper/__pycache__/markerVizTest.cpython-310.pyc
/home/ayasx9/FSAI26/FSAI25_perception/fs-system-26/Perception/ros2_ws/tf_helper/install/tf_helper/lib/python3.10/site-packages/tf_helper/__pycache__/MarkerViz.cpython-310.pyc
/home/ayasx9/FSAI26/FSAI25_perception/fs-system-26/Perception/ros2_ws/tf_helper/install/tf_helper/share/ament_index/resource_index/packages/tf_helper
/home/ayasx9/FSAI26/FSAI25_perception/fs-system-26/Perception/ros2_ws/tf_helper/install/tf_helper/share/tf_helper/package.xml
/home/ayasx9/FSAI26/FSAI25_perception/fs-system-26/Perception/ros2_ws/tf_helper/install/tf_helper/lib/python3.10/site-packages/tf_helper-0.0.0-py3.10.egg-info/zip-safe
/home/ayasx9/FSAI26/FSAI25_perception/fs-system-26/Perception/ros2_ws/tf_helper/install/tf_helper/lib/python3.10/site-packages/tf_helper-0.0.0-py3.10.egg-info/entry_points.txt
/home/ayasx9/FSAI26/FSAI25_perception/fs-system-26/Perception/ros2_ws/tf_helper/install/tf_helper/lib/python3.10/site-packages/tf_helper-0.0.0-py3.10.egg-info/SOURCES.txt
/home/ayasx9/FSAI26/FSAI25_perception/fs-system-26/Perception/ros2_ws/tf_helper/install/tf_helper/lib/python3.10/site-packages/tf_helper-0.0.0-py3.10.egg-info/PKG-INFO
/home/ayasx9/FSAI26/FSAI25_perception/fs-system-26/Perception/ros2_ws/tf_helper/install/tf_helper/lib/python3.10/site-packages/tf_helper-0.0.0-py3.10.egg-info/top_level.txt
/home/ayasx9/FSAI26/FSAI25_perception/fs-system-26/Perception/ros2_ws/tf_helper/install/tf_helper/lib/python3.10/site-packages/tf_helper-0.0.0-py3.10.egg-info/dependency_links.txt
/home/ayasx9/FSAI26/FSAI25_perception/fs-system-26/Perception/ros2_ws/tf_helper/install/tf_helper/lib/python3.10/site-packages/tf_helper-0.0.0-py3.10.egg-info/requires.txt
/home/ayasx9/FSAI26/FSAI25_perception/fs-system-26/Perception/ros2_ws/tf_helper/install/tf_helper/lib/tf_helper/testing
/home/ayasx9/FSAI26/FSAI25_perception/fs-system-26/Perception/ros2_ws/tf_helper/install/tf_helper/lib/tf_helper/testing2
