[1.362s] Invoking command in '/home/ayasx9/FSAI26/perception_deep_logging/ros2_ws/build/planning_centerline_calc': AMENT_PREFIX_PATH=/home/ayasx9/FSAI26/perception_deep_logging/ros2_ws/install/tf_helper:/home/ayasx9/FSAI26/perception_deep_logging/ros2_ws/install/asurt_msgs:${AMENT_PREFIX_PATH} CMAKE_PREFIX_PATH=/home/ayasx9/FSAI26/perception_deep_logging/ros2_ws/install/asurt_msgs:${CMAKE_PREFIX_PATH} LD_LIBRARY_PATH=/home/ayasx9/FSAI26/perception_deep_logging/ros2_ws/install/asurt_msgs/lib:${LD_LIBRARY_PATH} PYTHONPATH=/home/ayasx9/FSAI26/perception_deep_logging/ros2_ws/build/planning_centerline_calc/prefix_override:/usr/lib/python3/dist-packages/colcon_core/task/python/colcon_distutils_commands:/home/ayasx9/FSAI26/perception_deep_logging/ros2_ws/install/planning_centerline_calc/lib/python3.10/site-packages:/home/ayasx9/FSAI26/perception_deep_logging/ros2_ws/build/tf_helper:/home/ayasx9/FSAI26/perception_deep_logging/ros2_ws/install/tf_helper/lib/python3.10/site-packages:/home/ayasx9/FSAI26/perception_deep_logging/ros2_ws/install/asurt_msgs/local/lib/python3.10/dist-packages:${PYTHONPATH} /usr/bin/python3 -W ignore:setup.py install is deprecated -W ignore:easy_install command is deprecated setup.py develop --editable --build-directory /home/ayasx9/FSAI26/perception_deep_logging/ros2_ws/build/planning_centerline_calc/build --no-deps symlink_data
[1.693s] running develop
[1.890s] running egg_info
[1.890s] creating planning_centerline_calc.egg-info
[1.890s] writing planning_centerline_calc.egg-info/PKG-INFO
[1.891s] writing dependency_links to planning_centerline_calc.egg-info/dependency_links.txt
[1.891s] writing entry points to planning_centerline_calc.egg-info/entry_points.txt
[1.892s] writing requirements to planning_centerline_calc.egg-info/requires.txt
[1.892s] writing top-level names to planning_centerline_calc.egg-info/top_level.txt
[1.892s] writing manifest file 'planning_centerline_calc.egg-info/SOURCES.txt'
[1.897s] reading manifest file 'planning_centerline_calc.egg-info/SOURCES.txt'
[1.898s] writing manifest file 'planning_centerline_calc.egg-info/SOURCES.txt'
[1.963s] running build_ext
[1.963s] Creating /home/ayasx9/FSAI26/perception_deep_logging/ros2_ws/install/planning_centerline_calc/lib/python3.10/site-packages/planning-centerline-calc.egg-link (link to .)
[1.964s] Installing planning_centerline_calc_node script to /home/ayasx9/FSAI26/perception_deep_logging/ros2_ws/install/planning_centerline_calc/lib/planning_centerline_calc
[1.965s] 
[1.965s] Installed /home/ayasx9/FSAI26/perception_deep_logging/ros2_ws/build/planning_centerline_calc
[1.965s] running symlink_data
[1.965s] creating /home/ayasx9/FSAI26/perception_deep_logging/ros2_ws/install/planning_centerline_calc/share/ament_index
[1.965s] creating /home/ayasx9/FSAI26/perception_deep_logging/ros2_ws/install/planning_centerline_calc/share/ament_index/resource_index
[1.965s] creating /home/ayasx9/FSAI26/perception_deep_logging/ros2_ws/install/planning_centerline_calc/share/ament_index/resource_index/packages
[1.965s] symbolically linking /home/ayasx9/FSAI26/perception_deep_logging/ros2_ws/build/planning_centerline_calc/resource/planning_centerline_calc -> /home/ayasx9/FSAI26/perception_deep_logging/ros2_ws/install/planning_centerline_calc/share/ament_index/resource_index/packages
[1.966s] symbolically linking /home/ayasx9/FSAI26/perception_deep_logging/ros2_ws/build/planning_centerline_calc/package.xml -> /home/ayasx9/FSAI26/perception_deep_logging/ros2_ws/install/planning_centerline_calc/share/planning_centerline_calc
[1.966s] creating /home/ayasx9/FSAI26/perception_deep_logging/ros2_ws/install/planning_centerline_calc/share/planning_centerline_calc/launch
[1.966s] symbolically linking /home/ayasx9/FSAI26/perception_deep_logging/ros2_ws/build/planning_centerline_calc/launch/planning_centerline_calc.launch.py -> /home/ayasx9/FSAI26/perception_deep_logging/ros2_ws/install/planning_centerline_calc/share/planning_centerline_calc/launch
[1.966s] creating /home/ayasx9/FSAI26/perception_deep_logging/ros2_ws/install/planning_centerline_calc/share/planning_centerline_calc/config
[1.966s] symbolically linking /home/ayasx9/FSAI26/perception_deep_logging/ros2_ws/build/planning_centerline_calc/config/planning_parameters.yaml -> /home/ayasx9/FSAI26/perception_deep_logging/ros2_ws/install/planning_centerline_calc/share/planning_centerline_calc/config
[2.003s] Invoked command in '/home/ayasx9/FSAI26/perception_deep_logging/ros2_ws/build/planning_centerline_calc' returned '0': AMENT_PREFIX_PATH=/home/ayasx9/FSAI26/perception_deep_logging/ros2_ws/install/tf_helper:/home/ayasx9/FSAI26/perception_deep_logging/ros2_ws/install/asurt_msgs:${AMENT_PREFIX_PATH} CMAKE_PREFIX_PATH=/home/ayasx9/FSAI26/perception_deep_logging/ros2_ws/install/asurt_msgs:${CMAKE_PREFIX_PATH} LD_LIBRARY_PATH=/home/ayasx9/FSAI26/perception_deep_logging/ros2_ws/install/asurt_msgs/lib:${LD_LIBRARY_PATH} PYTHONPATH=/home/ayasx9/FSAI26/perception_deep_logging/ros2_ws/build/planning_centerline_calc/prefix_override:/usr/lib/python3/dist-packages/colcon_core/task/python/colcon_distutils_commands:/home/ayasx9/FSAI26/perception_deep_logging/ros2_ws/install/planning_centerline_calc/lib/python3.10/site-packages:/home/ayasx9/FSAI26/perception_deep_logging/ros2_ws/build/tf_helper:/home/ayasx9/FSAI26/perception_deep_logging/ros2_ws/install/tf_helper/lib/python3.10/site-packages:/home/ayasx9/FSAI26/perception_deep_logging/ros2_ws/install/asurt_msgs/local/lib/python3.10/dist-packages:${PYTHONPATH} /usr/bin/python3 -W ignore:setup.py install is deprecated -W ignore:easy_install command is deprecated setup.py develop --editable --build-directory /home/ayasx9/FSAI26/perception_deep_logging/ros2_ws/build/planning_centerline_calc/build --no-deps symlink_data
