[0.115s] DEBUG:colcon:Command line arguments: ['/usr/bin/colcon', 'build']
[0.115s] DEBUG:colcon:Parsed command line arguments: Namespace(log_base=None, log_level=None, verb_name='build', build_base='build', install_base='install', merge_install=False, symlink_install=False, test_result_base=None, continue_on_error=False, executor='parallel', parallel_workers=16, event_handlers=None, ignore_user_meta=False, metas=['./colcon.meta'], base_paths=['.'], packages_ignore=None, packages_ignore_regex=None, paths=None, packages_up_to=None, packages_up_to_regex=None, packages_above=None, packages_above_and_dependencies=None, packages_above_depth=None, packages_select_by_dep=None, packages_skip_by_dep=None, packages_skip_up_to=None, packages_select_build_failed=False, packages_skip_build_finished=False, packages_select_test_failures=False, packages_skip_test_passed=False, packages_select=None, packages_skip=None, packages_select_regex=None, packages_skip_regex=None, packages_start=None, packages_end=None, allow_overriding=[], cmake_args=None, cmake_target=None, cmake_target_skip_unavailable=False, cmake_clean_cache=False, cmake_clean_first=False, cmake_force_configure=False, ament_cmake_args=None, catkin_cmake_args=None, catkin_skip_building_tests=False, verb_parser=<colcon_defaults.argument_parser.defaults.DefaultArgumentsDecorator object at 0x731d7c477860>, verb_extension=<colcon_core.verb.build.BuildVerb object at 0x731d7c477620>, main=<bound method BuildVerb.main of <colcon_core.verb.build.BuildVerb object at 0x731d7c477620>>)
[0.158s] Level 1:colcon.colcon_core.package_discovery:discover_packages(colcon_meta) check parameters
[0.158s] Level 1:colcon.colcon_core.package_discovery:discover_packages(recursive) check parameters
[0.159s] Level 1:colcon.colcon_core.package_discovery:discover_packages(ignore) check parameters
[0.159s] Level 1:colcon.colcon_core.package_discovery:discover_packages(path) check parameters
[0.159s] Level 1:colcon.colcon_core.package_discovery:discover_packages(colcon_meta) discover
[0.159s] Level 1:colcon.colcon_core.package_discovery:discover_packages(recursive) discover
[0.159s] INFO:colcon.colcon_core.package_discovery:Crawling recursively for packages in '/home/aly-sultan/Desktop/fs-system-25/SLAM'
[0.159s] Level 1:colcon.colcon_core.package_identification:_identify(.) by extensions ['ignore', 'ignore_ament_install']
[0.159s] Level 1:colcon.colcon_core.package_identification:_identify(.) by extension 'ignore'
[0.159s] Level 1:colcon.colcon_core.package_identification:_identify(.) by extension 'ignore_ament_install'
[0.159s] Level 1:colcon.colcon_core.package_identification:_identify(.) by extensions ['colcon_pkg']
[0.159s] Level 1:colcon.colcon_core.package_identification:_identify(.) by extension 'colcon_pkg'
[0.159s] Level 1:colcon.colcon_core.package_identification:_identify(.) by extensions ['colcon_meta']
[0.159s] Level 1:colcon.colcon_core.package_identification:_identify(.) by extension 'colcon_meta'
[0.159s] Level 1:colcon.colcon_core.package_identification:_identify(.) by extensions ['ros']
[0.159s] Level 1:colcon.colcon_core.package_identification:_identify(.) by extension 'ros'
[0.189s] Level 1:colcon.colcon_core.package_identification:_identify(.) by extensions ['cmake', 'python']
[0.189s] Level 1:colcon.colcon_core.package_identification:_identify(.) by extension 'cmake'
[0.190s] Level 1:colcon.colcon_core.package_identification:_identify(.) by extension 'python'
[0.190s] Level 1:colcon.colcon_core.package_identification:_identify(.) by extensions ['python_setup_py']
[0.190s] Level 1:colcon.colcon_core.package_identification:_identify(.) by extension 'python_setup_py'
[0.190s] Level 1:colcon.colcon_core.package_identification:_identify(LeGO-LOAM) by extensions ['ignore', 'ignore_ament_install']
[0.190s] Level 1:colcon.colcon_core.package_identification:_identify(LeGO-LOAM) by extension 'ignore'
[0.190s] Level 1:colcon.colcon_core.package_identification:_identify(LeGO-LOAM) by extension 'ignore_ament_install'
[0.190s] Level 1:colcon.colcon_core.package_identification:_identify(LeGO-LOAM) by extensions ['colcon_pkg']
[0.190s] Level 1:colcon.colcon_core.package_identification:_identify(LeGO-LOAM) by extension 'colcon_pkg'
[0.190s] Level 1:colcon.colcon_core.package_identification:_identify(LeGO-LOAM) by extensions ['colcon_meta']
[0.190s] Level 1:colcon.colcon_core.package_identification:_identify(LeGO-LOAM) by extension 'colcon_meta'
[0.190s] Level 1:colcon.colcon_core.package_identification:_identify(LeGO-LOAM) by extensions ['ros']
[0.190s] Level 1:colcon.colcon_core.package_identification:_identify(LeGO-LOAM) by extension 'ros'
[0.193s] DEBUG:colcon.colcon_core.package_identification:Package 'LeGO-LOAM' with type 'ros.ament_cmake' and name 'lego_loam_sr'
[0.193s] Level 1:colcon.colcon_core.package_identification:_identify(asurt_msgs) by extensions ['ignore', 'ignore_ament_install']
[0.193s] Level 1:colcon.colcon_core.package_identification:_identify(asurt_msgs) by extension 'ignore'
[0.193s] Level 1:colcon.colcon_core.package_identification:_identify(asurt_msgs) by extension 'ignore_ament_install'
[0.193s] Level 1:colcon.colcon_core.package_identification:_identify(asurt_msgs) by extensions ['colcon_pkg']
[0.193s] Level 1:colcon.colcon_core.package_identification:_identify(asurt_msgs) by extension 'colcon_pkg'
[0.193s] Level 1:colcon.colcon_core.package_identification:_identify(asurt_msgs) by extensions ['colcon_meta']
[0.193s] Level 1:colcon.colcon_core.package_identification:_identify(asurt_msgs) by extension 'colcon_meta'
[0.193s] Level 1:colcon.colcon_core.package_identification:_identify(asurt_msgs) by extensions ['ros']
[0.193s] Level 1:colcon.colcon_core.package_identification:_identify(asurt_msgs) by extension 'ros'
[0.194s] DEBUG:colcon.colcon_core.package_identification:Package 'asurt_msgs' with type 'ros.ament_cmake' and name 'asurt_msgs'
[0.194s] Level 1:colcon.colcon_core.package_identification:_identify(build) by extensions ['ignore', 'ignore_ament_install']
[0.194s] Level 1:colcon.colcon_core.package_identification:_identify(build) by extension 'ignore'
[0.194s] Level 1:colcon.colcon_core.package_identification:_identify(build) ignored
[0.195s] Level 1:colcon.colcon_core.package_identification:_identify(cloud_msgs) by extensions ['ignore', 'ignore_ament_install']
[0.195s] Level 1:colcon.colcon_core.package_identification:_identify(cloud_msgs) by extension 'ignore'
[0.195s] Level 1:colcon.colcon_core.package_identification:_identify(cloud_msgs) by extension 'ignore_ament_install'
[0.195s] Level 1:colcon.colcon_core.package_identification:_identify(cloud_msgs) by extensions ['colcon_pkg']
[0.195s] Level 1:colcon.colcon_core.package_identification:_identify(cloud_msgs) by extension 'colcon_pkg'
[0.195s] Level 1:colcon.colcon_core.package_identification:_identify(cloud_msgs) by extensions ['colcon_meta']
[0.195s] Level 1:colcon.colcon_core.package_identification:_identify(cloud_msgs) by extension 'colcon_meta'
[0.195s] Level 1:colcon.colcon_core.package_identification:_identify(cloud_msgs) by extensions ['ros']
[0.195s] Level 1:colcon.colcon_core.package_identification:_identify(cloud_msgs) by extension 'ros'
[0.196s] DEBUG:colcon.colcon_core.package_identification:Package 'cloud_msgs' with type 'ros.ament_cmake' and name 'cloud_msgs'
[0.196s] Level 1:colcon.colcon_core.package_identification:_identify(cone_a_lisa) by extensions ['ignore', 'ignore_ament_install']
[0.196s] Level 1:colcon.colcon_core.package_identification:_identify(cone_a_lisa) by extension 'ignore'
[0.196s] Level 1:colcon.colcon_core.package_identification:_identify(cone_a_lisa) by extension 'ignore_ament_install'
[0.196s] Level 1:colcon.colcon_core.package_identification:_identify(cone_a_lisa) by extensions ['colcon_pkg']
[0.196s] Level 1:colcon.colcon_core.package_identification:_identify(cone_a_lisa) by extension 'colcon_pkg'
[0.196s] Level 1:colcon.colcon_core.package_identification:_identify(cone_a_lisa) by extensions ['colcon_meta']
[0.196s] Level 1:colcon.colcon_core.package_identification:_identify(cone_a_lisa) by extension 'colcon_meta'
[0.196s] Level 1:colcon.colcon_core.package_identification:_identify(cone_a_lisa) by extensions ['ros']
[0.196s] Level 1:colcon.colcon_core.package_identification:_identify(cone_a_lisa) by extension 'ros'
[0.197s] DEBUG:colcon.colcon_core.package_identification:Package 'cone_a_lisa' with type 'ros.ament_python' and name 'cone_a_lisa'
[0.197s] Level 1:colcon.colcon_core.package_identification:_identify(install) by extensions ['ignore', 'ignore_ament_install']
[0.197s] Level 1:colcon.colcon_core.package_identification:_identify(install) by extension 'ignore'
[0.197s] Level 1:colcon.colcon_core.package_identification:_identify(install) ignored
[0.197s] Level 1:colcon.colcon_core.package_identification:_identify(log) by extensions ['ignore', 'ignore_ament_install']
[0.197s] Level 1:colcon.colcon_core.package_identification:_identify(log) by extension 'ignore'
[0.197s] Level 1:colcon.colcon_core.package_identification:_identify(log) ignored
[0.197s] Level 1:colcon.colcon_core.package_discovery:discover_packages(recursive) using defaults
[0.197s] Level 1:colcon.colcon_core.package_discovery:discover_packages(ignore) discover
[0.197s] Level 1:colcon.colcon_core.package_discovery:discover_packages(ignore) using defaults
[0.197s] Level 1:colcon.colcon_core.package_discovery:discover_packages(path) discover
[0.197s] Level 1:colcon.colcon_core.package_discovery:discover_packages(path) using defaults
[0.219s] Level 1:colcon.colcon_core.package_discovery:discover_packages(prefix_path) check parameters
[0.219s] Level 1:colcon.colcon_core.package_discovery:discover_packages(prefix_path) discover
[0.222s] DEBUG:colcon.colcon_installed_package_information.package_discovery:Found 374 installed packages in /opt/ros/jazzy
[0.224s] Level 1:colcon.colcon_core.package_discovery:discover_packages(prefix_path) using defaults
[0.272s] Level 5:colcon.colcon_core.verb:set package 'asurt_msgs' build argument 'cmake_args' from command line to 'None'
[0.272s] Level 5:colcon.colcon_core.verb:set package 'asurt_msgs' build argument 'cmake_target' from command line to 'None'
[0.273s] Level 5:colcon.colcon_core.verb:set package 'asurt_msgs' build argument 'cmake_target_skip_unavailable' from command line to 'False'
[0.273s] Level 5:colcon.colcon_core.verb:set package 'asurt_msgs' build argument 'cmake_clean_cache' from command line to 'False'
[0.273s] Level 5:colcon.colcon_core.verb:set package 'asurt_msgs' build argument 'cmake_clean_first' from command line to 'False'
[0.273s] Level 5:colcon.colcon_core.verb:set package 'asurt_msgs' build argument 'cmake_force_configure' from command line to 'False'
[0.273s] Level 5:colcon.colcon_core.verb:set package 'asurt_msgs' build argument 'ament_cmake_args' from command line to 'None'
[0.273s] Level 5:colcon.colcon_core.verb:set package 'asurt_msgs' build argument 'catkin_cmake_args' from command line to 'None'
[0.273s] Level 5:colcon.colcon_core.verb:set package 'asurt_msgs' build argument 'catkin_skip_building_tests' from command line to 'False'
[0.273s] DEBUG:colcon.colcon_core.verb:Building package 'asurt_msgs' with the following arguments: {'ament_cmake_args': None, 'build_base': '/home/aly-sultan/Desktop/fs-system-25/SLAM/build/asurt_msgs', 'catkin_cmake_args': None, 'catkin_skip_building_tests': False, 'cmake_args': None, 'cmake_clean_cache': False, 'cmake_clean_first': False, 'cmake_force_configure': False, 'cmake_target': None, 'cmake_target_skip_unavailable': False, 'install_base': '/home/aly-sultan/Desktop/fs-system-25/SLAM/install/asurt_msgs', 'merge_install': False, 'path': '/home/aly-sultan/Desktop/fs-system-25/SLAM/asurt_msgs', 'symlink_install': False, 'test_result_base': None}
[0.273s] Level 5:colcon.colcon_core.verb:set package 'cloud_msgs' build argument 'cmake_args' from command line to 'None'
[0.273s] Level 5:colcon.colcon_core.verb:set package 'cloud_msgs' build argument 'cmake_target' from command line to 'None'
[0.273s] Level 5:colcon.colcon_core.verb:set package 'cloud_msgs' build argument 'cmake_target_skip_unavailable' from command line to 'False'
[0.273s] Level 5:colcon.colcon_core.verb:set package 'cloud_msgs' build argument 'cmake_clean_cache' from command line to 'False'
[0.273s] Level 5:colcon.colcon_core.verb:set package 'cloud_msgs' build argument 'cmake_clean_first' from command line to 'False'
[0.273s] Level 5:colcon.colcon_core.verb:set package 'cloud_msgs' build argument 'cmake_force_configure' from command line to 'False'
[0.273s] Level 5:colcon.colcon_core.verb:set package 'cloud_msgs' build argument 'ament_cmake_args' from command line to 'None'
[0.273s] Level 5:colcon.colcon_core.verb:set package 'cloud_msgs' build argument 'catkin_cmake_args' from command line to 'None'
[0.273s] Level 5:colcon.colcon_core.verb:set package 'cloud_msgs' build argument 'catkin_skip_building_tests' from command line to 'False'
[0.273s] DEBUG:colcon.colcon_core.verb:Building package 'cloud_msgs' with the following arguments: {'ament_cmake_args': None, 'build_base': '/home/aly-sultan/Desktop/fs-system-25/SLAM/build/cloud_msgs', 'catkin_cmake_args': None, 'catkin_skip_building_tests': False, 'cmake_args': None, 'cmake_clean_cache': False, 'cmake_clean_first': False, 'cmake_force_configure': False, 'cmake_target': None, 'cmake_target_skip_unavailable': False, 'install_base': '/home/aly-sultan/Desktop/fs-system-25/SLAM/install/cloud_msgs', 'merge_install': False, 'path': '/home/aly-sultan/Desktop/fs-system-25/SLAM/cloud_msgs', 'symlink_install': False, 'test_result_base': None}
[0.273s] Level 5:colcon.colcon_core.verb:set package 'cone_a_lisa' build argument 'cmake_args' from command line to 'None'
[0.273s] Level 5:colcon.colcon_core.verb:set package 'cone_a_lisa' build argument 'cmake_target' from command line to 'None'
[0.273s] Level 5:colcon.colcon_core.verb:set package 'cone_a_lisa' build argument 'cmake_target_skip_unavailable' from command line to 'False'
[0.274s] Level 5:colcon.colcon_core.verb:set package 'cone_a_lisa' build argument 'cmake_clean_cache' from command line to 'False'
[0.274s] Level 5:colcon.colcon_core.verb:set package 'cone_a_lisa' build argument 'cmake_clean_first' from command line to 'False'
[0.274s] Level 5:colcon.colcon_core.verb:set package 'cone_a_lisa' build argument 'cmake_force_configure' from command line to 'False'
[0.274s] Level 5:colcon.colcon_core.verb:set package 'cone_a_lisa' build argument 'ament_cmake_args' from command line to 'None'
[0.274s] Level 5:colcon.colcon_core.verb:set package 'cone_a_lisa' build argument 'catkin_cmake_args' from command line to 'None'
[0.274s] Level 5:colcon.colcon_core.verb:set package 'cone_a_lisa' build argument 'catkin_skip_building_tests' from command line to 'False'
[0.274s] DEBUG:colcon.colcon_core.verb:Building package 'cone_a_lisa' with the following arguments: {'ament_cmake_args': None, 'build_base': '/home/aly-sultan/Desktop/fs-system-25/SLAM/build/cone_a_lisa', 'catkin_cmake_args': None, 'catkin_skip_building_tests': False, 'cmake_args': None, 'cmake_clean_cache': False, 'cmake_clean_first': False, 'cmake_force_configure': False, 'cmake_target': None, 'cmake_target_skip_unavailable': False, 'install_base': '/home/aly-sultan/Desktop/fs-system-25/SLAM/install/cone_a_lisa', 'merge_install': False, 'path': '/home/aly-sultan/Desktop/fs-system-25/SLAM/cone_a_lisa', 'symlink_install': False, 'test_result_base': None}
[0.274s] Level 5:colcon.colcon_core.verb:set package 'lego_loam_sr' build argument 'cmake_args' from command line to 'None'
[0.274s] Level 5:colcon.colcon_core.verb:set package 'lego_loam_sr' build argument 'cmake_target' from command line to 'None'
[0.274s] Level 5:colcon.colcon_core.verb:set package 'lego_loam_sr' build argument 'cmake_target_skip_unavailable' from command line to 'False'
[0.274s] Level 5:colcon.colcon_core.verb:set package 'lego_loam_sr' build argument 'cmake_clean_cache' from command line to 'False'
[0.274s] Level 5:colcon.colcon_core.verb:set package 'lego_loam_sr' build argument 'cmake_clean_first' from command line to 'False'
[0.274s] Level 5:colcon.colcon_core.verb:set package 'lego_loam_sr' build argument 'cmake_force_configure' from command line to 'False'
[0.274s] Level 5:colcon.colcon_core.verb:set package 'lego_loam_sr' build argument 'ament_cmake_args' from command line to 'None'
[0.274s] Level 5:colcon.colcon_core.verb:set package 'lego_loam_sr' build argument 'catkin_cmake_args' from command line to 'None'
[0.274s] Level 5:colcon.colcon_core.verb:set package 'lego_loam_sr' build argument 'catkin_skip_building_tests' from command line to 'False'
[0.274s] DEBUG:colcon.colcon_core.verb:Building package 'lego_loam_sr' with the following arguments: {'ament_cmake_args': None, 'build_base': '/home/aly-sultan/Desktop/fs-system-25/SLAM/build/lego_loam_sr', 'catkin_cmake_args': None, 'catkin_skip_building_tests': False, 'cmake_args': None, 'cmake_clean_cache': False, 'cmake_clean_first': False, 'cmake_force_configure': False, 'cmake_target': None, 'cmake_target_skip_unavailable': False, 'install_base': '/home/aly-sultan/Desktop/fs-system-25/SLAM/install/lego_loam_sr', 'merge_install': False, 'path': '/home/aly-sultan/Desktop/fs-system-25/SLAM/LeGO-LOAM', 'symlink_install': False, 'test_result_base': None}
[0.274s] INFO:colcon.colcon_core.executor:Executing jobs using 'parallel' executor
[0.275s] DEBUG:colcon.colcon_parallel_executor.executor.parallel:run_until_complete
[0.276s] INFO:colcon.colcon_ros.task.ament_cmake.build:Building ROS package in '/home/aly-sultan/Desktop/fs-system-25/SLAM/asurt_msgs' with build type 'ament_cmake'
[0.276s] INFO:colcon.colcon_cmake.task.cmake.build:Building CMake package in '/home/aly-sultan/Desktop/fs-system-25/SLAM/asurt_msgs'
[0.278s] INFO:colcon.colcon_core.plugin_system:Skipping extension 'colcon_core.shell.bat': Not used on non-Windows systems
[0.278s] INFO:colcon.colcon_core.shell:Skip shell extension 'powershell' for command environment: Not usable outside of PowerShell
[0.278s] DEBUG:colcon.colcon_core.shell:Skip shell extension 'dsv' for command environment
[0.282s] INFO:colcon.colcon_ros.task.ament_cmake.build:Building ROS package in '/home/aly-sultan/Desktop/fs-system-25/SLAM/cloud_msgs' with build type 'ament_cmake'
[0.282s] INFO:colcon.colcon_cmake.task.cmake.build:Building CMake package in '/home/aly-sultan/Desktop/fs-system-25/SLAM/cloud_msgs'
[0.282s] INFO:colcon.colcon_core.shell:Skip shell extension 'powershell' for command environment: Not usable outside of PowerShell
[0.282s] DEBUG:colcon.colcon_core.shell:Skip shell extension 'dsv' for command environment
[0.285s] INFO:colcon.colcon_ros.task.ament_python.build:Building ROS package in '/home/aly-sultan/Desktop/fs-system-25/SLAM/cone_a_lisa' with build type 'ament_python'
[0.286s] Level 1:colcon.colcon_core.shell:create_environment_hook('cone_a_lisa', 'ament_prefix_path')
[0.286s] INFO:colcon.colcon_core.shell:Creating environment hook '/home/aly-sultan/Desktop/fs-system-25/SLAM/install/cone_a_lisa/share/cone_a_lisa/hook/ament_prefix_path.ps1'
[0.287s] INFO:colcon.colcon_core.shell:Creating environment descriptor '/home/aly-sultan/Desktop/fs-system-25/SLAM/install/cone_a_lisa/share/cone_a_lisa/hook/ament_prefix_path.dsv'
[0.287s] INFO:colcon.colcon_core.shell:Creating environment hook '/home/aly-sultan/Desktop/fs-system-25/SLAM/install/cone_a_lisa/share/cone_a_lisa/hook/ament_prefix_path.sh'
[0.288s] INFO:colcon.colcon_core.shell:Skip shell extension 'powershell' for command environment: Not usable outside of PowerShell
[0.288s] DEBUG:colcon.colcon_core.shell:Skip shell extension 'dsv' for command environment
[0.296s] DEBUG:colcon.colcon_core.event_handler.log_command:Invoking command in '/home/aly-sultan/Desktop/fs-system-25/SLAM/build/asurt_msgs': CMAKE_PREFIX_PATH=${CMAKE_PREFIX_PATH}:/opt/ros/jazzy DEBUGINFOD_URLS=https://debuginfod.ubuntu.com /usr/bin/cmake --build /home/aly-sultan/Desktop/fs-system-25/SLAM/build/asurt_msgs -- -j16 -l16
[0.302s] DEBUG:colcon.colcon_core.event_handler.log_command:Invoking command in '/home/aly-sultan/Desktop/fs-system-25/SLAM/build/cloud_msgs': CMAKE_PREFIX_PATH=${CMAKE_PREFIX_PATH}:/opt/ros/jazzy DEBUGINFOD_URLS=https://debuginfod.ubuntu.com /usr/bin/cmake --build /home/aly-sultan/Desktop/fs-system-25/SLAM/build/cloud_msgs -- -j16 -l16
[0.722s] INFO:colcon.colcon_core.task.python.build:Building Python package in '/home/aly-sultan/Desktop/fs-system-25/SLAM/cone_a_lisa'
[0.722s] INFO:colcon.colcon_core.shell:Skip shell extension 'powershell' for command environment: Not usable outside of PowerShell
[0.722s] DEBUG:colcon.colcon_core.shell:Skip shell extension 'dsv' for command environment
[0.819s] DEBUG:colcon.colcon_core.event_handler.log_command:Invoked command in '/home/aly-sultan/Desktop/fs-system-25/SLAM/build/cloud_msgs' returned '0': CMAKE_PREFIX_PATH=${CMAKE_PREFIX_PATH}:/opt/ros/jazzy DEBUGINFOD_URLS=https://debuginfod.ubuntu.com /usr/bin/cmake --build /home/aly-sultan/Desktop/fs-system-25/SLAM/build/cloud_msgs -- -j16 -l16
[0.837s] DEBUG:colcon.colcon_core.event_handler.log_command:Invoking command in '/home/aly-sultan/Desktop/fs-system-25/SLAM/build/cloud_msgs': CMAKE_PREFIX_PATH=${CMAKE_PREFIX_PATH}:/opt/ros/jazzy DEBUGINFOD_URLS=https://debuginfod.ubuntu.com /usr/bin/cmake --install /home/aly-sultan/Desktop/fs-system-25/SLAM/build/cloud_msgs
[0.924s] Level 1:colcon.colcon_core.environment:create_environment_scripts_only(cloud_msgs)
[0.924s] DEBUG:colcon.colcon_core.event_handler.log_command:Invoked command in '/home/aly-sultan/Desktop/fs-system-25/SLAM/build/cloud_msgs' returned '0': CMAKE_PREFIX_PATH=${CMAKE_PREFIX_PATH}:/opt/ros/jazzy DEBUGINFOD_URLS=https://debuginfod.ubuntu.com /usr/bin/cmake --install /home/aly-sultan/Desktop/fs-system-25/SLAM/build/cloud_msgs
[0.928s] Level 1:colcon.colcon_core.environment:checking '/home/aly-sultan/Desktop/fs-system-25/SLAM/install/cloud_msgs' for CMake module files
[0.929s] Level 1:colcon.colcon_core.environment:checking '/home/aly-sultan/Desktop/fs-system-25/SLAM/install/cloud_msgs' for CMake config files
[0.930s] Level 1:colcon.colcon_core.shell:create_environment_hook('cloud_msgs', 'cmake_prefix_path')
[0.930s] INFO:colcon.colcon_core.shell:Creating environment hook '/home/aly-sultan/Desktop/fs-system-25/SLAM/install/cloud_msgs/share/cloud_msgs/hook/cmake_prefix_path.ps1'
[0.931s] INFO:colcon.colcon_core.shell:Creating environment descriptor '/home/aly-sultan/Desktop/fs-system-25/SLAM/install/cloud_msgs/share/cloud_msgs/hook/cmake_prefix_path.dsv'
[0.932s] INFO:colcon.colcon_core.shell:Creating environment hook '/home/aly-sultan/Desktop/fs-system-25/SLAM/install/cloud_msgs/share/cloud_msgs/hook/cmake_prefix_path.sh'
[0.933s] Level 1:colcon.colcon_core.environment:checking '/home/aly-sultan/Desktop/fs-system-25/SLAM/install/cloud_msgs/lib'
[0.933s] Level 1:colcon.colcon_core.shell:create_environment_hook('cloud_msgs', 'ld_library_path_lib')
[0.933s] INFO:colcon.colcon_core.shell:Creating environment hook '/home/aly-sultan/Desktop/fs-system-25/SLAM/install/cloud_msgs/share/cloud_msgs/hook/ld_library_path_lib.ps1'
[0.934s] INFO:colcon.colcon_core.shell:Creating environment descriptor '/home/aly-sultan/Desktop/fs-system-25/SLAM/install/cloud_msgs/share/cloud_msgs/hook/ld_library_path_lib.dsv'
[0.935s] INFO:colcon.colcon_core.shell:Creating environment hook '/home/aly-sultan/Desktop/fs-system-25/SLAM/install/cloud_msgs/share/cloud_msgs/hook/ld_library_path_lib.sh'
[0.935s] Level 1:colcon.colcon_core.environment:checking '/home/aly-sultan/Desktop/fs-system-25/SLAM/install/cloud_msgs/bin'
[0.935s] Level 1:colcon.colcon_core.environment:checking '/home/aly-sultan/Desktop/fs-system-25/SLAM/install/cloud_msgs/lib/pkgconfig/cloud_msgs.pc'
[0.936s] Level 1:colcon.colcon_core.environment:checking '/home/aly-sultan/Desktop/fs-system-25/SLAM/install/cloud_msgs/lib/python3.12/site-packages'
[0.936s] Level 1:colcon.colcon_core.shell:create_environment_hook('cloud_msgs', 'pythonpath')
[0.936s] INFO:colcon.colcon_core.shell:Creating environment hook '/home/aly-sultan/Desktop/fs-system-25/SLAM/install/cloud_msgs/share/cloud_msgs/hook/pythonpath.ps1'
[0.937s] INFO:colcon.colcon_core.shell:Creating environment descriptor '/home/aly-sultan/Desktop/fs-system-25/SLAM/install/cloud_msgs/share/cloud_msgs/hook/pythonpath.dsv'
[0.938s] INFO:colcon.colcon_core.shell:Creating environment hook '/home/aly-sultan/Desktop/fs-system-25/SLAM/install/cloud_msgs/share/cloud_msgs/hook/pythonpath.sh'
[0.939s] Level 1:colcon.colcon_core.environment:checking '/home/aly-sultan/Desktop/fs-system-25/SLAM/install/cloud_msgs/bin'
[0.939s] INFO:colcon.colcon_core.shell:Creating package script '/home/aly-sultan/Desktop/fs-system-25/SLAM/install/cloud_msgs/share/cloud_msgs/package.ps1'
[0.940s] INFO:colcon.colcon_core.shell:Creating package descriptor '/home/aly-sultan/Desktop/fs-system-25/SLAM/install/cloud_msgs/share/cloud_msgs/package.dsv'
[0.941s] INFO:colcon.colcon_core.shell:Creating package script '/home/aly-sultan/Desktop/fs-system-25/SLAM/install/cloud_msgs/share/cloud_msgs/package.sh'
[0.942s] INFO:colcon.colcon_core.shell:Creating package script '/home/aly-sultan/Desktop/fs-system-25/SLAM/install/cloud_msgs/share/cloud_msgs/package.bash'
[0.942s] INFO:colcon.colcon_core.shell:Creating package script '/home/aly-sultan/Desktop/fs-system-25/SLAM/install/cloud_msgs/share/cloud_msgs/package.zsh'
[0.943s] Level 1:colcon.colcon_core.environment:create_file_with_runtime_dependencies(/home/aly-sultan/Desktop/fs-system-25/SLAM/install/cloud_msgs/share/colcon-core/packages/cloud_msgs)
[0.944s] Level 1:colcon.colcon_core.environment:create_environment_scripts_only(cloud_msgs)
[0.944s] Level 1:colcon.colcon_core.environment:checking '/home/aly-sultan/Desktop/fs-system-25/SLAM/install/cloud_msgs' for CMake module files
[0.944s] Level 1:colcon.colcon_core.environment:checking '/home/aly-sultan/Desktop/fs-system-25/SLAM/install/cloud_msgs' for CMake config files
[0.945s] Level 1:colcon.colcon_core.shell:create_environment_hook('cloud_msgs', 'cmake_prefix_path')
[0.945s] INFO:colcon.colcon_core.shell:Creating environment hook '/home/aly-sultan/Desktop/fs-system-25/SLAM/install/cloud_msgs/share/cloud_msgs/hook/cmake_prefix_path.ps1'
[0.945s] INFO:colcon.colcon_core.shell:Creating environment descriptor '/home/aly-sultan/Desktop/fs-system-25/SLAM/install/cloud_msgs/share/cloud_msgs/hook/cmake_prefix_path.dsv'
[0.946s] INFO:colcon.colcon_core.shell:Creating environment hook '/home/aly-sultan/Desktop/fs-system-25/SLAM/install/cloud_msgs/share/cloud_msgs/hook/cmake_prefix_path.sh'
[0.946s] Level 1:colcon.colcon_core.environment:checking '/home/aly-sultan/Desktop/fs-system-25/SLAM/install/cloud_msgs/lib'
[0.946s] Level 1:colcon.colcon_core.shell:create_environment_hook('cloud_msgs', 'ld_library_path_lib')
[0.947s] INFO:colcon.colcon_core.shell:Creating environment hook '/home/aly-sultan/Desktop/fs-system-25/SLAM/install/cloud_msgs/share/cloud_msgs/hook/ld_library_path_lib.ps1'
[0.947s] INFO:colcon.colcon_core.shell:Creating environment descriptor '/home/aly-sultan/Desktop/fs-system-25/SLAM/install/cloud_msgs/share/cloud_msgs/hook/ld_library_path_lib.dsv'
[0.947s] INFO:colcon.colcon_core.shell:Creating environment hook '/home/aly-sultan/Desktop/fs-system-25/SLAM/install/cloud_msgs/share/cloud_msgs/hook/ld_library_path_lib.sh'
[0.948s] Level 1:colcon.colcon_core.environment:checking '/home/aly-sultan/Desktop/fs-system-25/SLAM/install/cloud_msgs/bin'
[0.948s] Level 1:colcon.colcon_core.environment:checking '/home/aly-sultan/Desktop/fs-system-25/SLAM/install/cloud_msgs/lib/pkgconfig/cloud_msgs.pc'
[0.948s] Level 1:colcon.colcon_core.environment:checking '/home/aly-sultan/Desktop/fs-system-25/SLAM/install/cloud_msgs/lib/python3.12/site-packages'
[0.948s] Level 1:colcon.colcon_core.shell:create_environment_hook('cloud_msgs', 'pythonpath')
[0.949s] INFO:colcon.colcon_core.shell:Creating environment hook '/home/aly-sultan/Desktop/fs-system-25/SLAM/install/cloud_msgs/share/cloud_msgs/hook/pythonpath.ps1'
[0.949s] INFO:colcon.colcon_core.shell:Creating environment descriptor '/home/aly-sultan/Desktop/fs-system-25/SLAM/install/cloud_msgs/share/cloud_msgs/hook/pythonpath.dsv'
[0.949s] INFO:colcon.colcon_core.shell:Creating environment hook '/home/aly-sultan/Desktop/fs-system-25/SLAM/install/cloud_msgs/share/cloud_msgs/hook/pythonpath.sh'
[0.950s] Level 1:colcon.colcon_core.environment:checking '/home/aly-sultan/Desktop/fs-system-25/SLAM/install/cloud_msgs/bin'
[0.950s] INFO:colcon.colcon_core.shell:Creating package script '/home/aly-sultan/Desktop/fs-system-25/SLAM/install/cloud_msgs/share/cloud_msgs/package.ps1'
[0.951s] INFO:colcon.colcon_core.shell:Creating package descriptor '/home/aly-sultan/Desktop/fs-system-25/SLAM/install/cloud_msgs/share/cloud_msgs/package.dsv'
[0.952s] INFO:colcon.colcon_core.shell:Creating package script '/home/aly-sultan/Desktop/fs-system-25/SLAM/install/cloud_msgs/share/cloud_msgs/package.sh'
[0.952s] INFO:colcon.colcon_core.shell:Creating package script '/home/aly-sultan/Desktop/fs-system-25/SLAM/install/cloud_msgs/share/cloud_msgs/package.bash'
[0.953s] INFO:colcon.colcon_core.shell:Creating package script '/home/aly-sultan/Desktop/fs-system-25/SLAM/install/cloud_msgs/share/cloud_msgs/package.zsh'
[0.954s] Level 1:colcon.colcon_core.environment:create_file_with_runtime_dependencies(/home/aly-sultan/Desktop/fs-system-25/SLAM/install/cloud_msgs/share/colcon-core/packages/cloud_msgs)
[0.995s] DEBUG:colcon.colcon_core.event_handler.log_command:Invoked command in '/home/aly-sultan/Desktop/fs-system-25/SLAM/build/asurt_msgs' returned '0': CMAKE_PREFIX_PATH=${CMAKE_PREFIX_PATH}:/opt/ros/jazzy DEBUGINFOD_URLS=https://debuginfod.ubuntu.com /usr/bin/cmake --build /home/aly-sultan/Desktop/fs-system-25/SLAM/build/asurt_msgs -- -j16 -l16
[0.997s] DEBUG:colcon.colcon_core.event_handler.log_command:Invoking command in '/home/aly-sultan/Desktop/fs-system-25/SLAM/build/asurt_msgs': CMAKE_PREFIX_PATH=${CMAKE_PREFIX_PATH}:/opt/ros/jazzy DEBUGINFOD_URLS=https://debuginfod.ubuntu.com /usr/bin/cmake --install /home/aly-sultan/Desktop/fs-system-25/SLAM/build/asurt_msgs
[1.106s] Level 1:colcon.colcon_core.environment:create_environment_scripts_only(asurt_msgs)
[1.107s] Level 1:colcon.colcon_core.environment:checking '/home/aly-sultan/Desktop/fs-system-25/SLAM/install/asurt_msgs' for CMake module files
[1.110s] DEBUG:colcon.colcon_core.event_handler.log_command:Invoked command in '/home/aly-sultan/Desktop/fs-system-25/SLAM/build/asurt_msgs' returned '0': CMAKE_PREFIX_PATH=${CMAKE_PREFIX_PATH}:/opt/ros/jazzy DEBUGINFOD_URLS=https://debuginfod.ubuntu.com /usr/bin/cmake --install /home/aly-sultan/Desktop/fs-system-25/SLAM/build/asurt_msgs
[1.110s] Level 1:colcon.colcon_core.environment:checking '/home/aly-sultan/Desktop/fs-system-25/SLAM/install/asurt_msgs' for CMake config files
[1.110s] Level 1:colcon.colcon_core.shell:create_environment_hook('asurt_msgs', 'cmake_prefix_path')
[1.111s] INFO:colcon.colcon_core.shell:Creating environment hook '/home/aly-sultan/Desktop/fs-system-25/SLAM/install/asurt_msgs/share/asurt_msgs/hook/cmake_prefix_path.ps1'
[1.111s] INFO:colcon.colcon_core.shell:Creating environment descriptor '/home/aly-sultan/Desktop/fs-system-25/SLAM/install/asurt_msgs/share/asurt_msgs/hook/cmake_prefix_path.dsv'
[1.111s] INFO:colcon.colcon_core.shell:Creating environment hook '/home/aly-sultan/Desktop/fs-system-25/SLAM/install/asurt_msgs/share/asurt_msgs/hook/cmake_prefix_path.sh'
[1.112s] Level 1:colcon.colcon_core.environment:checking '/home/aly-sultan/Desktop/fs-system-25/SLAM/install/asurt_msgs/lib'
[1.112s] Level 1:colcon.colcon_core.shell:create_environment_hook('asurt_msgs', 'ld_library_path_lib')
[1.112s] INFO:colcon.colcon_core.shell:Creating environment hook '/home/aly-sultan/Desktop/fs-system-25/SLAM/install/asurt_msgs/share/asurt_msgs/hook/ld_library_path_lib.ps1'
[1.113s] INFO:colcon.colcon_core.shell:Creating environment descriptor '/home/aly-sultan/Desktop/fs-system-25/SLAM/install/asurt_msgs/share/asurt_msgs/hook/ld_library_path_lib.dsv'
[1.113s] INFO:colcon.colcon_core.shell:Creating environment hook '/home/aly-sultan/Desktop/fs-system-25/SLAM/install/asurt_msgs/share/asurt_msgs/hook/ld_library_path_lib.sh'
[1.113s] Level 1:colcon.colcon_core.environment:checking '/home/aly-sultan/Desktop/fs-system-25/SLAM/install/asurt_msgs/bin'
[1.113s] Level 1:colcon.colcon_core.environment:checking '/home/aly-sultan/Desktop/fs-system-25/SLAM/install/asurt_msgs/lib/pkgconfig/asurt_msgs.pc'
[1.114s] Level 1:colcon.colcon_core.environment:checking '/home/aly-sultan/Desktop/fs-system-25/SLAM/install/asurt_msgs/lib/python3.12/site-packages'
[1.114s] Level 1:colcon.colcon_core.shell:create_environment_hook('asurt_msgs', 'pythonpath')
[1.114s] INFO:colcon.colcon_core.shell:Creating environment hook '/home/aly-sultan/Desktop/fs-system-25/SLAM/install/asurt_msgs/share/asurt_msgs/hook/pythonpath.ps1'
[1.114s] INFO:colcon.colcon_core.shell:Creating environment descriptor '/home/aly-sultan/Desktop/fs-system-25/SLAM/install/asurt_msgs/share/asurt_msgs/hook/pythonpath.dsv'
[1.115s] INFO:colcon.colcon_core.shell:Creating environment hook '/home/aly-sultan/Desktop/fs-system-25/SLAM/install/asurt_msgs/share/asurt_msgs/hook/pythonpath.sh'
[1.115s] Level 1:colcon.colcon_core.environment:checking '/home/aly-sultan/Desktop/fs-system-25/SLAM/install/asurt_msgs/bin'
[1.116s] INFO:colcon.colcon_core.shell:Creating package script '/home/aly-sultan/Desktop/fs-system-25/SLAM/install/asurt_msgs/share/asurt_msgs/package.ps1'
[1.116s] INFO:colcon.colcon_core.shell:Creating package descriptor '/home/aly-sultan/Desktop/fs-system-25/SLAM/install/asurt_msgs/share/asurt_msgs/package.dsv'
[1.117s] INFO:colcon.colcon_core.shell:Creating package script '/home/aly-sultan/Desktop/fs-system-25/SLAM/install/asurt_msgs/share/asurt_msgs/package.sh'
[1.117s] INFO:colcon.colcon_core.shell:Creating package script '/home/aly-sultan/Desktop/fs-system-25/SLAM/install/asurt_msgs/share/asurt_msgs/package.bash'
[1.117s] INFO:colcon.colcon_core.shell:Creating package script '/home/aly-sultan/Desktop/fs-system-25/SLAM/install/asurt_msgs/share/asurt_msgs/package.zsh'
[1.118s] Level 1:colcon.colcon_core.environment:create_file_with_runtime_dependencies(/home/aly-sultan/Desktop/fs-system-25/SLAM/install/asurt_msgs/share/colcon-core/packages/asurt_msgs)
[1.118s] Level 1:colcon.colcon_core.environment:create_environment_scripts_only(asurt_msgs)
[1.118s] Level 1:colcon.colcon_core.environment:checking '/home/aly-sultan/Desktop/fs-system-25/SLAM/install/asurt_msgs' for CMake module files
[1.119s] Level 1:colcon.colcon_core.environment:checking '/home/aly-sultan/Desktop/fs-system-25/SLAM/install/asurt_msgs' for CMake config files
[1.119s] Level 1:colcon.colcon_core.shell:create_environment_hook('asurt_msgs', 'cmake_prefix_path')
[1.119s] INFO:colcon.colcon_core.shell:Creating environment hook '/home/aly-sultan/Desktop/fs-system-25/SLAM/install/asurt_msgs/share/asurt_msgs/hook/cmake_prefix_path.ps1'
[1.120s] INFO:colcon.colcon_core.shell:Creating environment descriptor '/home/aly-sultan/Desktop/fs-system-25/SLAM/install/asurt_msgs/share/asurt_msgs/hook/cmake_prefix_path.dsv'
[1.120s] INFO:colcon.colcon_core.shell:Creating environment hook '/home/aly-sultan/Desktop/fs-system-25/SLAM/install/asurt_msgs/share/asurt_msgs/hook/cmake_prefix_path.sh'
[1.121s] Level 1:colcon.colcon_core.environment:checking '/home/aly-sultan/Desktop/fs-system-25/SLAM/install/asurt_msgs/lib'
[1.121s] Level 1:colcon.colcon_core.shell:create_environment_hook('asurt_msgs', 'ld_library_path_lib')
[1.121s] INFO:colcon.colcon_core.shell:Creating environment hook '/home/aly-sultan/Desktop/fs-system-25/SLAM/install/asurt_msgs/share/asurt_msgs/hook/ld_library_path_lib.ps1'
[1.121s] INFO:colcon.colcon_core.shell:Creating environment descriptor '/home/aly-sultan/Desktop/fs-system-25/SLAM/install/asurt_msgs/share/asurt_msgs/hook/ld_library_path_lib.dsv'
[1.122s] INFO:colcon.colcon_core.shell:Creating environment hook '/home/aly-sultan/Desktop/fs-system-25/SLAM/install/asurt_msgs/share/asurt_msgs/hook/ld_library_path_lib.sh'
[1.122s] Level 1:colcon.colcon_core.environment:checking '/home/aly-sultan/Desktop/fs-system-25/SLAM/install/asurt_msgs/bin'
[1.122s] Level 1:colcon.colcon_core.environment:checking '/home/aly-sultan/Desktop/fs-system-25/SLAM/install/asurt_msgs/lib/pkgconfig/asurt_msgs.pc'
[1.122s] Level 1:colcon.colcon_core.environment:checking '/home/aly-sultan/Desktop/fs-system-25/SLAM/install/asurt_msgs/lib/python3.12/site-packages'
[1.122s] Level 1:colcon.colcon_core.shell:create_environment_hook('asurt_msgs', 'pythonpath')
[1.122s] INFO:colcon.colcon_core.shell:Creating environment hook '/home/aly-sultan/Desktop/fs-system-25/SLAM/install/asurt_msgs/share/asurt_msgs/hook/pythonpath.ps1'
[1.123s] INFO:colcon.colcon_core.shell:Creating environment descriptor '/home/aly-sultan/Desktop/fs-system-25/SLAM/install/asurt_msgs/share/asurt_msgs/hook/pythonpath.dsv'
[1.123s] INFO:colcon.colcon_core.shell:Creating environment hook '/home/aly-sultan/Desktop/fs-system-25/SLAM/install/asurt_msgs/share/asurt_msgs/hook/pythonpath.sh'
[1.124s] Level 1:colcon.colcon_core.environment:checking '/home/aly-sultan/Desktop/fs-system-25/SLAM/install/asurt_msgs/bin'
[1.124s] INFO:colcon.colcon_core.shell:Creating package script '/home/aly-sultan/Desktop/fs-system-25/SLAM/install/asurt_msgs/share/asurt_msgs/package.ps1'
[1.125s] INFO:colcon.colcon_core.shell:Creating package descriptor '/home/aly-sultan/Desktop/fs-system-25/SLAM/install/asurt_msgs/share/asurt_msgs/package.dsv'
[1.125s] INFO:colcon.colcon_core.shell:Creating package script '/home/aly-sultan/Desktop/fs-system-25/SLAM/install/asurt_msgs/share/asurt_msgs/package.sh'
[1.125s] INFO:colcon.colcon_core.shell:Creating package script '/home/aly-sultan/Desktop/fs-system-25/SLAM/install/asurt_msgs/share/asurt_msgs/package.bash'
[1.126s] INFO:colcon.colcon_core.shell:Creating package script '/home/aly-sultan/Desktop/fs-system-25/SLAM/install/asurt_msgs/share/asurt_msgs/package.zsh'
[1.126s] Level 1:colcon.colcon_core.environment:create_file_with_runtime_dependencies(/home/aly-sultan/Desktop/fs-system-25/SLAM/install/asurt_msgs/share/colcon-core/packages/asurt_msgs)
[1.126s] INFO:colcon.colcon_ros.task.ament_cmake.build:Building ROS package in '/home/aly-sultan/Desktop/fs-system-25/SLAM/LeGO-LOAM' with build type 'ament_cmake'
[1.127s] INFO:colcon.colcon_cmake.task.cmake.build:Building CMake package in '/home/aly-sultan/Desktop/fs-system-25/SLAM/LeGO-LOAM'
[1.127s] INFO:colcon.colcon_core.shell:Skip shell extension 'powershell' for command environment: Not usable outside of PowerShell
[1.127s] DEBUG:colcon.colcon_core.shell:Skip shell extension 'dsv' for command environment
[1.146s] DEBUG:colcon.colcon_core.event_handler.log_command:Invoking command in '/home/aly-sultan/Desktop/fs-system-25/SLAM/build/lego_loam_sr': AMENT_PREFIX_PATH=/home/aly-sultan/Desktop/fs-system-25/SLAM/install/cloud_msgs:/home/aly-sultan/Desktop/fs-system-25/SLAM/install/asurt_msgs:${AMENT_PREFIX_PATH} CMAKE_PREFIX_PATH=/home/aly-sultan/Desktop/fs-system-25/SLAM/install/cloud_msgs:/home/aly-sultan/Desktop/fs-system-25/SLAM/install/asurt_msgs:/opt/ros/jazzy/opt/gz_sim_vendor:/opt/ros/jazzy/opt/gz_sensors_vendor:/opt/ros/jazzy/opt/gz_physics_vendor:/opt/ros/jazzy/opt/sdformat_vendor:/opt/ros/jazzy/opt/gz_gui_vendor:/opt/ros/jazzy/opt/gz_transport_vendor:/opt/ros/jazzy/opt/gz_rendering_vendor:/opt/ros/jazzy/opt/gz_plugin_vendor:/opt/ros/jazzy/opt/gz_fuel_tools_vendor:/opt/ros/jazzy/opt/gz_msgs_vendor:/opt/ros/jazzy/opt/gz_common_vendor:/opt/ros/jazzy/opt/gz_math_vendor:/opt/ros/jazzy/opt/gz_utils_vendor:/opt/ros/jazzy/opt/gz_tools_vendor:/opt/ros/jazzy/opt/gz_ogre_next_vendor:/opt/ros/jazzy/opt/gz_dartsim_vendor:/opt/ros/jazzy/opt/gz_cmake_vendor:/opt/ros/jazzy DEBUGINFOD_URLS=https://debuginfod.ubuntu.com LD_LIBRARY_PATH=/home/aly-sultan/Desktop/fs-system-25/SLAM/install/cloud_msgs/lib:/home/aly-sultan/Desktop/fs-system-25/SLAM/install/asurt_msgs/lib:${LD_LIBRARY_PATH} PYTHONPATH=/home/aly-sultan/Desktop/fs-system-25/SLAM/install/cloud_msgs/lib/python3.12/site-packages:/home/aly-sultan/Desktop/fs-system-25/SLAM/install/asurt_msgs/lib/python3.12/site-packages:${PYTHONPATH} /usr/bin/cmake --build /home/aly-sultan/Desktop/fs-system-25/SLAM/build/lego_loam_sr -- -j16 -l16
[1.266s] DEBUG:colcon.colcon_core.event_handler.log_command:Invoked command in '/home/aly-sultan/Desktop/fs-system-25/SLAM/build/lego_loam_sr' returned '0': AMENT_PREFIX_PATH=/home/aly-sultan/Desktop/fs-system-25/SLAM/install/cloud_msgs:/home/aly-sultan/Desktop/fs-system-25/SLAM/install/asurt_msgs:${AMENT_PREFIX_PATH} CMAKE_PREFIX_PATH=/home/aly-sultan/Desktop/fs-system-25/SLAM/install/cloud_msgs:/home/aly-sultan/Desktop/fs-system-25/SLAM/install/asurt_msgs:/opt/ros/jazzy/opt/gz_sim_vendor:/opt/ros/jazzy/opt/gz_sensors_vendor:/opt/ros/jazzy/opt/gz_physics_vendor:/opt/ros/jazzy/opt/sdformat_vendor:/opt/ros/jazzy/opt/gz_gui_vendor:/opt/ros/jazzy/opt/gz_transport_vendor:/opt/ros/jazzy/opt/gz_rendering_vendor:/opt/ros/jazzy/opt/gz_plugin_vendor:/opt/ros/jazzy/opt/gz_fuel_tools_vendor:/opt/ros/jazzy/opt/gz_msgs_vendor:/opt/ros/jazzy/opt/gz_common_vendor:/opt/ros/jazzy/opt/gz_math_vendor:/opt/ros/jazzy/opt/gz_utils_vendor:/opt/ros/jazzy/opt/gz_tools_vendor:/opt/ros/jazzy/opt/gz_ogre_next_vendor:/opt/ros/jazzy/opt/gz_dartsim_vendor:/opt/ros/jazzy/opt/gz_cmake_vendor:/opt/ros/jazzy DEBUGINFOD_URLS=https://debuginfod.ubuntu.com LD_LIBRARY_PATH=/home/aly-sultan/Desktop/fs-system-25/SLAM/install/cloud_msgs/lib:/home/aly-sultan/Desktop/fs-system-25/SLAM/install/asurt_msgs/lib:${LD_LIBRARY_PATH} PYTHONPATH=/home/aly-sultan/Desktop/fs-system-25/SLAM/install/cloud_msgs/lib/python3.12/site-packages:/home/aly-sultan/Desktop/fs-system-25/SLAM/install/asurt_msgs/lib/python3.12/site-packages:${PYTHONPATH} /usr/bin/cmake --build /home/aly-sultan/Desktop/fs-system-25/SLAM/build/lego_loam_sr -- -j16 -l16
[1.269s] DEBUG:colcon.colcon_core.event_handler.log_command:Invoking command in '/home/aly-sultan/Desktop/fs-system-25/SLAM/build/lego_loam_sr': AMENT_PREFIX_PATH=/home/aly-sultan/Desktop/fs-system-25/SLAM/install/cloud_msgs:/home/aly-sultan/Desktop/fs-system-25/SLAM/install/asurt_msgs:${AMENT_PREFIX_PATH} CMAKE_PREFIX_PATH=/home/aly-sultan/Desktop/fs-system-25/SLAM/install/cloud_msgs:/home/aly-sultan/Desktop/fs-system-25/SLAM/install/asurt_msgs:/opt/ros/jazzy/opt/gz_sim_vendor:/opt/ros/jazzy/opt/gz_sensors_vendor:/opt/ros/jazzy/opt/gz_physics_vendor:/opt/ros/jazzy/opt/sdformat_vendor:/opt/ros/jazzy/opt/gz_gui_vendor:/opt/ros/jazzy/opt/gz_transport_vendor:/opt/ros/jazzy/opt/gz_rendering_vendor:/opt/ros/jazzy/opt/gz_plugin_vendor:/opt/ros/jazzy/opt/gz_fuel_tools_vendor:/opt/ros/jazzy/opt/gz_msgs_vendor:/opt/ros/jazzy/opt/gz_common_vendor:/opt/ros/jazzy/opt/gz_math_vendor:/opt/ros/jazzy/opt/gz_utils_vendor:/opt/ros/jazzy/opt/gz_tools_vendor:/opt/ros/jazzy/opt/gz_ogre_next_vendor:/opt/ros/jazzy/opt/gz_dartsim_vendor:/opt/ros/jazzy/opt/gz_cmake_vendor:/opt/ros/jazzy DEBUGINFOD_URLS=https://debuginfod.ubuntu.com LD_LIBRARY_PATH=/home/aly-sultan/Desktop/fs-system-25/SLAM/install/cloud_msgs/lib:/home/aly-sultan/Desktop/fs-system-25/SLAM/install/asurt_msgs/lib:${LD_LIBRARY_PATH} PYTHONPATH=/home/aly-sultan/Desktop/fs-system-25/SLAM/install/cloud_msgs/lib/python3.12/site-packages:/home/aly-sultan/Desktop/fs-system-25/SLAM/install/asurt_msgs/lib/python3.12/site-packages:${PYTHONPATH} /usr/bin/cmake --install /home/aly-sultan/Desktop/fs-system-25/SLAM/build/lego_loam_sr
[1.284s] Level 1:colcon.colcon_core.environment:create_environment_scripts_only(lego_loam_sr)
[1.285s] Level 1:colcon.colcon_core.environment:checking '/home/aly-sultan/Desktop/fs-system-25/SLAM/install/lego_loam_sr' for CMake module files
[1.286s] DEBUG:colcon.colcon_core.event_handler.log_command:Invoked command in '/home/aly-sultan/Desktop/fs-system-25/SLAM/build/lego_loam_sr' returned '0': AMENT_PREFIX_PATH=/home/aly-sultan/Desktop/fs-system-25/SLAM/install/cloud_msgs:/home/aly-sultan/Desktop/fs-system-25/SLAM/install/asurt_msgs:${AMENT_PREFIX_PATH} CMAKE_PREFIX_PATH=/home/aly-sultan/Desktop/fs-system-25/SLAM/install/cloud_msgs:/home/aly-sultan/Desktop/fs-system-25/SLAM/install/asurt_msgs:/opt/ros/jazzy/opt/gz_sim_vendor:/opt/ros/jazzy/opt/gz_sensors_vendor:/opt/ros/jazzy/opt/gz_physics_vendor:/opt/ros/jazzy/opt/sdformat_vendor:/opt/ros/jazzy/opt/gz_gui_vendor:/opt/ros/jazzy/opt/gz_transport_vendor:/opt/ros/jazzy/opt/gz_rendering_vendor:/opt/ros/jazzy/opt/gz_plugin_vendor:/opt/ros/jazzy/opt/gz_fuel_tools_vendor:/opt/ros/jazzy/opt/gz_msgs_vendor:/opt/ros/jazzy/opt/gz_common_vendor:/opt/ros/jazzy/opt/gz_math_vendor:/opt/ros/jazzy/opt/gz_utils_vendor:/opt/ros/jazzy/opt/gz_tools_vendor:/opt/ros/jazzy/opt/gz_ogre_next_vendor:/opt/ros/jazzy/opt/gz_dartsim_vendor:/opt/ros/jazzy/opt/gz_cmake_vendor:/opt/ros/jazzy DEBUGINFOD_URLS=https://debuginfod.ubuntu.com LD_LIBRARY_PATH=/home/aly-sultan/Desktop/fs-system-25/SLAM/install/cloud_msgs/lib:/home/aly-sultan/Desktop/fs-system-25/SLAM/install/asurt_msgs/lib:${LD_LIBRARY_PATH} PYTHONPATH=/home/aly-sultan/Desktop/fs-system-25/SLAM/install/cloud_msgs/lib/python3.12/site-packages:/home/aly-sultan/Desktop/fs-system-25/SLAM/install/asurt_msgs/lib/python3.12/site-packages:${PYTHONPATH} /usr/bin/cmake --install /home/aly-sultan/Desktop/fs-system-25/SLAM/build/lego_loam_sr
[1.287s] Level 1:colcon.colcon_core.environment:checking '/home/aly-sultan/Desktop/fs-system-25/SLAM/install/lego_loam_sr' for CMake config files
[1.287s] Level 1:colcon.colcon_core.shell:create_environment_hook('lego_loam_sr', 'cmake_prefix_path')
[1.287s] INFO:colcon.colcon_core.shell:Creating environment hook '/home/aly-sultan/Desktop/fs-system-25/SLAM/install/lego_loam_sr/share/lego_loam_sr/hook/cmake_prefix_path.ps1'
[1.288s] INFO:colcon.colcon_core.shell:Creating environment descriptor '/home/aly-sultan/Desktop/fs-system-25/SLAM/install/lego_loam_sr/share/lego_loam_sr/hook/cmake_prefix_path.dsv'
[1.289s] INFO:colcon.colcon_core.shell:Creating environment hook '/home/aly-sultan/Desktop/fs-system-25/SLAM/install/lego_loam_sr/share/lego_loam_sr/hook/cmake_prefix_path.sh'
[1.290s] Level 1:colcon.colcon_core.environment:checking '/home/aly-sultan/Desktop/fs-system-25/SLAM/install/lego_loam_sr/lib'
[1.290s] Level 1:colcon.colcon_core.environment:checking '/home/aly-sultan/Desktop/fs-system-25/SLAM/install/lego_loam_sr/bin'
[1.290s] Level 1:colcon.colcon_core.environment:checking '/home/aly-sultan/Desktop/fs-system-25/SLAM/install/lego_loam_sr/lib/pkgconfig/lego_loam_sr.pc'
[1.291s] Level 1:colcon.colcon_core.environment:checking '/home/aly-sultan/Desktop/fs-system-25/SLAM/install/lego_loam_sr/lib/python3.12/site-packages'
[1.291s] Level 1:colcon.colcon_core.environment:checking '/home/aly-sultan/Desktop/fs-system-25/SLAM/install/lego_loam_sr/bin'
[1.291s] INFO:colcon.colcon_core.shell:Creating package script '/home/aly-sultan/Desktop/fs-system-25/SLAM/install/lego_loam_sr/share/lego_loam_sr/package.ps1'
[1.292s] INFO:colcon.colcon_core.shell:Creating package descriptor '/home/aly-sultan/Desktop/fs-system-25/SLAM/install/lego_loam_sr/share/lego_loam_sr/package.dsv'
[1.293s] INFO:colcon.colcon_core.shell:Creating package script '/home/aly-sultan/Desktop/fs-system-25/SLAM/install/lego_loam_sr/share/lego_loam_sr/package.sh'
[1.293s] INFO:colcon.colcon_core.shell:Creating package script '/home/aly-sultan/Desktop/fs-system-25/SLAM/install/lego_loam_sr/share/lego_loam_sr/package.bash'
[1.294s] INFO:colcon.colcon_core.shell:Creating package script '/home/aly-sultan/Desktop/fs-system-25/SLAM/install/lego_loam_sr/share/lego_loam_sr/package.zsh'
[1.295s] Level 1:colcon.colcon_core.environment:create_file_with_runtime_dependencies(/home/aly-sultan/Desktop/fs-system-25/SLAM/install/lego_loam_sr/share/colcon-core/packages/lego_loam_sr)
[1.295s] Level 1:colcon.colcon_core.environment:create_environment_scripts_only(lego_loam_sr)
[1.296s] Level 1:colcon.colcon_core.environment:checking '/home/aly-sultan/Desktop/fs-system-25/SLAM/install/lego_loam_sr' for CMake module files
[1.296s] Level 1:colcon.colcon_core.environment:checking '/home/aly-sultan/Desktop/fs-system-25/SLAM/install/lego_loam_sr' for CMake config files
[1.297s] Level 1:colcon.colcon_core.shell:create_environment_hook('lego_loam_sr', 'cmake_prefix_path')
[1.297s] INFO:colcon.colcon_core.shell:Creating environment hook '/home/aly-sultan/Desktop/fs-system-25/SLAM/install/lego_loam_sr/share/lego_loam_sr/hook/cmake_prefix_path.ps1'
[1.297s] INFO:colcon.colcon_core.shell:Creating environment descriptor '/home/aly-sultan/Desktop/fs-system-25/SLAM/install/lego_loam_sr/share/lego_loam_sr/hook/cmake_prefix_path.dsv'
[1.297s] INFO:colcon.colcon_core.shell:Creating environment hook '/home/aly-sultan/Desktop/fs-system-25/SLAM/install/lego_loam_sr/share/lego_loam_sr/hook/cmake_prefix_path.sh'
[1.298s] Level 1:colcon.colcon_core.environment:checking '/home/aly-sultan/Desktop/fs-system-25/SLAM/install/lego_loam_sr/lib'
[1.298s] Level 1:colcon.colcon_core.environment:checking '/home/aly-sultan/Desktop/fs-system-25/SLAM/install/lego_loam_sr/bin'
[1.298s] Level 1:colcon.colcon_core.environment:checking '/home/aly-sultan/Desktop/fs-system-25/SLAM/install/lego_loam_sr/lib/pkgconfig/lego_loam_sr.pc'
[1.298s] Level 1:colcon.colcon_core.environment:checking '/home/aly-sultan/Desktop/fs-system-25/SLAM/install/lego_loam_sr/lib/python3.12/site-packages'
[1.299s] Level 1:colcon.colcon_core.environment:checking '/home/aly-sultan/Desktop/fs-system-25/SLAM/install/lego_loam_sr/bin'
[1.299s] INFO:colcon.colcon_core.shell:Creating package script '/home/aly-sultan/Desktop/fs-system-25/SLAM/install/lego_loam_sr/share/lego_loam_sr/package.ps1'
[1.299s] INFO:colcon.colcon_core.shell:Creating package descriptor '/home/aly-sultan/Desktop/fs-system-25/SLAM/install/lego_loam_sr/share/lego_loam_sr/package.dsv'
[1.300s] INFO:colcon.colcon_core.shell:Creating package script '/home/aly-sultan/Desktop/fs-system-25/SLAM/install/lego_loam_sr/share/lego_loam_sr/package.sh'
[1.300s] INFO:colcon.colcon_core.shell:Creating package script '/home/aly-sultan/Desktop/fs-system-25/SLAM/install/lego_loam_sr/share/lego_loam_sr/package.bash'
[1.301s] INFO:colcon.colcon_core.shell:Creating package script '/home/aly-sultan/Desktop/fs-system-25/SLAM/install/lego_loam_sr/share/lego_loam_sr/package.zsh'
[1.301s] Level 1:colcon.colcon_core.environment:create_file_with_runtime_dependencies(/home/aly-sultan/Desktop/fs-system-25/SLAM/install/lego_loam_sr/share/colcon-core/packages/lego_loam_sr)
[1.431s] DEBUG:colcon.colcon_core.event_handler.log_command:Invoking command in '/home/aly-sultan/Desktop/fs-system-25/SLAM/cone_a_lisa': DEBUGINFOD_URLS=https://debuginfod.ubuntu.com PYTHONPATH=/home/aly-sultan/Desktop/fs-system-25/SLAM/build/cone_a_lisa/prefix_override:/usr/lib/python3/dist-packages/colcon_core/task/python/colcon_distutils_commands:/home/aly-sultan/Desktop/fs-system-25/SLAM/install/cone_a_lisa/lib/python3.12/site-packages:${PYTHONPATH} /usr/bin/python3 -W ignore:setup.py install is deprecated -W ignore:easy_install command is deprecated setup.py egg_info --egg-base ../build/cone_a_lisa build --build-base /home/aly-sultan/Desktop/fs-system-25/SLAM/build/cone_a_lisa/build install --record /home/aly-sultan/Desktop/fs-system-25/SLAM/build/cone_a_lisa/install.log --single-version-externally-managed install_data
[2.051s] Level 1:colcon.colcon_core.environment:checking '/home/aly-sultan/Desktop/fs-system-25/SLAM/install/cone_a_lisa' for CMake module files
[2.052s] Level 1:colcon.colcon_core.environment:checking '/home/aly-sultan/Desktop/fs-system-25/SLAM/install/cone_a_lisa' for CMake config files
[2.052s] DEBUG:colcon.colcon_core.event_handler.log_command:Invoked command in '/home/aly-sultan/Desktop/fs-system-25/SLAM/cone_a_lisa' returned '0': DEBUGINFOD_URLS=https://debuginfod.ubuntu.com PYTHONPATH=/home/aly-sultan/Desktop/fs-system-25/SLAM/build/cone_a_lisa/prefix_override:/usr/lib/python3/dist-packages/colcon_core/task/python/colcon_distutils_commands:/home/aly-sultan/Desktop/fs-system-25/SLAM/install/cone_a_lisa/lib/python3.12/site-packages:${PYTHONPATH} /usr/bin/python3 -W ignore:setup.py install is deprecated -W ignore:easy_install command is deprecated setup.py egg_info --egg-base ../build/cone_a_lisa build --build-base /home/aly-sultan/Desktop/fs-system-25/SLAM/build/cone_a_lisa/build install --record /home/aly-sultan/Desktop/fs-system-25/SLAM/build/cone_a_lisa/install.log --single-version-externally-managed install_data
[2.053s] Level 1:colcon.colcon_core.environment:checking '/home/aly-sultan/Desktop/fs-system-25/SLAM/install/cone_a_lisa/lib'
[2.053s] Level 1:colcon.colcon_core.environment:checking '/home/aly-sultan/Desktop/fs-system-25/SLAM/install/cone_a_lisa/bin'
[2.053s] Level 1:colcon.colcon_core.environment:checking '/home/aly-sultan/Desktop/fs-system-25/SLAM/install/cone_a_lisa/lib/pkgconfig/cone_a_lisa.pc'
[2.053s] Level 1:colcon.colcon_core.environment:checking '/home/aly-sultan/Desktop/fs-system-25/SLAM/install/cone_a_lisa/lib/python3.12/site-packages'
[2.053s] Level 1:colcon.colcon_core.shell:create_environment_hook('cone_a_lisa', 'pythonpath')
[2.054s] INFO:colcon.colcon_core.shell:Creating environment hook '/home/aly-sultan/Desktop/fs-system-25/SLAM/install/cone_a_lisa/share/cone_a_lisa/hook/pythonpath.ps1'
[2.054s] INFO:colcon.colcon_core.shell:Creating environment descriptor '/home/aly-sultan/Desktop/fs-system-25/SLAM/install/cone_a_lisa/share/cone_a_lisa/hook/pythonpath.dsv'
[2.055s] INFO:colcon.colcon_core.shell:Creating environment hook '/home/aly-sultan/Desktop/fs-system-25/SLAM/install/cone_a_lisa/share/cone_a_lisa/hook/pythonpath.sh'
[2.055s] Level 1:colcon.colcon_core.environment:checking '/home/aly-sultan/Desktop/fs-system-25/SLAM/install/cone_a_lisa/bin'
[2.055s] Level 1:colcon.colcon_core.environment:create_environment_scripts_only(cone_a_lisa)
[2.056s] INFO:colcon.colcon_core.shell:Creating package script '/home/aly-sultan/Desktop/fs-system-25/SLAM/install/cone_a_lisa/share/cone_a_lisa/package.ps1'
[2.056s] INFO:colcon.colcon_core.shell:Creating package descriptor '/home/aly-sultan/Desktop/fs-system-25/SLAM/install/cone_a_lisa/share/cone_a_lisa/package.dsv'
[2.057s] INFO:colcon.colcon_core.shell:Creating package script '/home/aly-sultan/Desktop/fs-system-25/SLAM/install/cone_a_lisa/share/cone_a_lisa/package.sh'
[2.057s] INFO:colcon.colcon_core.shell:Creating package script '/home/aly-sultan/Desktop/fs-system-25/SLAM/install/cone_a_lisa/share/cone_a_lisa/package.bash'
[2.058s] INFO:colcon.colcon_core.shell:Creating package script '/home/aly-sultan/Desktop/fs-system-25/SLAM/install/cone_a_lisa/share/cone_a_lisa/package.zsh'
[2.058s] Level 1:colcon.colcon_core.environment:create_file_with_runtime_dependencies(/home/aly-sultan/Desktop/fs-system-25/SLAM/install/cone_a_lisa/share/colcon-core/packages/cone_a_lisa)
[2.059s] DEBUG:colcon.colcon_parallel_executor.executor.parallel:closing loop
[2.059s] DEBUG:colcon.colcon_parallel_executor.executor.parallel:loop closed
[2.059s] DEBUG:colcon.colcon_parallel_executor.executor.parallel:run_until_complete finished with '0'
[2.059s] DEBUG:colcon.colcon_core.event_reactor:joining thread
[2.066s] INFO:colcon.colcon_core.plugin_system:Skipping extension 'colcon_notification.desktop_notification.terminal_notifier': Not used on non-Darwin systems
[2.066s] INFO:colcon.colcon_core.plugin_system:Skipping extension 'colcon_notification.desktop_notification.win32': Not used on non-Windows systems
[2.066s] INFO:colcon.colcon_notification.desktop_notification:Sending desktop notification using 'notify2'
[2.082s] DEBUG:colcon.colcon_core.event_reactor:joined thread
[2.082s] INFO:colcon.colcon_core.shell:Creating prefix script '/home/aly-sultan/Desktop/fs-system-25/SLAM/install/local_setup.ps1'
[2.083s] INFO:colcon.colcon_core.shell:Creating prefix util module '/home/aly-sultan/Desktop/fs-system-25/SLAM/install/_local_setup_util_ps1.py'
[2.084s] INFO:colcon.colcon_core.shell:Creating prefix chain script '/home/aly-sultan/Desktop/fs-system-25/SLAM/install/setup.ps1'
[2.085s] INFO:colcon.colcon_core.shell:Creating prefix script '/home/aly-sultan/Desktop/fs-system-25/SLAM/install/local_setup.sh'
[2.086s] INFO:colcon.colcon_core.shell:Creating prefix util module '/home/aly-sultan/Desktop/fs-system-25/SLAM/install/_local_setup_util_sh.py'
[2.086s] INFO:colcon.colcon_core.shell:Creating prefix chain script '/home/aly-sultan/Desktop/fs-system-25/SLAM/install/setup.sh'
[2.087s] INFO:colcon.colcon_core.shell:Creating prefix script '/home/aly-sultan/Desktop/fs-system-25/SLAM/install/local_setup.bash'
[2.088s] INFO:colcon.colcon_core.shell:Creating prefix chain script '/home/aly-sultan/Desktop/fs-system-25/SLAM/install/setup.bash'
[2.088s] INFO:colcon.colcon_core.shell:Creating prefix script '/home/aly-sultan/Desktop/fs-system-25/SLAM/install/local_setup.zsh'
[2.089s] INFO:colcon.colcon_core.shell:Creating prefix chain script '/home/aly-sultan/Desktop/fs-system-25/SLAM/install/setup.zsh'
