[0.011s] Invoking command in '/home/aly-sultan/Desktop/fs-system-25/SLAM/build/asurt_msgs': CMAKE_PREFIX_PATH=${CMAKE_PREFIX_PATH}:/home/aly-sultan/Desktop/fs-system-25/SLAM/install/cone_a_lisa:/opt/ros/jazzy DEBUGINFOD_URLS=https://debuginfod.ubuntu.com /usr/bin/cmake /home/aly-sultan/Desktop/fs-system-25/SLAM/asurt_msgs -DCMAKE_INSTALL_PREFIX=/home/aly-sultan/Desktop/fs-system-25/SLAM/install/asurt_msgs
[0.073s] -- The C compiler identification is GNU 13.3.0
[0.122s] -- The CXX compiler identification is GNU 13.3.0
[0.137s] -- Detecting C compiler ABI info
[0.215s] -- Detecting C compiler ABI info - done
[0.221s] -- Check for working C compiler: /usr/bin/cc - skipped
[0.223s] -- Detecting C compile features
[0.223s] -- Detecting C compile features - done
[0.231s] -- Detecting CXX compiler ABI info
[0.310s] -- Detecting CXX compiler ABI info - done
[0.318s] -- Check for working CXX compiler: /usr/bin/c++ - skipped
[0.318s] -- Detecting CXX compile features
[0.318s] -- Detecting CXX compile features - done
[0.328s] -- Found ament_cmake: 2.5.4 (/opt/ros/jazzy/share/ament_cmake/cmake)
[0.462s] -- Found Python3: /usr/bin/python3 (found version "3.12.3") found components: Interpreter 
[0.564s] -- Found builtin_interfaces: 2.0.3 (/opt/ros/jazzy/share/builtin_interfaces/cmake)
[0.596s] -- Found rosidl_generator_c: 4.6.6 (/opt/ros/jazzy/share/rosidl_generator_c/cmake)
[0.607s] -- Found rosidl_generator_cpp: 4.6.6 (/opt/ros/jazzy/share/rosidl_generator_cpp/cmake)
[0.620s] -- Using all available rosidl_typesupport_c: rosidl_typesupport_fastrtps_c;rosidl_typesupport_introspection_c
[0.635s] -- Using all available rosidl_typesupport_cpp: rosidl_typesupport_fastrtps_cpp;rosidl_typesupport_introspection_cpp
[0.650s] -- Found rosidl_default_generators: 1.6.0 (/opt/ros/jazzy/share/rosidl_default_generators/cmake)
[0.664s] -- Found rosidl_adapter: 4.6.6 (/opt/ros/jazzy/share/rosidl_adapter/cmake)
[0.669s] -- Found rclcpp: 28.1.12 (/opt/ros/jazzy/share/rclcpp/cmake)
[0.723s] -- Found rmw_implementation_cmake: 7.3.2 (/opt/ros/jazzy/share/rmw_implementation_cmake/cmake)
[0.726s] -- Found rmw_fastrtps_cpp: 8.4.3 (/opt/ros/jazzy/share/rmw_fastrtps_cpp/cmake)
[0.802s] -- Found OpenSSL: /usr/lib/x86_64-linux-gnu/libcrypto.so (found version "3.0.13")  
[0.819s] -- Found FastRTPS: /opt/ros/jazzy/include (Required is at least version "2.13") 
[0.841s] -- Using RMW implementation 'rmw_fastrtps_cpp' as default
[0.902s] -- Found std_msgs: 5.3.6 (/opt/ros/jazzy/share/std_msgs/cmake)
[0.916s] -- Found geometry_msgs: 5.3.6 (/opt/ros/jazzy/share/geometry_msgs/cmake)
[0.928s] -- Found sensor_msgs: 5.3.6 (/opt/ros/jazzy/share/sensor_msgs/cmake)
[1.462s] -- Found ament_cmake_ros: 0.12.0 (/opt/ros/jazzy/share/ament_cmake_ros/cmake)
[2.155s] -- Using all available rosidl_typesupport_c: rosidl_typesupport_fastrtps_c;rosidl_typesupport_introspection_c
[2.420s] -- Using all available rosidl_typesupport_cpp: rosidl_typesupport_fastrtps_cpp;rosidl_typesupport_introspection_cpp
[2.422s] -- Found python_cmake_module: 0.11.1 (/opt/ros/jazzy/share/python_cmake_module/cmake)
[2.528s] -- Found PythonExtra: /usr/bin/python3  
[2.883s] -- Found Python3: /usr/bin/python3 (found version "3.12.3") found components: Interpreter Development NumPy Development.Module Development.Embed 
[2.938s] -- Found ament_lint_auto: 0.17.3 (/opt/ros/jazzy/share/ament_lint_auto/cmake)
[2.961s] -- Added test 'lint_cmake' to check CMake code style
[2.962s] -- Added test 'xmllint' to check XML markup files
[2.964s] -- Configuring done (2.9s)
[3.005s] -- Generating done (0.0s)
[3.015s] -- Build files have been written to: /home/aly-sultan/Desktop/fs-system-25/SLAM/build/asurt_msgs
[3.025s] Invoked command in '/home/aly-sultan/Desktop/fs-system-25/SLAM/build/asurt_msgs' returned '0': CMAKE_PREFIX_PATH=${CMAKE_PREFIX_PATH}:/home/aly-sultan/Desktop/fs-system-25/SLAM/install/cone_a_lisa:/opt/ros/jazzy DEBUGINFOD_URLS=https://debuginfod.ubuntu.com /usr/bin/cmake /home/aly-sultan/Desktop/fs-system-25/SLAM/asurt_msgs -DCMAKE_INSTALL_PREFIX=/home/aly-sultan/Desktop/fs-system-25/SLAM/install/asurt_msgs
[3.025s] Invoking command in '/home/aly-sultan/Desktop/fs-system-25/SLAM/build/asurt_msgs': CMAKE_PREFIX_PATH=${CMAKE_PREFIX_PATH}:/home/aly-sultan/Desktop/fs-system-25/SLAM/install/cone_a_lisa:/opt/ros/jazzy DEBUGINFOD_URLS=https://debuginfod.ubuntu.com /usr/bin/cmake --build /home/aly-sultan/Desktop/fs-system-25/SLAM/build/asurt_msgs -- -j16 -l16
[3.086s] [  1%] [34m[1mGenerating type hashes for ROS interfaces[0m
[3.092s] [  1%] Built target ament_cmake_python_copy_asurt_msgs
[3.273s] running egg_info
[3.273s] creating asurt_msgs.egg-info
[3.286s] writing asurt_msgs.egg-info/PKG-INFO
[3.286s] writing dependency_links to asurt_msgs.egg-info/dependency_links.txt
[3.286s] writing top-level names to asurt_msgs.egg-info/top_level.txt
[3.287s] writing manifest file 'asurt_msgs.egg-info/SOURCES.txt'
[3.326s] reading manifest file 'asurt_msgs.egg-info/SOURCES.txt'
[3.326s] writing manifest file 'asurt_msgs.egg-info/SOURCES.txt'
[3.352s] [  1%] Built target ament_cmake_python_build_asurt_msgs_egg
[3.407s] [  1%] Built target asurt_msgs__rosidl_generator_type_description
[3.418s] [  2%] [34m[1mGenerating C code for ROS interfaces[0m
[3.430s] [  2%] [34m[1mGenerating C++ code for ROS interfaces[0m
[3.869s] [  2%] Built target asurt_msgs__cpp
[3.975s] [  2%] [32mBuilding C object CMakeFiles/asurt_msgs__rosidl_generator_c.dir/rosidl_generator_c/asurt_msgs/msg/detail/landmark_array__type_support.c.o[0m
[3.975s] [  3%] [32mBuilding C object CMakeFiles/asurt_msgs__rosidl_generator_c.dir/rosidl_generator_c/asurt_msgs/msg/detail/node_status__description.c.o[0m
[3.975s] [  4%] [32mBuilding C object CMakeFiles/asurt_msgs__rosidl_generator_c.dir/rosidl_generator_c/asurt_msgs/msg/detail/roadstate__functions.c.o[0m
[3.975s] [  5%] [32mBuilding C object CMakeFiles/asurt_msgs__rosidl_generator_c.dir/rosidl_generator_c/asurt_msgs/msg/detail/node_status__type_support.c.o[0m
[3.975s] [  6%] [32mBuilding C object CMakeFiles/asurt_msgs__rosidl_generator_c.dir/rosidl_generator_c/asurt_msgs/msg/detail/landmark_array__functions.c.o[0m
[3.975s] [  8%] [32mBuilding C object CMakeFiles/asurt_msgs__rosidl_generator_c.dir/rosidl_generator_c/asurt_msgs/msg/detail/roadstate__description.c.o[0m
[3.975s] [  8%] [32mBuilding C object CMakeFiles/asurt_msgs__rosidl_generator_c.dir/rosidl_generator_c/asurt_msgs/msg/detail/bounding_box__functions.c.o[0m
[3.975s] [  8%] [32mBuilding C object CMakeFiles/asurt_msgs__rosidl_generator_c.dir/rosidl_generator_c/asurt_msgs/msg/detail/bounding_box__description.c.o[0m
[3.976s] [ 10%] [32mBuilding C object CMakeFiles/asurt_msgs__rosidl_generator_c.dir/rosidl_generator_c/asurt_msgs/msg/detail/landmark_array__description.c.o[0m
[3.976s] [ 10%] [32mBuilding C object CMakeFiles/asurt_msgs__rosidl_generator_c.dir/rosidl_generator_c/asurt_msgs/msg/detail/node_status__functions.c.o[0m
[3.976s] [ 12%] [32mBuilding C object CMakeFiles/asurt_msgs__rosidl_generator_c.dir/rosidl_generator_c/asurt_msgs/msg/detail/landmark__description.c.o[0m
[3.976s] [ 12%] [32mBuilding C object CMakeFiles/asurt_msgs__rosidl_generator_c.dir/rosidl_generator_c/asurt_msgs/msg/detail/landmark__functions.c.o[0m
[3.976s] [ 13%] [32mBuilding C object CMakeFiles/asurt_msgs__rosidl_generator_c.dir/rosidl_generator_c/asurt_msgs/msg/detail/landmark__type_support.c.o[0m
[3.976s] [ 14%] [32mBuilding C object CMakeFiles/asurt_msgs__rosidl_generator_c.dir/rosidl_generator_c/asurt_msgs/msg/detail/roadstate__type_support.c.o[0m
[3.979s] [ 15%] [32mBuilding C object CMakeFiles/asurt_msgs__rosidl_generator_c.dir/rosidl_generator_c/asurt_msgs/msg/detail/bounding_box__type_support.c.o[0m
[3.985s] [ 16%] [32mBuilding C object CMakeFiles/asurt_msgs__rosidl_generator_c.dir/rosidl_generator_c/asurt_msgs/msg/detail/bounding_boxes__description.c.o[0m
[4.009s] [ 18%] [32mBuilding C object CMakeFiles/asurt_msgs__rosidl_generator_c.dir/rosidl_generator_c/asurt_msgs/msg/detail/bounding_boxes__functions.c.o[0m
[4.009s] [ 18%] [32mBuilding C object CMakeFiles/asurt_msgs__rosidl_generator_c.dir/rosidl_generator_c/asurt_msgs/msg/detail/bounding_boxes__type_support.c.o[0m
[4.012s] [ 19%] [32mBuilding C object CMakeFiles/asurt_msgs__rosidl_generator_c.dir/rosidl_generator_c/asurt_msgs/msg/detail/cone_img__description.c.o[0m
[4.018s] [ 20%] [32mBuilding C object CMakeFiles/asurt_msgs__rosidl_generator_c.dir/rosidl_generator_c/asurt_msgs/msg/detail/cone_img__functions.c.o[0m
[4.019s] [ 20%] [32mBuilding C object CMakeFiles/asurt_msgs__rosidl_generator_c.dir/rosidl_generator_c/asurt_msgs/msg/detail/cone_img_array__description.c.o[0m
[4.020s] [ 21%] [32mBuilding C object CMakeFiles/asurt_msgs__rosidl_generator_c.dir/rosidl_generator_c/asurt_msgs/msg/detail/cone_img__type_support.c.o[0m
[4.022s] [ 22%] [32mBuilding C object CMakeFiles/asurt_msgs__rosidl_generator_c.dir/rosidl_generator_c/asurt_msgs/msg/detail/cone_img_array__functions.c.o[0m
[4.026s] [ 23%] [32mBuilding C object CMakeFiles/asurt_msgs__rosidl_generator_c.dir/rosidl_generator_c/asurt_msgs/msg/detail/cone_img_array__type_support.c.o[0m
[4.026s] [ 24%] [32mBuilding C object CMakeFiles/asurt_msgs__rosidl_generator_c.dir/rosidl_generator_c/asurt_msgs/msg/detail/key_points__description.c.o[0m
[4.029s] [ 26%] [32mBuilding C object CMakeFiles/asurt_msgs__rosidl_generator_c.dir/rosidl_generator_c/asurt_msgs/msg/detail/key_points__type_support.c.o[0m
[4.029s] [ 26%] [32mBuilding C object CMakeFiles/asurt_msgs__rosidl_generator_c.dir/rosidl_generator_c/asurt_msgs/msg/detail/key_points__functions.c.o[0m
[4.077s] [ 27%] [32m[1mLinking C shared library libasurt_msgs__rosidl_generator_c.so[0m
[4.111s] [ 27%] Built target asurt_msgs__rosidl_generator_c
[4.120s] [ 28%] [34m[1mGenerating C++ introspection for ROS interfaces[0m
[4.120s] [ 28%] [34m[1mGenerating C type support dispatch for ROS interfaces[0m
[4.121s] [ 29%] [34m[1mGenerating C type support for eProsima Fast-RTPS[0m
[4.122s] [ 30%] [34m[1mGenerating C++ type support dispatch for ROS interfaces[0m
[4.123s] [ 32%] [34m[1mGenerating C introspection for ROS interfaces[0m
[4.123s] [ 32%] [34m[1mGenerating C++ type support for eProsima Fast-RTPS[0m
[4.423s] [ 34%] [32mBuilding CXX object CMakeFiles/asurt_msgs__rosidl_typesupport_cpp.dir/rosidl_typesupport_cpp/asurt_msgs/msg/bounding_box__type_support.cpp.o[0m
[4.423s] [ 35%] [32mBuilding CXX object CMakeFiles/asurt_msgs__rosidl_typesupport_cpp.dir/rosidl_typesupport_cpp/asurt_msgs/msg/bounding_boxes__type_support.cpp.o[0m
[4.424s] [ 34%] [32mBuilding CXX object CMakeFiles/asurt_msgs__rosidl_typesupport_cpp.dir/rosidl_typesupport_cpp/asurt_msgs/msg/cone_img__type_support.cpp.o[0m
[4.424s] [ 37%] [32mBuilding CXX object CMakeFiles/asurt_msgs__rosidl_typesupport_cpp.dir/rosidl_typesupport_cpp/asurt_msgs/msg/landmark__type_support.cpp.o[0m
[4.424s] [ 38%] [32mBuilding CXX object CMakeFiles/asurt_msgs__rosidl_typesupport_cpp.dir/rosidl_typesupport_cpp/asurt_msgs/msg/roadstate__type_support.cpp.o[0m
[4.424s] [ 38%] [32mBuilding CXX object CMakeFiles/asurt_msgs__rosidl_typesupport_cpp.dir/rosidl_typesupport_cpp/asurt_msgs/msg/key_points__type_support.cpp.o[0m
[4.424s] [ 38%] [32mBuilding CXX object CMakeFiles/asurt_msgs__rosidl_typesupport_cpp.dir/rosidl_typesupport_cpp/asurt_msgs/msg/node_status__type_support.cpp.o[0m
[4.426s] [ 39%] [32mBuilding CXX object CMakeFiles/asurt_msgs__rosidl_typesupport_cpp.dir/rosidl_typesupport_cpp/asurt_msgs/msg/landmark_array__type_support.cpp.o[0m
[4.427s] [ 40%] [32mBuilding CXX object CMakeFiles/asurt_msgs__rosidl_typesupport_cpp.dir/rosidl_typesupport_cpp/asurt_msgs/msg/cone_img_array__type_support.cpp.o[0m
[4.555s] [ 41%] [32mBuilding CXX object CMakeFiles/asurt_msgs__rosidl_typesupport_introspection_cpp.dir/rosidl_typesupport_introspection_cpp/asurt_msgs/msg/detail/landmark_array__type_support.cpp.o[0m
[4.568s] [ 42%] [32mBuilding CXX object CMakeFiles/asurt_msgs__rosidl_typesupport_introspection_cpp.dir/rosidl_typesupport_introspection_cpp/asurt_msgs/msg/detail/landmark__type_support.cpp.o[0m
[4.572s] [ 43%] [32mBuilding CXX object CMakeFiles/asurt_msgs__rosidl_typesupport_introspection_cpp.dir/rosidl_typesupport_introspection_cpp/asurt_msgs/msg/detail/node_status__type_support.cpp.o[0m
[4.583s] [ 44%] [32mBuilding CXX object CMakeFiles/asurt_msgs__rosidl_typesupport_c.dir/rosidl_typesupport_c/asurt_msgs/msg/landmark__type_support.cpp.o[0m
[4.642s] [ 45%] [32mBuilding CXX object CMakeFiles/asurt_msgs__rosidl_typesupport_c.dir/rosidl_typesupport_c/asurt_msgs/msg/landmark_array__type_support.cpp.o[0m
[4.715s] [ 46%] [32mBuilding CXX object CMakeFiles/asurt_msgs__rosidl_typesupport_c.dir/rosidl_typesupport_c/asurt_msgs/msg/node_status__type_support.cpp.o[0m
[4.753s] [ 47%] [32mBuilding CXX object CMakeFiles/asurt_msgs__rosidl_typesupport_c.dir/rosidl_typesupport_c/asurt_msgs/msg/roadstate__type_support.cpp.o[0m
[4.759s] [ 48%] [32mBuilding CXX object CMakeFiles/asurt_msgs__rosidl_typesupport_introspection_cpp.dir/rosidl_typesupport_introspection_cpp/asurt_msgs/msg/detail/roadstate__type_support.cpp.o[0m
[4.765s] [ 49%] [32mBuilding CXX object CMakeFiles/asurt_msgs__rosidl_typesupport_introspection_cpp.dir/rosidl_typesupport_introspection_cpp/asurt_msgs/msg/detail/bounding_box__type_support.cpp.o[0m
[4.780s] [ 50%] [32mBuilding CXX object CMakeFiles/asurt_msgs__rosidl_typesupport_c.dir/rosidl_typesupport_c/asurt_msgs/msg/bounding_box__type_support.cpp.o[0m
[4.786s] [ 51%] [32mBuilding CXX object CMakeFiles/asurt_msgs__rosidl_typesupport_introspection_cpp.dir/rosidl_typesupport_introspection_cpp/asurt_msgs/msg/detail/bounding_boxes__type_support.cpp.o[0m
[4.802s] [ 52%] [32mBuilding CXX object CMakeFiles/asurt_msgs__rosidl_typesupport_introspection_cpp.dir/rosidl_typesupport_introspection_cpp/asurt_msgs/msg/detail/cone_img__type_support.cpp.o[0m
[4.805s] [ 52%] [32mBuilding CXX object CMakeFiles/asurt_msgs__rosidl_typesupport_c.dir/rosidl_typesupport_c/asurt_msgs/msg/bounding_boxes__type_support.cpp.o[0m
[4.817s] [ 52%] [32mBuilding CXX object CMakeFiles/asurt_msgs__rosidl_typesupport_introspection_cpp.dir/rosidl_typesupport_introspection_cpp/asurt_msgs/msg/detail/cone_img_array__type_support.cpp.o[0m
[4.829s] [ 53%] [32mBuilding CXX object CMakeFiles/asurt_msgs__rosidl_typesupport_c.dir/rosidl_typesupport_c/asurt_msgs/msg/cone_img__type_support.cpp.o[0m
[4.837s] [ 54%] [32mBuilding CXX object CMakeFiles/asurt_msgs__rosidl_typesupport_fastrtps_cpp.dir/rosidl_typesupport_fastrtps_cpp/asurt_msgs/msg/detail/dds_fastrtps/landmark__type_support.cpp.o[0m
[4.838s] [ 55%] [32mBuilding CXX object CMakeFiles/asurt_msgs__rosidl_typesupport_introspection_cpp.dir/rosidl_typesupport_introspection_cpp/asurt_msgs/msg/detail/key_points__type_support.cpp.o[0m
[4.845s] [ 56%] [32mBuilding C object CMakeFiles/asurt_msgs__rosidl_typesupport_introspection_c.dir/rosidl_typesupport_introspection_c/asurt_msgs/msg/detail/landmark__type_support.c.o[0m
[4.849s] [ 57%] [32mBuilding CXX object CMakeFiles/asurt_msgs__rosidl_typesupport_fastrtps_cpp.dir/rosidl_typesupport_fastrtps_cpp/asurt_msgs/msg/detail/dds_fastrtps/landmark_array__type_support.cpp.o[0m
[4.852s] [ 58%] [32mBuilding C object CMakeFiles/asurt_msgs__rosidl_typesupport_introspection_c.dir/rosidl_typesupport_introspection_c/asurt_msgs/msg/detail/landmark_array__type_support.c.o[0m
[4.859s] [ 59%] [32m[1mLinking CXX shared library libasurt_msgs__rosidl_typesupport_cpp.so[0m
[4.876s] [ 60%] [32mBuilding CXX object CMakeFiles/asurt_msgs__rosidl_typesupport_c.dir/rosidl_typesupport_c/asurt_msgs/msg/cone_img_array__type_support.cpp.o[0m
[4.883s] [ 61%] [32mBuilding CXX object CMakeFiles/asurt_msgs__rosidl_typesupport_c.dir/rosidl_typesupport_c/asurt_msgs/msg/key_points__type_support.cpp.o[0m
[4.900s] [ 61%] [32mBuilding C object CMakeFiles/asurt_msgs__rosidl_typesupport_introspection_c.dir/rosidl_typesupport_introspection_c/asurt_msgs/msg/detail/node_status__type_support.c.o[0m
[4.915s] [ 61%] Built target asurt_msgs__rosidl_typesupport_cpp
[4.924s] [ 63%] [32mBuilding CXX object CMakeFiles/asurt_msgs__rosidl_typesupport_fastrtps_cpp.dir/rosidl_typesupport_fastrtps_cpp/asurt_msgs/msg/detail/dds_fastrtps/node_status__type_support.cpp.o[0m
[4.925s] [ 63%] [32mBuilding C object CMakeFiles/asurt_msgs__rosidl_typesupport_introspection_c.dir/rosidl_typesupport_introspection_c/asurt_msgs/msg/detail/roadstate__type_support.c.o[0m
[4.928s] [ 64%] [32m[1mLinking CXX shared library libasurt_msgs__rosidl_typesupport_c.so[0m
[4.956s] [ 65%] [32mBuilding CXX object CMakeFiles/asurt_msgs__rosidl_typesupport_fastrtps_cpp.dir/rosidl_typesupport_fastrtps_cpp/asurt_msgs/msg/detail/dds_fastrtps/roadstate__type_support.cpp.o[0m
[4.973s] [ 66%] [32mBuilding C object CMakeFiles/asurt_msgs__rosidl_typesupport_introspection_c.dir/rosidl_typesupport_introspection_c/asurt_msgs/msg/detail/bounding_box__type_support.c.o[0m
[4.975s] [ 66%] Built target asurt_msgs__rosidl_typesupport_c
[4.987s] [ 66%] [32mBuilding CXX object CMakeFiles/asurt_msgs__rosidl_typesupport_fastrtps_c.dir/rosidl_typesupport_fastrtps_c/asurt_msgs/msg/detail/landmark__type_support_c.cpp.o[0m
[4.989s] [ 67%] [32mBuilding CXX object CMakeFiles/asurt_msgs__rosidl_typesupport_fastrtps_cpp.dir/rosidl_typesupport_fastrtps_cpp/asurt_msgs/msg/detail/dds_fastrtps/bounding_box__type_support.cpp.o[0m
[5.014s] [ 68%] [32mBuilding C object CMakeFiles/asurt_msgs__rosidl_typesupport_introspection_c.dir/rosidl_typesupport_introspection_c/asurt_msgs/msg/detail/bounding_boxes__type_support.c.o[0m
[5.016s] [ 69%] [32mBuilding CXX object CMakeFiles/asurt_msgs__rosidl_typesupport_fastrtps_c.dir/rosidl_typesupport_fastrtps_c/asurt_msgs/msg/detail/landmark_array__type_support_c.cpp.o[0m
[5.024s] [ 70%] [32mBuilding C object CMakeFiles/asurt_msgs__rosidl_typesupport_introspection_c.dir/rosidl_typesupport_introspection_c/asurt_msgs/msg/detail/cone_img__type_support.c.o[0m
[5.052s] [ 71%] [32mBuilding C object CMakeFiles/asurt_msgs__rosidl_typesupport_introspection_c.dir/rosidl_typesupport_introspection_c/asurt_msgs/msg/detail/cone_img_array__type_support.c.o[0m
[5.059s] [ 72%] [32mBuilding CXX object CMakeFiles/asurt_msgs__rosidl_typesupport_fastrtps_c.dir/rosidl_typesupport_fastrtps_c/asurt_msgs/msg/detail/node_status__type_support_c.cpp.o[0m
[5.067s] [ 72%] [32mBuilding CXX object CMakeFiles/asurt_msgs__rosidl_typesupport_fastrtps_cpp.dir/rosidl_typesupport_fastrtps_cpp/asurt_msgs/msg/detail/dds_fastrtps/bounding_boxes__type_support.cpp.o[0m
[5.084s] [ 73%] [32mBuilding CXX object CMakeFiles/asurt_msgs__rosidl_typesupport_fastrtps_c.dir/rosidl_typesupport_fastrtps_c/asurt_msgs/msg/detail/roadstate__type_support_c.cpp.o[0m
[5.127s] [ 74%] [32mBuilding C object CMakeFiles/asurt_msgs__rosidl_typesupport_introspection_c.dir/rosidl_typesupport_introspection_c/asurt_msgs/msg/detail/key_points__type_support.c.o[0m
[5.150s] [ 75%] [32mBuilding CXX object CMakeFiles/asurt_msgs__rosidl_typesupport_fastrtps_cpp.dir/rosidl_typesupport_fastrtps_cpp/asurt_msgs/msg/detail/dds_fastrtps/cone_img__type_support.cpp.o[0m
[5.157s] [ 76%] [32mBuilding CXX object CMakeFiles/asurt_msgs__rosidl_typesupport_fastrtps_c.dir/rosidl_typesupport_fastrtps_c/asurt_msgs/msg/detail/bounding_box__type_support_c.cpp.o[0m
[5.210s] [ 77%] [32mBuilding CXX object CMakeFiles/asurt_msgs__rosidl_typesupport_fastrtps_cpp.dir/rosidl_typesupport_fastrtps_cpp/asurt_msgs/msg/detail/dds_fastrtps/cone_img_array__type_support.cpp.o[0m
[5.229s] [ 78%] [32m[1mLinking C shared library libasurt_msgs__rosidl_typesupport_introspection_c.so[0m
[5.230s] [ 79%] [32mBuilding CXX object CMakeFiles/asurt_msgs__rosidl_typesupport_fastrtps_cpp.dir/rosidl_typesupport_fastrtps_cpp/asurt_msgs/msg/detail/dds_fastrtps/key_points__type_support.cpp.o[0m
[5.292s] [ 79%] Built target asurt_msgs__rosidl_typesupport_introspection_c
[5.305s] [ 80%] [32mBuilding CXX object CMakeFiles/asurt_msgs__rosidl_typesupport_fastrtps_c.dir/rosidl_typesupport_fastrtps_c/asurt_msgs/msg/detail/bounding_boxes__type_support_c.cpp.o[0m
[5.319s] [ 81%] [32m[1mLinking CXX shared library libasurt_msgs__rosidl_typesupport_introspection_cpp.so[0m
[5.465s] [ 82%] [32mBuilding CXX object CMakeFiles/asurt_msgs__rosidl_typesupport_fastrtps_c.dir/rosidl_typesupport_fastrtps_c/asurt_msgs/msg/detail/cone_img__type_support_c.cpp.o[0m
[5.479s] [ 82%] Built target asurt_msgs__rosidl_typesupport_introspection_cpp
[5.484s] [ 83%] [32mBuilding CXX object CMakeFiles/asurt_msgs__rosidl_typesupport_fastrtps_c.dir/rosidl_typesupport_fastrtps_c/asurt_msgs/msg/detail/cone_img_array__type_support_c.cpp.o[0m
[5.490s] [ 83%] [32mBuilding CXX object CMakeFiles/asurt_msgs__rosidl_typesupport_fastrtps_c.dir/rosidl_typesupport_fastrtps_c/asurt_msgs/msg/detail/key_points__type_support_c.cpp.o[0m
[5.788s] [ 84%] [32m[1mLinking CXX shared library libasurt_msgs__rosidl_typesupport_fastrtps_cpp.so[0m
[5.858s] [ 84%] Built target asurt_msgs__rosidl_typesupport_fastrtps_cpp
[5.925s] [ 85%] [32m[1mLinking CXX shared library libasurt_msgs__rosidl_typesupport_fastrtps_c.so[0m
[5.984s] [ 85%] Built target asurt_msgs__rosidl_typesupport_fastrtps_c
[6.000s] [ 85%] Built target asurt_msgs
[6.018s] [ 86%] [34m[1mGenerating Python code for ROS interfaces[0m
[6.614s] [ 86%] Built target asurt_msgs__py
[6.638s] [ 86%] [32mBuilding C object CMakeFiles/asurt_msgs__rosidl_generator_py.dir/rosidl_generator_py/asurt_msgs/msg/_landmark_array_s.c.o[0m
[6.640s] [ 87%] [32mBuilding C object CMakeFiles/asurt_msgs__rosidl_generator_py.dir/rosidl_generator_py/asurt_msgs/msg/_cone_img_array_s.c.o[0m
[6.640s] [ 88%] [32mBuilding C object CMakeFiles/asurt_msgs__rosidl_generator_py.dir/rosidl_generator_py/asurt_msgs/msg/_landmark_s.c.o[0m
[6.641s] [ 89%] [32mBuilding C object CMakeFiles/asurt_msgs__rosidl_generator_py.dir/rosidl_generator_py/asurt_msgs/msg/_key_points_s.c.o[0m
[6.643s] [ 90%] [32mBuilding C object CMakeFiles/asurt_msgs__rosidl_generator_py.dir/rosidl_generator_py/asurt_msgs/msg/_node_status_s.c.o[0m
[6.644s] [ 94%] [32mBuilding C object CMakeFiles/asurt_msgs__rosidl_generator_py.dir/rosidl_generator_py/asurt_msgs/msg/_bounding_box_s.c.o[0m
[6.644s] [ 94%] [32mBuilding C object CMakeFiles/asurt_msgs__rosidl_generator_py.dir/rosidl_generator_py/asurt_msgs/msg/_cone_img_s.c.o[0m
[6.644s] [ 94%] [32mBuilding C object CMakeFiles/asurt_msgs__rosidl_generator_py.dir/rosidl_generator_py/asurt_msgs/msg/_bounding_boxes_s.c.o[0m
[6.645s] [ 94%] [32mBuilding C object CMakeFiles/asurt_msgs__rosidl_generator_py.dir/rosidl_generator_py/asurt_msgs/msg/_roadstate_s.c.o[0m
[6.819s] [ 94%] [32m[1mLinking C shared library libasurt_msgs__rosidl_generator_py.so[0m
[6.859s] [ 94%] Built target asurt_msgs__rosidl_generator_py
[6.877s] [ 95%] [32mBuilding C object CMakeFiles/asurt_msgs_s__rosidl_typesupport_c.dir/rosidl_generator_py/asurt_msgs/_asurt_msgs_s.ep.rosidl_typesupport_c.c.o[0m
[6.877s] [ 96%] [32mBuilding C object CMakeFiles/asurt_msgs_s__rosidl_typesupport_fastrtps_c.dir/rosidl_generator_py/asurt_msgs/_asurt_msgs_s.ep.rosidl_typesupport_fastrtps_c.c.o[0m
[6.877s] [ 97%] [32mBuilding C object CMakeFiles/asurt_msgs_s__rosidl_typesupport_introspection_c.dir/rosidl_generator_py/asurt_msgs/_asurt_msgs_s.ep.rosidl_typesupport_introspection_c.c.o[0m
[6.961s] [ 98%] [32m[1mLinking C shared module rosidl_generator_py/asurt_msgs/asurt_msgs_s__rosidl_typesupport_introspection_c.so[0m
[6.961s] [ 99%] [32m[1mLinking C shared module rosidl_generator_py/asurt_msgs/asurt_msgs_s__rosidl_typesupport_c.so[0m
[6.967s] [100%] [32m[1mLinking C shared module rosidl_generator_py/asurt_msgs/asurt_msgs_s__rosidl_typesupport_fastrtps_c.so[0m
[6.986s] [100%] Built target asurt_msgs_s__rosidl_typesupport_c
[6.986s] [100%] Built target asurt_msgs_s__rosidl_typesupport_introspection_c
[6.992s] [100%] Built target asurt_msgs_s__rosidl_typesupport_fastrtps_c
[7.001s] Invoked command in '/home/aly-sultan/Desktop/fs-system-25/SLAM/build/asurt_msgs' returned '0': CMAKE_PREFIX_PATH=${CMAKE_PREFIX_PATH}:/home/aly-sultan/Desktop/fs-system-25/SLAM/install/cone_a_lisa:/opt/ros/jazzy DEBUGINFOD_URLS=https://debuginfod.ubuntu.com /usr/bin/cmake --build /home/aly-sultan/Desktop/fs-system-25/SLAM/build/asurt_msgs -- -j16 -l16
[7.002s] Invoking command in '/home/aly-sultan/Desktop/fs-system-25/SLAM/build/asurt_msgs': CMAKE_PREFIX_PATH=${CMAKE_PREFIX_PATH}:/home/aly-sultan/Desktop/fs-system-25/SLAM/install/cone_a_lisa:/opt/ros/jazzy DEBUGINFOD_URLS=https://debuginfod.ubuntu.com /usr/bin/cmake --install /home/aly-sultan/Desktop/fs-system-25/SLAM/build/asurt_msgs
[7.008s] -- Install configuration: ""
[7.008s] -- Installing: /home/aly-sultan/Desktop/fs-system-25/SLAM/install/asurt_msgs/share/ament_index/resource_index/rosidl_interfaces/asurt_msgs
[7.008s] -- Installing: /home/aly-sultan/Desktop/fs-system-25/SLAM/install/asurt_msgs/share/asurt_msgs/msg/Landmark.json
[7.009s] -- Installing: /home/aly-sultan/Desktop/fs-system-25/SLAM/install/asurt_msgs/share/asurt_msgs/msg/LandmarkArray.json
[7.009s] -- Installing: /home/aly-sultan/Desktop/fs-system-25/SLAM/install/asurt_msgs/share/asurt_msgs/msg/NodeStatus.json
[7.009s] -- Installing: /home/aly-sultan/Desktop/fs-system-25/SLAM/install/asurt_msgs/share/asurt_msgs/msg/Roadstate.json
[7.009s] -- Installing: /home/aly-sultan/Desktop/fs-system-25/SLAM/install/asurt_msgs/share/asurt_msgs/msg/BoundingBox.json
[7.009s] -- Installing: /home/aly-sultan/Desktop/fs-system-25/SLAM/install/asurt_msgs/share/asurt_msgs/msg/BoundingBoxes.json
[7.009s] -- Installing: /home/aly-sultan/Desktop/fs-system-25/SLAM/install/asurt_msgs/share/asurt_msgs/msg/ConeImg.json
[7.009s] -- Installing: /home/aly-sultan/Desktop/fs-system-25/SLAM/install/asurt_msgs/share/asurt_msgs/msg/ConeImgArray.json
[7.009s] -- Installing: /home/aly-sultan/Desktop/fs-system-25/SLAM/install/asurt_msgs/share/asurt_msgs/msg/KeyPoints.json
[7.009s] -- Installing: /home/aly-sultan/Desktop/fs-system-25/SLAM/install/asurt_msgs/include/asurt_msgs/asurt_msgs
[7.009s] -- Installing: /home/aly-sultan/Desktop/fs-system-25/SLAM/install/asurt_msgs/include/asurt_msgs/asurt_msgs/msg
[7.009s] -- Installing: /home/aly-sultan/Desktop/fs-system-25/SLAM/install/asurt_msgs/include/asurt_msgs/asurt_msgs/msg/key_points.h
[7.010s] -- Installing: /home/aly-sultan/Desktop/fs-system-25/SLAM/install/asurt_msgs/include/asurt_msgs/asurt_msgs/msg/cone_img.h
[7.010s] -- Installing: /home/aly-sultan/Desktop/fs-system-25/SLAM/install/asurt_msgs/include/asurt_msgs/asurt_msgs/msg/cone_img_array.h
[7.010s] -- Installing: /home/aly-sultan/Desktop/fs-system-25/SLAM/install/asurt_msgs/include/asurt_msgs/asurt_msgs/msg/bounding_boxes.h
[7.010s] -- Installing: /home/aly-sultan/Desktop/fs-system-25/SLAM/install/asurt_msgs/include/asurt_msgs/asurt_msgs/msg/roadstate.h
[7.010s] -- Installing: /home/aly-sultan/Desktop/fs-system-25/SLAM/install/asurt_msgs/include/asurt_msgs/asurt_msgs/msg/rosidl_generator_c__visibility_control.h
[7.010s] -- Installing: /home/aly-sultan/Desktop/fs-system-25/SLAM/install/asurt_msgs/include/asurt_msgs/asurt_msgs/msg/landmark.h
[7.010s] -- Installing: /home/aly-sultan/Desktop/fs-system-25/SLAM/install/asurt_msgs/include/asurt_msgs/asurt_msgs/msg/node_status.h
[7.010s] -- Installing: /home/aly-sultan/Desktop/fs-system-25/SLAM/install/asurt_msgs/include/asurt_msgs/asurt_msgs/msg/landmark_array.h
[7.010s] -- Installing: /home/aly-sultan/Desktop/fs-system-25/SLAM/install/asurt_msgs/include/asurt_msgs/asurt_msgs/msg/bounding_box.h
[7.010s] -- Installing: /home/aly-sultan/Desktop/fs-system-25/SLAM/install/asurt_msgs/include/asurt_msgs/asurt_msgs/msg/detail
[7.010s] -- Installing: /home/aly-sultan/Desktop/fs-system-25/SLAM/install/asurt_msgs/include/asurt_msgs/asurt_msgs/msg/detail/landmark_array__type_support.h
[7.010s] -- Installing: /home/aly-sultan/Desktop/fs-system-25/SLAM/install/asurt_msgs/include/asurt_msgs/asurt_msgs/msg/detail/roadstate__type_support.h
[7.010s] -- Installing: /home/aly-sultan/Desktop/fs-system-25/SLAM/install/asurt_msgs/include/asurt_msgs/asurt_msgs/msg/detail/node_status__description.c
[7.010s] -- Installing: /home/aly-sultan/Desktop/fs-system-25/SLAM/install/asurt_msgs/include/asurt_msgs/asurt_msgs/msg/detail/key_points__functions.c
[7.010s] -- Installing: /home/aly-sultan/Desktop/fs-system-25/SLAM/install/asurt_msgs/include/asurt_msgs/asurt_msgs/msg/detail/landmark__type_support.h
[7.010s] -- Installing: /home/aly-sultan/Desktop/fs-system-25/SLAM/install/asurt_msgs/include/asurt_msgs/asurt_msgs/msg/detail/bounding_boxes__functions.c
[7.010s] -- Installing: /home/aly-sultan/Desktop/fs-system-25/SLAM/install/asurt_msgs/include/asurt_msgs/asurt_msgs/msg/detail/cone_img__description.c
[7.010s] -- Installing: /home/aly-sultan/Desktop/fs-system-25/SLAM/install/asurt_msgs/include/asurt_msgs/asurt_msgs/msg/detail/bounding_box__type_support.h
[7.010s] -- Installing: /home/aly-sultan/Desktop/fs-system-25/SLAM/install/asurt_msgs/include/asurt_msgs/asurt_msgs/msg/detail/key_points__functions.h
[7.010s] -- Installing: /home/aly-sultan/Desktop/fs-system-25/SLAM/install/asurt_msgs/include/asurt_msgs/asurt_msgs/msg/detail/cone_img_array__functions.c
[7.010s] -- Installing: /home/aly-sultan/Desktop/fs-system-25/SLAM/install/asurt_msgs/include/asurt_msgs/asurt_msgs/msg/detail/landmark_array__functions.c
[7.010s] -- Installing: /home/aly-sultan/Desktop/fs-system-25/SLAM/install/asurt_msgs/include/asurt_msgs/asurt_msgs/msg/detail/bounding_box__functions.c
[7.010s] -- Installing: /home/aly-sultan/Desktop/fs-system-25/SLAM/install/asurt_msgs/include/asurt_msgs/asurt_msgs/msg/detail/node_status__functions.c
[7.011s] -- Installing: /home/aly-sultan/Desktop/fs-system-25/SLAM/install/asurt_msgs/include/asurt_msgs/asurt_msgs/msg/detail/roadstate__struct.h
[7.011s] -- Installing: /home/aly-sultan/Desktop/fs-system-25/SLAM/install/asurt_msgs/include/asurt_msgs/asurt_msgs/msg/detail/roadstate__type_support.c
[7.011s] -- Installing: /home/aly-sultan/Desktop/fs-system-25/SLAM/install/asurt_msgs/include/asurt_msgs/asurt_msgs/msg/detail/landmark_array__type_support.c
[7.011s] -- Installing: /home/aly-sultan/Desktop/fs-system-25/SLAM/install/asurt_msgs/include/asurt_msgs/asurt_msgs/msg/detail/cone_img__type_support.c
[7.011s] -- Installing: /home/aly-sultan/Desktop/fs-system-25/SLAM/install/asurt_msgs/include/asurt_msgs/asurt_msgs/msg/detail/key_points__struct.h
[7.011s] -- Installing: /home/aly-sultan/Desktop/fs-system-25/SLAM/install/asurt_msgs/include/asurt_msgs/asurt_msgs/msg/detail/bounding_boxes__functions.h
[7.011s] -- Installing: /home/aly-sultan/Desktop/fs-system-25/SLAM/install/asurt_msgs/include/asurt_msgs/asurt_msgs/msg/detail/bounding_box__description.c
[7.011s] -- Installing: /home/aly-sultan/Desktop/fs-system-25/SLAM/install/asurt_msgs/include/asurt_msgs/asurt_msgs/msg/detail/bounding_box__type_support.c
[7.011s] -- Installing: /home/aly-sultan/Desktop/fs-system-25/SLAM/install/asurt_msgs/include/asurt_msgs/asurt_msgs/msg/detail/node_status__type_support.c
[7.011s] -- Installing: /home/aly-sultan/Desktop/fs-system-25/SLAM/install/asurt_msgs/include/asurt_msgs/asurt_msgs/msg/detail/bounding_boxes__type_support.c
[7.011s] -- Installing: /home/aly-sultan/Desktop/fs-system-25/SLAM/install/asurt_msgs/include/asurt_msgs/asurt_msgs/msg/detail/key_points__type_support.h
[7.011s] -- Installing: /home/aly-sultan/Desktop/fs-system-25/SLAM/install/asurt_msgs/include/asurt_msgs/asurt_msgs/msg/detail/cone_img_array__functions.h
[7.011s] -- Installing: /home/aly-sultan/Desktop/fs-system-25/SLAM/install/asurt_msgs/include/asurt_msgs/asurt_msgs/msg/detail/roadstate__functions.c
[7.011s] -- Installing: /home/aly-sultan/Desktop/fs-system-25/SLAM/install/asurt_msgs/include/asurt_msgs/asurt_msgs/msg/detail/bounding_box__struct.h
[7.011s] -- Installing: /home/aly-sultan/Desktop/fs-system-25/SLAM/install/asurt_msgs/include/asurt_msgs/asurt_msgs/msg/detail/node_status__type_support.h
[7.011s] -- Installing: /home/aly-sultan/Desktop/fs-system-25/SLAM/install/asurt_msgs/include/asurt_msgs/asurt_msgs/msg/detail/roadstate__description.c
[7.011s] -- Installing: /home/aly-sultan/Desktop/fs-system-25/SLAM/install/asurt_msgs/include/asurt_msgs/asurt_msgs/msg/detail/cone_img_array__type_support.c
[7.011s] -- Installing: /home/aly-sultan/Desktop/fs-system-25/SLAM/install/asurt_msgs/include/asurt_msgs/asurt_msgs/msg/detail/bounding_boxes__type_support.h
[7.011s] -- Installing: /home/aly-sultan/Desktop/fs-system-25/SLAM/install/asurt_msgs/include/asurt_msgs/asurt_msgs/msg/detail/cone_img_array__description.c
[7.011s] -- Installing: /home/aly-sultan/Desktop/fs-system-25/SLAM/install/asurt_msgs/include/asurt_msgs/asurt_msgs/msg/detail/landmark_array__struct.h
[7.011s] -- Installing: /home/aly-sultan/Desktop/fs-system-25/SLAM/install/asurt_msgs/include/asurt_msgs/asurt_msgs/msg/detail/roadstate__functions.h
[7.011s] -- Installing: /home/aly-sultan/Desktop/fs-system-25/SLAM/install/asurt_msgs/include/asurt_msgs/asurt_msgs/msg/detail/key_points__type_support.c
[7.011s] -- Installing: /home/aly-sultan/Desktop/fs-system-25/SLAM/install/asurt_msgs/include/asurt_msgs/asurt_msgs/msg/detail/cone_img__functions.h
[7.011s] -- Installing: /home/aly-sultan/Desktop/fs-system-25/SLAM/install/asurt_msgs/include/asurt_msgs/asurt_msgs/msg/detail/bounding_boxes__struct.h
[7.012s] -- Installing: /home/aly-sultan/Desktop/fs-system-25/SLAM/install/asurt_msgs/include/asurt_msgs/asurt_msgs/msg/detail/landmark__type_support.c
[7.012s] -- Installing: /home/aly-sultan/Desktop/fs-system-25/SLAM/install/asurt_msgs/include/asurt_msgs/asurt_msgs/msg/detail/landmark__functions.c
[7.012s] -- Installing: /home/aly-sultan/Desktop/fs-system-25/SLAM/install/asurt_msgs/include/asurt_msgs/asurt_msgs/msg/detail/cone_img__struct.h
[7.012s] -- Installing: /home/aly-sultan/Desktop/fs-system-25/SLAM/install/asurt_msgs/include/asurt_msgs/asurt_msgs/msg/detail/landmark__struct.h
[7.012s] -- Installing: /home/aly-sultan/Desktop/fs-system-25/SLAM/install/asurt_msgs/include/asurt_msgs/asurt_msgs/msg/detail/landmark__functions.h
[7.012s] -- Installing: /home/aly-sultan/Desktop/fs-system-25/SLAM/install/asurt_msgs/include/asurt_msgs/asurt_msgs/msg/detail/node_status__struct.h
[7.012s] -- Installing: /home/aly-sultan/Desktop/fs-system-25/SLAM/install/asurt_msgs/include/asurt_msgs/asurt_msgs/msg/detail/landmark__description.c
[7.012s] -- Installing: /home/aly-sultan/Desktop/fs-system-25/SLAM/install/asurt_msgs/include/asurt_msgs/asurt_msgs/msg/detail/cone_img_array__type_support.h
[7.012s] -- Installing: /home/aly-sultan/Desktop/fs-system-25/SLAM/install/asurt_msgs/include/asurt_msgs/asurt_msgs/msg/detail/bounding_boxes__description.c
[7.012s] -- Installing: /home/aly-sultan/Desktop/fs-system-25/SLAM/install/asurt_msgs/include/asurt_msgs/asurt_msgs/msg/detail/cone_img_array__struct.h
[7.012s] -- Installing: /home/aly-sultan/Desktop/fs-system-25/SLAM/install/asurt_msgs/include/asurt_msgs/asurt_msgs/msg/detail/bounding_box__functions.h
[7.012s] -- Installing: /home/aly-sultan/Desktop/fs-system-25/SLAM/install/asurt_msgs/include/asurt_msgs/asurt_msgs/msg/detail/cone_img__functions.c
[7.012s] -- Installing: /home/aly-sultan/Desktop/fs-system-25/SLAM/install/asurt_msgs/include/asurt_msgs/asurt_msgs/msg/detail/landmark_array__description.c
[7.012s] -- Installing: /home/aly-sultan/Desktop/fs-system-25/SLAM/install/asurt_msgs/include/asurt_msgs/asurt_msgs/msg/detail/cone_img__type_support.h
[7.012s] -- Installing: /home/aly-sultan/Desktop/fs-system-25/SLAM/install/asurt_msgs/include/asurt_msgs/asurt_msgs/msg/detail/node_status__functions.h
[7.012s] -- Installing: /home/aly-sultan/Desktop/fs-system-25/SLAM/install/asurt_msgs/include/asurt_msgs/asurt_msgs/msg/detail/landmark_array__functions.h
[7.012s] -- Installing: /home/aly-sultan/Desktop/fs-system-25/SLAM/install/asurt_msgs/include/asurt_msgs/asurt_msgs/msg/detail/key_points__description.c
[7.012s] -- Installing: /home/aly-sultan/Desktop/fs-system-25/SLAM/install/asurt_msgs/share/asurt_msgs/environment/library_path.sh
[7.012s] -- Installing: /home/aly-sultan/Desktop/fs-system-25/SLAM/install/asurt_msgs/share/asurt_msgs/environment/library_path.dsv
[7.012s] -- Installing: /home/aly-sultan/Desktop/fs-system-25/SLAM/install/asurt_msgs/lib/libasurt_msgs__rosidl_generator_c.so
[7.012s] -- Set non-toolchain portion of runtime path of "/home/aly-sultan/Desktop/fs-system-25/SLAM/install/asurt_msgs/lib/libasurt_msgs__rosidl_generator_c.so" to ""
[7.013s] -- Up-to-date: /home/aly-sultan/Desktop/fs-system-25/SLAM/install/asurt_msgs/include/asurt_msgs/asurt_msgs
[7.013s] -- Up-to-date: /home/aly-sultan/Desktop/fs-system-25/SLAM/install/asurt_msgs/include/asurt_msgs/asurt_msgs/msg
[7.013s] -- Installing: /home/aly-sultan/Desktop/fs-system-25/SLAM/install/asurt_msgs/include/asurt_msgs/asurt_msgs/msg/rosidl_typesupport_fastrtps_c__visibility_control.h
[7.013s] -- Up-to-date: /home/aly-sultan/Desktop/fs-system-25/SLAM/install/asurt_msgs/include/asurt_msgs/asurt_msgs/msg/detail
[7.013s] -- Installing: /home/aly-sultan/Desktop/fs-system-25/SLAM/install/asurt_msgs/include/asurt_msgs/asurt_msgs/msg/detail/landmark__rosidl_typesupport_fastrtps_c.h
[7.013s] -- Installing: /home/aly-sultan/Desktop/fs-system-25/SLAM/install/asurt_msgs/include/asurt_msgs/asurt_msgs/msg/detail/landmark_array__rosidl_typesupport_fastrtps_c.h
[7.013s] -- Installing: /home/aly-sultan/Desktop/fs-system-25/SLAM/install/asurt_msgs/include/asurt_msgs/asurt_msgs/msg/detail/cone_img_array__rosidl_typesupport_fastrtps_c.h
[7.013s] -- Installing: /home/aly-sultan/Desktop/fs-system-25/SLAM/install/asurt_msgs/include/asurt_msgs/asurt_msgs/msg/detail/key_points__rosidl_typesupport_fastrtps_c.h
[7.013s] -- Installing: /home/aly-sultan/Desktop/fs-system-25/SLAM/install/asurt_msgs/include/asurt_msgs/asurt_msgs/msg/detail/node_status__rosidl_typesupport_fastrtps_c.h
[7.014s] -- Installing: /home/aly-sultan/Desktop/fs-system-25/SLAM/install/asurt_msgs/include/asurt_msgs/asurt_msgs/msg/detail/bounding_boxes__rosidl_typesupport_fastrtps_c.h
[7.014s] -- Installing: /home/aly-sultan/Desktop/fs-system-25/SLAM/install/asurt_msgs/include/asurt_msgs/asurt_msgs/msg/detail/cone_img__rosidl_typesupport_fastrtps_c.h
[7.014s] -- Installing: /home/aly-sultan/Desktop/fs-system-25/SLAM/install/asurt_msgs/include/asurt_msgs/asurt_msgs/msg/detail/roadstate__rosidl_typesupport_fastrtps_c.h
[7.014s] -- Installing: /home/aly-sultan/Desktop/fs-system-25/SLAM/install/asurt_msgs/include/asurt_msgs/asurt_msgs/msg/detail/bounding_box__rosidl_typesupport_fastrtps_c.h
[7.014s] -- Installing: /home/aly-sultan/Desktop/fs-system-25/SLAM/install/asurt_msgs/lib/libasurt_msgs__rosidl_typesupport_fastrtps_c.so
[7.014s] -- Set non-toolchain portion of runtime path of "/home/aly-sultan/Desktop/fs-system-25/SLAM/install/asurt_msgs/lib/libasurt_msgs__rosidl_typesupport_fastrtps_c.so" to ""
[7.014s] -- Up-to-date: /home/aly-sultan/Desktop/fs-system-25/SLAM/install/asurt_msgs/include/asurt_msgs/asurt_msgs
[7.015s] -- Up-to-date: /home/aly-sultan/Desktop/fs-system-25/SLAM/install/asurt_msgs/include/asurt_msgs/asurt_msgs/msg
[7.015s] -- Installing: /home/aly-sultan/Desktop/fs-system-25/SLAM/install/asurt_msgs/include/asurt_msgs/asurt_msgs/msg/bounding_boxes.hpp
[7.015s] -- Installing: /home/aly-sultan/Desktop/fs-system-25/SLAM/install/asurt_msgs/include/asurt_msgs/asurt_msgs/msg/key_points.hpp
[7.015s] -- Installing: /home/aly-sultan/Desktop/fs-system-25/SLAM/install/asurt_msgs/include/asurt_msgs/asurt_msgs/msg/landmark_array.hpp
[7.015s] -- Installing: /home/aly-sultan/Desktop/fs-system-25/SLAM/install/asurt_msgs/include/asurt_msgs/asurt_msgs/msg/landmark.hpp
[7.015s] -- Installing: /home/aly-sultan/Desktop/fs-system-25/SLAM/install/asurt_msgs/include/asurt_msgs/asurt_msgs/msg/rosidl_generator_cpp__visibility_control.hpp
[7.015s] -- Installing: /home/aly-sultan/Desktop/fs-system-25/SLAM/install/asurt_msgs/include/asurt_msgs/asurt_msgs/msg/node_status.hpp
[7.015s] -- Installing: /home/aly-sultan/Desktop/fs-system-25/SLAM/install/asurt_msgs/include/asurt_msgs/asurt_msgs/msg/bounding_box.hpp
[7.015s] -- Installing: /home/aly-sultan/Desktop/fs-system-25/SLAM/install/asurt_msgs/include/asurt_msgs/asurt_msgs/msg/cone_img.hpp
[7.016s] -- Installing: /home/aly-sultan/Desktop/fs-system-25/SLAM/install/asurt_msgs/include/asurt_msgs/asurt_msgs/msg/roadstate.hpp
[7.016s] -- Installing: /home/aly-sultan/Desktop/fs-system-25/SLAM/install/asurt_msgs/include/asurt_msgs/asurt_msgs/msg/cone_img_array.hpp
[7.016s] -- Up-to-date: /home/aly-sultan/Desktop/fs-system-25/SLAM/install/asurt_msgs/include/asurt_msgs/asurt_msgs/msg/detail
[7.016s] -- Installing: /home/aly-sultan/Desktop/fs-system-25/SLAM/install/asurt_msgs/include/asurt_msgs/asurt_msgs/msg/detail/landmark_array__struct.hpp
[7.016s] -- Installing: /home/aly-sultan/Desktop/fs-system-25/SLAM/install/asurt_msgs/include/asurt_msgs/asurt_msgs/msg/detail/landmark__traits.hpp
[7.016s] -- Installing: /home/aly-sultan/Desktop/fs-system-25/SLAM/install/asurt_msgs/include/asurt_msgs/asurt_msgs/msg/detail/bounding_box__traits.hpp
[7.016s] -- Installing: /home/aly-sultan/Desktop/fs-system-25/SLAM/install/asurt_msgs/include/asurt_msgs/asurt_msgs/msg/detail/bounding_boxes__struct.hpp
[7.016s] -- Installing: /home/aly-sultan/Desktop/fs-system-25/SLAM/install/asurt_msgs/include/asurt_msgs/asurt_msgs/msg/detail/bounding_box__struct.hpp
[7.016s] -- Installing: /home/aly-sultan/Desktop/fs-system-25/SLAM/install/asurt_msgs/include/asurt_msgs/asurt_msgs/msg/detail/cone_img_array__traits.hpp
[7.016s] -- Installing: /home/aly-sultan/Desktop/fs-system-25/SLAM/install/asurt_msgs/include/asurt_msgs/asurt_msgs/msg/detail/cone_img_array__struct.hpp
[7.016s] -- Installing: /home/aly-sultan/Desktop/fs-system-25/SLAM/install/asurt_msgs/include/asurt_msgs/asurt_msgs/msg/detail/landmark__struct.hpp
[7.016s] -- Installing: /home/aly-sultan/Desktop/fs-system-25/SLAM/install/asurt_msgs/include/asurt_msgs/asurt_msgs/msg/detail/landmark_array__type_support.hpp
[7.016s] -- Installing: /home/aly-sultan/Desktop/fs-system-25/SLAM/install/asurt_msgs/include/asurt_msgs/asurt_msgs/msg/detail/bounding_box__type_support.hpp
[7.017s] -- Installing: /home/aly-sultan/Desktop/fs-system-25/SLAM/install/asurt_msgs/include/asurt_msgs/asurt_msgs/msg/detail/key_points__traits.hpp
[7.017s] -- Installing: /home/aly-sultan/Desktop/fs-system-25/SLAM/install/asurt_msgs/include/asurt_msgs/asurt_msgs/msg/detail/bounding_box__builder.hpp
[7.017s] -- Installing: /home/aly-sultan/Desktop/fs-system-25/SLAM/install/asurt_msgs/include/asurt_msgs/asurt_msgs/msg/detail/roadstate__builder.hpp
[7.017s] -- Installing: /home/aly-sultan/Desktop/fs-system-25/SLAM/install/asurt_msgs/include/asurt_msgs/asurt_msgs/msg/detail/node_status__type_support.hpp
[7.017s] -- Installing: /home/aly-sultan/Desktop/fs-system-25/SLAM/install/asurt_msgs/include/asurt_msgs/asurt_msgs/msg/detail/cone_img__type_support.hpp
[7.017s] -- Installing: /home/aly-sultan/Desktop/fs-system-25/SLAM/install/asurt_msgs/include/asurt_msgs/asurt_msgs/msg/detail/landmark__type_support.hpp
[7.017s] -- Installing: /home/aly-sultan/Desktop/fs-system-25/SLAM/install/asurt_msgs/include/asurt_msgs/asurt_msgs/msg/detail/cone_img_array__type_support.hpp
[7.017s] -- Installing: /home/aly-sultan/Desktop/fs-system-25/SLAM/install/asurt_msgs/include/asurt_msgs/asurt_msgs/msg/detail/roadstate__traits.hpp
[7.017s] -- Installing: /home/aly-sultan/Desktop/fs-system-25/SLAM/install/asurt_msgs/include/asurt_msgs/asurt_msgs/msg/detail/key_points__builder.hpp
[7.017s] -- Installing: /home/aly-sultan/Desktop/fs-system-25/SLAM/install/asurt_msgs/include/asurt_msgs/asurt_msgs/msg/detail/bounding_boxes__traits.hpp
[7.017s] -- Installing: /home/aly-sultan/Desktop/fs-system-25/SLAM/install/asurt_msgs/include/asurt_msgs/asurt_msgs/msg/detail/cone_img__builder.hpp
[7.017s] -- Installing: /home/aly-sultan/Desktop/fs-system-25/SLAM/install/asurt_msgs/include/asurt_msgs/asurt_msgs/msg/detail/key_points__type_support.hpp
[7.017s] -- Installing: /home/aly-sultan/Desktop/fs-system-25/SLAM/install/asurt_msgs/include/asurt_msgs/asurt_msgs/msg/detail/landmark_array__builder.hpp
[7.017s] -- Installing: /home/aly-sultan/Desktop/fs-system-25/SLAM/install/asurt_msgs/include/asurt_msgs/asurt_msgs/msg/detail/cone_img__traits.hpp
[7.017s] -- Installing: /home/aly-sultan/Desktop/fs-system-25/SLAM/install/asurt_msgs/include/asurt_msgs/asurt_msgs/msg/detail/roadstate__type_support.hpp
[7.017s] -- Installing: /home/aly-sultan/Desktop/fs-system-25/SLAM/install/asurt_msgs/include/asurt_msgs/asurt_msgs/msg/detail/node_status__builder.hpp
[7.017s] -- Installing: /home/aly-sultan/Desktop/fs-system-25/SLAM/install/asurt_msgs/include/asurt_msgs/asurt_msgs/msg/detail/node_status__struct.hpp
[7.017s] -- Installing: /home/aly-sultan/Desktop/fs-system-25/SLAM/install/asurt_msgs/include/asurt_msgs/asurt_msgs/msg/detail/bounding_boxes__type_support.hpp
[7.017s] -- Installing: /home/aly-sultan/Desktop/fs-system-25/SLAM/install/asurt_msgs/include/asurt_msgs/asurt_msgs/msg/detail/landmark__builder.hpp
[7.017s] -- Installing: /home/aly-sultan/Desktop/fs-system-25/SLAM/install/asurt_msgs/include/asurt_msgs/asurt_msgs/msg/detail/landmark_array__traits.hpp
[7.017s] -- Installing: /home/aly-sultan/Desktop/fs-system-25/SLAM/install/asurt_msgs/include/asurt_msgs/asurt_msgs/msg/detail/roadstate__struct.hpp
[7.017s] -- Installing: /home/aly-sultan/Desktop/fs-system-25/SLAM/install/asurt_msgs/include/asurt_msgs/asurt_msgs/msg/detail/bounding_boxes__builder.hpp
[7.017s] -- Installing: /home/aly-sultan/Desktop/fs-system-25/SLAM/install/asurt_msgs/include/asurt_msgs/asurt_msgs/msg/detail/cone_img__struct.hpp
[7.017s] -- Installing: /home/aly-sultan/Desktop/fs-system-25/SLAM/install/asurt_msgs/include/asurt_msgs/asurt_msgs/msg/detail/cone_img_array__builder.hpp
[7.017s] -- Installing: /home/aly-sultan/Desktop/fs-system-25/SLAM/install/asurt_msgs/include/asurt_msgs/asurt_msgs/msg/detail/node_status__traits.hpp
[7.017s] -- Installing: /home/aly-sultan/Desktop/fs-system-25/SLAM/install/asurt_msgs/include/asurt_msgs/asurt_msgs/msg/detail/key_points__struct.hpp
[7.017s] -- Up-to-date: /home/aly-sultan/Desktop/fs-system-25/SLAM/install/asurt_msgs/include/asurt_msgs/asurt_msgs
[7.018s] -- Up-to-date: /home/aly-sultan/Desktop/fs-system-25/SLAM/install/asurt_msgs/include/asurt_msgs/asurt_msgs/msg
[7.018s] -- Installing: /home/aly-sultan/Desktop/fs-system-25/SLAM/install/asurt_msgs/include/asurt_msgs/asurt_msgs/msg/rosidl_typesupport_fastrtps_cpp__visibility_control.h
[7.018s] -- Up-to-date: /home/aly-sultan/Desktop/fs-system-25/SLAM/install/asurt_msgs/include/asurt_msgs/asurt_msgs/msg/detail
[7.018s] -- Installing: /home/aly-sultan/Desktop/fs-system-25/SLAM/install/asurt_msgs/include/asurt_msgs/asurt_msgs/msg/detail/bounding_boxes__rosidl_typesupport_fastrtps_cpp.hpp
[7.018s] -- Installing: /home/aly-sultan/Desktop/fs-system-25/SLAM/install/asurt_msgs/include/asurt_msgs/asurt_msgs/msg/detail/cone_img_array__rosidl_typesupport_fastrtps_cpp.hpp
[7.018s] -- Installing: /home/aly-sultan/Desktop/fs-system-25/SLAM/install/asurt_msgs/include/asurt_msgs/asurt_msgs/msg/detail/node_status__rosidl_typesupport_fastrtps_cpp.hpp
[7.018s] -- Installing: /home/aly-sultan/Desktop/fs-system-25/SLAM/install/asurt_msgs/include/asurt_msgs/asurt_msgs/msg/detail/dds_fastrtps
[7.018s] -- Installing: /home/aly-sultan/Desktop/fs-system-25/SLAM/install/asurt_msgs/include/asurt_msgs/asurt_msgs/msg/detail/bounding_box__rosidl_typesupport_fastrtps_cpp.hpp
[7.018s] -- Installing: /home/aly-sultan/Desktop/fs-system-25/SLAM/install/asurt_msgs/include/asurt_msgs/asurt_msgs/msg/detail/key_points__rosidl_typesupport_fastrtps_cpp.hpp
[7.018s] -- Installing: /home/aly-sultan/Desktop/fs-system-25/SLAM/install/asurt_msgs/include/asurt_msgs/asurt_msgs/msg/detail/landmark_array__rosidl_typesupport_fastrtps_cpp.hpp
[7.018s] -- Installing: /home/aly-sultan/Desktop/fs-system-25/SLAM/install/asurt_msgs/include/asurt_msgs/asurt_msgs/msg/detail/landmark__rosidl_typesupport_fastrtps_cpp.hpp
[7.018s] -- Installing: /home/aly-sultan/Desktop/fs-system-25/SLAM/install/asurt_msgs/include/asurt_msgs/asurt_msgs/msg/detail/roadstate__rosidl_typesupport_fastrtps_cpp.hpp
[7.018s] -- Installing: /home/aly-sultan/Desktop/fs-system-25/SLAM/install/asurt_msgs/include/asurt_msgs/asurt_msgs/msg/detail/cone_img__rosidl_typesupport_fastrtps_cpp.hpp
[7.018s] -- Installing: /home/aly-sultan/Desktop/fs-system-25/SLAM/install/asurt_msgs/lib/libasurt_msgs__rosidl_typesupport_fastrtps_cpp.so
[7.018s] -- Set non-toolchain portion of runtime path of "/home/aly-sultan/Desktop/fs-system-25/SLAM/install/asurt_msgs/lib/libasurt_msgs__rosidl_typesupport_fastrtps_cpp.so" to ""
[7.018s] -- Up-to-date: /home/aly-sultan/Desktop/fs-system-25/SLAM/install/asurt_msgs/include/asurt_msgs/asurt_msgs
[7.018s] -- Up-to-date: /home/aly-sultan/Desktop/fs-system-25/SLAM/install/asurt_msgs/include/asurt_msgs/asurt_msgs/msg
[7.018s] -- Installing: /home/aly-sultan/Desktop/fs-system-25/SLAM/install/asurt_msgs/include/asurt_msgs/asurt_msgs/msg/rosidl_typesupport_introspection_c__visibility_control.h
[7.018s] -- Up-to-date: /home/aly-sultan/Desktop/fs-system-25/SLAM/install/asurt_msgs/include/asurt_msgs/asurt_msgs/msg/detail
[7.018s] -- Installing: /home/aly-sultan/Desktop/fs-system-25/SLAM/install/asurt_msgs/include/asurt_msgs/asurt_msgs/msg/detail/node_status__rosidl_typesupport_introspection_c.h
[7.018s] -- Up-to-date: /home/aly-sultan/Desktop/fs-system-25/SLAM/install/asurt_msgs/include/asurt_msgs/asurt_msgs/msg/detail/roadstate__type_support.c
[7.018s] -- Installing: /home/aly-sultan/Desktop/fs-system-25/SLAM/install/asurt_msgs/include/asurt_msgs/asurt_msgs/msg/detail/landmark_array__type_support.c
[7.018s] -- Installing: /home/aly-sultan/Desktop/fs-system-25/SLAM/install/asurt_msgs/include/asurt_msgs/asurt_msgs/msg/detail/cone_img__type_support.c
[7.018s] -- Installing: /home/aly-sultan/Desktop/fs-system-25/SLAM/install/asurt_msgs/include/asurt_msgs/asurt_msgs/msg/detail/key_points__rosidl_typesupport_introspection_c.h
[7.018s] -- Installing: /home/aly-sultan/Desktop/fs-system-25/SLAM/install/asurt_msgs/include/asurt_msgs/asurt_msgs/msg/detail/cone_img__rosidl_typesupport_introspection_c.h
[7.019s] -- Up-to-date: /home/aly-sultan/Desktop/fs-system-25/SLAM/install/asurt_msgs/include/asurt_msgs/asurt_msgs/msg/detail/bounding_box__type_support.c
[7.019s] -- Installing: /home/aly-sultan/Desktop/fs-system-25/SLAM/install/asurt_msgs/include/asurt_msgs/asurt_msgs/msg/detail/node_status__type_support.c
[7.019s] -- Installing: /home/aly-sultan/Desktop/fs-system-25/SLAM/install/asurt_msgs/include/asurt_msgs/asurt_msgs/msg/detail/landmark__rosidl_typesupport_introspection_c.h
[7.019s] -- Up-to-date: /home/aly-sultan/Desktop/fs-system-25/SLAM/install/asurt_msgs/include/asurt_msgs/asurt_msgs/msg/detail/bounding_boxes__type_support.c
[7.019s] -- Installing: /home/aly-sultan/Desktop/fs-system-25/SLAM/install/asurt_msgs/include/asurt_msgs/asurt_msgs/msg/detail/cone_img_array__type_support.c
[7.019s] -- Installing: /home/aly-sultan/Desktop/fs-system-25/SLAM/install/asurt_msgs/include/asurt_msgs/asurt_msgs/msg/detail/key_points__type_support.c
[7.019s] -- Installing: /home/aly-sultan/Desktop/fs-system-25/SLAM/install/asurt_msgs/include/asurt_msgs/asurt_msgs/msg/detail/landmark_array__rosidl_typesupport_introspection_c.h
[7.019s] -- Installing: /home/aly-sultan/Desktop/fs-system-25/SLAM/install/asurt_msgs/include/asurt_msgs/asurt_msgs/msg/detail/cone_img_array__rosidl_typesupport_introspection_c.h
[7.019s] -- Installing: /home/aly-sultan/Desktop/fs-system-25/SLAM/install/asurt_msgs/include/asurt_msgs/asurt_msgs/msg/detail/landmark__type_support.c
[7.019s] -- Installing: /home/aly-sultan/Desktop/fs-system-25/SLAM/install/asurt_msgs/include/asurt_msgs/asurt_msgs/msg/detail/roadstate__rosidl_typesupport_introspection_c.h
[7.019s] -- Installing: /home/aly-sultan/Desktop/fs-system-25/SLAM/install/asurt_msgs/include/asurt_msgs/asurt_msgs/msg/detail/bounding_boxes__rosidl_typesupport_introspection_c.h
[7.019s] -- Installing: /home/aly-sultan/Desktop/fs-system-25/SLAM/install/asurt_msgs/include/asurt_msgs/asurt_msgs/msg/detail/bounding_box__rosidl_typesupport_introspection_c.h
[7.019s] -- Installing: /home/aly-sultan/Desktop/fs-system-25/SLAM/install/asurt_msgs/lib/libasurt_msgs__rosidl_typesupport_introspection_c.so
[7.019s] -- Set non-toolchain portion of runtime path of "/home/aly-sultan/Desktop/fs-system-25/SLAM/install/asurt_msgs/lib/libasurt_msgs__rosidl_typesupport_introspection_c.so" to ""
[7.019s] -- Installing: /home/aly-sultan/Desktop/fs-system-25/SLAM/install/asurt_msgs/lib/libasurt_msgs__rosidl_typesupport_c.so
[7.019s] -- Set non-toolchain portion of runtime path of "/home/aly-sultan/Desktop/fs-system-25/SLAM/install/asurt_msgs/lib/libasurt_msgs__rosidl_typesupport_c.so" to ""
[7.019s] -- Up-to-date: /home/aly-sultan/Desktop/fs-system-25/SLAM/install/asurt_msgs/include/asurt_msgs/asurt_msgs
[7.019s] -- Up-to-date: /home/aly-sultan/Desktop/fs-system-25/SLAM/install/asurt_msgs/include/asurt_msgs/asurt_msgs/msg
[7.019s] -- Up-to-date: /home/aly-sultan/Desktop/fs-system-25/SLAM/install/asurt_msgs/include/asurt_msgs/asurt_msgs/msg/detail
[7.019s] -- Installing: /home/aly-sultan/Desktop/fs-system-25/SLAM/install/asurt_msgs/include/asurt_msgs/asurt_msgs/msg/detail/bounding_box__type_support.cpp
[7.019s] -- Installing: /home/aly-sultan/Desktop/fs-system-25/SLAM/install/asurt_msgs/include/asurt_msgs/asurt_msgs/msg/detail/cone_img_array__type_support.cpp
[7.019s] -- Installing: /home/aly-sultan/Desktop/fs-system-25/SLAM/install/asurt_msgs/include/asurt_msgs/asurt_msgs/msg/detail/cone_img__rosidl_typesupport_introspection_cpp.hpp
[7.019s] -- Installing: /home/aly-sultan/Desktop/fs-system-25/SLAM/install/asurt_msgs/include/asurt_msgs/asurt_msgs/msg/detail/key_points__rosidl_typesupport_introspection_cpp.hpp
[7.019s] -- Installing: /home/aly-sultan/Desktop/fs-system-25/SLAM/install/asurt_msgs/include/asurt_msgs/asurt_msgs/msg/detail/bounding_boxes__rosidl_typesupport_introspection_cpp.hpp
[7.020s] -- Installing: /home/aly-sultan/Desktop/fs-system-25/SLAM/install/asurt_msgs/include/asurt_msgs/asurt_msgs/msg/detail/node_status__type_support.cpp
[7.020s] -- Installing: /home/aly-sultan/Desktop/fs-system-25/SLAM/install/asurt_msgs/include/asurt_msgs/asurt_msgs/msg/detail/node_status__rosidl_typesupport_introspection_cpp.hpp
[7.020s] -- Installing: /home/aly-sultan/Desktop/fs-system-25/SLAM/install/asurt_msgs/include/asurt_msgs/asurt_msgs/msg/detail/cone_img_array__rosidl_typesupport_introspection_cpp.hpp
[7.020s] -- Installing: /home/aly-sultan/Desktop/fs-system-25/SLAM/install/asurt_msgs/include/asurt_msgs/asurt_msgs/msg/detail/landmark__type_support.cpp
[7.020s] -- Installing: /home/aly-sultan/Desktop/fs-system-25/SLAM/install/asurt_msgs/include/asurt_msgs/asurt_msgs/msg/detail/landmark_array__type_support.cpp
[7.020s] -- Installing: /home/aly-sultan/Desktop/fs-system-25/SLAM/install/asurt_msgs/include/asurt_msgs/asurt_msgs/msg/detail/bounding_boxes__type_support.cpp
[7.020s] -- Installing: /home/aly-sultan/Desktop/fs-system-25/SLAM/install/asurt_msgs/include/asurt_msgs/asurt_msgs/msg/detail/roadstate__type_support.cpp
[7.020s] -- Installing: /home/aly-sultan/Desktop/fs-system-25/SLAM/install/asurt_msgs/include/asurt_msgs/asurt_msgs/msg/detail/roadstate__rosidl_typesupport_introspection_cpp.hpp
[7.020s] -- Installing: /home/aly-sultan/Desktop/fs-system-25/SLAM/install/asurt_msgs/include/asurt_msgs/asurt_msgs/msg/detail/landmark__rosidl_typesupport_introspection_cpp.hpp
[7.020s] -- Installing: /home/aly-sultan/Desktop/fs-system-25/SLAM/install/asurt_msgs/include/asurt_msgs/asurt_msgs/msg/detail/key_points__type_support.cpp
[7.020s] -- Installing: /home/aly-sultan/Desktop/fs-system-25/SLAM/install/asurt_msgs/include/asurt_msgs/asurt_msgs/msg/detail/bounding_box__rosidl_typesupport_introspection_cpp.hpp
[7.020s] -- Installing: /home/aly-sultan/Desktop/fs-system-25/SLAM/install/asurt_msgs/include/asurt_msgs/asurt_msgs/msg/detail/landmark_array__rosidl_typesupport_introspection_cpp.hpp
[7.020s] -- Installing: /home/aly-sultan/Desktop/fs-system-25/SLAM/install/asurt_msgs/include/asurt_msgs/asurt_msgs/msg/detail/cone_img__type_support.cpp
[7.020s] -- Installing: /home/aly-sultan/Desktop/fs-system-25/SLAM/install/asurt_msgs/lib/libasurt_msgs__rosidl_typesupport_introspection_cpp.so
[7.020s] -- Set non-toolchain portion of runtime path of "/home/aly-sultan/Desktop/fs-system-25/SLAM/install/asurt_msgs/lib/libasurt_msgs__rosidl_typesupport_introspection_cpp.so" to ""
[7.020s] -- Installing: /home/aly-sultan/Desktop/fs-system-25/SLAM/install/asurt_msgs/lib/libasurt_msgs__rosidl_typesupport_cpp.so
[7.020s] -- Set non-toolchain portion of runtime path of "/home/aly-sultan/Desktop/fs-system-25/SLAM/install/asurt_msgs/lib/libasurt_msgs__rosidl_typesupport_cpp.so" to ""
[7.020s] -- Installing: /home/aly-sultan/Desktop/fs-system-25/SLAM/install/asurt_msgs/share/asurt_msgs/environment/pythonpath.sh
[7.020s] -- Installing: /home/aly-sultan/Desktop/fs-system-25/SLAM/install/asurt_msgs/share/asurt_msgs/environment/pythonpath.dsv
[7.020s] -- Installing: /home/aly-sultan/Desktop/fs-system-25/SLAM/install/asurt_msgs/lib/python3.12/site-packages/asurt_msgs-2.0.0-py3.12.egg-info
[7.020s] -- Installing: /home/aly-sultan/Desktop/fs-system-25/SLAM/install/asurt_msgs/lib/python3.12/site-packages/asurt_msgs-2.0.0-py3.12.egg-info/top_level.txt
[7.020s] -- Installing: /home/aly-sultan/Desktop/fs-system-25/SLAM/install/asurt_msgs/lib/python3.12/site-packages/asurt_msgs-2.0.0-py3.12.egg-info/dependency_links.txt
[7.020s] -- Installing: /home/aly-sultan/Desktop/fs-system-25/SLAM/install/asurt_msgs/lib/python3.12/site-packages/asurt_msgs-2.0.0-py3.12.egg-info/PKG-INFO
[7.021s] -- Installing: /home/aly-sultan/Desktop/fs-system-25/SLAM/install/asurt_msgs/lib/python3.12/site-packages/asurt_msgs-2.0.0-py3.12.egg-info/SOURCES.txt
[7.021s] -- Installing: /home/aly-sultan/Desktop/fs-system-25/SLAM/install/asurt_msgs/lib/python3.12/site-packages/asurt_msgs
[7.021s] -- Installing: /home/aly-sultan/Desktop/fs-system-25/SLAM/install/asurt_msgs/lib/python3.12/site-packages/asurt_msgs/asurt_msgs_s__rosidl_typesupport_fastrtps_c.so
[7.021s] -- Installing: /home/aly-sultan/Desktop/fs-system-25/SLAM/install/asurt_msgs/lib/python3.12/site-packages/asurt_msgs/asurt_msgs_s__rosidl_typesupport_c.so
[7.021s] -- Installing: /home/aly-sultan/Desktop/fs-system-25/SLAM/install/asurt_msgs/lib/python3.12/site-packages/asurt_msgs/asurt_msgs_s__rosidl_typesupport_introspection_c.so
[7.021s] -- Installing: /home/aly-sultan/Desktop/fs-system-25/SLAM/install/asurt_msgs/lib/python3.12/site-packages/asurt_msgs/__init__.py
[7.021s] -- Installing: /home/aly-sultan/Desktop/fs-system-25/SLAM/install/asurt_msgs/lib/python3.12/site-packages/asurt_msgs/msg
[7.021s] -- Installing: /home/aly-sultan/Desktop/fs-system-25/SLAM/install/asurt_msgs/lib/python3.12/site-packages/asurt_msgs/msg/_landmark_array_s.c
[7.021s] -- Installing: /home/aly-sultan/Desktop/fs-system-25/SLAM/install/asurt_msgs/lib/python3.12/site-packages/asurt_msgs/msg/_bounding_boxes_s.c
[7.021s] -- Installing: /home/aly-sultan/Desktop/fs-system-25/SLAM/install/asurt_msgs/lib/python3.12/site-packages/asurt_msgs/msg/_bounding_box.py
[7.021s] -- Installing: /home/aly-sultan/Desktop/fs-system-25/SLAM/install/asurt_msgs/lib/python3.12/site-packages/asurt_msgs/msg/_key_points.py
[7.021s] -- Installing: /home/aly-sultan/Desktop/fs-system-25/SLAM/install/asurt_msgs/lib/python3.12/site-packages/asurt_msgs/msg/_bounding_box_s.c
[7.021s] -- Installing: /home/aly-sultan/Desktop/fs-system-25/SLAM/install/asurt_msgs/lib/python3.12/site-packages/asurt_msgs/msg/_roadstate.py
[7.021s] -- Installing: /home/aly-sultan/Desktop/fs-system-25/SLAM/install/asurt_msgs/lib/python3.12/site-packages/asurt_msgs/msg/_node_status_s.c
[7.021s] -- Installing: /home/aly-sultan/Desktop/fs-system-25/SLAM/install/asurt_msgs/lib/python3.12/site-packages/asurt_msgs/msg/_landmark_s.c
[7.021s] -- Installing: /home/aly-sultan/Desktop/fs-system-25/SLAM/install/asurt_msgs/lib/python3.12/site-packages/asurt_msgs/msg/_cone_img.py
[7.021s] -- Installing: /home/aly-sultan/Desktop/fs-system-25/SLAM/install/asurt_msgs/lib/python3.12/site-packages/asurt_msgs/msg/_cone_img_s.c
[7.021s] -- Installing: /home/aly-sultan/Desktop/fs-system-25/SLAM/install/asurt_msgs/lib/python3.12/site-packages/asurt_msgs/msg/__init__.py
[7.021s] -- Installing: /home/aly-sultan/Desktop/fs-system-25/SLAM/install/asurt_msgs/lib/python3.12/site-packages/asurt_msgs/msg/_key_points_s.c
[7.021s] -- Installing: /home/aly-sultan/Desktop/fs-system-25/SLAM/install/asurt_msgs/lib/python3.12/site-packages/asurt_msgs/msg/_bounding_boxes.py
[7.021s] -- Installing: /home/aly-sultan/Desktop/fs-system-25/SLAM/install/asurt_msgs/lib/python3.12/site-packages/asurt_msgs/msg/_roadstate_s.c
[7.021s] -- Installing: /home/aly-sultan/Desktop/fs-system-25/SLAM/install/asurt_msgs/lib/python3.12/site-packages/asurt_msgs/msg/_landmark.py
[7.021s] -- Installing: /home/aly-sultan/Desktop/fs-system-25/SLAM/install/asurt_msgs/lib/python3.12/site-packages/asurt_msgs/msg/_cone_img_array.py
[7.021s] -- Installing: /home/aly-sultan/Desktop/fs-system-25/SLAM/install/asurt_msgs/lib/python3.12/site-packages/asurt_msgs/msg/_cone_img_array_s.c
[7.022s] -- Installing: /home/aly-sultan/Desktop/fs-system-25/SLAM/install/asurt_msgs/lib/python3.12/site-packages/asurt_msgs/msg/_landmark_array.py
[7.022s] -- Installing: /home/aly-sultan/Desktop/fs-system-25/SLAM/install/asurt_msgs/lib/python3.12/site-packages/asurt_msgs/msg/_node_status.py
[7.022s] -- Installing: /home/aly-sultan/Desktop/fs-system-25/SLAM/install/asurt_msgs/lib/python3.12/site-packages/asurt_msgs/_asurt_msgs_s.ep.rosidl_typesupport_fastrtps_c.c
[7.022s] -- Installing: /home/aly-sultan/Desktop/fs-system-25/SLAM/install/asurt_msgs/lib/python3.12/site-packages/asurt_msgs/_asurt_msgs_s.ep.rosidl_typesupport_c.c
[7.022s] -- Installing: /home/aly-sultan/Desktop/fs-system-25/SLAM/install/asurt_msgs/lib/python3.12/site-packages/asurt_msgs/_asurt_msgs_s.ep.rosidl_typesupport_introspection_c.c
[7.059s] Listing '/home/aly-sultan/Desktop/fs-system-25/SLAM/install/asurt_msgs/lib/python3.12/site-packages/asurt_msgs'...
[7.059s] Compiling '/home/aly-sultan/Desktop/fs-system-25/SLAM/install/asurt_msgs/lib/python3.12/site-packages/asurt_msgs/__init__.py'...
[7.059s] Listing '/home/aly-sultan/Desktop/fs-system-25/SLAM/install/asurt_msgs/lib/python3.12/site-packages/asurt_msgs/msg'...
[7.059s] Compiling '/home/aly-sultan/Desktop/fs-system-25/SLAM/install/asurt_msgs/lib/python3.12/site-packages/asurt_msgs/msg/__init__.py'...
[7.059s] Compiling '/home/aly-sultan/Desktop/fs-system-25/SLAM/install/asurt_msgs/lib/python3.12/site-packages/asurt_msgs/msg/_bounding_box.py'...
[7.059s] Compiling '/home/aly-sultan/Desktop/fs-system-25/SLAM/install/asurt_msgs/lib/python3.12/site-packages/asurt_msgs/msg/_bounding_boxes.py'...
[7.059s] Compiling '/home/aly-sultan/Desktop/fs-system-25/SLAM/install/asurt_msgs/lib/python3.12/site-packages/asurt_msgs/msg/_cone_img.py'...
[7.059s] Compiling '/home/aly-sultan/Desktop/fs-system-25/SLAM/install/asurt_msgs/lib/python3.12/site-packages/asurt_msgs/msg/_cone_img_array.py'...
[7.059s] Compiling '/home/aly-sultan/Desktop/fs-system-25/SLAM/install/asurt_msgs/lib/python3.12/site-packages/asurt_msgs/msg/_key_points.py'...
[7.059s] Compiling '/home/aly-sultan/Desktop/fs-system-25/SLAM/install/asurt_msgs/lib/python3.12/site-packages/asurt_msgs/msg/_landmark.py'...
[7.059s] Compiling '/home/aly-sultan/Desktop/fs-system-25/SLAM/install/asurt_msgs/lib/python3.12/site-packages/asurt_msgs/msg/_landmark_array.py'...
[7.059s] Compiling '/home/aly-sultan/Desktop/fs-system-25/SLAM/install/asurt_msgs/lib/python3.12/site-packages/asurt_msgs/msg/_node_status.py'...
[7.060s] Compiling '/home/aly-sultan/Desktop/fs-system-25/SLAM/install/asurt_msgs/lib/python3.12/site-packages/asurt_msgs/msg/_roadstate.py'...
[7.063s] -- Installing: /home/aly-sultan/Desktop/fs-system-25/SLAM/install/asurt_msgs/lib/python3.12/site-packages/asurt_msgs/asurt_msgs_s__rosidl_typesupport_fastrtps_c.so
[7.064s] -- Set non-toolchain portion of runtime path of "/home/aly-sultan/Desktop/fs-system-25/SLAM/install/asurt_msgs/lib/python3.12/site-packages/asurt_msgs/asurt_msgs_s__rosidl_typesupport_fastrtps_c.so" to ""
[7.064s] -- Installing: /home/aly-sultan/Desktop/fs-system-25/SLAM/install/asurt_msgs/lib/python3.12/site-packages/asurt_msgs/asurt_msgs_s__rosidl_typesupport_introspection_c.so
[7.064s] -- Set non-toolchain portion of runtime path of "/home/aly-sultan/Desktop/fs-system-25/SLAM/install/asurt_msgs/lib/python3.12/site-packages/asurt_msgs/asurt_msgs_s__rosidl_typesupport_introspection_c.so" to ""
[7.064s] -- Installing: /home/aly-sultan/Desktop/fs-system-25/SLAM/install/asurt_msgs/lib/python3.12/site-packages/asurt_msgs/asurt_msgs_s__rosidl_typesupport_c.so
[7.064s] -- Set non-toolchain portion of runtime path of "/home/aly-sultan/Desktop/fs-system-25/SLAM/install/asurt_msgs/lib/python3.12/site-packages/asurt_msgs/asurt_msgs_s__rosidl_typesupport_c.so" to ""
[7.064s] -- Installing: /home/aly-sultan/Desktop/fs-system-25/SLAM/install/asurt_msgs/lib/libasurt_msgs__rosidl_generator_py.so
[7.064s] -- Set non-toolchain portion of runtime path of "/home/aly-sultan/Desktop/fs-system-25/SLAM/install/asurt_msgs/lib/libasurt_msgs__rosidl_generator_py.so" to ""
[7.064s] -- Installing: /home/aly-sultan/Desktop/fs-system-25/SLAM/install/asurt_msgs/share/asurt_msgs/msg/Landmark.idl
[7.064s] -- Installing: /home/aly-sultan/Desktop/fs-system-25/SLAM/install/asurt_msgs/share/asurt_msgs/msg/LandmarkArray.idl
[7.064s] -- Installing: /home/aly-sultan/Desktop/fs-system-25/SLAM/install/asurt_msgs/share/asurt_msgs/msg/NodeStatus.idl
[7.065s] -- Installing: /home/aly-sultan/Desktop/fs-system-25/SLAM/install/asurt_msgs/share/asurt_msgs/msg/Roadstate.idl
[7.065s] -- Installing: /home/aly-sultan/Desktop/fs-system-25/SLAM/install/asurt_msgs/share/asurt_msgs/msg/BoundingBox.idl
[7.065s] -- Installing: /home/aly-sultan/Desktop/fs-system-25/SLAM/install/asurt_msgs/share/asurt_msgs/msg/BoundingBoxes.idl
[7.065s] -- Installing: /home/aly-sultan/Desktop/fs-system-25/SLAM/install/asurt_msgs/share/asurt_msgs/msg/ConeImg.idl
[7.065s] -- Installing: /home/aly-sultan/Desktop/fs-system-25/SLAM/install/asurt_msgs/share/asurt_msgs/msg/ConeImgArray.idl
[7.065s] -- Installing: /home/aly-sultan/Desktop/fs-system-25/SLAM/install/asurt_msgs/share/asurt_msgs/msg/KeyPoints.idl
[7.065s] -- Installing: /home/aly-sultan/Desktop/fs-system-25/SLAM/install/asurt_msgs/share/asurt_msgs/msg/Landmark.msg
[7.065s] -- Installing: /home/aly-sultan/Desktop/fs-system-25/SLAM/install/asurt_msgs/share/asurt_msgs/msg/LandmarkArray.msg
[7.065s] -- Installing: /home/aly-sultan/Desktop/fs-system-25/SLAM/install/asurt_msgs/share/asurt_msgs/msg/NodeStatus.msg
[7.065s] -- Installing: /home/aly-sultan/Desktop/fs-system-25/SLAM/install/asurt_msgs/share/asurt_msgs/msg/Roadstate.msg
[7.065s] -- Installing: /home/aly-sultan/Desktop/fs-system-25/SLAM/install/asurt_msgs/share/asurt_msgs/msg/BoundingBox.msg
[7.065s] -- Installing: /home/aly-sultan/Desktop/fs-system-25/SLAM/install/asurt_msgs/share/asurt_msgs/msg/BoundingBoxes.msg
[7.065s] -- Installing: /home/aly-sultan/Desktop/fs-system-25/SLAM/install/asurt_msgs/share/asurt_msgs/msg/ConeImg.msg
[7.065s] -- Installing: /home/aly-sultan/Desktop/fs-system-25/SLAM/install/asurt_msgs/share/asurt_msgs/msg/ConeImgArray.msg
[7.065s] -- Installing: /home/aly-sultan/Desktop/fs-system-25/SLAM/install/asurt_msgs/share/asurt_msgs/msg/KeyPoints.msg
[7.065s] -- Installing: /home/aly-sultan/Desktop/fs-system-25/SLAM/install/asurt_msgs/share/ament_index/resource_index/package_run_dependencies/asurt_msgs
[7.065s] -- Installing: /home/aly-sultan/Desktop/fs-system-25/SLAM/install/asurt_msgs/share/ament_index/resource_index/parent_prefix_path/asurt_msgs
[7.065s] -- Installing: /home/aly-sultan/Desktop/fs-system-25/SLAM/install/asurt_msgs/share/asurt_msgs/environment/ament_prefix_path.sh
[7.066s] -- Installing: /home/aly-sultan/Desktop/fs-system-25/SLAM/install/asurt_msgs/share/asurt_msgs/environment/ament_prefix_path.dsv
[7.066s] -- Installing: /home/aly-sultan/Desktop/fs-system-25/SLAM/install/asurt_msgs/share/asurt_msgs/environment/path.sh
[7.066s] -- Installing: /home/aly-sultan/Desktop/fs-system-25/SLAM/install/asurt_msgs/share/asurt_msgs/environment/path.dsv
[7.066s] -- Installing: /home/aly-sultan/Desktop/fs-system-25/SLAM/install/asurt_msgs/share/asurt_msgs/local_setup.bash
[7.066s] -- Installing: /home/aly-sultan/Desktop/fs-system-25/SLAM/install/asurt_msgs/share/asurt_msgs/local_setup.sh
[7.066s] -- Installing: /home/aly-sultan/Desktop/fs-system-25/SLAM/install/asurt_msgs/share/asurt_msgs/local_setup.zsh
[7.066s] -- Installing: /home/aly-sultan/Desktop/fs-system-25/SLAM/install/asurt_msgs/share/asurt_msgs/local_setup.dsv
[7.066s] -- Installing: /home/aly-sultan/Desktop/fs-system-25/SLAM/install/asurt_msgs/share/asurt_msgs/package.dsv
[7.066s] -- Installing: /home/aly-sultan/Desktop/fs-system-25/SLAM/install/asurt_msgs/share/ament_index/resource_index/packages/asurt_msgs
[7.066s] -- Installing: /home/aly-sultan/Desktop/fs-system-25/SLAM/install/asurt_msgs/share/asurt_msgs/cmake/export_asurt_msgs__rosidl_generator_cExport.cmake
[7.066s] -- Installing: /home/aly-sultan/Desktop/fs-system-25/SLAM/install/asurt_msgs/share/asurt_msgs/cmake/export_asurt_msgs__rosidl_generator_cExport-noconfig.cmake
[7.066s] -- Installing: /home/aly-sultan/Desktop/fs-system-25/SLAM/install/asurt_msgs/share/asurt_msgs/cmake/export_asurt_msgs__rosidl_typesupport_fastrtps_cExport.cmake
[7.066s] -- Installing: /home/aly-sultan/Desktop/fs-system-25/SLAM/install/asurt_msgs/share/asurt_msgs/cmake/export_asurt_msgs__rosidl_typesupport_fastrtps_cExport-noconfig.cmake
[7.066s] -- Installing: /home/aly-sultan/Desktop/fs-system-25/SLAM/install/asurt_msgs/share/asurt_msgs/cmake/export_asurt_msgs__rosidl_generator_cppExport.cmake
[7.066s] -- Installing: /home/aly-sultan/Desktop/fs-system-25/SLAM/install/asurt_msgs/share/asurt_msgs/cmake/export_asurt_msgs__rosidl_typesupport_fastrtps_cppExport.cmake
[7.067s] -- Installing: /home/aly-sultan/Desktop/fs-system-25/SLAM/install/asurt_msgs/share/asurt_msgs/cmake/export_asurt_msgs__rosidl_typesupport_fastrtps_cppExport-noconfig.cmake
[7.067s] -- Installing: /home/aly-sultan/Desktop/fs-system-25/SLAM/install/asurt_msgs/share/asurt_msgs/cmake/asurt_msgs__rosidl_typesupport_introspection_cExport.cmake
[7.067s] -- Installing: /home/aly-sultan/Desktop/fs-system-25/SLAM/install/asurt_msgs/share/asurt_msgs/cmake/asurt_msgs__rosidl_typesupport_introspection_cExport-noconfig.cmake
[7.067s] -- Installing: /home/aly-sultan/Desktop/fs-system-25/SLAM/install/asurt_msgs/share/asurt_msgs/cmake/asurt_msgs__rosidl_typesupport_cExport.cmake
[7.067s] -- Installing: /home/aly-sultan/Desktop/fs-system-25/SLAM/install/asurt_msgs/share/asurt_msgs/cmake/asurt_msgs__rosidl_typesupport_cExport-noconfig.cmake
[7.067s] -- Installing: /home/aly-sultan/Desktop/fs-system-25/SLAM/install/asurt_msgs/share/asurt_msgs/cmake/asurt_msgs__rosidl_typesupport_introspection_cppExport.cmake
[7.067s] -- Installing: /home/aly-sultan/Desktop/fs-system-25/SLAM/install/asurt_msgs/share/asurt_msgs/cmake/asurt_msgs__rosidl_typesupport_introspection_cppExport-noconfig.cmake
[7.067s] -- Installing: /home/aly-sultan/Desktop/fs-system-25/SLAM/install/asurt_msgs/share/asurt_msgs/cmake/asurt_msgs__rosidl_typesupport_cppExport.cmake
[7.067s] -- Installing: /home/aly-sultan/Desktop/fs-system-25/SLAM/install/asurt_msgs/share/asurt_msgs/cmake/asurt_msgs__rosidl_typesupport_cppExport-noconfig.cmake
[7.067s] -- Installing: /home/aly-sultan/Desktop/fs-system-25/SLAM/install/asurt_msgs/share/asurt_msgs/cmake/export_asurt_msgs__rosidl_generator_pyExport.cmake
[7.067s] -- Installing: /home/aly-sultan/Desktop/fs-system-25/SLAM/install/asurt_msgs/share/asurt_msgs/cmake/export_asurt_msgs__rosidl_generator_pyExport-noconfig.cmake
[7.067s] -- Installing: /home/aly-sultan/Desktop/fs-system-25/SLAM/install/asurt_msgs/share/asurt_msgs/cmake/rosidl_cmake-extras.cmake
[7.067s] -- Installing: /home/aly-sultan/Desktop/fs-system-25/SLAM/install/asurt_msgs/share/asurt_msgs/cmake/ament_cmake_export_dependencies-extras.cmake
[7.067s] -- Installing: /home/aly-sultan/Desktop/fs-system-25/SLAM/install/asurt_msgs/share/asurt_msgs/cmake/ament_cmake_export_include_directories-extras.cmake
[7.067s] -- Installing: /home/aly-sultan/Desktop/fs-system-25/SLAM/install/asurt_msgs/share/asurt_msgs/cmake/ament_cmake_export_libraries-extras.cmake
[7.067s] -- Installing: /home/aly-sultan/Desktop/fs-system-25/SLAM/install/asurt_msgs/share/asurt_msgs/cmake/ament_cmake_export_targets-extras.cmake
[7.068s] -- Installing: /home/aly-sultan/Desktop/fs-system-25/SLAM/install/asurt_msgs/share/asurt_msgs/cmake/rosidl_cmake_export_typesupport_targets-extras.cmake
[7.068s] -- Installing: /home/aly-sultan/Desktop/fs-system-25/SLAM/install/asurt_msgs/share/asurt_msgs/cmake/rosidl_cmake_export_typesupport_libraries-extras.cmake
[7.068s] -- Installing: /home/aly-sultan/Desktop/fs-system-25/SLAM/install/asurt_msgs/share/asurt_msgs/cmake/asurt_msgsConfig.cmake
[7.068s] -- Installing: /home/aly-sultan/Desktop/fs-system-25/SLAM/install/asurt_msgs/share/asurt_msgs/cmake/asurt_msgsConfig-version.cmake
[7.068s] -- Installing: /home/aly-sultan/Desktop/fs-system-25/SLAM/install/asurt_msgs/share/asurt_msgs/package.xml
[7.069s] Invoked command in '/home/aly-sultan/Desktop/fs-system-25/SLAM/build/asurt_msgs' returned '0': CMAKE_PREFIX_PATH=${CMAKE_PREFIX_PATH}:/home/aly-sultan/Desktop/fs-system-25/SLAM/install/cone_a_lisa:/opt/ros/jazzy DEBUGINFOD_URLS=https://debuginfod.ubuntu.com /usr/bin/cmake --install /home/aly-sultan/Desktop/fs-system-25/SLAM/build/asurt_msgs
