[0.008s] Invoking command in '/home/aly-sultan/Desktop/fs-system-25/SLAM/build/cloud_msgs': CMAKE_PREFIX_PATH=${CMAKE_PREFIX_PATH}:/home/aly-sultan/Desktop/fs-system-25/SLAM/install/cone_a_lisa:/opt/ros/jazzy DEBUGINFOD_URLS=https://debuginfod.ubuntu.com /usr/bin/cmake /home/aly-sultan/Desktop/fs-system-25/SLAM/cloud_msgs -DCMAKE_INSTALL_PREFIX=/home/aly-sultan/Desktop/fs-system-25/SLAM/install/cloud_msgs
[0.069s] -- The C compiler identification is GNU 13.3.0
[0.117s] -- The CXX compiler identification is GNU 13.3.0
[0.133s] -- Detecting C compiler ABI info
[0.210s] -- Detecting C compiler ABI info - done
[0.219s] -- Check for working C compiler: /usr/bin/cc - skipped
[0.219s] -- Detecting C compile features
[0.219s] -- Detecting C compile features - done
[0.226s] -- Detecting CXX compiler ABI info
[0.308s] -- Detecting CXX compiler ABI info - done
[0.314s] -- Check for working CXX compiler: /usr/bin/c++ - skipped
[0.314s] -- Detecting CXX compile features
[0.315s] -- Detecting CXX compile features - done
[0.324s] -- Found ament_cmake: 2.5.4 (/opt/ros/jazzy/share/ament_cmake/cmake)
[0.442s] -- Found Python3: /usr/bin/python3 (found version "3.12.3") found components: Interpreter 
[0.547s] -- Found std_msgs: 5.3.6 (/opt/ros/jazzy/share/std_msgs/cmake)
[0.588s] -- Found rosidl_generator_c: 4.6.6 (/opt/ros/jazzy/share/rosidl_generator_c/cmake)
[0.600s] -- Found rosidl_generator_cpp: 4.6.6 (/opt/ros/jazzy/share/rosidl_generator_cpp/cmake)
[0.615s] -- Using all available rosidl_typesupport_c: rosidl_typesupport_fastrtps_c;rosidl_typesupport_introspection_c
[0.630s] -- Using all available rosidl_typesupport_cpp: rosidl_typesupport_fastrtps_cpp;rosidl_typesupport_introspection_cpp
[0.656s] -- Found rosidl_default_generators: 1.6.0 (/opt/ros/jazzy/share/rosidl_default_generators/cmake)
[0.668s] -- Found rosidl_adapter: 4.6.6 (/opt/ros/jazzy/share/rosidl_adapter/cmake)
[1.157s] -- Found ament_cmake_ros: 0.12.0 (/opt/ros/jazzy/share/ament_cmake_ros/cmake)
[1.780s] -- Using all available rosidl_typesupport_c: rosidl_typesupport_fastrtps_c;rosidl_typesupport_introspection_c
[2.016s] -- Using all available rosidl_typesupport_cpp: rosidl_typesupport_fastrtps_cpp;rosidl_typesupport_introspection_cpp
[2.022s] -- Found python_cmake_module: 0.11.1 (/opt/ros/jazzy/share/python_cmake_module/cmake)
[2.132s] -- Found PythonExtra: /usr/bin/python3  
[2.472s] -- Found Python3: /usr/bin/python3 (found version "3.12.3") found components: Interpreter Development NumPy Development.Module Development.Embed 
[2.515s] -- Configuring done (2.5s)
[2.536s] -- Generating done (0.0s)
[2.545s] -- Build files have been written to: /home/aly-sultan/Desktop/fs-system-25/SLAM/build/cloud_msgs
[2.551s] Invoked command in '/home/aly-sultan/Desktop/fs-system-25/SLAM/build/cloud_msgs' returned '0': CMAKE_PREFIX_PATH=${CMAKE_PREFIX_PATH}:/home/aly-sultan/Desktop/fs-system-25/SLAM/install/cone_a_lisa:/opt/ros/jazzy DEBUGINFOD_URLS=https://debuginfod.ubuntu.com /usr/bin/cmake /home/aly-sultan/Desktop/fs-system-25/SLAM/cloud_msgs -DCMAKE_INSTALL_PREFIX=/home/aly-sultan/Desktop/fs-system-25/SLAM/install/cloud_msgs
[2.552s] Invoking command in '/home/aly-sultan/Desktop/fs-system-25/SLAM/build/cloud_msgs': CMAKE_PREFIX_PATH=${CMAKE_PREFIX_PATH}:/home/aly-sultan/Desktop/fs-system-25/SLAM/install/cone_a_lisa:/opt/ros/jazzy DEBUGINFOD_URLS=https://debuginfod.ubuntu.com /usr/bin/cmake --build /home/aly-sultan/Desktop/fs-system-25/SLAM/build/cloud_msgs -- -j16 -l16
[2.592s] [  2%] [34m[1mGenerating type hashes for ROS interfaces[0m
[2.598s] [  2%] Built target ament_cmake_python_copy_cloud_msgs
[2.751s] running egg_info
[2.751s] creating cloud_msgs.egg-info
[2.752s] [  2%] Built target cloud_msgs__rosidl_generator_type_description
[2.760s] [  5%] [34m[1mGenerating C code for ROS interfaces[0m
[2.764s] writing cloud_msgs.egg-info/PKG-INFO
[2.765s] writing dependency_links to cloud_msgs.egg-info/dependency_links.txt
[2.765s] writing top-level names to cloud_msgs.egg-info/top_level.txt
[2.765s] writing manifest file 'cloud_msgs.egg-info/SOURCES.txt'
[2.772s] [  8%] [34m[1mGenerating C++ code for ROS interfaces[0m
[2.803s] reading manifest file 'cloud_msgs.egg-info/SOURCES.txt'
[2.804s] writing manifest file 'cloud_msgs.egg-info/SOURCES.txt'
[2.829s] [  8%] Built target ament_cmake_python_build_cloud_msgs_egg
[2.956s] [  8%] Built target cloud_msgs__cpp
[2.972s] [ 14%] [32mBuilding C object CMakeFiles/cloud_msgs__rosidl_generator_c.dir/rosidl_generator_c/cloud_msgs/msg/detail/cloud_info__description.c.o[0m
[2.972s] [ 14%] [32mBuilding C object CMakeFiles/cloud_msgs__rosidl_generator_c.dir/rosidl_generator_c/cloud_msgs/msg/detail/cloud_info__functions.c.o[0m
[2.973s] [ 17%] [32mBuilding C object CMakeFiles/cloud_msgs__rosidl_generator_c.dir/rosidl_generator_c/cloud_msgs/msg/detail/cloud_info__type_support.c.o[0m
[3.015s] [ 20%] [32m[1mLinking C shared library libcloud_msgs__rosidl_generator_c.so[0m
[3.048s] [ 20%] Built target cloud_msgs__rosidl_generator_c
[3.062s] [ 23%] [34m[1mGenerating C type support dispatch for ROS interfaces[0m
[3.064s] [ 26%] [34m[1mGenerating C++ type support dispatch for ROS interfaces[0m
[3.068s] [ 29%] [34m[1mGenerating C++ type support for eProsima Fast-RTPS[0m
[3.069s] [ 35%] [34m[1mGenerating C introspection for ROS interfaces[0m
[3.069s] [ 38%] [34m[1mGenerating C++ introspection for ROS interfaces[0m
[3.069s] [ 38%] [34m[1mGenerating C type support for eProsima Fast-RTPS[0m
[3.265s] [ 44%] [32mBuilding CXX object CMakeFiles/cloud_msgs__rosidl_typesupport_c.dir/rosidl_typesupport_c/cloud_msgs/msg/cloud_info__type_support.cpp.o[0m
[3.265s] [ 44%] [32mBuilding CXX object CMakeFiles/cloud_msgs__rosidl_typesupport_cpp.dir/rosidl_typesupport_cpp/cloud_msgs/msg/cloud_info__type_support.cpp.o[0m
[3.295s] [ 47%] [32m[1mLinking CXX shared library libcloud_msgs__rosidl_typesupport_c.so[0m
[3.328s] [ 47%] Built target cloud_msgs__rosidl_typesupport_c
[3.343s] [ 50%] [32mBuilding CXX object CMakeFiles/cloud_msgs__rosidl_typesupport_fastrtps_c.dir/rosidl_typesupport_fastrtps_c/cloud_msgs/msg/detail/cloud_info__type_support_c.cpp.o[0m
[3.368s] [ 52%] [32mBuilding CXX object CMakeFiles/cloud_msgs__rosidl_typesupport_introspection_cpp.dir/rosidl_typesupport_introspection_cpp/cloud_msgs/msg/detail/cloud_info__type_support.cpp.o[0m
[3.376s] [ 55%] [32mBuilding C object CMakeFiles/cloud_msgs__rosidl_typesupport_introspection_c.dir/rosidl_typesupport_introspection_c/cloud_msgs/msg/detail/cloud_info__type_support.c.o[0m
[3.401s] [ 58%] [32mBuilding CXX object CMakeFiles/cloud_msgs__rosidl_typesupport_fastrtps_cpp.dir/rosidl_typesupport_fastrtps_cpp/cloud_msgs/msg/detail/dds_fastrtps/cloud_info__type_support.cpp.o[0m
[3.423s] [ 61%] [32m[1mLinking C shared library libcloud_msgs__rosidl_typesupport_introspection_c.so[0m
[3.457s] [ 61%] Built target cloud_msgs__rosidl_typesupport_introspection_c
[3.470s] [ 64%] [32m[1mLinking CXX shared library libcloud_msgs__rosidl_typesupport_cpp.so[0m
[3.516s] [ 64%] Built target cloud_msgs__rosidl_typesupport_cpp
[3.716s] [ 67%] [32m[1mLinking CXX shared library libcloud_msgs__rosidl_typesupport_introspection_cpp.so[0m
[3.768s] [ 70%] [32m[1mLinking CXX shared library libcloud_msgs__rosidl_typesupport_fastrtps_c.so[0m
[3.773s] [ 73%] [32m[1mLinking CXX shared library libcloud_msgs__rosidl_typesupport_fastrtps_cpp.so[0m
[3.780s] [ 73%] Built target cloud_msgs__rosidl_typesupport_introspection_cpp
[3.808s] [ 73%] Built target cloud_msgs__rosidl_typesupport_fastrtps_c
[3.828s] [ 73%] Built target cloud_msgs__rosidl_typesupport_fastrtps_cpp
[3.851s] [ 73%] Built target cloud_msgs
[3.867s] [ 76%] [34m[1mGenerating Python code for ROS interfaces[0m
[4.150s] [ 76%] Built target cloud_msgs__py
[4.172s] [ 79%] [32mBuilding C object CMakeFiles/cloud_msgs__rosidl_generator_py.dir/rosidl_generator_py/cloud_msgs/msg/_cloud_info_s.c.o[0m
[4.347s] [ 82%] [32m[1mLinking C shared library libcloud_msgs__rosidl_generator_py.so[0m
[4.383s] [ 82%] Built target cloud_msgs__rosidl_generator_py
[4.403s] [ 85%] [32mBuilding C object CMakeFiles/cloud_msgs_s__rosidl_typesupport_fastrtps_c.dir/rosidl_generator_py/cloud_msgs/_cloud_msgs_s.ep.rosidl_typesupport_fastrtps_c.c.o[0m
[4.404s] [ 88%] [32mBuilding C object CMakeFiles/cloud_msgs_s__rosidl_typesupport_c.dir/rosidl_generator_py/cloud_msgs/_cloud_msgs_s.ep.rosidl_typesupport_c.c.o[0m
[4.404s] [ 91%] [32mBuilding C object CMakeFiles/cloud_msgs_s__rosidl_typesupport_introspection_c.dir/rosidl_generator_py/cloud_msgs/_cloud_msgs_s.ep.rosidl_typesupport_introspection_c.c.o[0m
[4.529s] [ 94%] [32m[1mLinking C shared module rosidl_generator_py/cloud_msgs/cloud_msgs_s__rosidl_typesupport_c.so[0m
[4.530s] [ 97%] [32m[1mLinking C shared module rosidl_generator_py/cloud_msgs/cloud_msgs_s__rosidl_typesupport_introspection_c.so[0m
[4.537s] [100%] [32m[1mLinking C shared module rosidl_generator_py/cloud_msgs/cloud_msgs_s__rosidl_typesupport_fastrtps_c.so[0m
[4.580s] [100%] Built target cloud_msgs_s__rosidl_typesupport_introspection_c
[4.600s] [100%] Built target cloud_msgs_s__rosidl_typesupport_c
[4.603s] [100%] Built target cloud_msgs_s__rosidl_typesupport_fastrtps_c
[4.622s] Invoked command in '/home/aly-sultan/Desktop/fs-system-25/SLAM/build/cloud_msgs' returned '0': CMAKE_PREFIX_PATH=${CMAKE_PREFIX_PATH}:/home/aly-sultan/Desktop/fs-system-25/SLAM/install/cone_a_lisa:/opt/ros/jazzy DEBUGINFOD_URLS=https://debuginfod.ubuntu.com /usr/bin/cmake --build /home/aly-sultan/Desktop/fs-system-25/SLAM/build/cloud_msgs -- -j16 -l16
[4.645s] Invoking command in '/home/aly-sultan/Desktop/fs-system-25/SLAM/build/cloud_msgs': CMAKE_PREFIX_PATH=${CMAKE_PREFIX_PATH}:/home/aly-sultan/Desktop/fs-system-25/SLAM/install/cone_a_lisa:/opt/ros/jazzy DEBUGINFOD_URLS=https://debuginfod.ubuntu.com /usr/bin/cmake --install /home/aly-sultan/Desktop/fs-system-25/SLAM/build/cloud_msgs
[4.661s] -- Install configuration: ""
[4.662s] -- Installing: /home/aly-sultan/Desktop/fs-system-25/SLAM/install/cloud_msgs/share/ament_index/resource_index/rosidl_interfaces/cloud_msgs
[4.662s] -- Installing: /home/aly-sultan/Desktop/fs-system-25/SLAM/install/cloud_msgs/share/cloud_msgs/msg/CloudInfo.json
[4.662s] -- Installing: /home/aly-sultan/Desktop/fs-system-25/SLAM/install/cloud_msgs/include/cloud_msgs/cloud_msgs
[4.662s] -- Installing: /home/aly-sultan/Desktop/fs-system-25/SLAM/install/cloud_msgs/include/cloud_msgs/cloud_msgs/msg
[4.662s] -- Installing: /home/aly-sultan/Desktop/fs-system-25/SLAM/install/cloud_msgs/include/cloud_msgs/cloud_msgs/msg/rosidl_generator_c__visibility_control.h
[4.662s] -- Installing: /home/aly-sultan/Desktop/fs-system-25/SLAM/install/cloud_msgs/include/cloud_msgs/cloud_msgs/msg/cloud_info.h
[4.663s] -- Installing: /home/aly-sultan/Desktop/fs-system-25/SLAM/install/cloud_msgs/include/cloud_msgs/cloud_msgs/msg/detail
[4.663s] -- Installing: /home/aly-sultan/Desktop/fs-system-25/SLAM/install/cloud_msgs/include/cloud_msgs/cloud_msgs/msg/detail/cloud_info__type_support.h
[4.663s] -- Installing: /home/aly-sultan/Desktop/fs-system-25/SLAM/install/cloud_msgs/include/cloud_msgs/cloud_msgs/msg/detail/cloud_info__functions.c
[4.663s] -- Installing: /home/aly-sultan/Desktop/fs-system-25/SLAM/install/cloud_msgs/include/cloud_msgs/cloud_msgs/msg/detail/cloud_info__type_support.c
[4.663s] -- Installing: /home/aly-sultan/Desktop/fs-system-25/SLAM/install/cloud_msgs/include/cloud_msgs/cloud_msgs/msg/detail/cloud_info__struct.h
[4.663s] -- Installing: /home/aly-sultan/Desktop/fs-system-25/SLAM/install/cloud_msgs/include/cloud_msgs/cloud_msgs/msg/detail/cloud_info__functions.h
[4.663s] -- Installing: /home/aly-sultan/Desktop/fs-system-25/SLAM/install/cloud_msgs/include/cloud_msgs/cloud_msgs/msg/detail/cloud_info__description.c
[4.667s] -- Installing: /home/aly-sultan/Desktop/fs-system-25/SLAM/install/cloud_msgs/share/cloud_msgs/environment/library_path.sh
[4.667s] -- Installing: /home/aly-sultan/Desktop/fs-system-25/SLAM/install/cloud_msgs/share/cloud_msgs/environment/library_path.dsv
[4.669s] -- Installing: /home/aly-sultan/Desktop/fs-system-25/SLAM/install/cloud_msgs/lib/libcloud_msgs__rosidl_generator_c.so
[4.670s] -- Set non-toolchain portion of runtime path of "/home/aly-sultan/Desktop/fs-system-25/SLAM/install/cloud_msgs/lib/libcloud_msgs__rosidl_generator_c.so" to ""
[4.670s] -- Up-to-date: /home/aly-sultan/Desktop/fs-system-25/SLAM/install/cloud_msgs/include/cloud_msgs/cloud_msgs
[4.670s] -- Up-to-date: /home/aly-sultan/Desktop/fs-system-25/SLAM/install/cloud_msgs/include/cloud_msgs/cloud_msgs/msg
[4.670s] -- Installing: /home/aly-sultan/Desktop/fs-system-25/SLAM/install/cloud_msgs/include/cloud_msgs/cloud_msgs/msg/rosidl_typesupport_fastrtps_c__visibility_control.h
[4.670s] -- Up-to-date: /home/aly-sultan/Desktop/fs-system-25/SLAM/install/cloud_msgs/include/cloud_msgs/cloud_msgs/msg/detail
[4.671s] -- Installing: /home/aly-sultan/Desktop/fs-system-25/SLAM/install/cloud_msgs/include/cloud_msgs/cloud_msgs/msg/detail/cloud_info__rosidl_typesupport_fastrtps_c.h
[4.671s] -- Installing: /home/aly-sultan/Desktop/fs-system-25/SLAM/install/cloud_msgs/lib/libcloud_msgs__rosidl_typesupport_fastrtps_c.so
[4.671s] -- Set non-toolchain portion of runtime path of "/home/aly-sultan/Desktop/fs-system-25/SLAM/install/cloud_msgs/lib/libcloud_msgs__rosidl_typesupport_fastrtps_c.so" to ""
[4.671s] -- Up-to-date: /home/aly-sultan/Desktop/fs-system-25/SLAM/install/cloud_msgs/include/cloud_msgs/cloud_msgs
[4.672s] -- Up-to-date: /home/aly-sultan/Desktop/fs-system-25/SLAM/install/cloud_msgs/include/cloud_msgs/cloud_msgs/msg
[4.672s] -- Installing: /home/aly-sultan/Desktop/fs-system-25/SLAM/install/cloud_msgs/include/cloud_msgs/cloud_msgs/msg/rosidl_generator_cpp__visibility_control.hpp
[4.672s] -- Installing: /home/aly-sultan/Desktop/fs-system-25/SLAM/install/cloud_msgs/include/cloud_msgs/cloud_msgs/msg/cloud_info.hpp
[4.672s] -- Up-to-date: /home/aly-sultan/Desktop/fs-system-25/SLAM/install/cloud_msgs/include/cloud_msgs/cloud_msgs/msg/detail
[4.672s] -- Installing: /home/aly-sultan/Desktop/fs-system-25/SLAM/install/cloud_msgs/include/cloud_msgs/cloud_msgs/msg/detail/cloud_info__struct.hpp
[4.672s] -- Installing: /home/aly-sultan/Desktop/fs-system-25/SLAM/install/cloud_msgs/include/cloud_msgs/cloud_msgs/msg/detail/cloud_info__builder.hpp
[4.672s] -- Installing: /home/aly-sultan/Desktop/fs-system-25/SLAM/install/cloud_msgs/include/cloud_msgs/cloud_msgs/msg/detail/cloud_info__traits.hpp
[4.672s] -- Installing: /home/aly-sultan/Desktop/fs-system-25/SLAM/install/cloud_msgs/include/cloud_msgs/cloud_msgs/msg/detail/cloud_info__type_support.hpp
[4.672s] -- Up-to-date: /home/aly-sultan/Desktop/fs-system-25/SLAM/install/cloud_msgs/include/cloud_msgs/cloud_msgs
[4.672s] -- Up-to-date: /home/aly-sultan/Desktop/fs-system-25/SLAM/install/cloud_msgs/include/cloud_msgs/cloud_msgs/msg
[4.673s] -- Installing: /home/aly-sultan/Desktop/fs-system-25/SLAM/install/cloud_msgs/include/cloud_msgs/cloud_msgs/msg/rosidl_typesupport_fastrtps_cpp__visibility_control.h
[4.673s] -- Up-to-date: /home/aly-sultan/Desktop/fs-system-25/SLAM/install/cloud_msgs/include/cloud_msgs/cloud_msgs/msg/detail
[4.673s] -- Installing: /home/aly-sultan/Desktop/fs-system-25/SLAM/install/cloud_msgs/include/cloud_msgs/cloud_msgs/msg/detail/cloud_info__rosidl_typesupport_fastrtps_cpp.hpp
[4.673s] -- Installing: /home/aly-sultan/Desktop/fs-system-25/SLAM/install/cloud_msgs/include/cloud_msgs/cloud_msgs/msg/detail/dds_fastrtps
[4.673s] -- Installing: /home/aly-sultan/Desktop/fs-system-25/SLAM/install/cloud_msgs/lib/libcloud_msgs__rosidl_typesupport_fastrtps_cpp.so
[4.673s] -- Set non-toolchain portion of runtime path of "/home/aly-sultan/Desktop/fs-system-25/SLAM/install/cloud_msgs/lib/libcloud_msgs__rosidl_typesupport_fastrtps_cpp.so" to ""
[4.676s] -- Up-to-date: /home/aly-sultan/Desktop/fs-system-25/SLAM/install/cloud_msgs/include/cloud_msgs/cloud_msgs
[4.676s] -- Up-to-date: /home/aly-sultan/Desktop/fs-system-25/SLAM/install/cloud_msgs/include/cloud_msgs/cloud_msgs/msg
[4.677s] -- Installing: /home/aly-sultan/Desktop/fs-system-25/SLAM/install/cloud_msgs/include/cloud_msgs/cloud_msgs/msg/rosidl_typesupport_introspection_c__visibility_control.h
[4.677s] -- Up-to-date: /home/aly-sultan/Desktop/fs-system-25/SLAM/install/cloud_msgs/include/cloud_msgs/cloud_msgs/msg/detail
[4.677s] -- Up-to-date: /home/aly-sultan/Desktop/fs-system-25/SLAM/install/cloud_msgs/include/cloud_msgs/cloud_msgs/msg/detail/cloud_info__type_support.c
[4.677s] -- Installing: /home/aly-sultan/Desktop/fs-system-25/SLAM/install/cloud_msgs/include/cloud_msgs/cloud_msgs/msg/detail/cloud_info__rosidl_typesupport_introspection_c.h
[4.678s] -- Installing: /home/aly-sultan/Desktop/fs-system-25/SLAM/install/cloud_msgs/lib/libcloud_msgs__rosidl_typesupport_introspection_c.so
[4.679s] -- Set non-toolchain portion of runtime path of "/home/aly-sultan/Desktop/fs-system-25/SLAM/install/cloud_msgs/lib/libcloud_msgs__rosidl_typesupport_introspection_c.so" to ""
[4.680s] -- Installing: /home/aly-sultan/Desktop/fs-system-25/SLAM/install/cloud_msgs/lib/libcloud_msgs__rosidl_typesupport_c.so
[4.680s] -- Set non-toolchain portion of runtime path of "/home/aly-sultan/Desktop/fs-system-25/SLAM/install/cloud_msgs/lib/libcloud_msgs__rosidl_typesupport_c.so" to ""
[4.680s] -- Up-to-date: /home/aly-sultan/Desktop/fs-system-25/SLAM/install/cloud_msgs/include/cloud_msgs/cloud_msgs
[4.680s] -- Up-to-date: /home/aly-sultan/Desktop/fs-system-25/SLAM/install/cloud_msgs/include/cloud_msgs/cloud_msgs/msg
[4.680s] -- Up-to-date: /home/aly-sultan/Desktop/fs-system-25/SLAM/install/cloud_msgs/include/cloud_msgs/cloud_msgs/msg/detail
[4.680s] -- Installing: /home/aly-sultan/Desktop/fs-system-25/SLAM/install/cloud_msgs/include/cloud_msgs/cloud_msgs/msg/detail/cloud_info__type_support.cpp
[4.680s] -- Installing: /home/aly-sultan/Desktop/fs-system-25/SLAM/install/cloud_msgs/include/cloud_msgs/cloud_msgs/msg/detail/cloud_info__rosidl_typesupport_introspection_cpp.hpp
[4.681s] -- Installing: /home/aly-sultan/Desktop/fs-system-25/SLAM/install/cloud_msgs/lib/libcloud_msgs__rosidl_typesupport_introspection_cpp.so
[4.681s] -- Set non-toolchain portion of runtime path of "/home/aly-sultan/Desktop/fs-system-25/SLAM/install/cloud_msgs/lib/libcloud_msgs__rosidl_typesupport_introspection_cpp.so" to ""
[4.682s] -- Installing: /home/aly-sultan/Desktop/fs-system-25/SLAM/install/cloud_msgs/lib/libcloud_msgs__rosidl_typesupport_cpp.so
[4.682s] -- Set non-toolchain portion of runtime path of "/home/aly-sultan/Desktop/fs-system-25/SLAM/install/cloud_msgs/lib/libcloud_msgs__rosidl_typesupport_cpp.so" to ""
[4.682s] -- Installing: /home/aly-sultan/Desktop/fs-system-25/SLAM/install/cloud_msgs/share/cloud_msgs/environment/pythonpath.sh
[4.682s] -- Installing: /home/aly-sultan/Desktop/fs-system-25/SLAM/install/cloud_msgs/share/cloud_msgs/environment/pythonpath.dsv
[4.682s] -- Installing: /home/aly-sultan/Desktop/fs-system-25/SLAM/install/cloud_msgs/lib/python3.12/site-packages/cloud_msgs-1.0.0-py3.12.egg-info
[4.682s] -- Installing: /home/aly-sultan/Desktop/fs-system-25/SLAM/install/cloud_msgs/lib/python3.12/site-packages/cloud_msgs-1.0.0-py3.12.egg-info/top_level.txt
[4.682s] -- Installing: /home/aly-sultan/Desktop/fs-system-25/SLAM/install/cloud_msgs/lib/python3.12/site-packages/cloud_msgs-1.0.0-py3.12.egg-info/dependency_links.txt
[4.682s] -- Installing: /home/aly-sultan/Desktop/fs-system-25/SLAM/install/cloud_msgs/lib/python3.12/site-packages/cloud_msgs-1.0.0-py3.12.egg-info/PKG-INFO
[4.682s] -- Installing: /home/aly-sultan/Desktop/fs-system-25/SLAM/install/cloud_msgs/lib/python3.12/site-packages/cloud_msgs-1.0.0-py3.12.egg-info/SOURCES.txt
[4.682s] -- Installing: /home/aly-sultan/Desktop/fs-system-25/SLAM/install/cloud_msgs/lib/python3.12/site-packages/cloud_msgs
[4.682s] -- Installing: /home/aly-sultan/Desktop/fs-system-25/SLAM/install/cloud_msgs/lib/python3.12/site-packages/cloud_msgs/_cloud_msgs_s.ep.rosidl_typesupport_c.c
[4.682s] -- Installing: /home/aly-sultan/Desktop/fs-system-25/SLAM/install/cloud_msgs/lib/python3.12/site-packages/cloud_msgs/_cloud_msgs_s.ep.rosidl_typesupport_fastrtps_c.c
[4.687s] -- Installing: /home/aly-sultan/Desktop/fs-system-25/SLAM/install/cloud_msgs/lib/python3.12/site-packages/cloud_msgs/__init__.py
[4.687s] -- Installing: /home/aly-sultan/Desktop/fs-system-25/SLAM/install/cloud_msgs/lib/python3.12/site-packages/cloud_msgs/msg
[4.687s] -- Installing: /home/aly-sultan/Desktop/fs-system-25/SLAM/install/cloud_msgs/lib/python3.12/site-packages/cloud_msgs/msg/__init__.py
[4.688s] -- Installing: /home/aly-sultan/Desktop/fs-system-25/SLAM/install/cloud_msgs/lib/python3.12/site-packages/cloud_msgs/msg/_cloud_info.py
[4.688s] -- Installing: /home/aly-sultan/Desktop/fs-system-25/SLAM/install/cloud_msgs/lib/python3.12/site-packages/cloud_msgs/msg/_cloud_info_s.c
[4.688s] -- Installing: /home/aly-sultan/Desktop/fs-system-25/SLAM/install/cloud_msgs/lib/python3.12/site-packages/cloud_msgs/cloud_msgs_s__rosidl_typesupport_fastrtps_c.so
[4.689s] -- Installing: /home/aly-sultan/Desktop/fs-system-25/SLAM/install/cloud_msgs/lib/python3.12/site-packages/cloud_msgs/_cloud_msgs_s.ep.rosidl_typesupport_introspection_c.c
[4.689s] -- Installing: /home/aly-sultan/Desktop/fs-system-25/SLAM/install/cloud_msgs/lib/python3.12/site-packages/cloud_msgs/cloud_msgs_s__rosidl_typesupport_c.so
[4.690s] -- Installing: /home/aly-sultan/Desktop/fs-system-25/SLAM/install/cloud_msgs/lib/python3.12/site-packages/cloud_msgs/cloud_msgs_s__rosidl_typesupport_introspection_c.so
[4.745s] Listing '/home/aly-sultan/Desktop/fs-system-25/SLAM/install/cloud_msgs/lib/python3.12/site-packages/cloud_msgs'...
[4.745s] Compiling '/home/aly-sultan/Desktop/fs-system-25/SLAM/install/cloud_msgs/lib/python3.12/site-packages/cloud_msgs/__init__.py'...
[4.745s] Listing '/home/aly-sultan/Desktop/fs-system-25/SLAM/install/cloud_msgs/lib/python3.12/site-packages/cloud_msgs/msg'...
[4.745s] Compiling '/home/aly-sultan/Desktop/fs-system-25/SLAM/install/cloud_msgs/lib/python3.12/site-packages/cloud_msgs/msg/__init__.py'...
[4.745s] Compiling '/home/aly-sultan/Desktop/fs-system-25/SLAM/install/cloud_msgs/lib/python3.12/site-packages/cloud_msgs/msg/_cloud_info.py'...
[4.754s] -- Installing: /home/aly-sultan/Desktop/fs-system-25/SLAM/install/cloud_msgs/lib/python3.12/site-packages/cloud_msgs/cloud_msgs_s__rosidl_typesupport_fastrtps_c.so
[4.755s] -- Set non-toolchain portion of runtime path of "/home/aly-sultan/Desktop/fs-system-25/SLAM/install/cloud_msgs/lib/python3.12/site-packages/cloud_msgs/cloud_msgs_s__rosidl_typesupport_fastrtps_c.so" to ""
[4.755s] -- Installing: /home/aly-sultan/Desktop/fs-system-25/SLAM/install/cloud_msgs/lib/python3.12/site-packages/cloud_msgs/cloud_msgs_s__rosidl_typesupport_introspection_c.so
[4.756s] -- Set non-toolchain portion of runtime path of "/home/aly-sultan/Desktop/fs-system-25/SLAM/install/cloud_msgs/lib/python3.12/site-packages/cloud_msgs/cloud_msgs_s__rosidl_typesupport_introspection_c.so" to ""
[4.756s] -- Installing: /home/aly-sultan/Desktop/fs-system-25/SLAM/install/cloud_msgs/lib/python3.12/site-packages/cloud_msgs/cloud_msgs_s__rosidl_typesupport_c.so
[4.756s] -- Set non-toolchain portion of runtime path of "/home/aly-sultan/Desktop/fs-system-25/SLAM/install/cloud_msgs/lib/python3.12/site-packages/cloud_msgs/cloud_msgs_s__rosidl_typesupport_c.so" to ""
[4.757s] -- Installing: /home/aly-sultan/Desktop/fs-system-25/SLAM/install/cloud_msgs/lib/libcloud_msgs__rosidl_generator_py.so
[4.759s] -- Set non-toolchain portion of runtime path of "/home/aly-sultan/Desktop/fs-system-25/SLAM/install/cloud_msgs/lib/libcloud_msgs__rosidl_generator_py.so" to ""
[4.759s] -- Installing: /home/aly-sultan/Desktop/fs-system-25/SLAM/install/cloud_msgs/share/cloud_msgs/msg/CloudInfo.idl
[4.760s] -- Installing: /home/aly-sultan/Desktop/fs-system-25/SLAM/install/cloud_msgs/share/cloud_msgs/msg/CloudInfo.msg
[4.760s] -- Installing: /home/aly-sultan/Desktop/fs-system-25/SLAM/install/cloud_msgs/share/ament_index/resource_index/package_run_dependencies/cloud_msgs
[4.761s] -- Installing: /home/aly-sultan/Desktop/fs-system-25/SLAM/install/cloud_msgs/share/ament_index/resource_index/parent_prefix_path/cloud_msgs
[4.761s] -- Installing: /home/aly-sultan/Desktop/fs-system-25/SLAM/install/cloud_msgs/share/cloud_msgs/environment/ament_prefix_path.sh
[4.761s] -- Installing: /home/aly-sultan/Desktop/fs-system-25/SLAM/install/cloud_msgs/share/cloud_msgs/environment/ament_prefix_path.dsv
[4.762s] -- Installing: /home/aly-sultan/Desktop/fs-system-25/SLAM/install/cloud_msgs/share/cloud_msgs/environment/path.sh
[4.762s] -- Installing: /home/aly-sultan/Desktop/fs-system-25/SLAM/install/cloud_msgs/share/cloud_msgs/environment/path.dsv
[4.762s] -- Installing: /home/aly-sultan/Desktop/fs-system-25/SLAM/install/cloud_msgs/share/cloud_msgs/local_setup.bash
[4.763s] -- Installing: /home/aly-sultan/Desktop/fs-system-25/SLAM/install/cloud_msgs/share/cloud_msgs/local_setup.sh
[4.763s] -- Installing: /home/aly-sultan/Desktop/fs-system-25/SLAM/install/cloud_msgs/share/cloud_msgs/local_setup.zsh
[4.763s] -- Installing: /home/aly-sultan/Desktop/fs-system-25/SLAM/install/cloud_msgs/share/cloud_msgs/local_setup.dsv
[4.763s] -- Installing: /home/aly-sultan/Desktop/fs-system-25/SLAM/install/cloud_msgs/share/cloud_msgs/package.dsv
[4.764s] -- Installing: /home/aly-sultan/Desktop/fs-system-25/SLAM/install/cloud_msgs/share/ament_index/resource_index/packages/cloud_msgs
[4.764s] -- Installing: /home/aly-sultan/Desktop/fs-system-25/SLAM/install/cloud_msgs/share/cloud_msgs/cmake/export_cloud_msgs__rosidl_generator_cExport.cmake
[4.764s] -- Installing: /home/aly-sultan/Desktop/fs-system-25/SLAM/install/cloud_msgs/share/cloud_msgs/cmake/export_cloud_msgs__rosidl_generator_cExport-noconfig.cmake
[4.764s] -- Installing: /home/aly-sultan/Desktop/fs-system-25/SLAM/install/cloud_msgs/share/cloud_msgs/cmake/export_cloud_msgs__rosidl_typesupport_fastrtps_cExport.cmake
[4.765s] -- Installing: /home/aly-sultan/Desktop/fs-system-25/SLAM/install/cloud_msgs/share/cloud_msgs/cmake/export_cloud_msgs__rosidl_typesupport_fastrtps_cExport-noconfig.cmake
[4.765s] -- Installing: /home/aly-sultan/Desktop/fs-system-25/SLAM/install/cloud_msgs/share/cloud_msgs/cmake/export_cloud_msgs__rosidl_generator_cppExport.cmake
[4.765s] -- Installing: /home/aly-sultan/Desktop/fs-system-25/SLAM/install/cloud_msgs/share/cloud_msgs/cmake/export_cloud_msgs__rosidl_typesupport_fastrtps_cppExport.cmake
[4.766s] -- Installing: /home/aly-sultan/Desktop/fs-system-25/SLAM/install/cloud_msgs/share/cloud_msgs/cmake/export_cloud_msgs__rosidl_typesupport_fastrtps_cppExport-noconfig.cmake
[4.766s] -- Installing: /home/aly-sultan/Desktop/fs-system-25/SLAM/install/cloud_msgs/share/cloud_msgs/cmake/cloud_msgs__rosidl_typesupport_introspection_cExport.cmake
[4.766s] -- Installing: /home/aly-sultan/Desktop/fs-system-25/SLAM/install/cloud_msgs/share/cloud_msgs/cmake/cloud_msgs__rosidl_typesupport_introspection_cExport-noconfig.cmake
[4.766s] -- Installing: /home/aly-sultan/Desktop/fs-system-25/SLAM/install/cloud_msgs/share/cloud_msgs/cmake/cloud_msgs__rosidl_typesupport_cExport.cmake
[4.767s] -- Installing: /home/aly-sultan/Desktop/fs-system-25/SLAM/install/cloud_msgs/share/cloud_msgs/cmake/cloud_msgs__rosidl_typesupport_cExport-noconfig.cmake
[4.767s] -- Installing: /home/aly-sultan/Desktop/fs-system-25/SLAM/install/cloud_msgs/share/cloud_msgs/cmake/cloud_msgs__rosidl_typesupport_introspection_cppExport.cmake
[4.767s] -- Installing: /home/aly-sultan/Desktop/fs-system-25/SLAM/install/cloud_msgs/share/cloud_msgs/cmake/cloud_msgs__rosidl_typesupport_introspection_cppExport-noconfig.cmake
[4.768s] -- Installing: /home/aly-sultan/Desktop/fs-system-25/SLAM/install/cloud_msgs/share/cloud_msgs/cmake/cloud_msgs__rosidl_typesupport_cppExport.cmake
[4.768s] -- Installing: /home/aly-sultan/Desktop/fs-system-25/SLAM/install/cloud_msgs/share/cloud_msgs/cmake/cloud_msgs__rosidl_typesupport_cppExport-noconfig.cmake
[4.768s] -- Installing: /home/aly-sultan/Desktop/fs-system-25/SLAM/install/cloud_msgs/share/cloud_msgs/cmake/export_cloud_msgs__rosidl_generator_pyExport.cmake
[4.768s] -- Installing: /home/aly-sultan/Desktop/fs-system-25/SLAM/install/cloud_msgs/share/cloud_msgs/cmake/export_cloud_msgs__rosidl_generator_pyExport-noconfig.cmake
[4.769s] -- Installing: /home/aly-sultan/Desktop/fs-system-25/SLAM/install/cloud_msgs/share/cloud_msgs/cmake/rosidl_cmake-extras.cmake
[4.769s] -- Installing: /home/aly-sultan/Desktop/fs-system-25/SLAM/install/cloud_msgs/share/cloud_msgs/cmake/ament_cmake_export_dependencies-extras.cmake
[4.769s] -- Installing: /home/aly-sultan/Desktop/fs-system-25/SLAM/install/cloud_msgs/share/cloud_msgs/cmake/ament_cmake_export_include_directories-extras.cmake
[4.769s] -- Installing: /home/aly-sultan/Desktop/fs-system-25/SLAM/install/cloud_msgs/share/cloud_msgs/cmake/ament_cmake_export_libraries-extras.cmake
[4.770s] -- Installing: /home/aly-sultan/Desktop/fs-system-25/SLAM/install/cloud_msgs/share/cloud_msgs/cmake/ament_cmake_export_targets-extras.cmake
[4.770s] -- Installing: /home/aly-sultan/Desktop/fs-system-25/SLAM/install/cloud_msgs/share/cloud_msgs/cmake/rosidl_cmake_export_typesupport_targets-extras.cmake
[4.770s] -- Installing: /home/aly-sultan/Desktop/fs-system-25/SLAM/install/cloud_msgs/share/cloud_msgs/cmake/rosidl_cmake_export_typesupport_libraries-extras.cmake
[4.770s] -- Installing: /home/aly-sultan/Desktop/fs-system-25/SLAM/install/cloud_msgs/share/cloud_msgs/cmake/cloud_msgsConfig.cmake
[4.771s] -- Installing: /home/aly-sultan/Desktop/fs-system-25/SLAM/install/cloud_msgs/share/cloud_msgs/cmake/cloud_msgsConfig-version.cmake
[4.771s] -- Installing: /home/aly-sultan/Desktop/fs-system-25/SLAM/install/cloud_msgs/share/cloud_msgs/package.xml
[4.773s] Invoked command in '/home/aly-sultan/Desktop/fs-system-25/SLAM/build/cloud_msgs' returned '0': CMAKE_PREFIX_PATH=${CMAKE_PREFIX_PATH}:/home/aly-sultan/Desktop/fs-system-25/SLAM/install/cone_a_lisa:/opt/ros/jazzy DEBUGINFOD_URLS=https://debuginfod.ubuntu.com /usr/bin/cmake --install /home/aly-sultan/Desktop/fs-system-25/SLAM/build/cloud_msgs
