[0.568s] Invoking command in '/home/ayasx9/FSAI26/FSAI25_perception/fs-system-26/Perception/ros2_ws/tf_helper': PYTHONPATH=/home/ayasx9/FSAI26/FSAI25_perception/fs-system-26/Perception/ros2_ws/tf_helper/build/tf_helper/prefix_override:/usr/lib/python3/dist-packages/colcon_core/task/python/colcon_distutils_commands:/home/ayasx9/FSAI26/FSAI25_perception/fs-system-26/Perception/ros2_ws/tf_helper/install/tf_helper/lib/python3.10/site-packages:${PYTHONPATH} /usr/bin/python3 -W ignore:setup.py install is deprecated -W ignore:easy_install command is deprecated setup.py egg_info --egg-base build/tf_helper build --build-base /home/ayasx9/FSAI26/FSAI25_perception/fs-system-26/Perception/ros2_ws/tf_helper/build/tf_helper/build install --record /home/ayasx9/FSAI26/FSAI25_perception/fs-system-26/Perception/ros2_ws/tf_helper/build/tf_helper/install.log --single-version-externally-managed install_data
[0.713s] running egg_info
[0.713s] creating build/tf_helper/tf_helper.egg-info
[0.714s] writing build/tf_helper/tf_helper.egg-info/PKG-INFO
[0.714s] writing dependency_links to build/tf_helper/tf_helper.egg-info/dependency_links.txt
[0.715s] writing entry points to build/tf_helper/tf_helper.egg-info/entry_points.txt
[0.715s] writing requirements to build/tf_helper/tf_helper.egg-info/requires.txt
[0.716s] writing top-level names to build/tf_helper/tf_helper.egg-info/top_level.txt
[0.716s] writing manifest file 'build/tf_helper/tf_helper.egg-info/SOURCES.txt'
[0.717s] reading manifest file 'build/tf_helper/tf_helper.egg-info/SOURCES.txt'
[0.718s] writing manifest file 'build/tf_helper/tf_helper.egg-info/SOURCES.txt'
[0.718s] running build
[0.718s] running build_py
[0.718s] creating /home/ayasx9/FSAI26/FSAI25_perception/fs-system-26/Perception/ros2_ws/tf_helper/build/tf_helper/build
[0.718s] creating /home/ayasx9/FSAI26/FSAI25_perception/fs-system-26/Perception/ros2_ws/tf_helper/build/tf_helper/build/lib
[0.718s] creating /home/ayasx9/FSAI26/FSAI25_perception/fs-system-26/Perception/ros2_ws/tf_helper/build/tf_helper/build/lib/tf_helper
[0.719s] copying tf_helper/TFHelperTest.py -> /home/ayasx9/FSAI26/FSAI25_perception/fs-system-26/Perception/ros2_ws/tf_helper/build/tf_helper/build/lib/tf_helper
[0.724s] copying tf_helper/StatusPublisher.py -> /home/ayasx9/FSAI26/FSAI25_perception/fs-system-26/Perception/ros2_ws/tf_helper/build/tf_helper/build/lib/tf_helper
[0.724s] copying tf_helper/__init__.py -> /home/ayasx9/FSAI26/FSAI25_perception/fs-system-26/Perception/ros2_ws/tf_helper/build/tf_helper/build/lib/tf_helper
[0.724s] copying tf_helper/TFHelper.py -> /home/ayasx9/FSAI26/FSAI25_perception/fs-system-26/Perception/ros2_ws/tf_helper/build/tf_helper/build/lib/tf_helper
[0.725s] copying tf_helper/utils.py -> /home/ayasx9/FSAI26/FSAI25_perception/fs-system-26/Perception/ros2_ws/tf_helper/build/tf_helper/build/lib/tf_helper
[0.725s] copying tf_helper/statusPublisherTest.py -> /home/ayasx9/FSAI26/FSAI25_perception/fs-system-26/Perception/ros2_ws/tf_helper/build/tf_helper/build/lib/tf_helper
[0.726s] copying tf_helper/markerVizTest.py -> /home/ayasx9/FSAI26/FSAI25_perception/fs-system-26/Perception/ros2_ws/tf_helper/build/tf_helper/build/lib/tf_helper
[0.726s] copying tf_helper/MarkerViz.py -> /home/ayasx9/FSAI26/FSAI25_perception/fs-system-26/Perception/ros2_ws/tf_helper/build/tf_helper/build/lib/tf_helper
[0.726s] running install
[0.727s] running install_lib
[0.728s] creating /home/ayasx9/FSAI26/FSAI25_perception/fs-system-26/Perception/ros2_ws/tf_helper/install/tf_helper/lib/python3.10/site-packages/tf_helper
[0.728s] copying /home/ayasx9/FSAI26/FSAI25_perception/fs-system-26/Perception/ros2_ws/tf_helper/build/tf_helper/build/lib/tf_helper/TFHelperTest.py -> /home/ayasx9/FSAI26/FSAI25_perception/fs-system-26/Perception/ros2_ws/tf_helper/install/tf_helper/lib/python3.10/site-packages/tf_helper
[0.728s] copying /home/ayasx9/FSAI26/FSAI25_perception/fs-system-26/Perception/ros2_ws/tf_helper/build/tf_helper/build/lib/tf_helper/StatusPublisher.py -> /home/ayasx9/FSAI26/FSAI25_perception/fs-system-26/Perception/ros2_ws/tf_helper/install/tf_helper/lib/python3.10/site-packages/tf_helper
[0.729s] copying /home/ayasx9/FSAI26/FSAI25_perception/fs-system-26/Perception/ros2_ws/tf_helper/build/tf_helper/build/lib/tf_helper/__init__.py -> /home/ayasx9/FSAI26/FSAI25_perception/fs-system-26/Perception/ros2_ws/tf_helper/install/tf_helper/lib/python3.10/site-packages/tf_helper
[0.729s] copying /home/ayasx9/FSAI26/FSAI25_perception/fs-system-26/Perception/ros2_ws/tf_helper/build/tf_helper/build/lib/tf_helper/TFHelper.py -> /home/ayasx9/FSAI26/FSAI25_perception/fs-system-26/Perception/ros2_ws/tf_helper/install/tf_helper/lib/python3.10/site-packages/tf_helper
[0.729s] copying /home/ayasx9/FSAI26/FSAI25_perception/fs-system-26/Perception/ros2_ws/tf_helper/build/tf_helper/build/lib/tf_helper/utils.py -> /home/ayasx9/FSAI26/FSAI25_perception/fs-system-26/Perception/ros2_ws/tf_helper/install/tf_helper/lib/python3.10/site-packages/tf_helper
[0.729s] copying /home/ayasx9/FSAI26/FSAI25_perception/fs-system-26/Perception/ros2_ws/tf_helper/build/tf_helper/build/lib/tf_helper/statusPublisherTest.py -> /home/ayasx9/FSAI26/FSAI25_perception/fs-system-26/Perception/ros2_ws/tf_helper/install/tf_helper/lib/python3.10/site-packages/tf_helper
[0.729s] copying /home/ayasx9/FSAI26/FSAI25_perception/fs-system-26/Perception/ros2_ws/tf_helper/build/tf_helper/build/lib/tf_helper/markerVizTest.py -> /home/ayasx9/FSAI26/FSAI25_perception/fs-system-26/Perception/ros2_ws/tf_helper/install/tf_helper/lib/python3.10/site-packages/tf_helper
[0.730s] copying /home/ayasx9/FSAI26/FSAI25_perception/fs-system-26/Perception/ros2_ws/tf_helper/build/tf_helper/build/lib/tf_helper/MarkerViz.py -> /home/ayasx9/FSAI26/FSAI25_perception/fs-system-26/Perception/ros2_ws/tf_helper/install/tf_helper/lib/python3.10/site-packages/tf_helper
[0.730s] byte-compiling /home/ayasx9/FSAI26/FSAI25_perception/fs-system-26/Perception/ros2_ws/tf_helper/install/tf_helper/lib/python3.10/site-packages/tf_helper/TFHelperTest.py to TFHelperTest.cpython-310.pyc
[0.731s] byte-compiling /home/ayasx9/FSAI26/FSAI25_perception/fs-system-26/Perception/ros2_ws/tf_helper/install/tf_helper/lib/python3.10/site-packages/tf_helper/StatusPublisher.py to StatusPublisher.cpython-310.pyc
[0.739s] byte-compiling /home/ayasx9/FSAI26/FSAI25_perception/fs-system-26/Perception/ros2_ws/tf_helper/install/tf_helper/lib/python3.10/site-packages/tf_helper/__init__.py to __init__.cpython-310.pyc
[0.739s] byte-compiling /home/ayasx9/FSAI26/FSAI25_perception/fs-system-26/Perception/ros2_ws/tf_helper/install/tf_helper/lib/python3.10/site-packages/tf_helper/TFHelper.py to TFHelper.cpython-310.pyc
[0.740s] byte-compiling /home/ayasx9/FSAI26/FSAI25_perception/fs-system-26/Perception/ros2_ws/tf_helper/install/tf_helper/lib/python3.10/site-packages/tf_helper/utils.py to utils.cpython-310.pyc
[0.740s] byte-compiling /home/ayasx9/FSAI26/FSAI25_perception/fs-system-26/Perception/ros2_ws/tf_helper/install/tf_helper/lib/python3.10/site-packages/tf_helper/statusPublisherTest.py to statusPublisherTest.cpython-310.pyc
[0.741s] byte-compiling /home/ayasx9/FSAI26/FSAI25_perception/fs-system-26/Perception/ros2_ws/tf_helper/install/tf_helper/lib/python3.10/site-packages/tf_helper/markerVizTest.py to markerVizTest.cpython-310.pyc
[0.741s] byte-compiling /home/ayasx9/FSAI26/FSAI25_perception/fs-system-26/Perception/ros2_ws/tf_helper/install/tf_helper/lib/python3.10/site-packages/tf_helper/MarkerViz.py to MarkerViz.cpython-310.pyc
[0.741s] running install_data
[0.741s] creating /home/ayasx9/FSAI26/FSAI25_perception/fs-system-26/Perception/ros2_ws/tf_helper/install/tf_helper/share/ament_index
[0.741s] creating /home/ayasx9/FSAI26/FSAI25_perception/fs-system-26/Perception/ros2_ws/tf_helper/install/tf_helper/share/ament_index/resource_index
[0.741s] creating /home/ayasx9/FSAI26/FSAI25_perception/fs-system-26/Perception/ros2_ws/tf_helper/install/tf_helper/share/ament_index/resource_index/packages
[0.743s] copying resource/tf_helper -> /home/ayasx9/FSAI26/FSAI25_perception/fs-system-26/Perception/ros2_ws/tf_helper/install/tf_helper/share/ament_index/resource_index/packages
[0.743s] copying package.xml -> /home/ayasx9/FSAI26/FSAI25_perception/fs-system-26/Perception/ros2_ws/tf_helper/install/tf_helper/share/tf_helper
[0.743s] running install_egg_info
[0.743s] Copying build/tf_helper/tf_helper.egg-info to /home/ayasx9/FSAI26/FSAI25_perception/fs-system-26/Perception/ros2_ws/tf_helper/install/tf_helper/lib/python3.10/site-packages/tf_helper-0.0.0-py3.10.egg-info
[0.744s] running install_scripts
[0.756s] Installing testing script to /home/ayasx9/FSAI26/FSAI25_perception/fs-system-26/Perception/ros2_ws/tf_helper/install/tf_helper/lib/tf_helper
[0.756s] Installing testing2 script to /home/ayasx9/FSAI26/FSAI25_perception/fs-system-26/Perception/ros2_ws/tf_helper/install/tf_helper/lib/tf_helper
[0.757s] writing list of installed files to '/home/ayasx9/FSAI26/FSAI25_perception/fs-system-26/Perception/ros2_ws/tf_helper/build/tf_helper/install.log'
[0.769s] Invoked command in '/home/ayasx9/FSAI26/FSAI25_perception/fs-system-26/Perception/ros2_ws/tf_helper' returned '0': PYTHONPATH=/home/ayasx9/FSAI26/FSAI25_perception/fs-system-26/Perception/ros2_ws/tf_helper/build/tf_helper/prefix_override:/usr/lib/python3/dist-packages/colcon_core/task/python/colcon_distutils_commands:/home/ayasx9/FSAI26/FSAI25_perception/fs-system-26/Perception/ros2_ws/tf_helper/install/tf_helper/lib/python3.10/site-packages:${PYTHONPATH} /usr/bin/python3 -W ignore:setup.py install is deprecated -W ignore:easy_install command is deprecated setup.py egg_info --egg-base build/tf_helper build --build-base /home/ayasx9/FSAI26/FSAI25_perception/fs-system-26/Perception/ros2_ws/tf_helper/build/tf_helper/build install --record /home/ayasx9/FSAI26/FSAI25_perception/fs-system-26/Perception/ros2_ws/tf_helper/build/tf_helper/install.log --single-version-externally-managed install_data
