running egg_info
writing ../build/cone_a_lisa/cone_a_lisa.egg-info/PKG-INFO
writing dependency_links to ../build/cone_a_lisa/cone_a_lisa.egg-info/dependency_links.txt
writing entry points to ../build/cone_a_lisa/cone_a_lisa.egg-info/entry_points.txt
writing requirements to ../build/cone_a_lisa/cone_a_lisa.egg-info/requires.txt
writing top-level names to ../build/cone_a_lisa/cone_a_lisa.egg-info/top_level.txt
reading manifest file '../build/cone_a_lisa/cone_a_lisa.egg-info/SOURCES.txt'
writing manifest file '../build/cone_a_lisa/cone_a_lisa.egg-info/SOURCES.txt'
running build
running build_py
running install
running install_lib
running install_data
running install_egg_info
removing '/home/aly-sultan/Desktop/fs-system-25/SLAM/install/cone_a_lisa/lib/python3.12/site-packages/cone_a_lisa-0.0.0-py3.12.egg-info' (and everything under it)
Copying ../build/cone_a_lisa/cone_a_lisa.egg-info to /home/aly-sultan/Desktop/fs-system-25/SLAM/install/cone_a_lisa/lib/python3.12/site-packages/cone_a_lisa-0.0.0-py3.12.egg-info
running install_scripts
Installing cone_a_lisa script to /home/aly-sultan/Desktop/fs-system-25/SLAM/install/cone_a_lisa/lib/cone_a_lisa
Installing landmark_to_marker script to /home/aly-sultan/Desktop/fs-system-25/SLAM/install/cone_a_lisa/lib/cone_a_lisa
Installing map_plot script to /home/aly-sultan/Desktop/fs-system-25/SLAM/install/cone_a_lisa/lib/cone_a_lisa
writing list of installed files to '/home/aly-sultan/Desktop/fs-system-25/SLAM/build/cone_a_lisa/install.log'
