[0.096s] DEBUG:colcon:Command line arguments: ['/usr/bin/colcon', 'build', '--symlink-install', '--packages-select', 'path_csv']
[0.096s] DEBUG:colcon:Parsed command line arguments: Namespace(log_base=None, log_level=None, verb_name='build', build_base='build', install_base='install', merge_install=False, symlink_install=True, test_result_base=None, continue_on_error=False, executor='parallel', parallel_workers=12, event_handlers=None, ignore_user_meta=False, metas=['./colcon.meta'], base_paths=['.'], packages_ignore=None, packages_ignore_regex=None, paths=None, packages_up_to=None, packages_up_to_regex=None, packages_above=None, packages_above_and_dependencies=None, packages_above_depth=None, packages_select_by_dep=None, packages_skip_by_dep=None, packages_skip_up_to=None, packages_select_build_failed=False, packages_skip_build_finished=False, packages_select_test_failures=False, packages_skip_test_passed=False, packages_select=['path_csv'], packages_skip=None, packages_select_regex=None, packages_skip_regex=None, packages_start=None, packages_end=None, allow_overriding=[], cmake_args=None, cmake_target=None, cmake_target_skip_unavailable=False, cmake_clean_cache=False, cmake_clean_first=False, cmake_force_configure=False, ament_cmake_args=None, catkin_cmake_args=None, catkin_skip_building_tests=False, mixin_files=None, mixin=None, verb_parser=<colcon_mixin.mixin.mixin_argument.MixinArgumentDecorator object at 0x77e684ac1510>, verb_extension=<colcon_core.verb.build.BuildVerb object at 0x77e684ac1030>, main=<bound method BuildVerb.main of <colcon_core.verb.build.BuildVerb object at 0x77e684ac1030>>, mixin_verb=('build',))
[0.130s] Level 1:colcon.colcon_core.package_discovery:discover_packages(colcon_meta) check parameters
[0.130s] Level 1:colcon.colcon_core.package_discovery:discover_packages(recursive) check parameters
[0.130s] Level 1:colcon.colcon_core.package_discovery:discover_packages(ignore) check parameters
[0.130s] Level 1:colcon.colcon_core.package_discovery:discover_packages(path) check parameters
[0.130s] Level 1:colcon.colcon_core.package_discovery:discover_packages(colcon_meta) discover
[0.130s] Level 1:colcon.colcon_core.package_discovery:discover_packages(recursive) discover
[0.130s] INFO:colcon.colcon_core.package_discovery:Crawling recursively for packages in '/home/fsai/Desktop/IPG_2025Modified/formula-carmaker-fs_2024Modifiednextold/formula-carmaker-fs_2024/FCM_Projects/FS_autonomous/ros/ros2_ws/src/path_csv'
[0.131s] Level 1:colcon.colcon_core.package_identification:_identify(.) by extensions ['ignore', 'ignore_ament_install']
[0.131s] Level 1:colcon.colcon_core.package_identification:_identify(.) by extension 'ignore'
[0.131s] Level 1:colcon.colcon_core.package_identification:_identify(.) by extension 'ignore_ament_install'
[0.131s] Level 1:colcon.colcon_core.package_identification:_identify(.) by extensions ['colcon_pkg']
[0.131s] Level 1:colcon.colcon_core.package_identification:_identify(.) by extension 'colcon_pkg'
[0.131s] Level 1:colcon.colcon_core.package_identification:_identify(.) by extensions ['colcon_meta']
[0.131s] Level 1:colcon.colcon_core.package_identification:_identify(.) by extension 'colcon_meta'
[0.131s] Level 1:colcon.colcon_core.package_identification:_identify(.) by extensions ['ros']
[0.131s] Level 1:colcon.colcon_core.package_identification:_identify(.) by extension 'ros'
[0.146s] DEBUG:colcon.colcon_core.package_identification:Package '.' with type 'ros.ament_python' and name 'path_csv'
[0.146s] Level 1:colcon.colcon_core.package_discovery:discover_packages(recursive) using defaults
[0.146s] Level 1:colcon.colcon_core.package_discovery:discover_packages(ignore) discover
[0.146s] Level 1:colcon.colcon_core.package_discovery:discover_packages(ignore) using defaults
[0.146s] Level 1:colcon.colcon_core.package_discovery:discover_packages(path) discover
[0.146s] Level 1:colcon.colcon_core.package_discovery:discover_packages(path) using defaults
[0.163s] Level 1:colcon.colcon_core.package_discovery:discover_packages(prefix_path) check parameters
[0.163s] Level 1:colcon.colcon_core.package_discovery:discover_packages(prefix_path) discover
[0.166s] DEBUG:colcon.colcon_installed_package_information.package_discovery:Found 368 installed packages in /opt/ros/humble
[0.167s] Level 1:colcon.colcon_core.package_discovery:discover_packages(prefix_path) using defaults
[0.206s] Level 5:colcon.colcon_core.verb:set package 'path_csv' build argument 'cmake_args' from command line to 'None'
[0.206s] Level 5:colcon.colcon_core.verb:set package 'path_csv' build argument 'cmake_target' from command line to 'None'
[0.206s] Level 5:colcon.colcon_core.verb:set package 'path_csv' build argument 'cmake_target_skip_unavailable' from command line to 'False'
[0.206s] Level 5:colcon.colcon_core.verb:set package 'path_csv' build argument 'cmake_clean_cache' from command line to 'False'
[0.206s] Level 5:colcon.colcon_core.verb:set package 'path_csv' build argument 'cmake_clean_first' from command line to 'False'
[0.206s] Level 5:colcon.colcon_core.verb:set package 'path_csv' build argument 'cmake_force_configure' from command line to 'False'
[0.206s] Level 5:colcon.colcon_core.verb:set package 'path_csv' build argument 'ament_cmake_args' from command line to 'None'
[0.206s] Level 5:colcon.colcon_core.verb:set package 'path_csv' build argument 'catkin_cmake_args' from command line to 'None'
[0.206s] Level 5:colcon.colcon_core.verb:set package 'path_csv' build argument 'catkin_skip_building_tests' from command line to 'False'
[0.206s] DEBUG:colcon.colcon_core.verb:Building package 'path_csv' with the following arguments: {'ament_cmake_args': None, 'build_base': '/home/fsai/Desktop/IPG_2025Modified/formula-carmaker-fs_2024Modifiednextold/formula-carmaker-fs_2024/FCM_Projects/FS_autonomous/ros/ros2_ws/src/path_csv/build/path_csv', 'catkin_cmake_args': None, 'catkin_skip_building_tests': False, 'cmake_args': None, 'cmake_clean_cache': False, 'cmake_clean_first': False, 'cmake_force_configure': False, 'cmake_target': None, 'cmake_target_skip_unavailable': False, 'install_base': '/home/fsai/Desktop/IPG_2025Modified/formula-carmaker-fs_2024Modifiednextold/formula-carmaker-fs_2024/FCM_Projects/FS_autonomous/ros/ros2_ws/src/path_csv/install/path_csv', 'merge_install': False, 'path': '/home/fsai/Desktop/IPG_2025Modified/formula-carmaker-fs_2024Modifiednextold/formula-carmaker-fs_2024/FCM_Projects/FS_autonomous/ros/ros2_ws/src/path_csv', 'symlink_install': True, 'test_result_base': None}
[0.206s] INFO:colcon.colcon_core.executor:Executing jobs using 'parallel' executor
[0.207s] DEBUG:colcon.colcon_parallel_executor.executor.parallel:run_until_complete
[0.207s] INFO:colcon.colcon_ros.task.ament_python.build:Building ROS package in '/home/fsai/Desktop/IPG_2025Modified/formula-carmaker-fs_2024Modifiednextold/formula-carmaker-fs_2024/FCM_Projects/FS_autonomous/ros/ros2_ws/src/path_csv' with build type 'ament_python'
[0.207s] Level 1:colcon.colcon_core.shell:create_environment_hook('path_csv', 'ament_prefix_path')
[0.209s] INFO:colcon.colcon_core.plugin_system:Skipping extension 'colcon_core.shell.bat': Not used on non-Windows systems
[0.209s] INFO:colcon.colcon_core.shell:Creating environment hook '/home/fsai/Desktop/IPG_2025Modified/formula-carmaker-fs_2024Modifiednextold/formula-carmaker-fs_2024/FCM_Projects/FS_autonomous/ros/ros2_ws/src/path_csv/install/path_csv/share/path_csv/hook/ament_prefix_path.ps1'
[0.210s] INFO:colcon.colcon_core.shell:Creating environment descriptor '/home/fsai/Desktop/IPG_2025Modified/formula-carmaker-fs_2024Modifiednextold/formula-carmaker-fs_2024/FCM_Projects/FS_autonomous/ros/ros2_ws/src/path_csv/install/path_csv/share/path_csv/hook/ament_prefix_path.dsv'
[0.210s] INFO:colcon.colcon_core.shell:Creating environment hook '/home/fsai/Desktop/IPG_2025Modified/formula-carmaker-fs_2024Modifiednextold/formula-carmaker-fs_2024/FCM_Projects/FS_autonomous/ros/ros2_ws/src/path_csv/install/path_csv/share/path_csv/hook/ament_prefix_path.sh'
[0.211s] INFO:colcon.colcon_core.shell:Skip shell extension 'powershell' for command environment: Not usable outside of PowerShell
[0.211s] DEBUG:colcon.colcon_core.shell:Skip shell extension 'dsv' for command environment
[0.466s] INFO:colcon.colcon_core.task.python.build:Building Python package in '/home/fsai/Desktop/IPG_2025Modified/formula-carmaker-fs_2024Modifiednextold/formula-carmaker-fs_2024/FCM_Projects/FS_autonomous/ros/ros2_ws/src/path_csv'
[0.466s] INFO:colcon.colcon_core.shell:Skip shell extension 'powershell' for command environment: Not usable outside of PowerShell
[0.466s] DEBUG:colcon.colcon_core.shell:Skip shell extension 'dsv' for command environment
[5.354s] DEBUG:colcon.colcon_core.event_handler.log_command:Invoking command in '/home/fsai/Desktop/IPG_2025Modified/formula-carmaker-fs_2024Modifiednextold/formula-carmaker-fs_2024/FCM_Projects/FS_autonomous/ros/ros2_ws/src/path_csv/build/path_csv': PYTHONPATH=/home/fsai/Desktop/IPG_2025Modified/formula-carmaker-fs_2024Modifiednextold/formula-carmaker-fs_2024/FCM_Projects/FS_autonomous/ros/ros2_ws/src/path_csv/build/path_csv/prefix_override:/usr/lib/python3/dist-packages/colcon_core/task/python/colcon_distutils_commands:/home/fsai/Desktop/IPG_2025Modified/formula-carmaker-fs_2024Modifiednextold/formula-carmaker-fs_2024/FCM_Projects/FS_autonomous/ros/ros2_ws/src/path_csv/install/path_csv/lib/python3.10/site-packages:${PYTHONPATH} /usr/bin/python3 -W ignore:setup.py install is deprecated -W ignore:easy_install command is deprecated setup.py develop --editable --build-directory /home/fsai/Desktop/IPG_2025Modified/formula-carmaker-fs_2024Modifiednextold/formula-carmaker-fs_2024/FCM_Projects/FS_autonomous/ros/ros2_ws/src/path_csv/build/path_csv/build --no-deps symlink_data
[6.111s] Level 1:colcon.colcon_core.shell:create_environment_hook('path_csv', 'pythonpath_develop')
[6.111s] INFO:colcon.colcon_core.shell:Creating environment hook '/home/fsai/Desktop/IPG_2025Modified/formula-carmaker-fs_2024Modifiednextold/formula-carmaker-fs_2024/FCM_Projects/FS_autonomous/ros/ros2_ws/src/path_csv/build/path_csv/share/path_csv/hook/pythonpath_develop.ps1'
[6.111s] DEBUG:colcon.colcon_core.event_handler.log_command:Invoked command in '/home/fsai/Desktop/IPG_2025Modified/formula-carmaker-fs_2024Modifiednextold/formula-carmaker-fs_2024/FCM_Projects/FS_autonomous/ros/ros2_ws/src/path_csv/build/path_csv' returned '0': PYTHONPATH=/home/fsai/Desktop/IPG_2025Modified/formula-carmaker-fs_2024Modifiednextold/formula-carmaker-fs_2024/FCM_Projects/FS_autonomous/ros/ros2_ws/src/path_csv/build/path_csv/prefix_override:/usr/lib/python3/dist-packages/colcon_core/task/python/colcon_distutils_commands:/home/fsai/Desktop/IPG_2025Modified/formula-carmaker-fs_2024Modifiednextold/formula-carmaker-fs_2024/FCM_Projects/FS_autonomous/ros/ros2_ws/src/path_csv/install/path_csv/lib/python3.10/site-packages:${PYTHONPATH} /usr/bin/python3 -W ignore:setup.py install is deprecated -W ignore:easy_install command is deprecated setup.py develop --editable --build-directory /home/fsai/Desktop/IPG_2025Modified/formula-carmaker-fs_2024Modifiednextold/formula-carmaker-fs_2024/FCM_Projects/FS_autonomous/ros/ros2_ws/src/path_csv/build/path_csv/build --no-deps symlink_data
[6.112s] INFO:colcon.colcon_core.shell:Creating environment descriptor '/home/fsai/Desktop/IPG_2025Modified/formula-carmaker-fs_2024Modifiednextold/formula-carmaker-fs_2024/FCM_Projects/FS_autonomous/ros/ros2_ws/src/path_csv/build/path_csv/share/path_csv/hook/pythonpath_develop.dsv'
[6.112s] INFO:colcon.colcon_core.shell:Creating environment hook '/home/fsai/Desktop/IPG_2025Modified/formula-carmaker-fs_2024Modifiednextold/formula-carmaker-fs_2024/FCM_Projects/FS_autonomous/ros/ros2_ws/src/path_csv/build/path_csv/share/path_csv/hook/pythonpath_develop.sh'
[6.114s] Level 1:colcon.colcon_core.environment:checking '/home/fsai/Desktop/IPG_2025Modified/formula-carmaker-fs_2024Modifiednextold/formula-carmaker-fs_2024/FCM_Projects/FS_autonomous/ros/ros2_ws/src/path_csv/install/path_csv' for CMake module files
[6.115s] Level 1:colcon.colcon_core.environment:checking '/home/fsai/Desktop/IPG_2025Modified/formula-carmaker-fs_2024Modifiednextold/formula-carmaker-fs_2024/FCM_Projects/FS_autonomous/ros/ros2_ws/src/path_csv/install/path_csv' for CMake config files
[6.115s] Level 1:colcon.colcon_core.environment:checking '/home/fsai/Desktop/IPG_2025Modified/formula-carmaker-fs_2024Modifiednextold/formula-carmaker-fs_2024/FCM_Projects/FS_autonomous/ros/ros2_ws/src/path_csv/install/path_csv/lib'
[6.115s] Level 1:colcon.colcon_core.environment:checking '/home/fsai/Desktop/IPG_2025Modified/formula-carmaker-fs_2024Modifiednextold/formula-carmaker-fs_2024/FCM_Projects/FS_autonomous/ros/ros2_ws/src/path_csv/install/path_csv/bin'
[6.115s] Level 1:colcon.colcon_core.environment:checking '/home/fsai/Desktop/IPG_2025Modified/formula-carmaker-fs_2024Modifiednextold/formula-carmaker-fs_2024/FCM_Projects/FS_autonomous/ros/ros2_ws/src/path_csv/install/path_csv/lib/pkgconfig/path_csv.pc'
[6.115s] Level 1:colcon.colcon_core.environment:checking '/home/fsai/Desktop/IPG_2025Modified/formula-carmaker-fs_2024Modifiednextold/formula-carmaker-fs_2024/FCM_Projects/FS_autonomous/ros/ros2_ws/src/path_csv/install/path_csv/lib/python3.10/site-packages'
[6.115s] Level 1:colcon.colcon_core.shell:create_environment_hook('path_csv', 'pythonpath')
[6.116s] INFO:colcon.colcon_core.shell:Creating environment hook '/home/fsai/Desktop/IPG_2025Modified/formula-carmaker-fs_2024Modifiednextold/formula-carmaker-fs_2024/FCM_Projects/FS_autonomous/ros/ros2_ws/src/path_csv/install/path_csv/share/path_csv/hook/pythonpath.ps1'
[6.116s] INFO:colcon.colcon_core.shell:Creating environment descriptor '/home/fsai/Desktop/IPG_2025Modified/formula-carmaker-fs_2024Modifiednextold/formula-carmaker-fs_2024/FCM_Projects/FS_autonomous/ros/ros2_ws/src/path_csv/install/path_csv/share/path_csv/hook/pythonpath.dsv'
[6.116s] INFO:colcon.colcon_core.shell:Creating environment hook '/home/fsai/Desktop/IPG_2025Modified/formula-carmaker-fs_2024Modifiednextold/formula-carmaker-fs_2024/FCM_Projects/FS_autonomous/ros/ros2_ws/src/path_csv/install/path_csv/share/path_csv/hook/pythonpath.sh'
[6.117s] Level 1:colcon.colcon_core.environment:checking '/home/fsai/Desktop/IPG_2025Modified/formula-carmaker-fs_2024Modifiednextold/formula-carmaker-fs_2024/FCM_Projects/FS_autonomous/ros/ros2_ws/src/path_csv/install/path_csv/bin'
[6.117s] Level 1:colcon.colcon_core.environment:create_environment_scripts_only(path_csv)
[6.117s] INFO:colcon.colcon_core.shell:Creating package script '/home/fsai/Desktop/IPG_2025Modified/formula-carmaker-fs_2024Modifiednextold/formula-carmaker-fs_2024/FCM_Projects/FS_autonomous/ros/ros2_ws/src/path_csv/install/path_csv/share/path_csv/package.ps1'
[6.118s] INFO:colcon.colcon_core.shell:Creating package descriptor '/home/fsai/Desktop/IPG_2025Modified/formula-carmaker-fs_2024Modifiednextold/formula-carmaker-fs_2024/FCM_Projects/FS_autonomous/ros/ros2_ws/src/path_csv/install/path_csv/share/path_csv/package.dsv'
[6.118s] INFO:colcon.colcon_core.shell:Creating package script '/home/fsai/Desktop/IPG_2025Modified/formula-carmaker-fs_2024Modifiednextold/formula-carmaker-fs_2024/FCM_Projects/FS_autonomous/ros/ros2_ws/src/path_csv/install/path_csv/share/path_csv/package.sh'
[6.119s] INFO:colcon.colcon_core.shell:Creating package script '/home/fsai/Desktop/IPG_2025Modified/formula-carmaker-fs_2024Modifiednextold/formula-carmaker-fs_2024/FCM_Projects/FS_autonomous/ros/ros2_ws/src/path_csv/install/path_csv/share/path_csv/package.bash'
[6.119s] INFO:colcon.colcon_core.shell:Creating package script '/home/fsai/Desktop/IPG_2025Modified/formula-carmaker-fs_2024Modifiednextold/formula-carmaker-fs_2024/FCM_Projects/FS_autonomous/ros/ros2_ws/src/path_csv/install/path_csv/share/path_csv/package.zsh'
[6.120s] Level 1:colcon.colcon_core.environment:create_file_with_runtime_dependencies(/home/fsai/Desktop/IPG_2025Modified/formula-carmaker-fs_2024Modifiednextold/formula-carmaker-fs_2024/FCM_Projects/FS_autonomous/ros/ros2_ws/src/path_csv/install/path_csv/share/colcon-core/packages/path_csv)
[6.120s] DEBUG:colcon.colcon_parallel_executor.executor.parallel:closing loop
[6.120s] DEBUG:colcon.colcon_parallel_executor.executor.parallel:loop closed
[6.120s] DEBUG:colcon.colcon_parallel_executor.executor.parallel:run_until_complete finished with '0'
[6.120s] DEBUG:colcon.colcon_core.event_reactor:joining thread
[6.124s] INFO:colcon.colcon_core.plugin_system:Skipping extension 'colcon_notification.desktop_notification.terminal_notifier': Not used on non-Darwin systems
[6.124s] INFO:colcon.colcon_core.plugin_system:Skipping extension 'colcon_notification.desktop_notification.win32': Not used on non-Windows systems
[6.125s] INFO:colcon.colcon_notification.desktop_notification:Sending desktop notification using 'notify2'
[6.133s] DEBUG:colcon.colcon_core.event_reactor:joined thread
[6.134s] INFO:colcon.colcon_core.shell:Creating prefix script '/home/fsai/Desktop/IPG_2025Modified/formula-carmaker-fs_2024Modifiednextold/formula-carmaker-fs_2024/FCM_Projects/FS_autonomous/ros/ros2_ws/src/path_csv/install/local_setup.ps1'
[6.135s] INFO:colcon.colcon_core.shell:Creating prefix util module '/home/fsai/Desktop/IPG_2025Modified/formula-carmaker-fs_2024Modifiednextold/formula-carmaker-fs_2024/FCM_Projects/FS_autonomous/ros/ros2_ws/src/path_csv/install/_local_setup_util_ps1.py'
[6.136s] INFO:colcon.colcon_core.shell:Creating prefix chain script '/home/fsai/Desktop/IPG_2025Modified/formula-carmaker-fs_2024Modifiednextold/formula-carmaker-fs_2024/FCM_Projects/FS_autonomous/ros/ros2_ws/src/path_csv/install/setup.ps1'
[6.143s] INFO:colcon.colcon_core.shell:Creating prefix script '/home/fsai/Desktop/IPG_2025Modified/formula-carmaker-fs_2024Modifiednextold/formula-carmaker-fs_2024/FCM_Projects/FS_autonomous/ros/ros2_ws/src/path_csv/install/local_setup.sh'
[6.144s] INFO:colcon.colcon_core.shell:Creating prefix util module '/home/fsai/Desktop/IPG_2025Modified/formula-carmaker-fs_2024Modifiednextold/formula-carmaker-fs_2024/FCM_Projects/FS_autonomous/ros/ros2_ws/src/path_csv/install/_local_setup_util_sh.py'
[6.144s] INFO:colcon.colcon_core.shell:Creating prefix chain script '/home/fsai/Desktop/IPG_2025Modified/formula-carmaker-fs_2024Modifiednextold/formula-carmaker-fs_2024/FCM_Projects/FS_autonomous/ros/ros2_ws/src/path_csv/install/setup.sh'
[6.145s] INFO:colcon.colcon_core.shell:Creating prefix script '/home/fsai/Desktop/IPG_2025Modified/formula-carmaker-fs_2024Modifiednextold/formula-carmaker-fs_2024/FCM_Projects/FS_autonomous/ros/ros2_ws/src/path_csv/install/local_setup.bash'
[6.145s] INFO:colcon.colcon_core.shell:Creating prefix chain script '/home/fsai/Desktop/IPG_2025Modified/formula-carmaker-fs_2024Modifiednextold/formula-carmaker-fs_2024/FCM_Projects/FS_autonomous/ros/ros2_ws/src/path_csv/install/setup.bash'
[6.146s] INFO:colcon.colcon_core.shell:Creating prefix script '/home/fsai/Desktop/IPG_2025Modified/formula-carmaker-fs_2024Modifiednextold/formula-carmaker-fs_2024/FCM_Projects/FS_autonomous/ros/ros2_ws/src/path_csv/install/local_setup.zsh'
[6.147s] INFO:colcon.colcon_core.shell:Creating prefix chain script '/home/fsai/Desktop/IPG_2025Modified/formula-carmaker-fs_2024Modifiednextold/formula-carmaker-fs_2024/FCM_Projects/FS_autonomous/ros/ros2_ws/src/path_csv/install/setup.zsh'
