[0.373s] [34mcolcon[0m [1;30mDEBUG[0m [32mCommand line arguments: ['/usr/bin/colcon', 'build'][0m
[0.373s] [34mcolcon[0m [1;30mDEBUG[0m [32mParsed command line arguments: Namespace(log_base=None, log_level=None, verb_name='build', build_base='build', install_base='install', merge_install=False, symlink_install=False, test_result_base=None, continue_on_error=False, executor='parallel', parallel_workers=12, event_handlers=None, ignore_user_meta=False, metas=['./colcon.meta'], base_paths=['.'], packages_ignore=None, packages_ignore_regex=None, paths=None, packages_up_to=None, packages_up_to_regex=None, packages_above=None, packages_above_and_dependencies=None, packages_above_depth=None, packages_select_by_dep=None, packages_skip_by_dep=None, packages_skip_up_to=None, packages_select_build_failed=False, packages_skip_build_finished=False, packages_select_test_failures=False, packages_skip_test_passed=False, packages_select=None, packages_skip=None, packages_select_regex=None, packages_skip_regex=None, packages_start=None, packages_end=None, allow_overriding=[], cmake_args=None, cmake_target=None, cmake_target_skip_unavailable=False, cmake_clean_cache=False, cmake_clean_first=False, cmake_force_configure=False, ament_cmake_args=None, catkin_cmake_args=None, catkin_skip_building_tests=False, verb_parser=<colcon_defaults.argument_parser.defaults.DefaultArgumentsDecorator object at 0x71f629bf6ad0>, verb_extension=<colcon_core.verb.build.BuildVerb object at 0x71f629bf5f30>, main=<bound method BuildVerb.main of <colcon_core.verb.build.BuildVerb object at 0x71f629bf5f30>>)[0m
[0.468s] [34mcolcon.colcon_core.package_discovery[0m [1;30mLevel 1[0m discover_packages(colcon_meta) check parameters
[0.469s] [34mcolcon.colcon_core.package_discovery[0m [1;30mLevel 1[0m discover_packages(recursive) check parameters
[0.469s] [34mcolcon.colcon_core.package_discovery[0m [1;30mLevel 1[0m discover_packages(ignore) check parameters
[0.469s] [34mcolcon.colcon_core.package_discovery[0m [1;30mLevel 1[0m discover_packages(path) check parameters
[0.469s] [34mcolcon.colcon_core.package_discovery[0m [1;30mLevel 1[0m discover_packages(colcon_meta) discover
[0.469s] [34mcolcon.colcon_core.package_discovery[0m [1;30mLevel 1[0m discover_packages(recursive) discover
[0.469s] [34mcolcon.colcon_core.package_discovery[0m [1;30mINFO[0m Crawling recursively for packages in '/home/ayasx9/FSAI26/FSAI25_perception/fs-system-26/Perception/ros2_ws/asurt_msgs'
[0.469s] [34mcolcon.colcon_core.package_identification[0m [1;30mLevel 1[0m _identify(.) by extensions ['ignore', 'ignore_ament_install']
[0.469s] [34mcolcon.colcon_core.package_identification[0m [1;30mLevel 1[0m _identify(.) by extension 'ignore'
[0.469s] [34mcolcon.colcon_core.package_identification[0m [1;30mLevel 1[0m _identify(.) by extension 'ignore_ament_install'
[0.469s] [34mcolcon.colcon_core.package_identification[0m [1;30mLevel 1[0m _identify(.) by extensions ['colcon_pkg']
[0.469s] [34mcolcon.colcon_core.package_identification[0m [1;30mLevel 1[0m _identify(.) by extension 'colcon_pkg'
[0.469s] [34mcolcon.colcon_core.package_identification[0m [1;30mLevel 1[0m _identify(.) by extensions ['colcon_meta']
[0.469s] [34mcolcon.colcon_core.package_identification[0m [1;30mLevel 1[0m _identify(.) by extension 'colcon_meta'
[0.469s] [34mcolcon.colcon_core.package_identification[0m [1;30mLevel 1[0m _identify(.) by extensions ['ros']
[0.469s] [34mcolcon.colcon_core.package_identification[0m [1;30mLevel 1[0m _identify(.) by extension 'ros'
[0.478s] [34mcolcon.colcon_core.package_identification[0m [1;30mDEBUG[0m [32mPackage '.' with type 'ros.ament_cmake' and name 'asurt_msgs'[0m
[0.478s] [34mcolcon.colcon_core.package_discovery[0m [1;30mLevel 1[0m discover_packages(recursive) using defaults
[0.478s] [34mcolcon.colcon_core.package_discovery[0m [1;30mLevel 1[0m discover_packages(ignore) discover
[0.478s] [34mcolcon.colcon_core.package_discovery[0m [1;30mLevel 1[0m discover_packages(ignore) using defaults
[0.478s] [34mcolcon.colcon_core.package_discovery[0m [1;30mLevel 1[0m discover_packages(path) discover
[0.478s] [34mcolcon.colcon_core.package_discovery[0m [1;30mLevel 1[0m discover_packages(path) using defaults
[0.494s] [34mcolcon.colcon_core.package_discovery[0m [1;30mLevel 1[0m discover_packages(prefix_path) check parameters
[0.494s] [34mcolcon.colcon_core.package_discovery[0m [1;30mLevel 1[0m discover_packages(prefix_path) discover
[0.496s] [34mcolcon.colcon_installed_package_information.package_discovery[0m [1;30mDEBUG[0m [32mFound 2 installed packages in /home/ayasx9/arl_workshop/turtle_proj1/install[0m
[0.498s] [34mcolcon.colcon_installed_package_information.package_discovery[0m [1;30mDEBUG[0m [32mFound 1 installed packages in /home/ayasx9/ros2_proj1/install[0m
[0.498s] [34mcolcon.colcon_installed_package_information.package_discovery[0m [1;30mDEBUG[0m [32mFound 272 installed packages in /opt/ros/humble[0m
[0.499s] [34mcolcon.colcon_core.package_discovery[0m [1;30mLevel 1[0m discover_packages(prefix_path) using defaults
[0.521s] [34mcolcon.colcon_core.verb[0m [1;30mLevel 5[0m set package 'asurt_msgs' build argument 'cmake_args' from command line to 'None'
[0.521s] [34mcolcon.colcon_core.verb[0m [1;30mLevel 5[0m set package 'asurt_msgs' build argument 'cmake_target' from command line to 'None'
[0.521s] [34mcolcon.colcon_core.verb[0m [1;30mLevel 5[0m set package 'asurt_msgs' build argument 'cmake_target_skip_unavailable' from command line to 'False'
[0.521s] [34mcolcon.colcon_core.verb[0m [1;30mLevel 5[0m set package 'asurt_msgs' build argument 'cmake_clean_cache' from command line to 'False'
[0.521s] [34mcolcon.colcon_core.verb[0m [1;30mLevel 5[0m set package 'asurt_msgs' build argument 'cmake_clean_first' from command line to 'False'
[0.521s] [34mcolcon.colcon_core.verb[0m [1;30mLevel 5[0m set package 'asurt_msgs' build argument 'cmake_force_configure' from command line to 'False'
[0.521s] [34mcolcon.colcon_core.verb[0m [1;30mLevel 5[0m set package 'asurt_msgs' build argument 'ament_cmake_args' from command line to 'None'
[0.521s] [34mcolcon.colcon_core.verb[0m [1;30mLevel 5[0m set package 'asurt_msgs' build argument 'catkin_cmake_args' from command line to 'None'
[0.521s] [34mcolcon.colcon_core.verb[0m [1;30mLevel 5[0m set package 'asurt_msgs' build argument 'catkin_skip_building_tests' from command line to 'False'
[0.521s] [34mcolcon.colcon_core.verb[0m [1;30mDEBUG[0m [32mBuilding package 'asurt_msgs' with the following arguments: {'ament_cmake_args': None, 'build_base': '/home/ayasx9/FSAI26/FSAI25_perception/fs-system-26/Perception/ros2_ws/asurt_msgs/build/asurt_msgs', 'catkin_cmake_args': None, 'catkin_skip_building_tests': False, 'cmake_args': None, 'cmake_clean_cache': False, 'cmake_clean_first': False, 'cmake_force_configure': False, 'cmake_target': None, 'cmake_target_skip_unavailable': False, 'install_base': '/home/ayasx9/FSAI26/FSAI25_perception/fs-system-26/Perception/ros2_ws/asurt_msgs/install/asurt_msgs', 'merge_install': False, 'path': '/home/ayasx9/FSAI26/FSAI25_perception/fs-system-26/Perception/ros2_ws/asurt_msgs', 'symlink_install': False, 'test_result_base': None}[0m
[0.521s] [34mcolcon.colcon_core.executor[0m [1;30mINFO[0m Executing jobs using 'parallel' executor
[0.522s] [34mcolcon.colcon_parallel_executor.executor.parallel[0m [1;30mDEBUG[0m [32mrun_until_complete[0m
[0.523s] [34mcolcon.colcon_ros.task.ament_cmake.build[0m [1;30mINFO[0m Building ROS package in '/home/ayasx9/FSAI26/FSAI25_perception/fs-system-26/Perception/ros2_ws/asurt_msgs' with build type 'ament_cmake'
[0.524s] [34mcolcon.colcon_cmake.task.cmake.build[0m [1;30mINFO[0m Building CMake package in '/home/ayasx9/FSAI26/FSAI25_perception/fs-system-26/Perception/ros2_ws/asurt_msgs'
[0.525s] [34mcolcon.colcon_core.plugin_system[0m [1;30mINFO[0m Skipping extension 'colcon_core.shell.bat': Not used on non-Windows systems
[0.525s] [34mcolcon.colcon_core.shell[0m [1;30mINFO[0m Skip shell extension 'powershell' for command environment: Not usable outside of PowerShell
[0.525s] [34mcolcon.colcon_core.shell[0m [1;30mDEBUG[0m [32mSkip shell extension 'dsv' for command environment[0m
[0.533s] [34mcolcon.colcon_core.event_handler.log_command[0m [1;30mDEBUG[0m [32mInvoking command in '/home/ayasx9/FSAI26/FSAI25_perception/fs-system-26/Perception/ros2_ws/asurt_msgs/build/asurt_msgs': CMAKE_PREFIX_PATH=${CMAKE_PREFIX_PATH}:/home/ayasx9/arl_workshop/turtle_proj1/install/project_nodes:/home/ayasx9/ros2_proj1/install/my_turtle_proj:/opt/ros/humble /usr/bin/cmake /home/ayasx9/FSAI26/FSAI25_perception/fs-system-26/Perception/ros2_ws/asurt_msgs -DCMAKE_INSTALL_PREFIX=/home/ayasx9/FSAI26/FSAI25_perception/fs-system-26/Perception/ros2_ws/asurt_msgs/install/asurt_msgs[0m
[15.332s] [34mcolcon.colcon_core.event_handler.log_command[0m [1;30mDEBUG[0m [32mInvoked command in '/home/ayasx9/FSAI26/FSAI25_perception/fs-system-26/Perception/ros2_ws/asurt_msgs/build/asurt_msgs' returned '0': CMAKE_PREFIX_PATH=${CMAKE_PREFIX_PATH}:/home/ayasx9/arl_workshop/turtle_proj1/install/project_nodes:/home/ayasx9/ros2_proj1/install/my_turtle_proj:/opt/ros/humble /usr/bin/cmake /home/ayasx9/FSAI26/FSAI25_perception/fs-system-26/Perception/ros2_ws/asurt_msgs -DCMAKE_INSTALL_PREFIX=/home/ayasx9/FSAI26/FSAI25_perception/fs-system-26/Perception/ros2_ws/asurt_msgs/install/asurt_msgs[0m
[15.335s] [34mcolcon.colcon_core.event_handler.log_command[0m [1;30mDEBUG[0m [32mInvoking command in '/home/ayasx9/FSAI26/FSAI25_perception/fs-system-26/Perception/ros2_ws/asurt_msgs/build/asurt_msgs': CMAKE_PREFIX_PATH=${CMAKE_PREFIX_PATH}:/home/ayasx9/arl_workshop/turtle_proj1/install/project_nodes:/home/ayasx9/ros2_proj1/install/my_turtle_proj:/opt/ros/humble /usr/bin/cmake --build /home/ayasx9/FSAI26/FSAI25_perception/fs-system-26/Perception/ros2_ws/asurt_msgs/build/asurt_msgs -- -j12 -l12[0m
[22.053s] [34mcolcon.colcon_core.event_handler.log_command[0m [1;30mDEBUG[0m [32mInvoked command in '/home/ayasx9/FSAI26/FSAI25_perception/fs-system-26/Perception/ros2_ws/asurt_msgs/build/asurt_msgs' returned '0': CMAKE_PREFIX_PATH=${CMAKE_PREFIX_PATH}:/home/ayasx9/arl_workshop/turtle_proj1/install/project_nodes:/home/ayasx9/ros2_proj1/install/my_turtle_proj:/opt/ros/humble /usr/bin/cmake --build /home/ayasx9/FSAI26/FSAI25_perception/fs-system-26/Perception/ros2_ws/asurt_msgs/build/asurt_msgs -- -j12 -l12[0m
[22.060s] [34mcolcon.colcon_core.event_handler.log_command[0m [1;30mDEBUG[0m [32mInvoking command in '/home/ayasx9/FSAI26/FSAI25_perception/fs-system-26/Perception/ros2_ws/asurt_msgs/build/asurt_msgs': CMAKE_PREFIX_PATH=${CMAKE_PREFIX_PATH}:/home/ayasx9/arl_workshop/turtle_proj1/install/project_nodes:/home/ayasx9/ros2_proj1/install/my_turtle_proj:/opt/ros/humble /usr/bin/cmake --install /home/ayasx9/FSAI26/FSAI25_perception/fs-system-26/Perception/ros2_ws/asurt_msgs/build/asurt_msgs[0m
[22.161s] [34mcolcon.colcon_core.environment[0m [1;30mLevel 1[0m create_environment_scripts_only(asurt_msgs)
[22.162s] [34mcolcon.colcon_core.event_handler.log_command[0m [1;30mDEBUG[0m [32mInvoked command in '/home/ayasx9/FSAI26/FSAI25_perception/fs-system-26/Perception/ros2_ws/asurt_msgs/build/asurt_msgs' returned '0': CMAKE_PREFIX_PATH=${CMAKE_PREFIX_PATH}:/home/ayasx9/arl_workshop/turtle_proj1/install/project_nodes:/home/ayasx9/ros2_proj1/install/my_turtle_proj:/opt/ros/humble /usr/bin/cmake --install /home/ayasx9/FSAI26/FSAI25_perception/fs-system-26/Perception/ros2_ws/asurt_msgs/build/asurt_msgs[0m
[22.164s] [34mcolcon.colcon_core.environment[0m [1;30mLevel 1[0m checking '/home/ayasx9/FSAI26/FSAI25_perception/fs-system-26/Perception/ros2_ws/asurt_msgs/install/asurt_msgs' for CMake module files
[22.164s] [34mcolcon.colcon_core.environment[0m [1;30mLevel 1[0m checking '/home/ayasx9/FSAI26/FSAI25_perception/fs-system-26/Perception/ros2_ws/asurt_msgs/install/asurt_msgs' for CMake config files
[22.165s] [34mcolcon.colcon_core.shell[0m [1;30mLevel 1[0m create_environment_hook('asurt_msgs', 'cmake_prefix_path')
[22.165s] [34mcolcon.colcon_core.shell[0m [1;30mINFO[0m Creating environment hook '/home/ayasx9/FSAI26/FSAI25_perception/fs-system-26/Perception/ros2_ws/asurt_msgs/install/asurt_msgs/share/asurt_msgs/hook/cmake_prefix_path.ps1'
[22.167s] [34mcolcon.colcon_core.shell[0m [1;30mINFO[0m Creating environment descriptor '/home/ayasx9/FSAI26/FSAI25_perception/fs-system-26/Perception/ros2_ws/asurt_msgs/install/asurt_msgs/share/asurt_msgs/hook/cmake_prefix_path.dsv'
[22.167s] [34mcolcon.colcon_core.shell[0m [1;30mINFO[0m Creating environment hook '/home/ayasx9/FSAI26/FSAI25_perception/fs-system-26/Perception/ros2_ws/asurt_msgs/install/asurt_msgs/share/asurt_msgs/hook/cmake_prefix_path.sh'
[22.169s] [34mcolcon.colcon_core.environment[0m [1;30mLevel 1[0m checking '/home/ayasx9/FSAI26/FSAI25_perception/fs-system-26/Perception/ros2_ws/asurt_msgs/install/asurt_msgs/lib'
[22.169s] [34mcolcon.colcon_core.shell[0m [1;30mLevel 1[0m create_environment_hook('asurt_msgs', 'ld_library_path_lib')
[22.169s] [34mcolcon.colcon_core.shell[0m [1;30mINFO[0m Creating environment hook '/home/ayasx9/FSAI26/FSAI25_perception/fs-system-26/Perception/ros2_ws/asurt_msgs/install/asurt_msgs/share/asurt_msgs/hook/ld_library_path_lib.ps1'
[22.169s] [34mcolcon.colcon_core.shell[0m [1;30mINFO[0m Creating environment descriptor '/home/ayasx9/FSAI26/FSAI25_perception/fs-system-26/Perception/ros2_ws/asurt_msgs/install/asurt_msgs/share/asurt_msgs/hook/ld_library_path_lib.dsv'
[22.170s] [34mcolcon.colcon_core.shell[0m [1;30mINFO[0m Creating environment hook '/home/ayasx9/FSAI26/FSAI25_perception/fs-system-26/Perception/ros2_ws/asurt_msgs/install/asurt_msgs/share/asurt_msgs/hook/ld_library_path_lib.sh'
[22.170s] [34mcolcon.colcon_core.environment[0m [1;30mLevel 1[0m checking '/home/ayasx9/FSAI26/FSAI25_perception/fs-system-26/Perception/ros2_ws/asurt_msgs/install/asurt_msgs/bin'
[22.170s] [34mcolcon.colcon_core.environment[0m [1;30mLevel 1[0m checking '/home/ayasx9/FSAI26/FSAI25_perception/fs-system-26/Perception/ros2_ws/asurt_msgs/install/asurt_msgs/lib/pkgconfig/asurt_msgs.pc'
[22.170s] [34mcolcon.colcon_core.environment[0m [1;30mLevel 1[0m checking '/home/ayasx9/FSAI26/FSAI25_perception/fs-system-26/Perception/ros2_ws/asurt_msgs/install/asurt_msgs/lib/python3.10/site-packages'
[22.171s] [34mcolcon.colcon_core.environment[0m [1;30mLevel 1[0m checking '/home/ayasx9/FSAI26/FSAI25_perception/fs-system-26/Perception/ros2_ws/asurt_msgs/install/asurt_msgs/bin'
[22.171s] [34mcolcon.colcon_core.shell[0m [1;30mINFO[0m Creating package script '/home/ayasx9/FSAI26/FSAI25_perception/fs-system-26/Perception/ros2_ws/asurt_msgs/install/asurt_msgs/share/asurt_msgs/package.ps1'
[22.172s] [34mcolcon.colcon_core.shell[0m [1;30mINFO[0m Creating package descriptor '/home/ayasx9/FSAI26/FSAI25_perception/fs-system-26/Perception/ros2_ws/asurt_msgs/install/asurt_msgs/share/asurt_msgs/package.dsv'
[22.172s] [34mcolcon.colcon_core.shell[0m [1;30mINFO[0m Creating package script '/home/ayasx9/FSAI26/FSAI25_perception/fs-system-26/Perception/ros2_ws/asurt_msgs/install/asurt_msgs/share/asurt_msgs/package.sh'
[22.173s] [34mcolcon.colcon_core.shell[0m [1;30mINFO[0m Creating package script '/home/ayasx9/FSAI26/FSAI25_perception/fs-system-26/Perception/ros2_ws/asurt_msgs/install/asurt_msgs/share/asurt_msgs/package.bash'
[22.174s] [34mcolcon.colcon_core.shell[0m [1;30mINFO[0m Creating package script '/home/ayasx9/FSAI26/FSAI25_perception/fs-system-26/Perception/ros2_ws/asurt_msgs/install/asurt_msgs/share/asurt_msgs/package.zsh'
[22.174s] [34mcolcon.colcon_core.environment[0m [1;30mLevel 1[0m create_file_with_runtime_dependencies(/home/ayasx9/FSAI26/FSAI25_perception/fs-system-26/Perception/ros2_ws/asurt_msgs/install/asurt_msgs/share/colcon-core/packages/asurt_msgs)
[22.175s] [34mcolcon.colcon_core.environment[0m [1;30mLevel 1[0m create_environment_scripts_only(asurt_msgs)
[22.175s] [34mcolcon.colcon_core.environment[0m [1;30mLevel 1[0m checking '/home/ayasx9/FSAI26/FSAI25_perception/fs-system-26/Perception/ros2_ws/asurt_msgs/install/asurt_msgs' for CMake module files
[22.176s] [34mcolcon.colcon_core.environment[0m [1;30mLevel 1[0m checking '/home/ayasx9/FSAI26/FSAI25_perception/fs-system-26/Perception/ros2_ws/asurt_msgs/install/asurt_msgs' for CMake config files
[22.177s] [34mcolcon.colcon_core.shell[0m [1;30mLevel 1[0m create_environment_hook('asurt_msgs', 'cmake_prefix_path')
[22.177s] [34mcolcon.colcon_core.shell[0m [1;30mINFO[0m Creating environment hook '/home/ayasx9/FSAI26/FSAI25_perception/fs-system-26/Perception/ros2_ws/asurt_msgs/install/asurt_msgs/share/asurt_msgs/hook/cmake_prefix_path.ps1'
[22.178s] [34mcolcon.colcon_core.shell[0m [1;30mINFO[0m Creating environment descriptor '/home/ayasx9/FSAI26/FSAI25_perception/fs-system-26/Perception/ros2_ws/asurt_msgs/install/asurt_msgs/share/asurt_msgs/hook/cmake_prefix_path.dsv'
[22.178s] [34mcolcon.colcon_core.shell[0m [1;30mINFO[0m Creating environment hook '/home/ayasx9/FSAI26/FSAI25_perception/fs-system-26/Perception/ros2_ws/asurt_msgs/install/asurt_msgs/share/asurt_msgs/hook/cmake_prefix_path.sh'
[22.179s] [34mcolcon.colcon_core.environment[0m [1;30mLevel 1[0m checking '/home/ayasx9/FSAI26/FSAI25_perception/fs-system-26/Perception/ros2_ws/asurt_msgs/install/asurt_msgs/lib'
[22.179s] [34mcolcon.colcon_core.shell[0m [1;30mLevel 1[0m create_environment_hook('asurt_msgs', 'ld_library_path_lib')
[22.180s] [34mcolcon.colcon_core.shell[0m [1;30mINFO[0m Creating environment hook '/home/ayasx9/FSAI26/FSAI25_perception/fs-system-26/Perception/ros2_ws/asurt_msgs/install/asurt_msgs/share/asurt_msgs/hook/ld_library_path_lib.ps1'
[22.180s] [34mcolcon.colcon_core.shell[0m [1;30mINFO[0m Creating environment descriptor '/home/ayasx9/FSAI26/FSAI25_perception/fs-system-26/Perception/ros2_ws/asurt_msgs/install/asurt_msgs/share/asurt_msgs/hook/ld_library_path_lib.dsv'
[22.182s] [34mcolcon.colcon_core.shell[0m [1;30mINFO[0m Creating environment hook '/home/ayasx9/FSAI26/FSAI25_perception/fs-system-26/Perception/ros2_ws/asurt_msgs/install/asurt_msgs/share/asurt_msgs/hook/ld_library_path_lib.sh'
[22.182s] [34mcolcon.colcon_core.environment[0m [1;30mLevel 1[0m checking '/home/ayasx9/FSAI26/FSAI25_perception/fs-system-26/Perception/ros2_ws/asurt_msgs/install/asurt_msgs/bin'
[22.183s] [34mcolcon.colcon_core.environment[0m [1;30mLevel 1[0m checking '/home/ayasx9/FSAI26/FSAI25_perception/fs-system-26/Perception/ros2_ws/asurt_msgs/install/asurt_msgs/lib/pkgconfig/asurt_msgs.pc'
[22.183s] [34mcolcon.colcon_core.environment[0m [1;30mLevel 1[0m checking '/home/ayasx9/FSAI26/FSAI25_perception/fs-system-26/Perception/ros2_ws/asurt_msgs/install/asurt_msgs/lib/python3.10/site-packages'
[22.183s] [34mcolcon.colcon_core.environment[0m [1;30mLevel 1[0m checking '/home/ayasx9/FSAI26/FSAI25_perception/fs-system-26/Perception/ros2_ws/asurt_msgs/install/asurt_msgs/bin'
[22.184s] [34mcolcon.colcon_core.shell[0m [1;30mINFO[0m Creating package script '/home/ayasx9/FSAI26/FSAI25_perception/fs-system-26/Perception/ros2_ws/asurt_msgs/install/asurt_msgs/share/asurt_msgs/package.ps1'
[22.184s] [34mcolcon.colcon_core.shell[0m [1;30mINFO[0m Creating package descriptor '/home/ayasx9/FSAI26/FSAI25_perception/fs-system-26/Perception/ros2_ws/asurt_msgs/install/asurt_msgs/share/asurt_msgs/package.dsv'
[22.185s] [34mcolcon.colcon_core.shell[0m [1;30mINFO[0m Creating package script '/home/ayasx9/FSAI26/FSAI25_perception/fs-system-26/Perception/ros2_ws/asurt_msgs/install/asurt_msgs/share/asurt_msgs/package.sh'
[22.185s] [34mcolcon.colcon_core.shell[0m [1;30mINFO[0m Creating package script '/home/ayasx9/FSAI26/FSAI25_perception/fs-system-26/Perception/ros2_ws/asurt_msgs/install/asurt_msgs/share/asurt_msgs/package.bash'
[22.186s] [34mcolcon.colcon_core.shell[0m [1;30mINFO[0m Creating package script '/home/ayasx9/FSAI26/FSAI25_perception/fs-system-26/Perception/ros2_ws/asurt_msgs/install/asurt_msgs/share/asurt_msgs/package.zsh'
[22.186s] [34mcolcon.colcon_core.environment[0m [1;30mLevel 1[0m create_file_with_runtime_dependencies(/home/ayasx9/FSAI26/FSAI25_perception/fs-system-26/Perception/ros2_ws/asurt_msgs/install/asurt_msgs/share/colcon-core/packages/asurt_msgs)
[22.186s] [34mcolcon.colcon_parallel_executor.executor.parallel[0m [1;30mDEBUG[0m [32mclosing loop[0m
[22.187s] [34mcolcon.colcon_parallel_executor.executor.parallel[0m [1;30mDEBUG[0m [32mloop closed[0m
[22.187s] [34mcolcon.colcon_parallel_executor.executor.parallel[0m [1;30mDEBUG[0m [32mrun_until_complete finished with '0'[0m
[22.187s] [34mcolcon.colcon_core.event_reactor[0m [1;30mDEBUG[0m [32mjoining thread[0m
[22.250s] [34mcolcon.colcon_core.plugin_system[0m [1;30mINFO[0m Skipping extension 'colcon_notification.desktop_notification.notify_send': Could not find 'notify-send'
[22.250s] [34mcolcon.colcon_core.plugin_system[0m [1;30mINFO[0m Skipping extension 'colcon_notification.desktop_notification.terminal_notifier': Not used on non-Darwin systems
[22.250s] [34mcolcon.colcon_core.plugin_system[0m [1;30mINFO[0m Skipping extension 'colcon_notification.desktop_notification.win32': Not used on non-Windows systems
[22.250s] [34mcolcon.colcon_notification.desktop_notification[0m [1;30mINFO[0m Sending desktop notification using 'notify2'
[22.251s] [34mcolcon.colcon_notification.desktop_notification.notify2[0m [1;30mDEBUG[0m [32mFailed to initialize notify2: org.freedesktop.DBus.Error.ServiceUnknown: The name org.freedesktop.Notifications was not provided by any .service files[0m
[22.251s] [34mcolcon.colcon_core.event_reactor[0m [1;30mDEBUG[0m [32mjoined thread[0m
[22.252s] [34mcolcon.colcon_core.shell[0m [1;30mINFO[0m Creating prefix script '/home/ayasx9/FSAI26/FSAI25_perception/fs-system-26/Perception/ros2_ws/asurt_msgs/install/local_setup.ps1'
[22.253s] [34mcolcon.colcon_core.shell[0m [1;30mINFO[0m Creating prefix util module '/home/ayasx9/FSAI26/FSAI25_perception/fs-system-26/Perception/ros2_ws/asurt_msgs/install/_local_setup_util_ps1.py'
[22.254s] [34mcolcon.colcon_core.shell[0m [1;30mINFO[0m Creating prefix chain script '/home/ayasx9/FSAI26/FSAI25_perception/fs-system-26/Perception/ros2_ws/asurt_msgs/install/setup.ps1'
[22.255s] [34mcolcon.colcon_core.shell[0m [1;30mINFO[0m Creating prefix script '/home/ayasx9/FSAI26/FSAI25_perception/fs-system-26/Perception/ros2_ws/asurt_msgs/install/local_setup.sh'
[22.255s] [34mcolcon.colcon_core.shell[0m [1;30mINFO[0m Creating prefix util module '/home/ayasx9/FSAI26/FSAI25_perception/fs-system-26/Perception/ros2_ws/asurt_msgs/install/_local_setup_util_sh.py'
[22.256s] [34mcolcon.colcon_core.shell[0m [1;30mINFO[0m Creating prefix chain script '/home/ayasx9/FSAI26/FSAI25_perception/fs-system-26/Perception/ros2_ws/asurt_msgs/install/setup.sh'
[22.257s] [34mcolcon.colcon_core.shell[0m [1;30mINFO[0m Creating prefix script '/home/ayasx9/FSAI26/FSAI25_perception/fs-system-26/Perception/ros2_ws/asurt_msgs/install/local_setup.bash'
[22.257s] [34mcolcon.colcon_core.shell[0m [1;30mINFO[0m Creating prefix chain script '/home/ayasx9/FSAI26/FSAI25_perception/fs-system-26/Perception/ros2_ws/asurt_msgs/install/setup.bash'
[22.258s] [34mcolcon.colcon_core.shell[0m [1;30mINFO[0m Creating prefix script '/home/ayasx9/FSAI26/FSAI25_perception/fs-system-26/Perception/ros2_ws/asurt_msgs/install/local_setup.zsh'
[22.258s] [34mcolcon.colcon_core.shell[0m [1;30mINFO[0m Creating prefix chain script '/home/ayasx9/FSAI26/FSAI25_perception/fs-system-26/Perception/ros2_ws/asurt_msgs/install/setup.zsh'
