-- The C compiler identification is GNU 11.4.0
-- The CXX compiler identification is GNU 11.4.0
-- Detecting C compiler ABI info
-- Detecting C compiler ABI info - done
-- Check for working C compiler: /usr/bin/cc - skipped
-- Detecting C compile features
-- Detecting C compile features - done
-- Detecting CXX compiler ABI info
-- Detecting CXX compiler ABI info - done
-- Check for working CXX compiler: /usr/bin/c++ - skipped
-- Detecting CXX compile features
-- Detecting CXX compile features - done
-- Found ament_cmake: 1.3.13 (/opt/ros/humble/share/ament_cmake/cmake)
-- Found Python3: /usr/bin/python3 (found version "3.10.12") found components: Interpreter 
-- Override CMake install command with custom implementation using symlinks instead of copying resources
-- Found builtin_interfaces: 1.2.2 (/opt/ros/humble/share/builtin_interfaces/cmake)
-- Found rosidl_generator_c: 3.1.8 (/opt/ros/humble/share/rosidl_generator_c/cmake)
-- Found rosidl_adapter: 3.1.8 (/opt/ros/humble/share/rosidl_adapter/cmake)
-- Found rosidl_generator_cpp: 3.1.8 (/opt/ros/humble/share/rosidl_generator_cpp/cmake)
-- Using all available rosidl_typesupport_c: rosidl_typesupport_fastrtps_c;rosidl_typesupport_introspection_c
-- Using all available rosidl_typesupport_cpp: rosidl_typesupport_fastrtps_cpp;rosidl_typesupport_introspection_cpp
-- Found rosidl_default_generators: 1.2.0 (/opt/ros/humble/share/rosidl_default_generators/cmake)
-- Found rclcpp: 16.0.18 (/opt/ros/humble/share/rclcpp/cmake)
-- Found rmw_implementation_cmake: 6.1.2 (/opt/ros/humble/share/rmw_implementation_cmake/cmake)
-- Found rmw_fastrtps_cpp: 6.2.10 (/opt/ros/humble/share/rmw_fastrtps_cpp/cmake)
-- Found OpenSSL: /usr/lib/x86_64-linux-gnu/libcrypto.so (found version "3.0.2")  
-- Found FastRTPS: /opt/ros/humble/include  
-- Using RMW implementation 'rmw_fastrtps_cpp' as default
-- Looking for pthread.h
-- Looking for pthread.h - found
-- Performing Test CMAKE_HAVE_LIBC_PTHREAD
-- Performing Test CMAKE_HAVE_LIBC_PTHREAD - Success
-- Found Threads: TRUE  
-- Found geometry_msgs: 4.9.1 (/opt/ros/humble/share/geometry_msgs/cmake)
-- Found sensor_msgs: 4.9.1 (/opt/ros/humble/share/sensor_msgs/cmake)
-- Found ament_cmake_ros: 0.10.0 (/opt/ros/humble/share/ament_cmake_ros/cmake)
-- Using all available rosidl_typesupport_c: rosidl_typesupport_fastrtps_c;rosidl_typesupport_introspection_c
-- Using all available rosidl_typesupport_cpp: rosidl_typesupport_fastrtps_cpp;rosidl_typesupport_introspection_cpp
-- Found PythonInterp: /usr/bin/python3 (found suitable version "3.10.12", minimum required is "3.6") 
-- Found python_cmake_module: 0.10.0 (/opt/ros/humble/share/python_cmake_module/cmake)
-- Found PythonLibs: /usr/lib/x86_64-linux-gnu/libpython3.10.so (found suitable version "3.10.12", minimum required is "3.5") 
-- Using PYTHON_EXECUTABLE: /usr/bin/python3
-- Using PYTHON_INCLUDE_DIRS: /usr/include/python3.10
-- Using PYTHON_LIBRARIES: /usr/lib/x86_64-linux-gnu/libpython3.10.so
-- Found PythonExtra: .so  
-- Found ament_lint_auto: 0.12.15 (/opt/ros/humble/share/ament_lint_auto/cmake)
-- Added test 'cppcheck' to perform static code analysis on C / C++ code
-- Configured cppcheck include dirs: 
-- Configured cppcheck exclude dirs and/or files: 
-- Added test 'flake8' to check Python code syntax and style conventions
-- Added test 'lint_cmake' to check CMake code style
-- Added test 'pep257' to check Python code against some of the docstring style conventions in PEP 257
-- Added test 'uncrustify' to check C / C++ code style
-- Configured uncrustify additional arguments: 
-- Added test 'xmllint' to check XML markup files
-- Configuring done
-- Generating done
-- Build files have been written to: /home/ayasx9/FSAI26/perception_deep_logging/ros2_ws/build/asurt_msgs
[  1%] [34m[1mGenerating C code for ROS interfaces[0m
[  1%] [34m[1mGenerating C++ code for ROS interfaces[0m
[  1%] Built target ament_cmake_python_symlink_asurt_msgs
running egg_info
creating asurt_msgs.egg-info
writing asurt_msgs.egg-info/PKG-INFO
writing dependency_links to asurt_msgs.egg-info/dependency_links.txt
writing top-level names to asurt_msgs.egg-info/top_level.txt
writing manifest file 'asurt_msgs.egg-info/SOURCES.txt'
reading manifest file 'asurt_msgs.egg-info/SOURCES.txt'
writing manifest file 'asurt_msgs.egg-info/SOURCES.txt'
[  1%] Built target ament_cmake_python_build_asurt_msgs_egg
[  1%] Built target asurt_msgs__cpp
[  2%] [34m[1mGenerating C++ type support dispatch for ROS interfaces[0m
[  3%] [34m[1mGenerating C++ introspection for ROS interfaces[0m
[  3%] [34m[1mGenerating C++ type support for eProsima Fast-RTPS[0m
[  4%] [32mBuilding C object CMakeFiles/asurt_msgs__rosidl_generator_c.dir/rosidl_generator_c/asurt_msgs/msg/detail/roadstate__functions.c.o[0m
[  5%] [32mBuilding C object CMakeFiles/asurt_msgs__rosidl_generator_c.dir/rosidl_generator_c/asurt_msgs/msg/detail/node_status__functions.c.o[0m
[  6%] [32mBuilding C object CMakeFiles/asurt_msgs__rosidl_generator_c.dir/rosidl_generator_c/asurt_msgs/msg/detail/landmark_array__functions.c.o[0m
[  7%] [32mBuilding C object CMakeFiles/asurt_msgs__rosidl_generator_c.dir/rosidl_generator_c/asurt_msgs/msg/detail/landmark__functions.c.o[0m
[  8%] [32mBuilding C object CMakeFiles/asurt_msgs__rosidl_generator_c.dir/rosidl_generator_c/asurt_msgs/msg/detail/bounding_box__functions.c.o[0m
[  9%] [32mBuilding C object CMakeFiles/asurt_msgs__rosidl_generator_c.dir/rosidl_generator_c/asurt_msgs/msg/detail/cloud_info__functions.c.o[0m
[ 10%] [32mBuilding C object CMakeFiles/asurt_msgs__rosidl_generator_c.dir/rosidl_generator_c/asurt_msgs/msg/detail/bounding_boxes__functions.c.o[0m
[ 10%] [32mBuilding C object CMakeFiles/asurt_msgs__rosidl_generator_c.dir/rosidl_generator_c/asurt_msgs/msg/detail/cone_img__functions.c.o[0m
[ 11%] [32mBuilding C object CMakeFiles/asurt_msgs__rosidl_generator_c.dir/rosidl_generator_c/asurt_msgs/msg/detail/cone_img_array__functions.c.o[0m
[ 12%] [32mBuilding C object CMakeFiles/asurt_msgs__rosidl_generator_c.dir/rosidl_generator_c/asurt_msgs/msg/detail/event__functions.c.o[0m
[ 13%] [32mBuilding C object CMakeFiles/asurt_msgs__rosidl_generator_c.dir/rosidl_generator_c/asurt_msgs/msg/detail/key_points__functions.c.o[0m
[ 14%] [32m[1mLinking C shared library libasurt_msgs__rosidl_generator_c.so[0m
[ 14%] Built target asurt_msgs__rosidl_generator_c
[ 15%] [34m[1mGenerating C introspection for ROS interfaces[0m
[ 16%] [34m[1mGenerating C type support for eProsima Fast-RTPS[0m
[ 17%] [34m[1mGenerating C type support dispatch for ROS interfaces[0m
[ 19%] [32mBuilding CXX object CMakeFiles/asurt_msgs__rosidl_typesupport_cpp.dir/rosidl_typesupport_cpp/asurt_msgs/msg/node_status__type_support.cpp.o[0m
[ 19%] [32mBuilding CXX object CMakeFiles/asurt_msgs__rosidl_typesupport_cpp.dir/rosidl_typesupport_cpp/asurt_msgs/msg/landmark__type_support.cpp.o[0m
[ 20%] [32mBuilding CXX object CMakeFiles/asurt_msgs__rosidl_typesupport_cpp.dir/rosidl_typesupport_cpp/asurt_msgs/msg/roadstate__type_support.cpp.o[0m
[ 21%] [32mBuilding CXX object CMakeFiles/asurt_msgs__rosidl_typesupport_cpp.dir/rosidl_typesupport_cpp/asurt_msgs/msg/cloud_info__type_support.cpp.o[0m
[ 22%] [32mBuilding CXX object CMakeFiles/asurt_msgs__rosidl_typesupport_cpp.dir/rosidl_typesupport_cpp/asurt_msgs/msg/bounding_box__type_support.cpp.o[0m
[ 23%] [32mBuilding CXX object CMakeFiles/asurt_msgs__rosidl_typesupport_cpp.dir/rosidl_typesupport_cpp/asurt_msgs/msg/landmark_array__type_support.cpp.o[0m
[ 24%] [32mBuilding CXX object CMakeFiles/asurt_msgs__rosidl_typesupport_cpp.dir/rosidl_typesupport_cpp/asurt_msgs/msg/bounding_boxes__type_support.cpp.o[0m
[ 25%] [32mBuilding CXX object CMakeFiles/asurt_msgs__rosidl_typesupport_introspection_cpp.dir/rosidl_typesupport_introspection_cpp/asurt_msgs/msg/detail/landmark__type_support.cpp.o[0m
[ 25%] [32mBuilding CXX object CMakeFiles/asurt_msgs__rosidl_typesupport_cpp.dir/rosidl_typesupport_cpp/asurt_msgs/msg/cone_img__type_support.cpp.o[0m
[ 26%] [32mBuilding CXX object CMakeFiles/asurt_msgs__rosidl_typesupport_fastrtps_cpp.dir/rosidl_typesupport_fastrtps_cpp/asurt_msgs/msg/detail/dds_fastrtps/landmark__type_support.cpp.o[0m
[ 27%] [32mBuilding CXX object CMakeFiles/asurt_msgs__rosidl_typesupport_cpp.dir/rosidl_typesupport_cpp/asurt_msgs/msg/cone_img_array__type_support.cpp.o[0m
[ 27%] [32mBuilding CXX object CMakeFiles/asurt_msgs__rosidl_typesupport_introspection_cpp.dir/rosidl_typesupport_introspection_cpp/asurt_msgs/msg/detail/landmark_array__type_support.cpp.o[0m
[ 28%] [32mBuilding CXX object CMakeFiles/asurt_msgs__rosidl_typesupport_fastrtps_cpp.dir/rosidl_typesupport_fastrtps_cpp/asurt_msgs/msg/detail/dds_fastrtps/landmark_array__type_support.cpp.o[0m
[ 29%] [32mBuilding CXX object CMakeFiles/asurt_msgs__rosidl_typesupport_cpp.dir/rosidl_typesupport_cpp/asurt_msgs/msg/key_points__type_support.cpp.o[0m
[ 30%] [32mBuilding CXX object CMakeFiles/asurt_msgs__rosidl_typesupport_fastrtps_cpp.dir/rosidl_typesupport_fastrtps_cpp/asurt_msgs/msg/detail/dds_fastrtps/node_status__type_support.cpp.o[0m
[ 31%] [32mBuilding CXX object CMakeFiles/asurt_msgs__rosidl_typesupport_introspection_cpp.dir/rosidl_typesupport_introspection_cpp/asurt_msgs/msg/detail/node_status__type_support.cpp.o[0m
[ 32%] [32mBuilding CXX object CMakeFiles/asurt_msgs__rosidl_typesupport_c.dir/rosidl_typesupport_c/asurt_msgs/msg/landmark__type_support.cpp.o[0m
[ 33%] [32mBuilding CXX object CMakeFiles/asurt_msgs__rosidl_typesupport_c.dir/rosidl_typesupport_c/asurt_msgs/msg/landmark_array__type_support.cpp.o[0m
[ 33%] [32mBuilding CXX object CMakeFiles/asurt_msgs__rosidl_typesupport_c.dir/rosidl_typesupport_c/asurt_msgs/msg/node_status__type_support.cpp.o[0m
[ 34%] [32mBuilding CXX object CMakeFiles/asurt_msgs__rosidl_typesupport_introspection_cpp.dir/rosidl_typesupport_introspection_cpp/asurt_msgs/msg/detail/roadstate__type_support.cpp.o[0m
[ 35%] [32mBuilding CXX object CMakeFiles/asurt_msgs__rosidl_typesupport_c.dir/rosidl_typesupport_c/asurt_msgs/msg/roadstate__type_support.cpp.o[0m
[ 36%] [32mBuilding CXX object CMakeFiles/asurt_msgs__rosidl_typesupport_fastrtps_cpp.dir/rosidl_typesupport_fastrtps_cpp/asurt_msgs/msg/detail/dds_fastrtps/roadstate__type_support.cpp.o[0m
[ 37%] [32mBuilding CXX object CMakeFiles/asurt_msgs__rosidl_typesupport_fastrtps_cpp.dir/rosidl_typesupport_fastrtps_cpp/asurt_msgs/msg/detail/dds_fastrtps/cloud_info__type_support.cpp.o[0m
[ 38%] [32mBuilding CXX object CMakeFiles/asurt_msgs__rosidl_typesupport_c.dir/rosidl_typesupport_c/asurt_msgs/msg/cloud_info__type_support.cpp.o[0m
[ 39%] [32mBuilding CXX object CMakeFiles/asurt_msgs__rosidl_typesupport_c.dir/rosidl_typesupport_c/asurt_msgs/msg/bounding_box__type_support.cpp.o[0m
[ 40%] [32mBuilding CXX object CMakeFiles/asurt_msgs__rosidl_typesupport_c.dir/rosidl_typesupport_c/asurt_msgs/msg/bounding_boxes__type_support.cpp.o[0m
[ 41%] [32mBuilding CXX object CMakeFiles/asurt_msgs__rosidl_typesupport_cpp.dir/rosidl_typesupport_cpp/asurt_msgs/msg/event__type_support.cpp.o[0m
[ 42%] [32mBuilding CXX object CMakeFiles/asurt_msgs__rosidl_typesupport_c.dir/rosidl_typesupport_c/asurt_msgs/msg/cone_img__type_support.cpp.o[0m
[ 43%] [32mBuilding CXX object CMakeFiles/asurt_msgs__rosidl_typesupport_fastrtps_c.dir/rosidl_typesupport_fastrtps_c/asurt_msgs/msg/detail/landmark__type_support_c.cpp.o[0m
[ 44%] [32mBuilding C object CMakeFiles/asurt_msgs__rosidl_typesupport_introspection_c.dir/rosidl_typesupport_introspection_c/asurt_msgs/msg/detail/landmark__type_support.c.o[0m
[ 45%] [32mBuilding CXX object CMakeFiles/asurt_msgs__rosidl_typesupport_c.dir/rosidl_typesupport_c/asurt_msgs/msg/cone_img_array__type_support.cpp.o[0m
[ 46%] [32mBuilding C object CMakeFiles/asurt_msgs__rosidl_typesupport_introspection_c.dir/rosidl_typesupport_introspection_c/asurt_msgs/msg/detail/landmark_array__type_support.c.o[0m
[ 47%] [32mBuilding C object CMakeFiles/asurt_msgs__rosidl_typesupport_introspection_c.dir/rosidl_typesupport_introspection_c/asurt_msgs/msg/detail/node_status__type_support.c.o[0m
[ 48%] [32mBuilding CXX object CMakeFiles/asurt_msgs__rosidl_typesupport_fastrtps_c.dir/rosidl_typesupport_fastrtps_c/asurt_msgs/msg/detail/landmark_array__type_support_c.cpp.o[0m
[ 49%] [32mBuilding CXX object CMakeFiles/asurt_msgs__rosidl_typesupport_c.dir/rosidl_typesupport_c/asurt_msgs/msg/key_points__type_support.cpp.o[0m
[ 50%] [32mBuilding CXX object CMakeFiles/asurt_msgs__rosidl_typesupport_fastrtps_c.dir/rosidl_typesupport_fastrtps_c/asurt_msgs/msg/detail/node_status__type_support_c.cpp.o[0m
[ 51%] [32mBuilding CXX object CMakeFiles/asurt_msgs__rosidl_typesupport_c.dir/rosidl_typesupport_c/asurt_msgs/msg/event__type_support.cpp.o[0m
[ 52%] [32mBuilding C object CMakeFiles/asurt_msgs__rosidl_typesupport_introspection_c.dir/rosidl_typesupport_introspection_c/asurt_msgs/msg/detail/roadstate__type_support.c.o[0m
[ 53%] [32mBuilding CXX object CMakeFiles/asurt_msgs__rosidl_typesupport_introspection_cpp.dir/rosidl_typesupport_introspection_cpp/asurt_msgs/msg/detail/cloud_info__type_support.cpp.o[0m
[ 54%] [32m[1mLinking CXX shared library libasurt_msgs__rosidl_typesupport_c.so[0m
[ 55%] [32mBuilding C object CMakeFiles/asurt_msgs__rosidl_typesupport_introspection_c.dir/rosidl_typesupport_introspection_c/asurt_msgs/msg/detail/cloud_info__type_support.c.o[0m
[ 56%] [32mBuilding CXX object CMakeFiles/asurt_msgs__rosidl_typesupport_fastrtps_cpp.dir/rosidl_typesupport_fastrtps_cpp/asurt_msgs/msg/detail/dds_fastrtps/bounding_box__type_support.cpp.o[0m
[ 57%] [32mBuilding CXX object CMakeFiles/asurt_msgs__rosidl_typesupport_fastrtps_c.dir/rosidl_typesupport_fastrtps_c/asurt_msgs/msg/detail/roadstate__type_support_c.cpp.o[0m
[ 58%] [32mBuilding C object CMakeFiles/asurt_msgs__rosidl_typesupport_introspection_c.dir/rosidl_typesupport_introspection_c/asurt_msgs/msg/detail/bounding_box__type_support.c.o[0m
[ 58%] [32mBuilding C object CMakeFiles/asurt_msgs__rosidl_typesupport_introspection_c.dir/rosidl_typesupport_introspection_c/asurt_msgs/msg/detail/bounding_boxes__type_support.c.o[0m
[ 59%] [32mBuilding C object CMakeFiles/asurt_msgs__rosidl_typesupport_introspection_c.dir/rosidl_typesupport_introspection_c/asurt_msgs/msg/detail/cone_img__type_support.c.o[0m
[ 60%] [32mBuilding CXX object CMakeFiles/asurt_msgs__rosidl_typesupport_fastrtps_cpp.dir/rosidl_typesupport_fastrtps_cpp/asurt_msgs/msg/detail/dds_fastrtps/bounding_boxes__type_support.cpp.o[0m
[ 61%] [32m[1mLinking CXX shared library libasurt_msgs__rosidl_typesupport_cpp.so[0m
[ 62%] [32mBuilding C object CMakeFiles/asurt_msgs__rosidl_typesupport_introspection_c.dir/rosidl_typesupport_introspection_c/asurt_msgs/msg/detail/cone_img_array__type_support.c.o[0m
[ 63%] [32mBuilding C object CMakeFiles/asurt_msgs__rosidl_typesupport_introspection_c.dir/rosidl_typesupport_introspection_c/asurt_msgs/msg/detail/key_points__type_support.c.o[0m
[ 64%] [32mBuilding CXX object CMakeFiles/asurt_msgs__rosidl_typesupport_introspection_cpp.dir/rosidl_typesupport_introspection_cpp/asurt_msgs/msg/detail/bounding_box__type_support.cpp.o[0m
[ 64%] Built target asurt_msgs__rosidl_typesupport_c
[ 65%] [32mBuilding C object CMakeFiles/asurt_msgs__rosidl_typesupport_introspection_c.dir/rosidl_typesupport_introspection_c/asurt_msgs/msg/detail/event__type_support.c.o[0m
[ 66%] [32mBuilding CXX object CMakeFiles/asurt_msgs__rosidl_typesupport_introspection_cpp.dir/rosidl_typesupport_introspection_cpp/asurt_msgs/msg/detail/bounding_boxes__type_support.cpp.o[0m
[ 67%] [32mBuilding CXX object CMakeFiles/asurt_msgs__rosidl_typesupport_introspection_cpp.dir/rosidl_typesupport_introspection_cpp/asurt_msgs/msg/detail/cone_img__type_support.cpp.o[0m
[ 68%] [32m[1mLinking C shared library libasurt_msgs__rosidl_typesupport_introspection_c.so[0m
[ 68%] [32mBuilding CXX object CMakeFiles/asurt_msgs__rosidl_typesupport_fastrtps_c.dir/rosidl_typesupport_fastrtps_c/asurt_msgs/msg/detail/cloud_info__type_support_c.cpp.o[0m
[ 69%] [32mBuilding CXX object CMakeFiles/asurt_msgs__rosidl_typesupport_fastrtps_cpp.dir/rosidl_typesupport_fastrtps_cpp/asurt_msgs/msg/detail/dds_fastrtps/cone_img__type_support.cpp.o[0m
[ 69%] Built target asurt_msgs__rosidl_typesupport_cpp
[ 70%] [32mBuilding CXX object CMakeFiles/asurt_msgs__rosidl_typesupport_introspection_cpp.dir/rosidl_typesupport_introspection_cpp/asurt_msgs/msg/detail/cone_img_array__type_support.cpp.o[0m
[ 71%] [32mBuilding CXX object CMakeFiles/asurt_msgs__rosidl_typesupport_fastrtps_cpp.dir/rosidl_typesupport_fastrtps_cpp/asurt_msgs/msg/detail/dds_fastrtps/cone_img_array__type_support.cpp.o[0m
[ 72%] [32mBuilding CXX object CMakeFiles/asurt_msgs__rosidl_typesupport_fastrtps_c.dir/rosidl_typesupport_fastrtps_c/asurt_msgs/msg/detail/bounding_box__type_support_c.cpp.o[0m
[ 72%] Built target asurt_msgs__rosidl_typesupport_introspection_c
[ 73%] [32mBuilding CXX object CMakeFiles/asurt_msgs__rosidl_typesupport_introspection_cpp.dir/rosidl_typesupport_introspection_cpp/asurt_msgs/msg/detail/key_points__type_support.cpp.o[0m
[ 74%] [32mBuilding CXX object CMakeFiles/asurt_msgs__rosidl_typesupport_introspection_cpp.dir/rosidl_typesupport_introspection_cpp/asurt_msgs/msg/detail/event__type_support.cpp.o[0m
[ 75%] [32mBuilding CXX object CMakeFiles/asurt_msgs__rosidl_typesupport_fastrtps_c.dir/rosidl_typesupport_fastrtps_c/asurt_msgs/msg/detail/bounding_boxes__type_support_c.cpp.o[0m
[ 76%] [32mBuilding CXX object CMakeFiles/asurt_msgs__rosidl_typesupport_fastrtps_c.dir/rosidl_typesupport_fastrtps_c/asurt_msgs/msg/detail/cone_img__type_support_c.cpp.o[0m
[ 77%] [32mBuilding CXX object CMakeFiles/asurt_msgs__rosidl_typesupport_fastrtps_c.dir/rosidl_typesupport_fastrtps_c/asurt_msgs/msg/detail/cone_img_array__type_support_c.cpp.o[0m
[ 78%] [32mBuilding CXX object CMakeFiles/asurt_msgs__rosidl_typesupport_fastrtps_c.dir/rosidl_typesupport_fastrtps_c/asurt_msgs/msg/detail/key_points__type_support_c.cpp.o[0m
[ 79%] [32mBuilding CXX object CMakeFiles/asurt_msgs__rosidl_typesupport_fastrtps_c.dir/rosidl_typesupport_fastrtps_c/asurt_msgs/msg/detail/event__type_support_c.cpp.o[0m
[ 79%] [32mBuilding CXX object CMakeFiles/asurt_msgs__rosidl_typesupport_fastrtps_cpp.dir/rosidl_typesupport_fastrtps_cpp/asurt_msgs/msg/detail/dds_fastrtps/key_points__type_support.cpp.o[0m
[ 80%] [32mBuilding CXX object CMakeFiles/asurt_msgs__rosidl_typesupport_fastrtps_cpp.dir/rosidl_typesupport_fastrtps_cpp/asurt_msgs/msg/detail/dds_fastrtps/event__type_support.cpp.o[0m
[ 81%] [32m[1mLinking CXX shared library libasurt_msgs__rosidl_typesupport_introspection_cpp.so[0m
[ 81%] Built target asurt_msgs__rosidl_typesupport_introspection_cpp
[ 82%] [32m[1mLinking CXX shared library libasurt_msgs__rosidl_typesupport_fastrtps_c.so[0m
[ 83%] [32m[1mLinking CXX shared library libasurt_msgs__rosidl_typesupport_fastrtps_cpp.so[0m
[ 83%] Built target asurt_msgs__rosidl_typesupport_fastrtps_c
[ 83%] Built target asurt_msgs__rosidl_typesupport_fastrtps_cpp
[ 83%] Built target asurt_msgs
[ 84%] [34m[1mGenerating Python code for ROS interfaces[0m
[ 84%] Built target asurt_msgs__py
[ 85%] [32mBuilding C object CMakeFiles/asurt_msgs__rosidl_generator_py.dir/rosidl_generator_py/asurt_msgs/msg/_node_status_s.c.o[0m
[ 86%] [32mBuilding C object CMakeFiles/asurt_msgs__rosidl_generator_py.dir/rosidl_generator_py/asurt_msgs/msg/_landmark_s.c.o[0m
[ 87%] [32mBuilding C object CMakeFiles/asurt_msgs__rosidl_generator_py.dir/rosidl_generator_py/asurt_msgs/msg/_landmark_array_s.c.o[0m
[ 89%] [32mBuilding C object CMakeFiles/asurt_msgs__rosidl_generator_py.dir/rosidl_generator_py/asurt_msgs/msg/_roadstate_s.c.o[0m
[ 89%] [32mBuilding C object CMakeFiles/asurt_msgs__rosidl_generator_py.dir/rosidl_generator_py/asurt_msgs/msg/_cloud_info_s.c.o[0m
[ 90%] [32mBuilding C object CMakeFiles/asurt_msgs__rosidl_generator_py.dir/rosidl_generator_py/asurt_msgs/msg/_bounding_boxes_s.c.o[0m
[ 90%] [32mBuilding C object CMakeFiles/asurt_msgs__rosidl_generator_py.dir/rosidl_generator_py/asurt_msgs/msg/_bounding_box_s.c.o[0m
[ 91%] [32mBuilding C object CMakeFiles/asurt_msgs__rosidl_generator_py.dir/rosidl_generator_py/asurt_msgs/msg/_key_points_s.c.o[0m
[ 92%] [32mBuilding C object CMakeFiles/asurt_msgs__rosidl_generator_py.dir/rosidl_generator_py/asurt_msgs/msg/_cone_img_s.c.o[0m
[ 93%] [32mBuilding C object CMakeFiles/asurt_msgs__rosidl_generator_py.dir/rosidl_generator_py/asurt_msgs/msg/_cone_img_array_s.c.o[0m
[ 94%] [32mBuilding C object CMakeFiles/asurt_msgs__rosidl_generator_py.dir/rosidl_generator_py/asurt_msgs/msg/_event_s.c.o[0m
[ 95%] [32m[1mLinking C shared library rosidl_generator_py/asurt_msgs/libasurt_msgs__rosidl_generator_py.so[0m
[ 95%] Built target asurt_msgs__rosidl_generator_py
[ 96%] [32mBuilding C object CMakeFiles/asurt_msgs__rosidl_typesupport_introspection_c__pyext.dir/rosidl_generator_py/asurt_msgs/_asurt_msgs_s.ep.rosidl_typesupport_introspection_c.c.o[0m
[ 97%] [32mBuilding C object CMakeFiles/asurt_msgs__rosidl_typesupport_fastrtps_c__pyext.dir/rosidl_generator_py/asurt_msgs/_asurt_msgs_s.ep.rosidl_typesupport_fastrtps_c.c.o[0m
[ 97%] [32mBuilding C object CMakeFiles/asurt_msgs__rosidl_typesupport_c__pyext.dir/rosidl_generator_py/asurt_msgs/_asurt_msgs_s.ep.rosidl_typesupport_c.c.o[0m
[ 98%] [32m[1mLinking C shared library rosidl_generator_py/asurt_msgs/asurt_msgs_s__rosidl_typesupport_fastrtps_c.cpython-310-x86_64-linux-gnu.so[0m
[ 99%] [32m[1mLinking C shared library rosidl_generator_py/asurt_msgs/asurt_msgs_s__rosidl_typesupport_c.cpython-310-x86_64-linux-gnu.so[0m
[100%] [32m[1mLinking C shared library rosidl_generator_py/asurt_msgs/asurt_msgs_s__rosidl_typesupport_introspection_c.cpython-310-x86_64-linux-gnu.so[0m
[100%] Built target asurt_msgs__rosidl_typesupport_introspection_c__pyext
[100%] Built target asurt_msgs__rosidl_typesupport_fastrtps_c__pyext
[100%] Built target asurt_msgs__rosidl_typesupport_c__pyext
-- Install configuration: ""
-- Execute custom install script
-- Symlinking: /home/ayasx9/FSAI26/perception_deep_logging/ros2_ws/install/asurt_msgs/share/ament_index/resource_index/rosidl_interfaces/asurt_msgs
-- Symlinking: /home/ayasx9/FSAI26/perception_deep_logging/ros2_ws/install/asurt_msgs/include/asurt_msgs/asurt_msgs/msg/bounding_box.h
-- Symlinking: /home/ayasx9/FSAI26/perception_deep_logging/ros2_ws/install/asurt_msgs/include/asurt_msgs/asurt_msgs/msg/bounding_boxes.h
-- Symlinking: /home/ayasx9/FSAI26/perception_deep_logging/ros2_ws/install/asurt_msgs/include/asurt_msgs/asurt_msgs/msg/cloud_info.h
-- Symlinking: /home/ayasx9/FSAI26/perception_deep_logging/ros2_ws/install/asurt_msgs/include/asurt_msgs/asurt_msgs/msg/cone_img.h
-- Symlinking: /home/ayasx9/FSAI26/perception_deep_logging/ros2_ws/install/asurt_msgs/include/asurt_msgs/asurt_msgs/msg/cone_img_array.h
-- Symlinking: /home/ayasx9/FSAI26/perception_deep_logging/ros2_ws/install/asurt_msgs/include/asurt_msgs/asurt_msgs/msg/detail/bounding_box__functions.h
-- Symlinking: /home/ayasx9/FSAI26/perception_deep_logging/ros2_ws/install/asurt_msgs/include/asurt_msgs/asurt_msgs/msg/detail/bounding_box__struct.h
-- Symlinking: /home/ayasx9/FSAI26/perception_deep_logging/ros2_ws/install/asurt_msgs/include/asurt_msgs/asurt_msgs/msg/detail/bounding_box__type_support.h
-- Symlinking: /home/ayasx9/FSAI26/perception_deep_logging/ros2_ws/install/asurt_msgs/include/asurt_msgs/asurt_msgs/msg/detail/bounding_boxes__functions.h
-- Symlinking: /home/ayasx9/FSAI26/perception_deep_logging/ros2_ws/install/asurt_msgs/include/asurt_msgs/asurt_msgs/msg/detail/bounding_boxes__struct.h
-- Symlinking: /home/ayasx9/FSAI26/perception_deep_logging/ros2_ws/install/asurt_msgs/include/asurt_msgs/asurt_msgs/msg/detail/bounding_boxes__type_support.h
-- Symlinking: /home/ayasx9/FSAI26/perception_deep_logging/ros2_ws/install/asurt_msgs/include/asurt_msgs/asurt_msgs/msg/detail/cloud_info__functions.h
-- Symlinking: /home/ayasx9/FSAI26/perception_deep_logging/ros2_ws/install/asurt_msgs/include/asurt_msgs/asurt_msgs/msg/detail/cloud_info__struct.h
-- Symlinking: /home/ayasx9/FSAI26/perception_deep_logging/ros2_ws/install/asurt_msgs/include/asurt_msgs/asurt_msgs/msg/detail/cloud_info__type_support.h
-- Symlinking: /home/ayasx9/FSAI26/perception_deep_logging/ros2_ws/install/asurt_msgs/include/asurt_msgs/asurt_msgs/msg/detail/cone_img__functions.h
-- Symlinking: /home/ayasx9/FSAI26/perception_deep_logging/ros2_ws/install/asurt_msgs/include/asurt_msgs/asurt_msgs/msg/detail/cone_img__struct.h
-- Symlinking: /home/ayasx9/FSAI26/perception_deep_logging/ros2_ws/install/asurt_msgs/include/asurt_msgs/asurt_msgs/msg/detail/cone_img__type_support.h
-- Symlinking: /home/ayasx9/FSAI26/perception_deep_logging/ros2_ws/install/asurt_msgs/include/asurt_msgs/asurt_msgs/msg/detail/cone_img_array__functions.h
-- Symlinking: /home/ayasx9/FSAI26/perception_deep_logging/ros2_ws/install/asurt_msgs/include/asurt_msgs/asurt_msgs/msg/detail/cone_img_array__struct.h
-- Symlinking: /home/ayasx9/FSAI26/perception_deep_logging/ros2_ws/install/asurt_msgs/include/asurt_msgs/asurt_msgs/msg/detail/cone_img_array__type_support.h
-- Symlinking: /home/ayasx9/FSAI26/perception_deep_logging/ros2_ws/install/asurt_msgs/include/asurt_msgs/asurt_msgs/msg/detail/event__functions.h
-- Symlinking: /home/ayasx9/FSAI26/perception_deep_logging/ros2_ws/install/asurt_msgs/include/asurt_msgs/asurt_msgs/msg/detail/event__struct.h
-- Symlinking: /home/ayasx9/FSAI26/perception_deep_logging/ros2_ws/install/asurt_msgs/include/asurt_msgs/asurt_msgs/msg/detail/event__type_support.h
-- Symlinking: /home/ayasx9/FSAI26/perception_deep_logging/ros2_ws/install/asurt_msgs/include/asurt_msgs/asurt_msgs/msg/detail/key_points__functions.h
-- Symlinking: /home/ayasx9/FSAI26/perception_deep_logging/ros2_ws/install/asurt_msgs/include/asurt_msgs/asurt_msgs/msg/detail/key_points__struct.h
-- Symlinking: /home/ayasx9/FSAI26/perception_deep_logging/ros2_ws/install/asurt_msgs/include/asurt_msgs/asurt_msgs/msg/detail/key_points__type_support.h
-- Symlinking: /home/ayasx9/FSAI26/perception_deep_logging/ros2_ws/install/asurt_msgs/include/asurt_msgs/asurt_msgs/msg/detail/landmark__functions.h
-- Symlinking: /home/ayasx9/FSAI26/perception_deep_logging/ros2_ws/install/asurt_msgs/include/asurt_msgs/asurt_msgs/msg/detail/landmark__struct.h
-- Symlinking: /home/ayasx9/FSAI26/perception_deep_logging/ros2_ws/install/asurt_msgs/include/asurt_msgs/asurt_msgs/msg/detail/landmark__type_support.h
-- Symlinking: /home/ayasx9/FSAI26/perception_deep_logging/ros2_ws/install/asurt_msgs/include/asurt_msgs/asurt_msgs/msg/detail/landmark_array__functions.h
-- Symlinking: /home/ayasx9/FSAI26/perception_deep_logging/ros2_ws/install/asurt_msgs/include/asurt_msgs/asurt_msgs/msg/detail/landmark_array__struct.h
-- Symlinking: /home/ayasx9/FSAI26/perception_deep_logging/ros2_ws/install/asurt_msgs/include/asurt_msgs/asurt_msgs/msg/detail/landmark_array__type_support.h
-- Symlinking: /home/ayasx9/FSAI26/perception_deep_logging/ros2_ws/install/asurt_msgs/include/asurt_msgs/asurt_msgs/msg/detail/node_status__functions.h
-- Symlinking: /home/ayasx9/FSAI26/perception_deep_logging/ros2_ws/install/asurt_msgs/include/asurt_msgs/asurt_msgs/msg/detail/node_status__struct.h
-- Symlinking: /home/ayasx9/FSAI26/perception_deep_logging/ros2_ws/install/asurt_msgs/include/asurt_msgs/asurt_msgs/msg/detail/node_status__type_support.h
-- Symlinking: /home/ayasx9/FSAI26/perception_deep_logging/ros2_ws/install/asurt_msgs/include/asurt_msgs/asurt_msgs/msg/detail/roadstate__functions.h
-- Symlinking: /home/ayasx9/FSAI26/perception_deep_logging/ros2_ws/install/asurt_msgs/include/asurt_msgs/asurt_msgs/msg/detail/roadstate__struct.h
-- Symlinking: /home/ayasx9/FSAI26/perception_deep_logging/ros2_ws/install/asurt_msgs/include/asurt_msgs/asurt_msgs/msg/detail/roadstate__type_support.h
-- Symlinking: /home/ayasx9/FSAI26/perception_deep_logging/ros2_ws/install/asurt_msgs/include/asurt_msgs/asurt_msgs/msg/event.h
-- Symlinking: /home/ayasx9/FSAI26/perception_deep_logging/ros2_ws/install/asurt_msgs/include/asurt_msgs/asurt_msgs/msg/key_points.h
-- Symlinking: /home/ayasx9/FSAI26/perception_deep_logging/ros2_ws/install/asurt_msgs/include/asurt_msgs/asurt_msgs/msg/landmark.h
-- Symlinking: /home/ayasx9/FSAI26/perception_deep_logging/ros2_ws/install/asurt_msgs/include/asurt_msgs/asurt_msgs/msg/landmark_array.h
-- Symlinking: /home/ayasx9/FSAI26/perception_deep_logging/ros2_ws/install/asurt_msgs/include/asurt_msgs/asurt_msgs/msg/node_status.h
-- Symlinking: /home/ayasx9/FSAI26/perception_deep_logging/ros2_ws/install/asurt_msgs/include/asurt_msgs/asurt_msgs/msg/roadstate.h
-- Symlinking: /home/ayasx9/FSAI26/perception_deep_logging/ros2_ws/install/asurt_msgs/include/asurt_msgs/asurt_msgs/msg/rosidl_generator_c__visibility_control.h
-- Symlinking: /home/ayasx9/FSAI26/perception_deep_logging/ros2_ws/install/asurt_msgs/share/asurt_msgs/environment/library_path.sh
-- Symlinking: /home/ayasx9/FSAI26/perception_deep_logging/ros2_ws/install/asurt_msgs/share/asurt_msgs/environment/library_path.dsv
-- Symlinking: /home/ayasx9/FSAI26/perception_deep_logging/ros2_ws/install/asurt_msgs/include/asurt_msgs/asurt_msgs/msg/detail/bounding_box__rosidl_typesupport_fastrtps_c.h
-- Symlinking: /home/ayasx9/FSAI26/perception_deep_logging/ros2_ws/install/asurt_msgs/include/asurt_msgs/asurt_msgs/msg/detail/bounding_boxes__rosidl_typesupport_fastrtps_c.h
-- Symlinking: /home/ayasx9/FSAI26/perception_deep_logging/ros2_ws/install/asurt_msgs/include/asurt_msgs/asurt_msgs/msg/detail/cloud_info__rosidl_typesupport_fastrtps_c.h
-- Symlinking: /home/ayasx9/FSAI26/perception_deep_logging/ros2_ws/install/asurt_msgs/include/asurt_msgs/asurt_msgs/msg/detail/cone_img__rosidl_typesupport_fastrtps_c.h
-- Symlinking: /home/ayasx9/FSAI26/perception_deep_logging/ros2_ws/install/asurt_msgs/include/asurt_msgs/asurt_msgs/msg/detail/cone_img_array__rosidl_typesupport_fastrtps_c.h
-- Symlinking: /home/ayasx9/FSAI26/perception_deep_logging/ros2_ws/install/asurt_msgs/include/asurt_msgs/asurt_msgs/msg/detail/event__rosidl_typesupport_fastrtps_c.h
-- Symlinking: /home/ayasx9/FSAI26/perception_deep_logging/ros2_ws/install/asurt_msgs/include/asurt_msgs/asurt_msgs/msg/detail/key_points__rosidl_typesupport_fastrtps_c.h
-- Symlinking: /home/ayasx9/FSAI26/perception_deep_logging/ros2_ws/install/asurt_msgs/include/asurt_msgs/asurt_msgs/msg/detail/landmark__rosidl_typesupport_fastrtps_c.h
-- Symlinking: /home/ayasx9/FSAI26/perception_deep_logging/ros2_ws/install/asurt_msgs/include/asurt_msgs/asurt_msgs/msg/detail/landmark_array__rosidl_typesupport_fastrtps_c.h
-- Symlinking: /home/ayasx9/FSAI26/perception_deep_logging/ros2_ws/install/asurt_msgs/include/asurt_msgs/asurt_msgs/msg/detail/node_status__rosidl_typesupport_fastrtps_c.h
-- Symlinking: /home/ayasx9/FSAI26/perception_deep_logging/ros2_ws/install/asurt_msgs/include/asurt_msgs/asurt_msgs/msg/detail/roadstate__rosidl_typesupport_fastrtps_c.h
-- Symlinking: /home/ayasx9/FSAI26/perception_deep_logging/ros2_ws/install/asurt_msgs/include/asurt_msgs/asurt_msgs/msg/rosidl_typesupport_fastrtps_c__visibility_control.h
-- Symlinking: /home/ayasx9/FSAI26/perception_deep_logging/ros2_ws/install/asurt_msgs/include/asurt_msgs/asurt_msgs/msg/bounding_box.hpp
-- Symlinking: /home/ayasx9/FSAI26/perception_deep_logging/ros2_ws/install/asurt_msgs/include/asurt_msgs/asurt_msgs/msg/bounding_boxes.hpp
-- Symlinking: /home/ayasx9/FSAI26/perception_deep_logging/ros2_ws/install/asurt_msgs/include/asurt_msgs/asurt_msgs/msg/cloud_info.hpp
-- Symlinking: /home/ayasx9/FSAI26/perception_deep_logging/ros2_ws/install/asurt_msgs/include/asurt_msgs/asurt_msgs/msg/cone_img.hpp
-- Symlinking: /home/ayasx9/FSAI26/perception_deep_logging/ros2_ws/install/asurt_msgs/include/asurt_msgs/asurt_msgs/msg/cone_img_array.hpp
-- Symlinking: /home/ayasx9/FSAI26/perception_deep_logging/ros2_ws/install/asurt_msgs/include/asurt_msgs/asurt_msgs/msg/detail/bounding_box__builder.hpp
-- Symlinking: /home/ayasx9/FSAI26/perception_deep_logging/ros2_ws/install/asurt_msgs/include/asurt_msgs/asurt_msgs/msg/detail/bounding_box__struct.hpp
-- Symlinking: /home/ayasx9/FSAI26/perception_deep_logging/ros2_ws/install/asurt_msgs/include/asurt_msgs/asurt_msgs/msg/detail/bounding_box__traits.hpp
-- Symlinking: /home/ayasx9/FSAI26/perception_deep_logging/ros2_ws/install/asurt_msgs/include/asurt_msgs/asurt_msgs/msg/detail/bounding_box__type_support.hpp
-- Symlinking: /home/ayasx9/FSAI26/perception_deep_logging/ros2_ws/install/asurt_msgs/include/asurt_msgs/asurt_msgs/msg/detail/bounding_boxes__builder.hpp
-- Symlinking: /home/ayasx9/FSAI26/perception_deep_logging/ros2_ws/install/asurt_msgs/include/asurt_msgs/asurt_msgs/msg/detail/bounding_boxes__struct.hpp
-- Symlinking: /home/ayasx9/FSAI26/perception_deep_logging/ros2_ws/install/asurt_msgs/include/asurt_msgs/asurt_msgs/msg/detail/bounding_boxes__traits.hpp
-- Symlinking: /home/ayasx9/FSAI26/perception_deep_logging/ros2_ws/install/asurt_msgs/include/asurt_msgs/asurt_msgs/msg/detail/bounding_boxes__type_support.hpp
-- Symlinking: /home/ayasx9/FSAI26/perception_deep_logging/ros2_ws/install/asurt_msgs/include/asurt_msgs/asurt_msgs/msg/detail/cloud_info__builder.hpp
-- Symlinking: /home/ayasx9/FSAI26/perception_deep_logging/ros2_ws/install/asurt_msgs/include/asurt_msgs/asurt_msgs/msg/detail/cloud_info__struct.hpp
-- Symlinking: /home/ayasx9/FSAI26/perception_deep_logging/ros2_ws/install/asurt_msgs/include/asurt_msgs/asurt_msgs/msg/detail/cloud_info__traits.hpp
-- Symlinking: /home/ayasx9/FSAI26/perception_deep_logging/ros2_ws/install/asurt_msgs/include/asurt_msgs/asurt_msgs/msg/detail/cloud_info__type_support.hpp
-- Symlinking: /home/ayasx9/FSAI26/perception_deep_logging/ros2_ws/install/asurt_msgs/include/asurt_msgs/asurt_msgs/msg/detail/cone_img__builder.hpp
-- Symlinking: /home/ayasx9/FSAI26/perception_deep_logging/ros2_ws/install/asurt_msgs/include/asurt_msgs/asurt_msgs/msg/detail/cone_img__struct.hpp
-- Symlinking: /home/ayasx9/FSAI26/perception_deep_logging/ros2_ws/install/asurt_msgs/include/asurt_msgs/asurt_msgs/msg/detail/cone_img__traits.hpp
-- Symlinking: /home/ayasx9/FSAI26/perception_deep_logging/ros2_ws/install/asurt_msgs/include/asurt_msgs/asurt_msgs/msg/detail/cone_img__type_support.hpp
-- Symlinking: /home/ayasx9/FSAI26/perception_deep_logging/ros2_ws/install/asurt_msgs/include/asurt_msgs/asurt_msgs/msg/detail/cone_img_array__builder.hpp
-- Symlinking: /home/ayasx9/FSAI26/perception_deep_logging/ros2_ws/install/asurt_msgs/include/asurt_msgs/asurt_msgs/msg/detail/cone_img_array__struct.hpp
-- Symlinking: /home/ayasx9/FSAI26/perception_deep_logging/ros2_ws/install/asurt_msgs/include/asurt_msgs/asurt_msgs/msg/detail/cone_img_array__traits.hpp
-- Symlinking: /home/ayasx9/FSAI26/perception_deep_logging/ros2_ws/install/asurt_msgs/include/asurt_msgs/asurt_msgs/msg/detail/cone_img_array__type_support.hpp
-- Symlinking: /home/ayasx9/FSAI26/perception_deep_logging/ros2_ws/install/asurt_msgs/include/asurt_msgs/asurt_msgs/msg/detail/event__builder.hpp
-- Symlinking: /home/ayasx9/FSAI26/perception_deep_logging/ros2_ws/install/asurt_msgs/include/asurt_msgs/asurt_msgs/msg/detail/event__struct.hpp
-- Symlinking: /home/ayasx9/FSAI26/perception_deep_logging/ros2_ws/install/asurt_msgs/include/asurt_msgs/asurt_msgs/msg/detail/event__traits.hpp
-- Symlinking: /home/ayasx9/FSAI26/perception_deep_logging/ros2_ws/install/asurt_msgs/include/asurt_msgs/asurt_msgs/msg/detail/event__type_support.hpp
-- Symlinking: /home/ayasx9/FSAI26/perception_deep_logging/ros2_ws/install/asurt_msgs/include/asurt_msgs/asurt_msgs/msg/detail/key_points__builder.hpp
-- Symlinking: /home/ayasx9/FSAI26/perception_deep_logging/ros2_ws/install/asurt_msgs/include/asurt_msgs/asurt_msgs/msg/detail/key_points__struct.hpp
-- Symlinking: /home/ayasx9/FSAI26/perception_deep_logging/ros2_ws/install/asurt_msgs/include/asurt_msgs/asurt_msgs/msg/detail/key_points__traits.hpp
-- Symlinking: /home/ayasx9/FSAI26/perception_deep_logging/ros2_ws/install/asurt_msgs/include/asurt_msgs/asurt_msgs/msg/detail/key_points__type_support.hpp
-- Symlinking: /home/ayasx9/FSAI26/perception_deep_logging/ros2_ws/install/asurt_msgs/include/asurt_msgs/asurt_msgs/msg/detail/landmark__builder.hpp
-- Symlinking: /home/ayasx9/FSAI26/perception_deep_logging/ros2_ws/install/asurt_msgs/include/asurt_msgs/asurt_msgs/msg/detail/landmark__struct.hpp
-- Symlinking: /home/ayasx9/FSAI26/perception_deep_logging/ros2_ws/install/asurt_msgs/include/asurt_msgs/asurt_msgs/msg/detail/landmark__traits.hpp
-- Symlinking: /home/ayasx9/FSAI26/perception_deep_logging/ros2_ws/install/asurt_msgs/include/asurt_msgs/asurt_msgs/msg/detail/landmark__type_support.hpp
-- Symlinking: /home/ayasx9/FSAI26/perception_deep_logging/ros2_ws/install/asurt_msgs/include/asurt_msgs/asurt_msgs/msg/detail/landmark_array__builder.hpp
-- Symlinking: /home/ayasx9/FSAI26/perception_deep_logging/ros2_ws/install/asurt_msgs/include/asurt_msgs/asurt_msgs/msg/detail/landmark_array__struct.hpp
-- Symlinking: /home/ayasx9/FSAI26/perception_deep_logging/ros2_ws/install/asurt_msgs/include/asurt_msgs/asurt_msgs/msg/detail/landmark_array__traits.hpp
-- Symlinking: /home/ayasx9/FSAI26/perception_deep_logging/ros2_ws/install/asurt_msgs/include/asurt_msgs/asurt_msgs/msg/detail/landmark_array__type_support.hpp
-- Symlinking: /home/ayasx9/FSAI26/perception_deep_logging/ros2_ws/install/asurt_msgs/include/asurt_msgs/asurt_msgs/msg/detail/node_status__builder.hpp
-- Symlinking: /home/ayasx9/FSAI26/perception_deep_logging/ros2_ws/install/asurt_msgs/include/asurt_msgs/asurt_msgs/msg/detail/node_status__struct.hpp
-- Symlinking: /home/ayasx9/FSAI26/perception_deep_logging/ros2_ws/install/asurt_msgs/include/asurt_msgs/asurt_msgs/msg/detail/node_status__traits.hpp
-- Symlinking: /home/ayasx9/FSAI26/perception_deep_logging/ros2_ws/install/asurt_msgs/include/asurt_msgs/asurt_msgs/msg/detail/node_status__type_support.hpp
-- Symlinking: /home/ayasx9/FSAI26/perception_deep_logging/ros2_ws/install/asurt_msgs/include/asurt_msgs/asurt_msgs/msg/detail/roadstate__builder.hpp
-- Symlinking: /home/ayasx9/FSAI26/perception_deep_logging/ros2_ws/install/asurt_msgs/include/asurt_msgs/asurt_msgs/msg/detail/roadstate__struct.hpp
-- Symlinking: /home/ayasx9/FSAI26/perception_deep_logging/ros2_ws/install/asurt_msgs/include/asurt_msgs/asurt_msgs/msg/detail/roadstate__traits.hpp
-- Symlinking: /home/ayasx9/FSAI26/perception_deep_logging/ros2_ws/install/asurt_msgs/include/asurt_msgs/asurt_msgs/msg/detail/roadstate__type_support.hpp
-- Symlinking: /home/ayasx9/FSAI26/perception_deep_logging/ros2_ws/install/asurt_msgs/include/asurt_msgs/asurt_msgs/msg/event.hpp
-- Symlinking: /home/ayasx9/FSAI26/perception_deep_logging/ros2_ws/install/asurt_msgs/include/asurt_msgs/asurt_msgs/msg/key_points.hpp
-- Symlinking: /home/ayasx9/FSAI26/perception_deep_logging/ros2_ws/install/asurt_msgs/include/asurt_msgs/asurt_msgs/msg/landmark.hpp
-- Symlinking: /home/ayasx9/FSAI26/perception_deep_logging/ros2_ws/install/asurt_msgs/include/asurt_msgs/asurt_msgs/msg/landmark_array.hpp
-- Symlinking: /home/ayasx9/FSAI26/perception_deep_logging/ros2_ws/install/asurt_msgs/include/asurt_msgs/asurt_msgs/msg/node_status.hpp
-- Symlinking: /home/ayasx9/FSAI26/perception_deep_logging/ros2_ws/install/asurt_msgs/include/asurt_msgs/asurt_msgs/msg/roadstate.hpp
-- Symlinking: /home/ayasx9/FSAI26/perception_deep_logging/ros2_ws/install/asurt_msgs/include/asurt_msgs/asurt_msgs/msg/rosidl_generator_cpp__visibility_control.hpp
-- Symlinking: /home/ayasx9/FSAI26/perception_deep_logging/ros2_ws/install/asurt_msgs/include/asurt_msgs/asurt_msgs/msg/detail/bounding_box__rosidl_typesupport_fastrtps_cpp.hpp
-- Symlinking: /home/ayasx9/FSAI26/perception_deep_logging/ros2_ws/install/asurt_msgs/include/asurt_msgs/asurt_msgs/msg/detail/bounding_boxes__rosidl_typesupport_fastrtps_cpp.hpp
-- Symlinking: /home/ayasx9/FSAI26/perception_deep_logging/ros2_ws/install/asurt_msgs/include/asurt_msgs/asurt_msgs/msg/detail/cloud_info__rosidl_typesupport_fastrtps_cpp.hpp
-- Symlinking: /home/ayasx9/FSAI26/perception_deep_logging/ros2_ws/install/asurt_msgs/include/asurt_msgs/asurt_msgs/msg/detail/cone_img__rosidl_typesupport_fastrtps_cpp.hpp
-- Symlinking: /home/ayasx9/FSAI26/perception_deep_logging/ros2_ws/install/asurt_msgs/include/asurt_msgs/asurt_msgs/msg/detail/cone_img_array__rosidl_typesupport_fastrtps_cpp.hpp
-- Symlinking: /home/ayasx9/FSAI26/perception_deep_logging/ros2_ws/install/asurt_msgs/include/asurt_msgs/asurt_msgs/msg/detail/event__rosidl_typesupport_fastrtps_cpp.hpp
-- Symlinking: /home/ayasx9/FSAI26/perception_deep_logging/ros2_ws/install/asurt_msgs/include/asurt_msgs/asurt_msgs/msg/detail/key_points__rosidl_typesupport_fastrtps_cpp.hpp
-- Symlinking: /home/ayasx9/FSAI26/perception_deep_logging/ros2_ws/install/asurt_msgs/include/asurt_msgs/asurt_msgs/msg/detail/landmark__rosidl_typesupport_fastrtps_cpp.hpp
-- Symlinking: /home/ayasx9/FSAI26/perception_deep_logging/ros2_ws/install/asurt_msgs/include/asurt_msgs/asurt_msgs/msg/detail/landmark_array__rosidl_typesupport_fastrtps_cpp.hpp
-- Symlinking: /home/ayasx9/FSAI26/perception_deep_logging/ros2_ws/install/asurt_msgs/include/asurt_msgs/asurt_msgs/msg/detail/node_status__rosidl_typesupport_fastrtps_cpp.hpp
-- Symlinking: /home/ayasx9/FSAI26/perception_deep_logging/ros2_ws/install/asurt_msgs/include/asurt_msgs/asurt_msgs/msg/detail/roadstate__rosidl_typesupport_fastrtps_cpp.hpp
-- Symlinking: /home/ayasx9/FSAI26/perception_deep_logging/ros2_ws/install/asurt_msgs/include/asurt_msgs/asurt_msgs/msg/rosidl_typesupport_fastrtps_cpp__visibility_control.h
-- Symlinking: /home/ayasx9/FSAI26/perception_deep_logging/ros2_ws/install/asurt_msgs/include/asurt_msgs/asurt_msgs/msg/detail/bounding_box__rosidl_typesupport_introspection_c.h
-- Symlinking: /home/ayasx9/FSAI26/perception_deep_logging/ros2_ws/install/asurt_msgs/include/asurt_msgs/asurt_msgs/msg/detail/bounding_boxes__rosidl_typesupport_introspection_c.h
-- Symlinking: /home/ayasx9/FSAI26/perception_deep_logging/ros2_ws/install/asurt_msgs/include/asurt_msgs/asurt_msgs/msg/detail/cloud_info__rosidl_typesupport_introspection_c.h
-- Symlinking: /home/ayasx9/FSAI26/perception_deep_logging/ros2_ws/install/asurt_msgs/include/asurt_msgs/asurt_msgs/msg/detail/cone_img__rosidl_typesupport_introspection_c.h
-- Symlinking: /home/ayasx9/FSAI26/perception_deep_logging/ros2_ws/install/asurt_msgs/include/asurt_msgs/asurt_msgs/msg/detail/cone_img_array__rosidl_typesupport_introspection_c.h
-- Symlinking: /home/ayasx9/FSAI26/perception_deep_logging/ros2_ws/install/asurt_msgs/include/asurt_msgs/asurt_msgs/msg/detail/event__rosidl_typesupport_introspection_c.h
-- Symlinking: /home/ayasx9/FSAI26/perception_deep_logging/ros2_ws/install/asurt_msgs/include/asurt_msgs/asurt_msgs/msg/detail/key_points__rosidl_typesupport_introspection_c.h
-- Symlinking: /home/ayasx9/FSAI26/perception_deep_logging/ros2_ws/install/asurt_msgs/include/asurt_msgs/asurt_msgs/msg/detail/landmark__rosidl_typesupport_introspection_c.h
-- Symlinking: /home/ayasx9/FSAI26/perception_deep_logging/ros2_ws/install/asurt_msgs/include/asurt_msgs/asurt_msgs/msg/detail/landmark_array__rosidl_typesupport_introspection_c.h
-- Symlinking: /home/ayasx9/FSAI26/perception_deep_logging/ros2_ws/install/asurt_msgs/include/asurt_msgs/asurt_msgs/msg/detail/node_status__rosidl_typesupport_introspection_c.h
-- Symlinking: /home/ayasx9/FSAI26/perception_deep_logging/ros2_ws/install/asurt_msgs/include/asurt_msgs/asurt_msgs/msg/detail/roadstate__rosidl_typesupport_introspection_c.h
-- Symlinking: /home/ayasx9/FSAI26/perception_deep_logging/ros2_ws/install/asurt_msgs/include/asurt_msgs/asurt_msgs/msg/rosidl_typesupport_introspection_c__visibility_control.h
-- Symlinking: /home/ayasx9/FSAI26/perception_deep_logging/ros2_ws/install/asurt_msgs/include/asurt_msgs/asurt_msgs/msg/detail/bounding_box__rosidl_typesupport_introspection_cpp.hpp
-- Symlinking: /home/ayasx9/FSAI26/perception_deep_logging/ros2_ws/install/asurt_msgs/include/asurt_msgs/asurt_msgs/msg/detail/bounding_boxes__rosidl_typesupport_introspection_cpp.hpp
-- Symlinking: /home/ayasx9/FSAI26/perception_deep_logging/ros2_ws/install/asurt_msgs/include/asurt_msgs/asurt_msgs/msg/detail/cloud_info__rosidl_typesupport_introspection_cpp.hpp
-- Symlinking: /home/ayasx9/FSAI26/perception_deep_logging/ros2_ws/install/asurt_msgs/include/asurt_msgs/asurt_msgs/msg/detail/cone_img__rosidl_typesupport_introspection_cpp.hpp
-- Symlinking: /home/ayasx9/FSAI26/perception_deep_logging/ros2_ws/install/asurt_msgs/include/asurt_msgs/asurt_msgs/msg/detail/cone_img_array__rosidl_typesupport_introspection_cpp.hpp
-- Symlinking: /home/ayasx9/FSAI26/perception_deep_logging/ros2_ws/install/asurt_msgs/include/asurt_msgs/asurt_msgs/msg/detail/event__rosidl_typesupport_introspection_cpp.hpp
-- Symlinking: /home/ayasx9/FSAI26/perception_deep_logging/ros2_ws/install/asurt_msgs/include/asurt_msgs/asurt_msgs/msg/detail/key_points__rosidl_typesupport_introspection_cpp.hpp
-- Symlinking: /home/ayasx9/FSAI26/perception_deep_logging/ros2_ws/install/asurt_msgs/include/asurt_msgs/asurt_msgs/msg/detail/landmark__rosidl_typesupport_introspection_cpp.hpp
-- Symlinking: /home/ayasx9/FSAI26/perception_deep_logging/ros2_ws/install/asurt_msgs/include/asurt_msgs/asurt_msgs/msg/detail/landmark_array__rosidl_typesupport_introspection_cpp.hpp
-- Symlinking: /home/ayasx9/FSAI26/perception_deep_logging/ros2_ws/install/asurt_msgs/include/asurt_msgs/asurt_msgs/msg/detail/node_status__rosidl_typesupport_introspection_cpp.hpp
-- Symlinking: /home/ayasx9/FSAI26/perception_deep_logging/ros2_ws/install/asurt_msgs/include/asurt_msgs/asurt_msgs/msg/detail/roadstate__rosidl_typesupport_introspection_cpp.hpp
-- Symlinking: /home/ayasx9/FSAI26/perception_deep_logging/ros2_ws/install/asurt_msgs/share/asurt_msgs/environment/pythonpath.sh
-- Symlinking: /home/ayasx9/FSAI26/perception_deep_logging/ros2_ws/install/asurt_msgs/share/asurt_msgs/environment/pythonpath.dsv
-- Symlinking: /home/ayasx9/FSAI26/perception_deep_logging/ros2_ws/install/asurt_msgs/local/lib/python3.10/dist-packages/asurt_msgs-2.0.0-py3.10.egg-info/PKG-INFO
-- Symlinking: /home/ayasx9/FSAI26/perception_deep_logging/ros2_ws/install/asurt_msgs/local/lib/python3.10/dist-packages/asurt_msgs-2.0.0-py3.10.egg-info/SOURCES.txt
-- Symlinking: /home/ayasx9/FSAI26/perception_deep_logging/ros2_ws/install/asurt_msgs/local/lib/python3.10/dist-packages/asurt_msgs-2.0.0-py3.10.egg-info/dependency_links.txt
-- Symlinking: /home/ayasx9/FSAI26/perception_deep_logging/ros2_ws/install/asurt_msgs/local/lib/python3.10/dist-packages/asurt_msgs-2.0.0-py3.10.egg-info/top_level.txt
-- Symlinking: /home/ayasx9/FSAI26/perception_deep_logging/ros2_ws/install/asurt_msgs/local/lib/python3.10/dist-packages/asurt_msgs/__init__.py
-- Symlinking: /home/ayasx9/FSAI26/perception_deep_logging/ros2_ws/install/asurt_msgs/local/lib/python3.10/dist-packages/asurt_msgs/_asurt_msgs_s.ep.rosidl_typesupport_c.c
-- Symlinking: /home/ayasx9/FSAI26/perception_deep_logging/ros2_ws/install/asurt_msgs/local/lib/python3.10/dist-packages/asurt_msgs/_asurt_msgs_s.ep.rosidl_typesupport_fastrtps_c.c
-- Symlinking: /home/ayasx9/FSAI26/perception_deep_logging/ros2_ws/install/asurt_msgs/local/lib/python3.10/dist-packages/asurt_msgs/_asurt_msgs_s.ep.rosidl_typesupport_introspection_c.c
-- Symlinking: /home/ayasx9/FSAI26/perception_deep_logging/ros2_ws/install/asurt_msgs/local/lib/python3.10/dist-packages/asurt_msgs/asurt_msgs_s__rosidl_typesupport_c.cpython-310-x86_64-linux-gnu.so
-- Symlinking: /home/ayasx9/FSAI26/perception_deep_logging/ros2_ws/install/asurt_msgs/local/lib/python3.10/dist-packages/asurt_msgs/asurt_msgs_s__rosidl_typesupport_fastrtps_c.cpython-310-x86_64-linux-gnu.so
-- Symlinking: /home/ayasx9/FSAI26/perception_deep_logging/ros2_ws/install/asurt_msgs/local/lib/python3.10/dist-packages/asurt_msgs/asurt_msgs_s__rosidl_typesupport_introspection_c.cpython-310-x86_64-linux-gnu.so
-- Symlinking: /home/ayasx9/FSAI26/perception_deep_logging/ros2_ws/install/asurt_msgs/local/lib/python3.10/dist-packages/asurt_msgs/libasurt_msgs__rosidl_generator_py.so
-- Symlinking: /home/ayasx9/FSAI26/perception_deep_logging/ros2_ws/install/asurt_msgs/local/lib/python3.10/dist-packages/asurt_msgs/msg/__init__.py
-- Symlinking: /home/ayasx9/FSAI26/perception_deep_logging/ros2_ws/install/asurt_msgs/local/lib/python3.10/dist-packages/asurt_msgs/msg/_bounding_box.py
-- Symlinking: /home/ayasx9/FSAI26/perception_deep_logging/ros2_ws/install/asurt_msgs/local/lib/python3.10/dist-packages/asurt_msgs/msg/_bounding_box_s.c
-- Symlinking: /home/ayasx9/FSAI26/perception_deep_logging/ros2_ws/install/asurt_msgs/local/lib/python3.10/dist-packages/asurt_msgs/msg/_bounding_boxes.py
-- Symlinking: /home/ayasx9/FSAI26/perception_deep_logging/ros2_ws/install/asurt_msgs/local/lib/python3.10/dist-packages/asurt_msgs/msg/_bounding_boxes_s.c
-- Symlinking: /home/ayasx9/FSAI26/perception_deep_logging/ros2_ws/install/asurt_msgs/local/lib/python3.10/dist-packages/asurt_msgs/msg/_cloud_info.py
-- Symlinking: /home/ayasx9/FSAI26/perception_deep_logging/ros2_ws/install/asurt_msgs/local/lib/python3.10/dist-packages/asurt_msgs/msg/_cloud_info_s.c
-- Symlinking: /home/ayasx9/FSAI26/perception_deep_logging/ros2_ws/install/asurt_msgs/local/lib/python3.10/dist-packages/asurt_msgs/msg/_cone_img.py
-- Symlinking: /home/ayasx9/FSAI26/perception_deep_logging/ros2_ws/install/asurt_msgs/local/lib/python3.10/dist-packages/asurt_msgs/msg/_cone_img_array.py
-- Symlinking: /home/ayasx9/FSAI26/perception_deep_logging/ros2_ws/install/asurt_msgs/local/lib/python3.10/dist-packages/asurt_msgs/msg/_cone_img_array_s.c
-- Symlinking: /home/ayasx9/FSAI26/perception_deep_logging/ros2_ws/install/asurt_msgs/local/lib/python3.10/dist-packages/asurt_msgs/msg/_cone_img_s.c
-- Symlinking: /home/ayasx9/FSAI26/perception_deep_logging/ros2_ws/install/asurt_msgs/local/lib/python3.10/dist-packages/asurt_msgs/msg/_event.py
-- Symlinking: /home/ayasx9/FSAI26/perception_deep_logging/ros2_ws/install/asurt_msgs/local/lib/python3.10/dist-packages/asurt_msgs/msg/_event_s.c
-- Symlinking: /home/ayasx9/FSAI26/perception_deep_logging/ros2_ws/install/asurt_msgs/local/lib/python3.10/dist-packages/asurt_msgs/msg/_key_points.py
-- Symlinking: /home/ayasx9/FSAI26/perception_deep_logging/ros2_ws/install/asurt_msgs/local/lib/python3.10/dist-packages/asurt_msgs/msg/_key_points_s.c
-- Symlinking: /home/ayasx9/FSAI26/perception_deep_logging/ros2_ws/install/asurt_msgs/local/lib/python3.10/dist-packages/asurt_msgs/msg/_landmark.py
-- Symlinking: /home/ayasx9/FSAI26/perception_deep_logging/ros2_ws/install/asurt_msgs/local/lib/python3.10/dist-packages/asurt_msgs/msg/_landmark_array.py
-- Symlinking: /home/ayasx9/FSAI26/perception_deep_logging/ros2_ws/install/asurt_msgs/local/lib/python3.10/dist-packages/asurt_msgs/msg/_landmark_array_s.c
-- Symlinking: /home/ayasx9/FSAI26/perception_deep_logging/ros2_ws/install/asurt_msgs/local/lib/python3.10/dist-packages/asurt_msgs/msg/_landmark_s.c
-- Symlinking: /home/ayasx9/FSAI26/perception_deep_logging/ros2_ws/install/asurt_msgs/local/lib/python3.10/dist-packages/asurt_msgs/msg/_node_status.py
-- Symlinking: /home/ayasx9/FSAI26/perception_deep_logging/ros2_ws/install/asurt_msgs/local/lib/python3.10/dist-packages/asurt_msgs/msg/_node_status_s.c
-- Symlinking: /home/ayasx9/FSAI26/perception_deep_logging/ros2_ws/install/asurt_msgs/local/lib/python3.10/dist-packages/asurt_msgs/msg/_roadstate.py
-- Symlinking: /home/ayasx9/FSAI26/perception_deep_logging/ros2_ws/install/asurt_msgs/local/lib/python3.10/dist-packages/asurt_msgs/msg/_roadstate_s.c
-- Up-to-date symlink: /home/ayasx9/FSAI26/perception_deep_logging/ros2_ws/install/asurt_msgs/local/lib/python3.10/dist-packages/asurt_msgs/asurt_msgs_s__rosidl_typesupport_fastrtps_c.cpython-310-x86_64-linux-gnu.so
-- Up-to-date symlink: /home/ayasx9/FSAI26/perception_deep_logging/ros2_ws/install/asurt_msgs/local/lib/python3.10/dist-packages/asurt_msgs/asurt_msgs_s__rosidl_typesupport_introspection_c.cpython-310-x86_64-linux-gnu.so
-- Up-to-date symlink: /home/ayasx9/FSAI26/perception_deep_logging/ros2_ws/install/asurt_msgs/local/lib/python3.10/dist-packages/asurt_msgs/asurt_msgs_s__rosidl_typesupport_c.cpython-310-x86_64-linux-gnu.so
-- Symlinking: /home/ayasx9/FSAI26/perception_deep_logging/ros2_ws/install/asurt_msgs/share/asurt_msgs/msg/Landmark.idl
-- Symlinking: /home/ayasx9/FSAI26/perception_deep_logging/ros2_ws/install/asurt_msgs/share/asurt_msgs/msg/LandmarkArray.idl
-- Symlinking: /home/ayasx9/FSAI26/perception_deep_logging/ros2_ws/install/asurt_msgs/share/asurt_msgs/msg/NodeStatus.idl
-- Symlinking: /home/ayasx9/FSAI26/perception_deep_logging/ros2_ws/install/asurt_msgs/share/asurt_msgs/msg/Roadstate.idl
-- Symlinking: /home/ayasx9/FSAI26/perception_deep_logging/ros2_ws/install/asurt_msgs/share/asurt_msgs/msg/CloudInfo.idl
-- Symlinking: /home/ayasx9/FSAI26/perception_deep_logging/ros2_ws/install/asurt_msgs/share/asurt_msgs/msg/BoundingBox.idl
-- Symlinking: /home/ayasx9/FSAI26/perception_deep_logging/ros2_ws/install/asurt_msgs/share/asurt_msgs/msg/BoundingBoxes.idl
-- Symlinking: /home/ayasx9/FSAI26/perception_deep_logging/ros2_ws/install/asurt_msgs/share/asurt_msgs/msg/ConeImg.idl
-- Symlinking: /home/ayasx9/FSAI26/perception_deep_logging/ros2_ws/install/asurt_msgs/share/asurt_msgs/msg/ConeImgArray.idl
-- Symlinking: /home/ayasx9/FSAI26/perception_deep_logging/ros2_ws/install/asurt_msgs/share/asurt_msgs/msg/KeyPoints.idl
-- Symlinking: /home/ayasx9/FSAI26/perception_deep_logging/ros2_ws/install/asurt_msgs/share/asurt_msgs/msg/Event.idl
-- Symlinking: /home/ayasx9/FSAI26/perception_deep_logging/ros2_ws/install/asurt_msgs/share/asurt_msgs/msg/Landmark.msg
-- Symlinking: /home/ayasx9/FSAI26/perception_deep_logging/ros2_ws/install/asurt_msgs/share/asurt_msgs/msg/LandmarkArray.msg
-- Symlinking: /home/ayasx9/FSAI26/perception_deep_logging/ros2_ws/install/asurt_msgs/share/asurt_msgs/msg/NodeStatus.msg
-- Symlinking: /home/ayasx9/FSAI26/perception_deep_logging/ros2_ws/install/asurt_msgs/share/asurt_msgs/msg/Roadstate.msg
-- Symlinking: /home/ayasx9/FSAI26/perception_deep_logging/ros2_ws/install/asurt_msgs/share/asurt_msgs/msg/CloudInfo.msg
-- Symlinking: /home/ayasx9/FSAI26/perception_deep_logging/ros2_ws/install/asurt_msgs/share/asurt_msgs/msg/BoundingBox.msg
-- Symlinking: /home/ayasx9/FSAI26/perception_deep_logging/ros2_ws/install/asurt_msgs/share/asurt_msgs/msg/BoundingBoxes.msg
-- Symlinking: /home/ayasx9/FSAI26/perception_deep_logging/ros2_ws/install/asurt_msgs/share/asurt_msgs/msg/ConeImg.msg
-- Symlinking: /home/ayasx9/FSAI26/perception_deep_logging/ros2_ws/install/asurt_msgs/share/asurt_msgs/msg/ConeImgArray.msg
-- Symlinking: /home/ayasx9/FSAI26/perception_deep_logging/ros2_ws/install/asurt_msgs/share/asurt_msgs/msg/KeyPoints.msg
-- Symlinking: /home/ayasx9/FSAI26/perception_deep_logging/ros2_ws/install/asurt_msgs/share/asurt_msgs/msg/Event.msg
-- Symlinking: /home/ayasx9/FSAI26/perception_deep_logging/ros2_ws/install/asurt_msgs/share/ament_index/resource_index/package_run_dependencies/asurt_msgs
-- Symlinking: /home/ayasx9/FSAI26/perception_deep_logging/ros2_ws/install/asurt_msgs/share/ament_index/resource_index/parent_prefix_path/asurt_msgs
-- Symlinking: /home/ayasx9/FSAI26/perception_deep_logging/ros2_ws/install/asurt_msgs/share/asurt_msgs/environment/ament_prefix_path.sh
-- Symlinking: /home/ayasx9/FSAI26/perception_deep_logging/ros2_ws/install/asurt_msgs/share/asurt_msgs/environment/ament_prefix_path.dsv
-- Symlinking: /home/ayasx9/FSAI26/perception_deep_logging/ros2_ws/install/asurt_msgs/share/asurt_msgs/environment/path.sh
-- Symlinking: /home/ayasx9/FSAI26/perception_deep_logging/ros2_ws/install/asurt_msgs/share/asurt_msgs/environment/path.dsv
-- Symlinking: /home/ayasx9/FSAI26/perception_deep_logging/ros2_ws/install/asurt_msgs/share/asurt_msgs/local_setup.bash
-- Symlinking: /home/ayasx9/FSAI26/perception_deep_logging/ros2_ws/install/asurt_msgs/share/asurt_msgs/local_setup.sh
-- Symlinking: /home/ayasx9/FSAI26/perception_deep_logging/ros2_ws/install/asurt_msgs/share/asurt_msgs/local_setup.zsh
-- Symlinking: /home/ayasx9/FSAI26/perception_deep_logging/ros2_ws/install/asurt_msgs/share/asurt_msgs/local_setup.dsv
-- Symlinking: /home/ayasx9/FSAI26/perception_deep_logging/ros2_ws/install/asurt_msgs/share/asurt_msgs/package.dsv
-- Symlinking: /home/ayasx9/FSAI26/perception_deep_logging/ros2_ws/install/asurt_msgs/share/ament_index/resource_index/packages/asurt_msgs
-- Symlinking: /home/ayasx9/FSAI26/perception_deep_logging/ros2_ws/install/asurt_msgs/share/asurt_msgs/cmake/rosidl_cmake-extras.cmake
-- Symlinking: /home/ayasx9/FSAI26/perception_deep_logging/ros2_ws/install/asurt_msgs/share/asurt_msgs/cmake/ament_cmake_export_dependencies-extras.cmake
-- Symlinking: /home/ayasx9/FSAI26/perception_deep_logging/ros2_ws/install/asurt_msgs/share/asurt_msgs/cmake/ament_cmake_export_include_directories-extras.cmake
-- Symlinking: /home/ayasx9/FSAI26/perception_deep_logging/ros2_ws/install/asurt_msgs/share/asurt_msgs/cmake/ament_cmake_export_libraries-extras.cmake
-- Symlinking: /home/ayasx9/FSAI26/perception_deep_logging/ros2_ws/install/asurt_msgs/share/asurt_msgs/cmake/ament_cmake_export_targets-extras.cmake
-- Symlinking: /home/ayasx9/FSAI26/perception_deep_logging/ros2_ws/install/asurt_msgs/share/asurt_msgs/cmake/rosidl_cmake_export_typesupport_targets-extras.cmake
-- Symlinking: /home/ayasx9/FSAI26/perception_deep_logging/ros2_ws/install/asurt_msgs/share/asurt_msgs/cmake/rosidl_cmake_export_typesupport_libraries-extras.cmake
-- Symlinking: /home/ayasx9/FSAI26/perception_deep_logging/ros2_ws/install/asurt_msgs/share/asurt_msgs/cmake/asurt_msgsConfig.cmake
-- Symlinking: /home/ayasx9/FSAI26/perception_deep_logging/ros2_ws/install/asurt_msgs/share/asurt_msgs/cmake/asurt_msgsConfig-version.cmake
-- Symlinking: /home/ayasx9/FSAI26/perception_deep_logging/ros2_ws/install/asurt_msgs/share/asurt_msgs/package.xml
-- Installing: /home/ayasx9/FSAI26/perception_deep_logging/ros2_ws/install/asurt_msgs/lib/libasurt_msgs__rosidl_generator_c.so
-- Set runtime path of "/home/ayasx9/FSAI26/perception_deep_logging/ros2_ws/install/asurt_msgs/lib/libasurt_msgs__rosidl_generator_c.so" to ""
-- Installing: /home/ayasx9/FSAI26/perception_deep_logging/ros2_ws/install/asurt_msgs/lib/libasurt_msgs__rosidl_typesupport_fastrtps_c.so
-- Set runtime path of "/home/ayasx9/FSAI26/perception_deep_logging/ros2_ws/install/asurt_msgs/lib/libasurt_msgs__rosidl_typesupport_fastrtps_c.so" to ""
-- Installing: /home/ayasx9/FSAI26/perception_deep_logging/ros2_ws/install/asurt_msgs/lib/libasurt_msgs__rosidl_typesupport_fastrtps_cpp.so
-- Set runtime path of "/home/ayasx9/FSAI26/perception_deep_logging/ros2_ws/install/asurt_msgs/lib/libasurt_msgs__rosidl_typesupport_fastrtps_cpp.so" to ""
-- Installing: /home/ayasx9/FSAI26/perception_deep_logging/ros2_ws/install/asurt_msgs/lib/libasurt_msgs__rosidl_typesupport_introspection_c.so
-- Set runtime path of "/home/ayasx9/FSAI26/perception_deep_logging/ros2_ws/install/asurt_msgs/lib/libasurt_msgs__rosidl_typesupport_introspection_c.so" to ""
-- Installing: /home/ayasx9/FSAI26/perception_deep_logging/ros2_ws/install/asurt_msgs/lib/libasurt_msgs__rosidl_typesupport_c.so
-- Set runtime path of "/home/ayasx9/FSAI26/perception_deep_logging/ros2_ws/install/asurt_msgs/lib/libasurt_msgs__rosidl_typesupport_c.so" to ""
-- Installing: /home/ayasx9/FSAI26/perception_deep_logging/ros2_ws/install/asurt_msgs/lib/libasurt_msgs__rosidl_typesupport_introspection_cpp.so
-- Set runtime path of "/home/ayasx9/FSAI26/perception_deep_logging/ros2_ws/install/asurt_msgs/lib/libasurt_msgs__rosidl_typesupport_introspection_cpp.so" to ""
-- Installing: /home/ayasx9/FSAI26/perception_deep_logging/ros2_ws/install/asurt_msgs/lib/libasurt_msgs__rosidl_typesupport_cpp.so
-- Set runtime path of "/home/ayasx9/FSAI26/perception_deep_logging/ros2_ws/install/asurt_msgs/lib/libasurt_msgs__rosidl_typesupport_cpp.so" to ""
Listing '/home/ayasx9/FSAI26/perception_deep_logging/ros2_ws/install/asurt_msgs/local/lib/python3.10/dist-packages/asurt_msgs'...
Compiling '/home/ayasx9/FSAI26/perception_deep_logging/ros2_ws/install/asurt_msgs/local/lib/python3.10/dist-packages/asurt_msgs/__init__.py'...
Listing '/home/ayasx9/FSAI26/perception_deep_logging/ros2_ws/install/asurt_msgs/local/lib/python3.10/dist-packages/asurt_msgs/msg'...
Compiling '/home/ayasx9/FSAI26/perception_deep_logging/ros2_ws/install/asurt_msgs/local/lib/python3.10/dist-packages/asurt_msgs/msg/__init__.py'...
Compiling '/home/ayasx9/FSAI26/perception_deep_logging/ros2_ws/install/asurt_msgs/local/lib/python3.10/dist-packages/asurt_msgs/msg/_bounding_box.py'...
Compiling '/home/ayasx9/FSAI26/perception_deep_logging/ros2_ws/install/asurt_msgs/local/lib/python3.10/dist-packages/asurt_msgs/msg/_bounding_boxes.py'...
Compiling '/home/ayasx9/FSAI26/perception_deep_logging/ros2_ws/install/asurt_msgs/local/lib/python3.10/dist-packages/asurt_msgs/msg/_cloud_info.py'...
Compiling '/home/ayasx9/FSAI26/perception_deep_logging/ros2_ws/install/asurt_msgs/local/lib/python3.10/dist-packages/asurt_msgs/msg/_cone_img.py'...
Compiling '/home/ayasx9/FSAI26/perception_deep_logging/ros2_ws/install/asurt_msgs/local/lib/python3.10/dist-packages/asurt_msgs/msg/_cone_img_array.py'...
Compiling '/home/ayasx9/FSAI26/perception_deep_logging/ros2_ws/install/asurt_msgs/local/lib/python3.10/dist-packages/asurt_msgs/msg/_event.py'...
Compiling '/home/ayasx9/FSAI26/perception_deep_logging/ros2_ws/install/asurt_msgs/local/lib/python3.10/dist-packages/asurt_msgs/msg/_key_points.py'...
Compiling '/home/ayasx9/FSAI26/perception_deep_logging/ros2_ws/install/asurt_msgs/local/lib/python3.10/dist-packages/asurt_msgs/msg/_landmark.py'...
Compiling '/home/ayasx9/FSAI26/perception_deep_logging/ros2_ws/install/asurt_msgs/local/lib/python3.10/dist-packages/asurt_msgs/msg/_landmark_array.py'...
Compiling '/home/ayasx9/FSAI26/perception_deep_logging/ros2_ws/install/asurt_msgs/local/lib/python3.10/dist-packages/asurt_msgs/msg/_node_status.py'...
Compiling '/home/ayasx9/FSAI26/perception_deep_logging/ros2_ws/install/asurt_msgs/local/lib/python3.10/dist-packages/asurt_msgs/msg/_roadstate.py'...
-- Installing: /home/ayasx9/FSAI26/perception_deep_logging/ros2_ws/install/asurt_msgs/lib/libasurt_msgs__rosidl_generator_py.so
-- Set runtime path of "/home/ayasx9/FSAI26/perception_deep_logging/ros2_ws/install/asurt_msgs/lib/libasurt_msgs__rosidl_generator_py.so" to ""
-- Installing: /home/ayasx9/FSAI26/perception_deep_logging/ros2_ws/install/asurt_msgs/share/asurt_msgs/cmake/export_asurt_msgs__rosidl_generator_cExport.cmake
-- Installing: /home/ayasx9/FSAI26/perception_deep_logging/ros2_ws/install/asurt_msgs/share/asurt_msgs/cmake/export_asurt_msgs__rosidl_generator_cExport-noconfig.cmake
-- Installing: /home/ayasx9/FSAI26/perception_deep_logging/ros2_ws/install/asurt_msgs/share/asurt_msgs/cmake/export_asurt_msgs__rosidl_typesupport_fastrtps_cExport.cmake
-- Installing: /home/ayasx9/FSAI26/perception_deep_logging/ros2_ws/install/asurt_msgs/share/asurt_msgs/cmake/export_asurt_msgs__rosidl_typesupport_fastrtps_cExport-noconfig.cmake
-- Installing: /home/ayasx9/FSAI26/perception_deep_logging/ros2_ws/install/asurt_msgs/share/asurt_msgs/cmake/export_asurt_msgs__rosidl_generator_cppExport.cmake
-- Installing: /home/ayasx9/FSAI26/perception_deep_logging/ros2_ws/install/asurt_msgs/share/asurt_msgs/cmake/export_asurt_msgs__rosidl_typesupport_fastrtps_cppExport.cmake
-- Installing: /home/ayasx9/FSAI26/perception_deep_logging/ros2_ws/install/asurt_msgs/share/asurt_msgs/cmake/export_asurt_msgs__rosidl_typesupport_fastrtps_cppExport-noconfig.cmake
-- Installing: /home/ayasx9/FSAI26/perception_deep_logging/ros2_ws/install/asurt_msgs/share/asurt_msgs/cmake/asurt_msgs__rosidl_typesupport_introspection_cExport.cmake
-- Installing: /home/ayasx9/FSAI26/perception_deep_logging/ros2_ws/install/asurt_msgs/share/asurt_msgs/cmake/asurt_msgs__rosidl_typesupport_introspection_cExport-noconfig.cmake
-- Installing: /home/ayasx9/FSAI26/perception_deep_logging/ros2_ws/install/asurt_msgs/share/asurt_msgs/cmake/asurt_msgs__rosidl_typesupport_cExport.cmake
-- Installing: /home/ayasx9/FSAI26/perception_deep_logging/ros2_ws/install/asurt_msgs/share/asurt_msgs/cmake/asurt_msgs__rosidl_typesupport_cExport-noconfig.cmake
-- Installing: /home/ayasx9/FSAI26/perception_deep_logging/ros2_ws/install/asurt_msgs/share/asurt_msgs/cmake/asurt_msgs__rosidl_typesupport_introspection_cppExport.cmake
-- Installing: /home/ayasx9/FSAI26/perception_deep_logging/ros2_ws/install/asurt_msgs/share/asurt_msgs/cmake/asurt_msgs__rosidl_typesupport_introspection_cppExport-noconfig.cmake
-- Installing: /home/ayasx9/FSAI26/perception_deep_logging/ros2_ws/install/asurt_msgs/share/asurt_msgs/cmake/asurt_msgs__rosidl_typesupport_cppExport.cmake
-- Installing: /home/ayasx9/FSAI26/perception_deep_logging/ros2_ws/install/asurt_msgs/share/asurt_msgs/cmake/asurt_msgs__rosidl_typesupport_cppExport-noconfig.cmake
-- Installing: /home/ayasx9/FSAI26/perception_deep_logging/ros2_ws/install/asurt_msgs/share/asurt_msgs/cmake/export_asurt_msgs__rosidl_generator_pyExport.cmake
-- Installing: /home/ayasx9/FSAI26/perception_deep_logging/ros2_ws/install/asurt_msgs/share/asurt_msgs/cmake/export_asurt_msgs__rosidl_generator_pyExport-noconfig.cmake
