[0.017s] Invoking command in '/home/ayasx9/FSAI26/perception_deep_logging/ros2_ws/build/asurt_msgs': CMAKE_PREFIX_PATH=${CMAKE_PREFIX_PATH}:/home/ayasx9/arl_workshop/turtle_proj1/install/project_nodes:/home/ayasx9/ros2_proj1/install/my_turtle_proj:/opt/ros/humble /usr/bin/cmake /home/ayasx9/FSAI26/perception_deep_logging/ros2_ws/src/asurt_msgs -DAMENT_CMAKE_SYMLINK_INSTALL=1 -DCMAKE_INSTALL_PREFIX=/home/ayasx9/FSAI26/perception_deep_logging/ros2_ws/install/asurt_msgs
[0.311s] -- The C compiler identification is GNU 11.4.0
[1.401s] -- The CXX compiler identification is GNU 11.4.0
[2.388s] -- Detecting C compiler ABI info
[2.613s] -- Detecting C compiler ABI info - done
[2.618s] -- Check for working C compiler: /usr/bin/cc - skipped
[2.620s] -- Detecting C compile features
[2.621s] -- Detecting C compile features - done
[2.625s] -- Detecting CXX compiler ABI info
[2.855s] -- Detecting CXX compiler ABI info - done
[2.860s] -- Check for working CXX compiler: /usr/bin/c++ - skipped
[2.860s] -- Detecting CXX compile features
[2.860s] -- Detecting CXX compile features - done
[2.870s] -- Found ament_cmake: 1.3.13 (/opt/ros/humble/share/ament_cmake/cmake)
[2.981s] -- Found Python3: /usr/bin/python3 (found version "3.10.12") found components: Interpreter 
[3.031s] -- Override CMake install command with custom implementation using symlinks instead of copying resources
[3.058s] -- Found builtin_interfaces: 1.2.2 (/opt/ros/humble/share/builtin_interfaces/cmake)
[3.330s] -- Found rosidl_generator_c: 3.1.8 (/opt/ros/humble/share/rosidl_generator_c/cmake)
[3.335s] -- Found rosidl_adapter: 3.1.8 (/opt/ros/humble/share/rosidl_adapter/cmake)
[3.344s] -- Found rosidl_generator_cpp: 3.1.8 (/opt/ros/humble/share/rosidl_generator_cpp/cmake)
[3.357s] -- Using all available rosidl_typesupport_c: rosidl_typesupport_fastrtps_c;rosidl_typesupport_introspection_c
[3.373s] -- Using all available rosidl_typesupport_cpp: rosidl_typesupport_fastrtps_cpp;rosidl_typesupport_introspection_cpp
[3.387s] -- Found rosidl_default_generators: 1.2.0 (/opt/ros/humble/share/rosidl_default_generators/cmake)
[3.395s] -- Found rclcpp: 16.0.18 (/opt/ros/humble/share/rclcpp/cmake)
[3.441s] -- Found rmw_implementation_cmake: 6.1.2 (/opt/ros/humble/share/rmw_implementation_cmake/cmake)
[3.445s] -- Found rmw_fastrtps_cpp: 6.2.10 (/opt/ros/humble/share/rmw_fastrtps_cpp/cmake)
[5.358s] -- Found OpenSSL: /usr/lib/x86_64-linux-gnu/libcrypto.so (found version "3.0.2")  
[6.607s] -- Found FastRTPS: /opt/ros/humble/include  
[10.315s] -- Using RMW implementation 'rmw_fastrtps_cpp' as default
[10.325s] -- Looking for pthread.h
[10.435s] -- Looking for pthread.h - found
[10.435s] -- Performing Test CMAKE_HAVE_LIBC_PTHREAD
[10.543s] -- Performing Test CMAKE_HAVE_LIBC_PTHREAD - Success
[10.544s] -- Found Threads: TRUE  
[10.594s] -- Found geometry_msgs: 4.9.1 (/opt/ros/humble/share/geometry_msgs/cmake)
[10.606s] -- Found sensor_msgs: 4.9.1 (/opt/ros/humble/share/sensor_msgs/cmake)
[10.849s] -- Found ament_cmake_ros: 0.10.0 (/opt/ros/humble/share/ament_cmake_ros/cmake)
[11.108s] -- Using all available rosidl_typesupport_c: rosidl_typesupport_fastrtps_c;rosidl_typesupport_introspection_c
[11.214s] -- Using all available rosidl_typesupport_cpp: rosidl_typesupport_fastrtps_cpp;rosidl_typesupport_introspection_cpp
[11.346s] -- Found PythonInterp: /usr/bin/python3 (found suitable version "3.10.12", minimum required is "3.6") 
[11.348s] -- Found python_cmake_module: 0.10.0 (/opt/ros/humble/share/python_cmake_module/cmake)
[11.647s] -- Found PythonLibs: /usr/lib/x86_64-linux-gnu/libpython3.10.so (found suitable version "3.10.12", minimum required is "3.5") 
[11.647s] -- Using PYTHON_EXECUTABLE: /usr/bin/python3
[11.647s] -- Using PYTHON_INCLUDE_DIRS: /usr/include/python3.10
[11.647s] -- Using PYTHON_LIBRARIES: /usr/lib/x86_64-linux-gnu/libpython3.10.so
[11.660s] -- Found PythonExtra: .so  
[11.732s] -- Found ament_lint_auto: 0.12.15 (/opt/ros/humble/share/ament_lint_auto/cmake)
[11.774s] -- Added test 'cppcheck' to perform static code analysis on C / C++ code
[11.774s] -- Configured cppcheck include dirs: 
[11.774s] -- Configured cppcheck exclude dirs and/or files: 
[11.778s] -- Added test 'flake8' to check Python code syntax and style conventions
[11.783s] -- Added test 'lint_cmake' to check CMake code style
[11.787s] -- Added test 'pep257' to check Python code against some of the docstring style conventions in PEP 257
[11.807s] -- Added test 'uncrustify' to check C / C++ code style
[11.807s] -- Configured uncrustify additional arguments: 
[11.811s] -- Added test 'xmllint' to check XML markup files
[11.814s] -- Configuring done
[11.856s] -- Generating done
[11.866s] -- Build files have been written to: /home/ayasx9/FSAI26/perception_deep_logging/ros2_ws/build/asurt_msgs
[11.875s] Invoked command in '/home/ayasx9/FSAI26/perception_deep_logging/ros2_ws/build/asurt_msgs' returned '0': CMAKE_PREFIX_PATH=${CMAKE_PREFIX_PATH}:/home/ayasx9/arl_workshop/turtle_proj1/install/project_nodes:/home/ayasx9/ros2_proj1/install/my_turtle_proj:/opt/ros/humble /usr/bin/cmake /home/ayasx9/FSAI26/perception_deep_logging/ros2_ws/src/asurt_msgs -DAMENT_CMAKE_SYMLINK_INSTALL=1 -DCMAKE_INSTALL_PREFIX=/home/ayasx9/FSAI26/perception_deep_logging/ros2_ws/install/asurt_msgs
[11.876s] Invoking command in '/home/ayasx9/FSAI26/perception_deep_logging/ros2_ws/build/asurt_msgs': CMAKE_PREFIX_PATH=${CMAKE_PREFIX_PATH}:/home/ayasx9/arl_workshop/turtle_proj1/install/project_nodes:/home/ayasx9/ros2_proj1/install/my_turtle_proj:/opt/ros/humble /usr/bin/cmake --build /home/ayasx9/FSAI26/perception_deep_logging/ros2_ws/build/asurt_msgs -- -j12 -l12
[11.905s] [  1%] [34m[1mGenerating C code for ROS interfaces[0m
[11.909s] [  1%] [34m[1mGenerating C++ code for ROS interfaces[0m
[11.920s] [  1%] Built target ament_cmake_python_symlink_asurt_msgs
[12.138s] running egg_info
[12.139s] creating asurt_msgs.egg-info
[12.139s] writing asurt_msgs.egg-info/PKG-INFO
[12.139s] writing dependency_links to asurt_msgs.egg-info/dependency_links.txt
[12.140s] writing top-level names to asurt_msgs.egg-info/top_level.txt
[12.140s] writing manifest file 'asurt_msgs.egg-info/SOURCES.txt'
[12.143s] reading manifest file 'asurt_msgs.egg-info/SOURCES.txt'
[12.144s] writing manifest file 'asurt_msgs.egg-info/SOURCES.txt'
[12.177s] [  1%] Built target ament_cmake_python_build_asurt_msgs_egg
[12.691s] [  1%] Built target asurt_msgs__cpp
[12.703s] [  2%] [34m[1mGenerating C++ type support dispatch for ROS interfaces[0m
[12.705s] [  3%] [34m[1mGenerating C++ introspection for ROS interfaces[0m
[12.705s] [  3%] [34m[1mGenerating C++ type support for eProsima Fast-RTPS[0m
[12.813s] [  4%] [32mBuilding C object CMakeFiles/asurt_msgs__rosidl_generator_c.dir/rosidl_generator_c/asurt_msgs/msg/detail/roadstate__functions.c.o[0m
[12.816s] [  5%] [32mBuilding C object CMakeFiles/asurt_msgs__rosidl_generator_c.dir/rosidl_generator_c/asurt_msgs/msg/detail/node_status__functions.c.o[0m
[12.816s] [  6%] [32mBuilding C object CMakeFiles/asurt_msgs__rosidl_generator_c.dir/rosidl_generator_c/asurt_msgs/msg/detail/landmark_array__functions.c.o[0m
[12.816s] [  7%] [32mBuilding C object CMakeFiles/asurt_msgs__rosidl_generator_c.dir/rosidl_generator_c/asurt_msgs/msg/detail/landmark__functions.c.o[0m
[12.816s] [  8%] [32mBuilding C object CMakeFiles/asurt_msgs__rosidl_generator_c.dir/rosidl_generator_c/asurt_msgs/msg/detail/bounding_box__functions.c.o[0m
[12.817s] [  9%] [32mBuilding C object CMakeFiles/asurt_msgs__rosidl_generator_c.dir/rosidl_generator_c/asurt_msgs/msg/detail/cloud_info__functions.c.o[0m
[12.820s] [ 10%] [32mBuilding C object CMakeFiles/asurt_msgs__rosidl_generator_c.dir/rosidl_generator_c/asurt_msgs/msg/detail/bounding_boxes__functions.c.o[0m
[12.824s] [ 10%] [32mBuilding C object CMakeFiles/asurt_msgs__rosidl_generator_c.dir/rosidl_generator_c/asurt_msgs/msg/detail/cone_img__functions.c.o[0m
[12.824s] [ 11%] [32mBuilding C object CMakeFiles/asurt_msgs__rosidl_generator_c.dir/rosidl_generator_c/asurt_msgs/msg/detail/cone_img_array__functions.c.o[0m
[12.922s] [ 12%] [32mBuilding C object CMakeFiles/asurt_msgs__rosidl_generator_c.dir/rosidl_generator_c/asurt_msgs/msg/detail/event__functions.c.o[0m
[12.926s] [ 13%] [32mBuilding C object CMakeFiles/asurt_msgs__rosidl_generator_c.dir/rosidl_generator_c/asurt_msgs/msg/detail/key_points__functions.c.o[0m
[12.993s] [ 14%] [32m[1mLinking C shared library libasurt_msgs__rosidl_generator_c.so[0m
[13.271s] [ 14%] Built target asurt_msgs__rosidl_generator_c
[13.282s] [ 15%] [34m[1mGenerating C introspection for ROS interfaces[0m
[13.283s] [ 16%] [34m[1mGenerating C type support for eProsima Fast-RTPS[0m
[13.284s] [ 17%] [34m[1mGenerating C type support dispatch for ROS interfaces[0m
[13.393s] [ 19%] [32mBuilding CXX object CMakeFiles/asurt_msgs__rosidl_typesupport_cpp.dir/rosidl_typesupport_cpp/asurt_msgs/msg/node_status__type_support.cpp.o[0m
[13.393s] [ 19%] [32mBuilding CXX object CMakeFiles/asurt_msgs__rosidl_typesupport_cpp.dir/rosidl_typesupport_cpp/asurt_msgs/msg/landmark__type_support.cpp.o[0m
[13.394s] [ 20%] [32mBuilding CXX object CMakeFiles/asurt_msgs__rosidl_typesupport_cpp.dir/rosidl_typesupport_cpp/asurt_msgs/msg/roadstate__type_support.cpp.o[0m
[13.394s] [ 21%] [32mBuilding CXX object CMakeFiles/asurt_msgs__rosidl_typesupport_cpp.dir/rosidl_typesupport_cpp/asurt_msgs/msg/cloud_info__type_support.cpp.o[0m
[13.396s] [ 22%] [32mBuilding CXX object CMakeFiles/asurt_msgs__rosidl_typesupport_cpp.dir/rosidl_typesupport_cpp/asurt_msgs/msg/bounding_box__type_support.cpp.o[0m
[13.399s] [ 23%] [32mBuilding CXX object CMakeFiles/asurt_msgs__rosidl_typesupport_cpp.dir/rosidl_typesupport_cpp/asurt_msgs/msg/landmark_array__type_support.cpp.o[0m
[13.403s] [ 24%] [32mBuilding CXX object CMakeFiles/asurt_msgs__rosidl_typesupport_cpp.dir/rosidl_typesupport_cpp/asurt_msgs/msg/bounding_boxes__type_support.cpp.o[0m
[13.726s] [ 25%] [32mBuilding CXX object CMakeFiles/asurt_msgs__rosidl_typesupport_introspection_cpp.dir/rosidl_typesupport_introspection_cpp/asurt_msgs/msg/detail/landmark__type_support.cpp.o[0m
[13.976s] [ 25%] [32mBuilding CXX object CMakeFiles/asurt_msgs__rosidl_typesupport_cpp.dir/rosidl_typesupport_cpp/asurt_msgs/msg/cone_img__type_support.cpp.o[0m
[13.979s] [ 26%] [32mBuilding CXX object CMakeFiles/asurt_msgs__rosidl_typesupport_fastrtps_cpp.dir/rosidl_typesupport_fastrtps_cpp/asurt_msgs/msg/detail/dds_fastrtps/landmark__type_support.cpp.o[0m
[14.013s] [ 27%] [32mBuilding CXX object CMakeFiles/asurt_msgs__rosidl_typesupport_cpp.dir/rosidl_typesupport_cpp/asurt_msgs/msg/cone_img_array__type_support.cpp.o[0m
[14.025s] [ 27%] [32mBuilding CXX object CMakeFiles/asurt_msgs__rosidl_typesupport_introspection_cpp.dir/rosidl_typesupport_introspection_cpp/asurt_msgs/msg/detail/landmark_array__type_support.cpp.o[0m
[14.049s] [ 28%] [32mBuilding CXX object CMakeFiles/asurt_msgs__rosidl_typesupport_fastrtps_cpp.dir/rosidl_typesupport_fastrtps_cpp/asurt_msgs/msg/detail/dds_fastrtps/landmark_array__type_support.cpp.o[0m
[14.059s] [ 29%] [32mBuilding CXX object CMakeFiles/asurt_msgs__rosidl_typesupport_cpp.dir/rosidl_typesupport_cpp/asurt_msgs/msg/key_points__type_support.cpp.o[0m
[14.062s] [ 30%] [32mBuilding CXX object CMakeFiles/asurt_msgs__rosidl_typesupport_fastrtps_cpp.dir/rosidl_typesupport_fastrtps_cpp/asurt_msgs/msg/detail/dds_fastrtps/node_status__type_support.cpp.o[0m
[14.067s] [ 31%] [32mBuilding CXX object CMakeFiles/asurt_msgs__rosidl_typesupport_introspection_cpp.dir/rosidl_typesupport_introspection_cpp/asurt_msgs/msg/detail/node_status__type_support.cpp.o[0m
[14.220s] [ 32%] [32mBuilding CXX object CMakeFiles/asurt_msgs__rosidl_typesupport_c.dir/rosidl_typesupport_c/asurt_msgs/msg/landmark__type_support.cpp.o[0m
[14.286s] [ 33%] [32mBuilding CXX object CMakeFiles/asurt_msgs__rosidl_typesupport_c.dir/rosidl_typesupport_c/asurt_msgs/msg/landmark_array__type_support.cpp.o[0m
[14.333s] [ 33%] [32mBuilding CXX object CMakeFiles/asurt_msgs__rosidl_typesupport_c.dir/rosidl_typesupport_c/asurt_msgs/msg/node_status__type_support.cpp.o[0m
[14.369s] [ 34%] [32mBuilding CXX object CMakeFiles/asurt_msgs__rosidl_typesupport_introspection_cpp.dir/rosidl_typesupport_introspection_cpp/asurt_msgs/msg/detail/roadstate__type_support.cpp.o[0m
[14.384s] [ 35%] [32mBuilding CXX object CMakeFiles/asurt_msgs__rosidl_typesupport_c.dir/rosidl_typesupport_c/asurt_msgs/msg/roadstate__type_support.cpp.o[0m
[14.439s] [ 36%] [32mBuilding CXX object CMakeFiles/asurt_msgs__rosidl_typesupport_fastrtps_cpp.dir/rosidl_typesupport_fastrtps_cpp/asurt_msgs/msg/detail/dds_fastrtps/roadstate__type_support.cpp.o[0m
[14.441s] [ 37%] [32mBuilding CXX object CMakeFiles/asurt_msgs__rosidl_typesupport_fastrtps_cpp.dir/rosidl_typesupport_fastrtps_cpp/asurt_msgs/msg/detail/dds_fastrtps/cloud_info__type_support.cpp.o[0m
[14.450s] [ 38%] [32mBuilding CXX object CMakeFiles/asurt_msgs__rosidl_typesupport_c.dir/rosidl_typesupport_c/asurt_msgs/msg/cloud_info__type_support.cpp.o[0m
[14.500s] [ 39%] [32mBuilding CXX object CMakeFiles/asurt_msgs__rosidl_typesupport_c.dir/rosidl_typesupport_c/asurt_msgs/msg/bounding_box__type_support.cpp.o[0m
[14.558s] [ 40%] [32mBuilding CXX object CMakeFiles/asurt_msgs__rosidl_typesupport_c.dir/rosidl_typesupport_c/asurt_msgs/msg/bounding_boxes__type_support.cpp.o[0m
[14.578s] [ 41%] [32mBuilding CXX object CMakeFiles/asurt_msgs__rosidl_typesupport_cpp.dir/rosidl_typesupport_cpp/asurt_msgs/msg/event__type_support.cpp.o[0m
[14.609s] [ 42%] [32mBuilding CXX object CMakeFiles/asurt_msgs__rosidl_typesupport_c.dir/rosidl_typesupport_c/asurt_msgs/msg/cone_img__type_support.cpp.o[0m
[14.612s] [ 43%] [32mBuilding CXX object CMakeFiles/asurt_msgs__rosidl_typesupport_fastrtps_c.dir/rosidl_typesupport_fastrtps_c/asurt_msgs/msg/detail/landmark__type_support_c.cpp.o[0m
[14.635s] [ 44%] [32mBuilding C object CMakeFiles/asurt_msgs__rosidl_typesupport_introspection_c.dir/rosidl_typesupport_introspection_c/asurt_msgs/msg/detail/landmark__type_support.c.o[0m
[14.663s] [ 45%] [32mBuilding CXX object CMakeFiles/asurt_msgs__rosidl_typesupport_c.dir/rosidl_typesupport_c/asurt_msgs/msg/cone_img_array__type_support.cpp.o[0m
[14.665s] [ 46%] [32mBuilding C object CMakeFiles/asurt_msgs__rosidl_typesupport_introspection_c.dir/rosidl_typesupport_introspection_c/asurt_msgs/msg/detail/landmark_array__type_support.c.o[0m
[14.694s] [ 47%] [32mBuilding C object CMakeFiles/asurt_msgs__rosidl_typesupport_introspection_c.dir/rosidl_typesupport_introspection_c/asurt_msgs/msg/detail/node_status__type_support.c.o[0m
[14.706s] [ 48%] [32mBuilding CXX object CMakeFiles/asurt_msgs__rosidl_typesupport_fastrtps_c.dir/rosidl_typesupport_fastrtps_c/asurt_msgs/msg/detail/landmark_array__type_support_c.cpp.o[0m
[14.713s] [ 49%] [32mBuilding CXX object CMakeFiles/asurt_msgs__rosidl_typesupport_c.dir/rosidl_typesupport_c/asurt_msgs/msg/key_points__type_support.cpp.o[0m
[14.719s] [ 50%] [32mBuilding CXX object CMakeFiles/asurt_msgs__rosidl_typesupport_fastrtps_c.dir/rosidl_typesupport_fastrtps_c/asurt_msgs/msg/detail/node_status__type_support_c.cpp.o[0m
[14.734s] [ 51%] [32mBuilding CXX object CMakeFiles/asurt_msgs__rosidl_typesupport_c.dir/rosidl_typesupport_c/asurt_msgs/msg/event__type_support.cpp.o[0m
[14.749s] [ 52%] [32mBuilding C object CMakeFiles/asurt_msgs__rosidl_typesupport_introspection_c.dir/rosidl_typesupport_introspection_c/asurt_msgs/msg/detail/roadstate__type_support.c.o[0m
[14.764s] [ 53%] [32mBuilding CXX object CMakeFiles/asurt_msgs__rosidl_typesupport_introspection_cpp.dir/rosidl_typesupport_introspection_cpp/asurt_msgs/msg/detail/cloud_info__type_support.cpp.o[0m
[14.789s] [ 54%] [32m[1mLinking CXX shared library libasurt_msgs__rosidl_typesupport_c.so[0m
[14.797s] [ 55%] [32mBuilding C object CMakeFiles/asurt_msgs__rosidl_typesupport_introspection_c.dir/rosidl_typesupport_introspection_c/asurt_msgs/msg/detail/cloud_info__type_support.c.o[0m
[14.807s] [ 56%] [32mBuilding CXX object CMakeFiles/asurt_msgs__rosidl_typesupport_fastrtps_cpp.dir/rosidl_typesupport_fastrtps_cpp/asurt_msgs/msg/detail/dds_fastrtps/bounding_box__type_support.cpp.o[0m
[14.831s] [ 57%] [32mBuilding CXX object CMakeFiles/asurt_msgs__rosidl_typesupport_fastrtps_c.dir/rosidl_typesupport_fastrtps_c/asurt_msgs/msg/detail/roadstate__type_support_c.cpp.o[0m
[14.878s] [ 58%] [32mBuilding C object CMakeFiles/asurt_msgs__rosidl_typesupport_introspection_c.dir/rosidl_typesupport_introspection_c/asurt_msgs/msg/detail/bounding_box__type_support.c.o[0m
[14.943s] [ 58%] [32mBuilding C object CMakeFiles/asurt_msgs__rosidl_typesupport_introspection_c.dir/rosidl_typesupport_introspection_c/asurt_msgs/msg/detail/bounding_boxes__type_support.c.o[0m
[15.023s] [ 59%] [32mBuilding C object CMakeFiles/asurt_msgs__rosidl_typesupport_introspection_c.dir/rosidl_typesupport_introspection_c/asurt_msgs/msg/detail/cone_img__type_support.c.o[0m
[15.037s] [ 60%] [32mBuilding CXX object CMakeFiles/asurt_msgs__rosidl_typesupport_fastrtps_cpp.dir/rosidl_typesupport_fastrtps_cpp/asurt_msgs/msg/detail/dds_fastrtps/bounding_boxes__type_support.cpp.o[0m
[15.073s] [ 61%] [32m[1mLinking CXX shared library libasurt_msgs__rosidl_typesupport_cpp.so[0m
[15.084s] [ 62%] [32mBuilding C object CMakeFiles/asurt_msgs__rosidl_typesupport_introspection_c.dir/rosidl_typesupport_introspection_c/asurt_msgs/msg/detail/cone_img_array__type_support.c.o[0m
[15.106s] [ 63%] [32mBuilding C object CMakeFiles/asurt_msgs__rosidl_typesupport_introspection_c.dir/rosidl_typesupport_introspection_c/asurt_msgs/msg/detail/key_points__type_support.c.o[0m
[15.127s] [ 64%] [32mBuilding CXX object CMakeFiles/asurt_msgs__rosidl_typesupport_introspection_cpp.dir/rosidl_typesupport_introspection_cpp/asurt_msgs/msg/detail/bounding_box__type_support.cpp.o[0m
[15.138s] [ 64%] Built target asurt_msgs__rosidl_typesupport_c
[15.139s] [ 65%] [32mBuilding C object CMakeFiles/asurt_msgs__rosidl_typesupport_introspection_c.dir/rosidl_typesupport_introspection_c/asurt_msgs/msg/detail/event__type_support.c.o[0m
[15.151s] [ 66%] [32mBuilding CXX object CMakeFiles/asurt_msgs__rosidl_typesupport_introspection_cpp.dir/rosidl_typesupport_introspection_cpp/asurt_msgs/msg/detail/bounding_boxes__type_support.cpp.o[0m
[15.159s] [ 67%] [32mBuilding CXX object CMakeFiles/asurt_msgs__rosidl_typesupport_introspection_cpp.dir/rosidl_typesupport_introspection_cpp/asurt_msgs/msg/detail/cone_img__type_support.cpp.o[0m
[15.192s] [ 68%] [32m[1mLinking C shared library libasurt_msgs__rosidl_typesupport_introspection_c.so[0m
[15.209s] [ 68%] [32mBuilding CXX object CMakeFiles/asurt_msgs__rosidl_typesupport_fastrtps_c.dir/rosidl_typesupport_fastrtps_c/asurt_msgs/msg/detail/cloud_info__type_support_c.cpp.o[0m
[15.271s] [ 69%] [32mBuilding CXX object CMakeFiles/asurt_msgs__rosidl_typesupport_fastrtps_cpp.dir/rosidl_typesupport_fastrtps_cpp/asurt_msgs/msg/detail/dds_fastrtps/cone_img__type_support.cpp.o[0m
[15.345s] [ 69%] Built target asurt_msgs__rosidl_typesupport_cpp
[15.360s] [ 70%] [32mBuilding CXX object CMakeFiles/asurt_msgs__rosidl_typesupport_introspection_cpp.dir/rosidl_typesupport_introspection_cpp/asurt_msgs/msg/detail/cone_img_array__type_support.cpp.o[0m
[15.420s] [ 71%] [32mBuilding CXX object CMakeFiles/asurt_msgs__rosidl_typesupport_fastrtps_cpp.dir/rosidl_typesupport_fastrtps_cpp/asurt_msgs/msg/detail/dds_fastrtps/cone_img_array__type_support.cpp.o[0m
[15.430s] [ 72%] [32mBuilding CXX object CMakeFiles/asurt_msgs__rosidl_typesupport_fastrtps_c.dir/rosidl_typesupport_fastrtps_c/asurt_msgs/msg/detail/bounding_box__type_support_c.cpp.o[0m
[15.437s] [ 72%] Built target asurt_msgs__rosidl_typesupport_introspection_c
[15.449s] [ 73%] [32mBuilding CXX object CMakeFiles/asurt_msgs__rosidl_typesupport_introspection_cpp.dir/rosidl_typesupport_introspection_cpp/asurt_msgs/msg/detail/key_points__type_support.cpp.o[0m
[15.496s] [ 74%] [32mBuilding CXX object CMakeFiles/asurt_msgs__rosidl_typesupport_introspection_cpp.dir/rosidl_typesupport_introspection_cpp/asurt_msgs/msg/detail/event__type_support.cpp.o[0m
[15.679s] [ 75%] [32mBuilding CXX object CMakeFiles/asurt_msgs__rosidl_typesupport_fastrtps_c.dir/rosidl_typesupport_fastrtps_c/asurt_msgs/msg/detail/bounding_boxes__type_support_c.cpp.o[0m
[15.776s] [ 76%] [32mBuilding CXX object CMakeFiles/asurt_msgs__rosidl_typesupport_fastrtps_c.dir/rosidl_typesupport_fastrtps_c/asurt_msgs/msg/detail/cone_img__type_support_c.cpp.o[0m
[15.790s] [ 77%] [32mBuilding CXX object CMakeFiles/asurt_msgs__rosidl_typesupport_fastrtps_c.dir/rosidl_typesupport_fastrtps_c/asurt_msgs/msg/detail/cone_img_array__type_support_c.cpp.o[0m
[15.820s] [ 78%] [32mBuilding CXX object CMakeFiles/asurt_msgs__rosidl_typesupport_fastrtps_c.dir/rosidl_typesupport_fastrtps_c/asurt_msgs/msg/detail/key_points__type_support_c.cpp.o[0m
[15.950s] [ 79%] [32mBuilding CXX object CMakeFiles/asurt_msgs__rosidl_typesupport_fastrtps_c.dir/rosidl_typesupport_fastrtps_c/asurt_msgs/msg/detail/event__type_support_c.cpp.o[0m
[15.966s] [ 79%] [32mBuilding CXX object CMakeFiles/asurt_msgs__rosidl_typesupport_fastrtps_cpp.dir/rosidl_typesupport_fastrtps_cpp/asurt_msgs/msg/detail/dds_fastrtps/key_points__type_support.cpp.o[0m
[16.034s] [ 80%] [32mBuilding CXX object CMakeFiles/asurt_msgs__rosidl_typesupport_fastrtps_cpp.dir/rosidl_typesupport_fastrtps_cpp/asurt_msgs/msg/detail/dds_fastrtps/event__type_support.cpp.o[0m
[16.505s] [ 81%] [32m[1mLinking CXX shared library libasurt_msgs__rosidl_typesupport_introspection_cpp.so[0m
[18.997s] [ 81%] Built target asurt_msgs__rosidl_typesupport_introspection_cpp
[19.360s] [ 82%] [32m[1mLinking CXX shared library libasurt_msgs__rosidl_typesupport_fastrtps_c.so[0m
[20.400s] [ 83%] [32m[1mLinking CXX shared library libasurt_msgs__rosidl_typesupport_fastrtps_cpp.so[0m
[21.413s] [ 83%] Built target asurt_msgs__rosidl_typesupport_fastrtps_c
[21.990s] [ 83%] Built target asurt_msgs__rosidl_typesupport_fastrtps_cpp
[22.006s] [ 83%] Built target asurt_msgs
[22.027s] [ 84%] [34m[1mGenerating Python code for ROS interfaces[0m
[22.849s] [ 84%] Built target asurt_msgs__py
[22.870s] [ 85%] [32mBuilding C object CMakeFiles/asurt_msgs__rosidl_generator_py.dir/rosidl_generator_py/asurt_msgs/msg/_node_status_s.c.o[0m
[22.870s] [ 86%] [32mBuilding C object CMakeFiles/asurt_msgs__rosidl_generator_py.dir/rosidl_generator_py/asurt_msgs/msg/_landmark_s.c.o[0m
[22.871s] [ 87%] [32mBuilding C object CMakeFiles/asurt_msgs__rosidl_generator_py.dir/rosidl_generator_py/asurt_msgs/msg/_landmark_array_s.c.o[0m
[22.872s] [ 89%] [32mBuilding C object CMakeFiles/asurt_msgs__rosidl_generator_py.dir/rosidl_generator_py/asurt_msgs/msg/_roadstate_s.c.o[0m
[22.872s] [ 89%] [32mBuilding C object CMakeFiles/asurt_msgs__rosidl_generator_py.dir/rosidl_generator_py/asurt_msgs/msg/_cloud_info_s.c.o[0m
[22.873s] [ 90%] [32mBuilding C object CMakeFiles/asurt_msgs__rosidl_generator_py.dir/rosidl_generator_py/asurt_msgs/msg/_bounding_boxes_s.c.o[0m
[22.873s] [ 90%] [32mBuilding C object CMakeFiles/asurt_msgs__rosidl_generator_py.dir/rosidl_generator_py/asurt_msgs/msg/_bounding_box_s.c.o[0m
[22.874s] [ 91%] [32mBuilding C object CMakeFiles/asurt_msgs__rosidl_generator_py.dir/rosidl_generator_py/asurt_msgs/msg/_key_points_s.c.o[0m
[22.876s] [ 92%] [32mBuilding C object CMakeFiles/asurt_msgs__rosidl_generator_py.dir/rosidl_generator_py/asurt_msgs/msg/_cone_img_s.c.o[0m
[22.876s] [ 93%] [32mBuilding C object CMakeFiles/asurt_msgs__rosidl_generator_py.dir/rosidl_generator_py/asurt_msgs/msg/_cone_img_array_s.c.o[0m
[22.878s] [ 94%] [32mBuilding C object CMakeFiles/asurt_msgs__rosidl_generator_py.dir/rosidl_generator_py/asurt_msgs/msg/_event_s.c.o[0m
[23.165s] [ 95%] [32m[1mLinking C shared library rosidl_generator_py/asurt_msgs/libasurt_msgs__rosidl_generator_py.so[0m
[23.514s] [ 95%] Built target asurt_msgs__rosidl_generator_py
[23.534s] [ 96%] [32mBuilding C object CMakeFiles/asurt_msgs__rosidl_typesupport_introspection_c__pyext.dir/rosidl_generator_py/asurt_msgs/_asurt_msgs_s.ep.rosidl_typesupport_introspection_c.c.o[0m
[23.540s] [ 97%] [32mBuilding C object CMakeFiles/asurt_msgs__rosidl_typesupport_fastrtps_c__pyext.dir/rosidl_generator_py/asurt_msgs/_asurt_msgs_s.ep.rosidl_typesupport_fastrtps_c.c.o[0m
[23.543s] [ 97%] [32mBuilding C object CMakeFiles/asurt_msgs__rosidl_typesupport_c__pyext.dir/rosidl_generator_py/asurt_msgs/_asurt_msgs_s.ep.rosidl_typesupport_c.c.o[0m
[23.674s] [ 98%] [32m[1mLinking C shared library rosidl_generator_py/asurt_msgs/asurt_msgs_s__rosidl_typesupport_fastrtps_c.cpython-310-x86_64-linux-gnu.so[0m
[23.675s] [ 99%] [32m[1mLinking C shared library rosidl_generator_py/asurt_msgs/asurt_msgs_s__rosidl_typesupport_c.cpython-310-x86_64-linux-gnu.so[0m
[23.676s] [100%] [32m[1mLinking C shared library rosidl_generator_py/asurt_msgs/asurt_msgs_s__rosidl_typesupport_introspection_c.cpython-310-x86_64-linux-gnu.so[0m
[23.903s] [100%] Built target asurt_msgs__rosidl_typesupport_introspection_c__pyext
[23.911s] [100%] Built target asurt_msgs__rosidl_typesupport_fastrtps_c__pyext
[23.916s] [100%] Built target asurt_msgs__rosidl_typesupport_c__pyext
[23.929s] Invoked command in '/home/ayasx9/FSAI26/perception_deep_logging/ros2_ws/build/asurt_msgs' returned '0': CMAKE_PREFIX_PATH=${CMAKE_PREFIX_PATH}:/home/ayasx9/arl_workshop/turtle_proj1/install/project_nodes:/home/ayasx9/ros2_proj1/install/my_turtle_proj:/opt/ros/humble /usr/bin/cmake --build /home/ayasx9/FSAI26/perception_deep_logging/ros2_ws/build/asurt_msgs -- -j12 -l12
[23.938s] Invoking command in '/home/ayasx9/FSAI26/perception_deep_logging/ros2_ws/build/asurt_msgs': CMAKE_PREFIX_PATH=${CMAKE_PREFIX_PATH}:/home/ayasx9/arl_workshop/turtle_proj1/install/project_nodes:/home/ayasx9/ros2_proj1/install/my_turtle_proj:/opt/ros/humble /usr/bin/cmake --install /home/ayasx9/FSAI26/perception_deep_logging/ros2_ws/build/asurt_msgs
[23.943s] -- Install configuration: ""
[23.944s] -- Execute custom install script
[23.945s] -- Symlinking: /home/ayasx9/FSAI26/perception_deep_logging/ros2_ws/install/asurt_msgs/share/ament_index/resource_index/rosidl_interfaces/asurt_msgs
[23.956s] -- Symlinking: /home/ayasx9/FSAI26/perception_deep_logging/ros2_ws/install/asurt_msgs/include/asurt_msgs/asurt_msgs/msg/bounding_box.h
[23.962s] -- Symlinking: /home/ayasx9/FSAI26/perception_deep_logging/ros2_ws/install/asurt_msgs/include/asurt_msgs/asurt_msgs/msg/bounding_boxes.h
[23.969s] -- Symlinking: /home/ayasx9/FSAI26/perception_deep_logging/ros2_ws/install/asurt_msgs/include/asurt_msgs/asurt_msgs/msg/cloud_info.h
[23.976s] -- Symlinking: /home/ayasx9/FSAI26/perception_deep_logging/ros2_ws/install/asurt_msgs/include/asurt_msgs/asurt_msgs/msg/cone_img.h
[23.983s] -- Symlinking: /home/ayasx9/FSAI26/perception_deep_logging/ros2_ws/install/asurt_msgs/include/asurt_msgs/asurt_msgs/msg/cone_img_array.h
[23.991s] -- Symlinking: /home/ayasx9/FSAI26/perception_deep_logging/ros2_ws/install/asurt_msgs/include/asurt_msgs/asurt_msgs/msg/detail/bounding_box__functions.h
[23.998s] -- Symlinking: /home/ayasx9/FSAI26/perception_deep_logging/ros2_ws/install/asurt_msgs/include/asurt_msgs/asurt_msgs/msg/detail/bounding_box__struct.h
[24.006s] -- Symlinking: /home/ayasx9/FSAI26/perception_deep_logging/ros2_ws/install/asurt_msgs/include/asurt_msgs/asurt_msgs/msg/detail/bounding_box__type_support.h
[24.013s] -- Symlinking: /home/ayasx9/FSAI26/perception_deep_logging/ros2_ws/install/asurt_msgs/include/asurt_msgs/asurt_msgs/msg/detail/bounding_boxes__functions.h
[24.021s] -- Symlinking: /home/ayasx9/FSAI26/perception_deep_logging/ros2_ws/install/asurt_msgs/include/asurt_msgs/asurt_msgs/msg/detail/bounding_boxes__struct.h
[24.029s] -- Symlinking: /home/ayasx9/FSAI26/perception_deep_logging/ros2_ws/install/asurt_msgs/include/asurt_msgs/asurt_msgs/msg/detail/bounding_boxes__type_support.h
[24.036s] -- Symlinking: /home/ayasx9/FSAI26/perception_deep_logging/ros2_ws/install/asurt_msgs/include/asurt_msgs/asurt_msgs/msg/detail/cloud_info__functions.h
[24.043s] -- Symlinking: /home/ayasx9/FSAI26/perception_deep_logging/ros2_ws/install/asurt_msgs/include/asurt_msgs/asurt_msgs/msg/detail/cloud_info__struct.h
[24.050s] -- Symlinking: /home/ayasx9/FSAI26/perception_deep_logging/ros2_ws/install/asurt_msgs/include/asurt_msgs/asurt_msgs/msg/detail/cloud_info__type_support.h
[24.057s] -- Symlinking: /home/ayasx9/FSAI26/perception_deep_logging/ros2_ws/install/asurt_msgs/include/asurt_msgs/asurt_msgs/msg/detail/cone_img__functions.h
[24.065s] -- Symlinking: /home/ayasx9/FSAI26/perception_deep_logging/ros2_ws/install/asurt_msgs/include/asurt_msgs/asurt_msgs/msg/detail/cone_img__struct.h
[24.073s] -- Symlinking: /home/ayasx9/FSAI26/perception_deep_logging/ros2_ws/install/asurt_msgs/include/asurt_msgs/asurt_msgs/msg/detail/cone_img__type_support.h
[24.079s] -- Symlinking: /home/ayasx9/FSAI26/perception_deep_logging/ros2_ws/install/asurt_msgs/include/asurt_msgs/asurt_msgs/msg/detail/cone_img_array__functions.h
[24.085s] -- Symlinking: /home/ayasx9/FSAI26/perception_deep_logging/ros2_ws/install/asurt_msgs/include/asurt_msgs/asurt_msgs/msg/detail/cone_img_array__struct.h
[24.092s] -- Symlinking: /home/ayasx9/FSAI26/perception_deep_logging/ros2_ws/install/asurt_msgs/include/asurt_msgs/asurt_msgs/msg/detail/cone_img_array__type_support.h
[24.098s] -- Symlinking: /home/ayasx9/FSAI26/perception_deep_logging/ros2_ws/install/asurt_msgs/include/asurt_msgs/asurt_msgs/msg/detail/event__functions.h
[24.104s] -- Symlinking: /home/ayasx9/FSAI26/perception_deep_logging/ros2_ws/install/asurt_msgs/include/asurt_msgs/asurt_msgs/msg/detail/event__struct.h
[24.109s] -- Symlinking: /home/ayasx9/FSAI26/perception_deep_logging/ros2_ws/install/asurt_msgs/include/asurt_msgs/asurt_msgs/msg/detail/event__type_support.h
[24.115s] -- Symlinking: /home/ayasx9/FSAI26/perception_deep_logging/ros2_ws/install/asurt_msgs/include/asurt_msgs/asurt_msgs/msg/detail/key_points__functions.h
[24.121s] -- Symlinking: /home/ayasx9/FSAI26/perception_deep_logging/ros2_ws/install/asurt_msgs/include/asurt_msgs/asurt_msgs/msg/detail/key_points__struct.h
[24.126s] -- Symlinking: /home/ayasx9/FSAI26/perception_deep_logging/ros2_ws/install/asurt_msgs/include/asurt_msgs/asurt_msgs/msg/detail/key_points__type_support.h
[24.132s] -- Symlinking: /home/ayasx9/FSAI26/perception_deep_logging/ros2_ws/install/asurt_msgs/include/asurt_msgs/asurt_msgs/msg/detail/landmark__functions.h
[24.138s] -- Symlinking: /home/ayasx9/FSAI26/perception_deep_logging/ros2_ws/install/asurt_msgs/include/asurt_msgs/asurt_msgs/msg/detail/landmark__struct.h
[24.144s] -- Symlinking: /home/ayasx9/FSAI26/perception_deep_logging/ros2_ws/install/asurt_msgs/include/asurt_msgs/asurt_msgs/msg/detail/landmark__type_support.h
[24.150s] -- Symlinking: /home/ayasx9/FSAI26/perception_deep_logging/ros2_ws/install/asurt_msgs/include/asurt_msgs/asurt_msgs/msg/detail/landmark_array__functions.h
[24.156s] -- Symlinking: /home/ayasx9/FSAI26/perception_deep_logging/ros2_ws/install/asurt_msgs/include/asurt_msgs/asurt_msgs/msg/detail/landmark_array__struct.h
[24.161s] -- Symlinking: /home/ayasx9/FSAI26/perception_deep_logging/ros2_ws/install/asurt_msgs/include/asurt_msgs/asurt_msgs/msg/detail/landmark_array__type_support.h
[24.166s] -- Symlinking: /home/ayasx9/FSAI26/perception_deep_logging/ros2_ws/install/asurt_msgs/include/asurt_msgs/asurt_msgs/msg/detail/node_status__functions.h
[24.172s] -- Symlinking: /home/ayasx9/FSAI26/perception_deep_logging/ros2_ws/install/asurt_msgs/include/asurt_msgs/asurt_msgs/msg/detail/node_status__struct.h
[24.178s] -- Symlinking: /home/ayasx9/FSAI26/perception_deep_logging/ros2_ws/install/asurt_msgs/include/asurt_msgs/asurt_msgs/msg/detail/node_status__type_support.h
[24.182s] -- Symlinking: /home/ayasx9/FSAI26/perception_deep_logging/ros2_ws/install/asurt_msgs/include/asurt_msgs/asurt_msgs/msg/detail/roadstate__functions.h
[24.188s] -- Symlinking: /home/ayasx9/FSAI26/perception_deep_logging/ros2_ws/install/asurt_msgs/include/asurt_msgs/asurt_msgs/msg/detail/roadstate__struct.h
[24.193s] -- Symlinking: /home/ayasx9/FSAI26/perception_deep_logging/ros2_ws/install/asurt_msgs/include/asurt_msgs/asurt_msgs/msg/detail/roadstate__type_support.h
[24.198s] -- Symlinking: /home/ayasx9/FSAI26/perception_deep_logging/ros2_ws/install/asurt_msgs/include/asurt_msgs/asurt_msgs/msg/event.h
[24.204s] -- Symlinking: /home/ayasx9/FSAI26/perception_deep_logging/ros2_ws/install/asurt_msgs/include/asurt_msgs/asurt_msgs/msg/key_points.h
[24.209s] -- Symlinking: /home/ayasx9/FSAI26/perception_deep_logging/ros2_ws/install/asurt_msgs/include/asurt_msgs/asurt_msgs/msg/landmark.h
[24.214s] -- Symlinking: /home/ayasx9/FSAI26/perception_deep_logging/ros2_ws/install/asurt_msgs/include/asurt_msgs/asurt_msgs/msg/landmark_array.h
[24.220s] -- Symlinking: /home/ayasx9/FSAI26/perception_deep_logging/ros2_ws/install/asurt_msgs/include/asurt_msgs/asurt_msgs/msg/node_status.h
[24.226s] -- Symlinking: /home/ayasx9/FSAI26/perception_deep_logging/ros2_ws/install/asurt_msgs/include/asurt_msgs/asurt_msgs/msg/roadstate.h
[24.232s] -- Symlinking: /home/ayasx9/FSAI26/perception_deep_logging/ros2_ws/install/asurt_msgs/include/asurt_msgs/asurt_msgs/msg/rosidl_generator_c__visibility_control.h
[24.238s] -- Symlinking: /home/ayasx9/FSAI26/perception_deep_logging/ros2_ws/install/asurt_msgs/share/asurt_msgs/environment/library_path.sh
[24.243s] -- Symlinking: /home/ayasx9/FSAI26/perception_deep_logging/ros2_ws/install/asurt_msgs/share/asurt_msgs/environment/library_path.dsv
[24.248s] -- Symlinking: /home/ayasx9/FSAI26/perception_deep_logging/ros2_ws/install/asurt_msgs/include/asurt_msgs/asurt_msgs/msg/detail/bounding_box__rosidl_typesupport_fastrtps_c.h
[24.253s] -- Symlinking: /home/ayasx9/FSAI26/perception_deep_logging/ros2_ws/install/asurt_msgs/include/asurt_msgs/asurt_msgs/msg/detail/bounding_boxes__rosidl_typesupport_fastrtps_c.h
[24.258s] -- Symlinking: /home/ayasx9/FSAI26/perception_deep_logging/ros2_ws/install/asurt_msgs/include/asurt_msgs/asurt_msgs/msg/detail/cloud_info__rosidl_typesupport_fastrtps_c.h
[24.264s] -- Symlinking: /home/ayasx9/FSAI26/perception_deep_logging/ros2_ws/install/asurt_msgs/include/asurt_msgs/asurt_msgs/msg/detail/cone_img__rosidl_typesupport_fastrtps_c.h
[24.269s] -- Symlinking: /home/ayasx9/FSAI26/perception_deep_logging/ros2_ws/install/asurt_msgs/include/asurt_msgs/asurt_msgs/msg/detail/cone_img_array__rosidl_typesupport_fastrtps_c.h
[24.274s] -- Symlinking: /home/ayasx9/FSAI26/perception_deep_logging/ros2_ws/install/asurt_msgs/include/asurt_msgs/asurt_msgs/msg/detail/event__rosidl_typesupport_fastrtps_c.h
[24.281s] -- Symlinking: /home/ayasx9/FSAI26/perception_deep_logging/ros2_ws/install/asurt_msgs/include/asurt_msgs/asurt_msgs/msg/detail/key_points__rosidl_typesupport_fastrtps_c.h
[24.287s] -- Symlinking: /home/ayasx9/FSAI26/perception_deep_logging/ros2_ws/install/asurt_msgs/include/asurt_msgs/asurt_msgs/msg/detail/landmark__rosidl_typesupport_fastrtps_c.h
[24.294s] -- Symlinking: /home/ayasx9/FSAI26/perception_deep_logging/ros2_ws/install/asurt_msgs/include/asurt_msgs/asurt_msgs/msg/detail/landmark_array__rosidl_typesupport_fastrtps_c.h
[24.299s] -- Symlinking: /home/ayasx9/FSAI26/perception_deep_logging/ros2_ws/install/asurt_msgs/include/asurt_msgs/asurt_msgs/msg/detail/node_status__rosidl_typesupport_fastrtps_c.h
[24.305s] -- Symlinking: /home/ayasx9/FSAI26/perception_deep_logging/ros2_ws/install/asurt_msgs/include/asurt_msgs/asurt_msgs/msg/detail/roadstate__rosidl_typesupport_fastrtps_c.h
[24.314s] -- Symlinking: /home/ayasx9/FSAI26/perception_deep_logging/ros2_ws/install/asurt_msgs/include/asurt_msgs/asurt_msgs/msg/rosidl_typesupport_fastrtps_c__visibility_control.h
[24.322s] -- Symlinking: /home/ayasx9/FSAI26/perception_deep_logging/ros2_ws/install/asurt_msgs/include/asurt_msgs/asurt_msgs/msg/bounding_box.hpp
[24.328s] -- Symlinking: /home/ayasx9/FSAI26/perception_deep_logging/ros2_ws/install/asurt_msgs/include/asurt_msgs/asurt_msgs/msg/bounding_boxes.hpp
[24.335s] -- Symlinking: /home/ayasx9/FSAI26/perception_deep_logging/ros2_ws/install/asurt_msgs/include/asurt_msgs/asurt_msgs/msg/cloud_info.hpp
[24.342s] -- Symlinking: /home/ayasx9/FSAI26/perception_deep_logging/ros2_ws/install/asurt_msgs/include/asurt_msgs/asurt_msgs/msg/cone_img.hpp
[24.348s] -- Symlinking: /home/ayasx9/FSAI26/perception_deep_logging/ros2_ws/install/asurt_msgs/include/asurt_msgs/asurt_msgs/msg/cone_img_array.hpp
[24.353s] -- Symlinking: /home/ayasx9/FSAI26/perception_deep_logging/ros2_ws/install/asurt_msgs/include/asurt_msgs/asurt_msgs/msg/detail/bounding_box__builder.hpp
[24.359s] -- Symlinking: /home/ayasx9/FSAI26/perception_deep_logging/ros2_ws/install/asurt_msgs/include/asurt_msgs/asurt_msgs/msg/detail/bounding_box__struct.hpp
[24.365s] -- Symlinking: /home/ayasx9/FSAI26/perception_deep_logging/ros2_ws/install/asurt_msgs/include/asurt_msgs/asurt_msgs/msg/detail/bounding_box__traits.hpp
[24.370s] -- Symlinking: /home/ayasx9/FSAI26/perception_deep_logging/ros2_ws/install/asurt_msgs/include/asurt_msgs/asurt_msgs/msg/detail/bounding_box__type_support.hpp
[24.375s] -- Symlinking: /home/ayasx9/FSAI26/perception_deep_logging/ros2_ws/install/asurt_msgs/include/asurt_msgs/asurt_msgs/msg/detail/bounding_boxes__builder.hpp
[24.380s] -- Symlinking: /home/ayasx9/FSAI26/perception_deep_logging/ros2_ws/install/asurt_msgs/include/asurt_msgs/asurt_msgs/msg/detail/bounding_boxes__struct.hpp
[24.385s] -- Symlinking: /home/ayasx9/FSAI26/perception_deep_logging/ros2_ws/install/asurt_msgs/include/asurt_msgs/asurt_msgs/msg/detail/bounding_boxes__traits.hpp
[24.390s] -- Symlinking: /home/ayasx9/FSAI26/perception_deep_logging/ros2_ws/install/asurt_msgs/include/asurt_msgs/asurt_msgs/msg/detail/bounding_boxes__type_support.hpp
[24.395s] -- Symlinking: /home/ayasx9/FSAI26/perception_deep_logging/ros2_ws/install/asurt_msgs/include/asurt_msgs/asurt_msgs/msg/detail/cloud_info__builder.hpp
[24.400s] -- Symlinking: /home/ayasx9/FSAI26/perception_deep_logging/ros2_ws/install/asurt_msgs/include/asurt_msgs/asurt_msgs/msg/detail/cloud_info__struct.hpp
[24.406s] -- Symlinking: /home/ayasx9/FSAI26/perception_deep_logging/ros2_ws/install/asurt_msgs/include/asurt_msgs/asurt_msgs/msg/detail/cloud_info__traits.hpp
[24.412s] -- Symlinking: /home/ayasx9/FSAI26/perception_deep_logging/ros2_ws/install/asurt_msgs/include/asurt_msgs/asurt_msgs/msg/detail/cloud_info__type_support.hpp
[24.417s] -- Symlinking: /home/ayasx9/FSAI26/perception_deep_logging/ros2_ws/install/asurt_msgs/include/asurt_msgs/asurt_msgs/msg/detail/cone_img__builder.hpp
[24.424s] -- Symlinking: /home/ayasx9/FSAI26/perception_deep_logging/ros2_ws/install/asurt_msgs/include/asurt_msgs/asurt_msgs/msg/detail/cone_img__struct.hpp
[24.430s] -- Symlinking: /home/ayasx9/FSAI26/perception_deep_logging/ros2_ws/install/asurt_msgs/include/asurt_msgs/asurt_msgs/msg/detail/cone_img__traits.hpp
[24.436s] -- Symlinking: /home/ayasx9/FSAI26/perception_deep_logging/ros2_ws/install/asurt_msgs/include/asurt_msgs/asurt_msgs/msg/detail/cone_img__type_support.hpp
[24.442s] -- Symlinking: /home/ayasx9/FSAI26/perception_deep_logging/ros2_ws/install/asurt_msgs/include/asurt_msgs/asurt_msgs/msg/detail/cone_img_array__builder.hpp
[24.448s] -- Symlinking: /home/ayasx9/FSAI26/perception_deep_logging/ros2_ws/install/asurt_msgs/include/asurt_msgs/asurt_msgs/msg/detail/cone_img_array__struct.hpp
[24.453s] -- Symlinking: /home/ayasx9/FSAI26/perception_deep_logging/ros2_ws/install/asurt_msgs/include/asurt_msgs/asurt_msgs/msg/detail/cone_img_array__traits.hpp
[24.458s] -- Symlinking: /home/ayasx9/FSAI26/perception_deep_logging/ros2_ws/install/asurt_msgs/include/asurt_msgs/asurt_msgs/msg/detail/cone_img_array__type_support.hpp
[24.464s] -- Symlinking: /home/ayasx9/FSAI26/perception_deep_logging/ros2_ws/install/asurt_msgs/include/asurt_msgs/asurt_msgs/msg/detail/event__builder.hpp
[24.469s] -- Symlinking: /home/ayasx9/FSAI26/perception_deep_logging/ros2_ws/install/asurt_msgs/include/asurt_msgs/asurt_msgs/msg/detail/event__struct.hpp
[24.474s] -- Symlinking: /home/ayasx9/FSAI26/perception_deep_logging/ros2_ws/install/asurt_msgs/include/asurt_msgs/asurt_msgs/msg/detail/event__traits.hpp
[24.479s] -- Symlinking: /home/ayasx9/FSAI26/perception_deep_logging/ros2_ws/install/asurt_msgs/include/asurt_msgs/asurt_msgs/msg/detail/event__type_support.hpp
[24.484s] -- Symlinking: /home/ayasx9/FSAI26/perception_deep_logging/ros2_ws/install/asurt_msgs/include/asurt_msgs/asurt_msgs/msg/detail/key_points__builder.hpp
[24.489s] -- Symlinking: /home/ayasx9/FSAI26/perception_deep_logging/ros2_ws/install/asurt_msgs/include/asurt_msgs/asurt_msgs/msg/detail/key_points__struct.hpp
[24.495s] -- Symlinking: /home/ayasx9/FSAI26/perception_deep_logging/ros2_ws/install/asurt_msgs/include/asurt_msgs/asurt_msgs/msg/detail/key_points__traits.hpp
[24.501s] -- Symlinking: /home/ayasx9/FSAI26/perception_deep_logging/ros2_ws/install/asurt_msgs/include/asurt_msgs/asurt_msgs/msg/detail/key_points__type_support.hpp
[24.506s] -- Symlinking: /home/ayasx9/FSAI26/perception_deep_logging/ros2_ws/install/asurt_msgs/include/asurt_msgs/asurt_msgs/msg/detail/landmark__builder.hpp
[24.513s] -- Symlinking: /home/ayasx9/FSAI26/perception_deep_logging/ros2_ws/install/asurt_msgs/include/asurt_msgs/asurt_msgs/msg/detail/landmark__struct.hpp
[24.518s] -- Symlinking: /home/ayasx9/FSAI26/perception_deep_logging/ros2_ws/install/asurt_msgs/include/asurt_msgs/asurt_msgs/msg/detail/landmark__traits.hpp
[24.523s] -- Symlinking: /home/ayasx9/FSAI26/perception_deep_logging/ros2_ws/install/asurt_msgs/include/asurt_msgs/asurt_msgs/msg/detail/landmark__type_support.hpp
[24.529s] -- Symlinking: /home/ayasx9/FSAI26/perception_deep_logging/ros2_ws/install/asurt_msgs/include/asurt_msgs/asurt_msgs/msg/detail/landmark_array__builder.hpp
[24.534s] -- Symlinking: /home/ayasx9/FSAI26/perception_deep_logging/ros2_ws/install/asurt_msgs/include/asurt_msgs/asurt_msgs/msg/detail/landmark_array__struct.hpp
[24.541s] -- Symlinking: /home/ayasx9/FSAI26/perception_deep_logging/ros2_ws/install/asurt_msgs/include/asurt_msgs/asurt_msgs/msg/detail/landmark_array__traits.hpp
[24.548s] -- Symlinking: /home/ayasx9/FSAI26/perception_deep_logging/ros2_ws/install/asurt_msgs/include/asurt_msgs/asurt_msgs/msg/detail/landmark_array__type_support.hpp
[24.554s] -- Symlinking: /home/ayasx9/FSAI26/perception_deep_logging/ros2_ws/install/asurt_msgs/include/asurt_msgs/asurt_msgs/msg/detail/node_status__builder.hpp
[24.559s] -- Symlinking: /home/ayasx9/FSAI26/perception_deep_logging/ros2_ws/install/asurt_msgs/include/asurt_msgs/asurt_msgs/msg/detail/node_status__struct.hpp
[24.565s] -- Symlinking: /home/ayasx9/FSAI26/perception_deep_logging/ros2_ws/install/asurt_msgs/include/asurt_msgs/asurt_msgs/msg/detail/node_status__traits.hpp
[24.570s] -- Symlinking: /home/ayasx9/FSAI26/perception_deep_logging/ros2_ws/install/asurt_msgs/include/asurt_msgs/asurt_msgs/msg/detail/node_status__type_support.hpp
[24.576s] -- Symlinking: /home/ayasx9/FSAI26/perception_deep_logging/ros2_ws/install/asurt_msgs/include/asurt_msgs/asurt_msgs/msg/detail/roadstate__builder.hpp
[24.582s] -- Symlinking: /home/ayasx9/FSAI26/perception_deep_logging/ros2_ws/install/asurt_msgs/include/asurt_msgs/asurt_msgs/msg/detail/roadstate__struct.hpp
[24.587s] -- Symlinking: /home/ayasx9/FSAI26/perception_deep_logging/ros2_ws/install/asurt_msgs/include/asurt_msgs/asurt_msgs/msg/detail/roadstate__traits.hpp
[24.592s] -- Symlinking: /home/ayasx9/FSAI26/perception_deep_logging/ros2_ws/install/asurt_msgs/include/asurt_msgs/asurt_msgs/msg/detail/roadstate__type_support.hpp
[24.597s] -- Symlinking: /home/ayasx9/FSAI26/perception_deep_logging/ros2_ws/install/asurt_msgs/include/asurt_msgs/asurt_msgs/msg/event.hpp
[24.603s] -- Symlinking: /home/ayasx9/FSAI26/perception_deep_logging/ros2_ws/install/asurt_msgs/include/asurt_msgs/asurt_msgs/msg/key_points.hpp
[24.608s] -- Symlinking: /home/ayasx9/FSAI26/perception_deep_logging/ros2_ws/install/asurt_msgs/include/asurt_msgs/asurt_msgs/msg/landmark.hpp
[24.613s] -- Symlinking: /home/ayasx9/FSAI26/perception_deep_logging/ros2_ws/install/asurt_msgs/include/asurt_msgs/asurt_msgs/msg/landmark_array.hpp
[24.618s] -- Symlinking: /home/ayasx9/FSAI26/perception_deep_logging/ros2_ws/install/asurt_msgs/include/asurt_msgs/asurt_msgs/msg/node_status.hpp
[24.624s] -- Symlinking: /home/ayasx9/FSAI26/perception_deep_logging/ros2_ws/install/asurt_msgs/include/asurt_msgs/asurt_msgs/msg/roadstate.hpp
[24.630s] -- Symlinking: /home/ayasx9/FSAI26/perception_deep_logging/ros2_ws/install/asurt_msgs/include/asurt_msgs/asurt_msgs/msg/rosidl_generator_cpp__visibility_control.hpp
[24.637s] -- Symlinking: /home/ayasx9/FSAI26/perception_deep_logging/ros2_ws/install/asurt_msgs/include/asurt_msgs/asurt_msgs/msg/detail/bounding_box__rosidl_typesupport_fastrtps_cpp.hpp
[24.642s] -- Symlinking: /home/ayasx9/FSAI26/perception_deep_logging/ros2_ws/install/asurt_msgs/include/asurt_msgs/asurt_msgs/msg/detail/bounding_boxes__rosidl_typesupport_fastrtps_cpp.hpp
[24.648s] -- Symlinking: /home/ayasx9/FSAI26/perception_deep_logging/ros2_ws/install/asurt_msgs/include/asurt_msgs/asurt_msgs/msg/detail/cloud_info__rosidl_typesupport_fastrtps_cpp.hpp
[24.655s] -- Symlinking: /home/ayasx9/FSAI26/perception_deep_logging/ros2_ws/install/asurt_msgs/include/asurt_msgs/asurt_msgs/msg/detail/cone_img__rosidl_typesupport_fastrtps_cpp.hpp
[24.660s] -- Symlinking: /home/ayasx9/FSAI26/perception_deep_logging/ros2_ws/install/asurt_msgs/include/asurt_msgs/asurt_msgs/msg/detail/cone_img_array__rosidl_typesupport_fastrtps_cpp.hpp
[24.665s] -- Symlinking: /home/ayasx9/FSAI26/perception_deep_logging/ros2_ws/install/asurt_msgs/include/asurt_msgs/asurt_msgs/msg/detail/event__rosidl_typesupport_fastrtps_cpp.hpp
[24.671s] -- Symlinking: /home/ayasx9/FSAI26/perception_deep_logging/ros2_ws/install/asurt_msgs/include/asurt_msgs/asurt_msgs/msg/detail/key_points__rosidl_typesupport_fastrtps_cpp.hpp
[24.676s] -- Symlinking: /home/ayasx9/FSAI26/perception_deep_logging/ros2_ws/install/asurt_msgs/include/asurt_msgs/asurt_msgs/msg/detail/landmark__rosidl_typesupport_fastrtps_cpp.hpp
[24.682s] -- Symlinking: /home/ayasx9/FSAI26/perception_deep_logging/ros2_ws/install/asurt_msgs/include/asurt_msgs/asurt_msgs/msg/detail/landmark_array__rosidl_typesupport_fastrtps_cpp.hpp
[24.688s] -- Symlinking: /home/ayasx9/FSAI26/perception_deep_logging/ros2_ws/install/asurt_msgs/include/asurt_msgs/asurt_msgs/msg/detail/node_status__rosidl_typesupport_fastrtps_cpp.hpp
[24.694s] -- Symlinking: /home/ayasx9/FSAI26/perception_deep_logging/ros2_ws/install/asurt_msgs/include/asurt_msgs/asurt_msgs/msg/detail/roadstate__rosidl_typesupport_fastrtps_cpp.hpp
[24.700s] -- Symlinking: /home/ayasx9/FSAI26/perception_deep_logging/ros2_ws/install/asurt_msgs/include/asurt_msgs/asurt_msgs/msg/rosidl_typesupport_fastrtps_cpp__visibility_control.h
[24.706s] -- Symlinking: /home/ayasx9/FSAI26/perception_deep_logging/ros2_ws/install/asurt_msgs/include/asurt_msgs/asurt_msgs/msg/detail/bounding_box__rosidl_typesupport_introspection_c.h
[24.711s] -- Symlinking: /home/ayasx9/FSAI26/perception_deep_logging/ros2_ws/install/asurt_msgs/include/asurt_msgs/asurt_msgs/msg/detail/bounding_boxes__rosidl_typesupport_introspection_c.h
[24.718s] -- Symlinking: /home/ayasx9/FSAI26/perception_deep_logging/ros2_ws/install/asurt_msgs/include/asurt_msgs/asurt_msgs/msg/detail/cloud_info__rosidl_typesupport_introspection_c.h
[24.725s] -- Symlinking: /home/ayasx9/FSAI26/perception_deep_logging/ros2_ws/install/asurt_msgs/include/asurt_msgs/asurt_msgs/msg/detail/cone_img__rosidl_typesupport_introspection_c.h
[24.731s] -- Symlinking: /home/ayasx9/FSAI26/perception_deep_logging/ros2_ws/install/asurt_msgs/include/asurt_msgs/asurt_msgs/msg/detail/cone_img_array__rosidl_typesupport_introspection_c.h
[24.737s] -- Symlinking: /home/ayasx9/FSAI26/perception_deep_logging/ros2_ws/install/asurt_msgs/include/asurt_msgs/asurt_msgs/msg/detail/event__rosidl_typesupport_introspection_c.h
[24.743s] -- Symlinking: /home/ayasx9/FSAI26/perception_deep_logging/ros2_ws/install/asurt_msgs/include/asurt_msgs/asurt_msgs/msg/detail/key_points__rosidl_typesupport_introspection_c.h
[24.749s] -- Symlinking: /home/ayasx9/FSAI26/perception_deep_logging/ros2_ws/install/asurt_msgs/include/asurt_msgs/asurt_msgs/msg/detail/landmark__rosidl_typesupport_introspection_c.h
[24.755s] -- Symlinking: /home/ayasx9/FSAI26/perception_deep_logging/ros2_ws/install/asurt_msgs/include/asurt_msgs/asurt_msgs/msg/detail/landmark_array__rosidl_typesupport_introspection_c.h
[24.760s] -- Symlinking: /home/ayasx9/FSAI26/perception_deep_logging/ros2_ws/install/asurt_msgs/include/asurt_msgs/asurt_msgs/msg/detail/node_status__rosidl_typesupport_introspection_c.h
[24.765s] -- Symlinking: /home/ayasx9/FSAI26/perception_deep_logging/ros2_ws/install/asurt_msgs/include/asurt_msgs/asurt_msgs/msg/detail/roadstate__rosidl_typesupport_introspection_c.h
[24.771s] -- Symlinking: /home/ayasx9/FSAI26/perception_deep_logging/ros2_ws/install/asurt_msgs/include/asurt_msgs/asurt_msgs/msg/rosidl_typesupport_introspection_c__visibility_control.h
[24.776s] -- Symlinking: /home/ayasx9/FSAI26/perception_deep_logging/ros2_ws/install/asurt_msgs/include/asurt_msgs/asurt_msgs/msg/detail/bounding_box__rosidl_typesupport_introspection_cpp.hpp
[24.782s] -- Symlinking: /home/ayasx9/FSAI26/perception_deep_logging/ros2_ws/install/asurt_msgs/include/asurt_msgs/asurt_msgs/msg/detail/bounding_boxes__rosidl_typesupport_introspection_cpp.hpp
[24.789s] -- Symlinking: /home/ayasx9/FSAI26/perception_deep_logging/ros2_ws/install/asurt_msgs/include/asurt_msgs/asurt_msgs/msg/detail/cloud_info__rosidl_typesupport_introspection_cpp.hpp
[24.794s] -- Symlinking: /home/ayasx9/FSAI26/perception_deep_logging/ros2_ws/install/asurt_msgs/include/asurt_msgs/asurt_msgs/msg/detail/cone_img__rosidl_typesupport_introspection_cpp.hpp
[24.798s] -- Symlinking: /home/ayasx9/FSAI26/perception_deep_logging/ros2_ws/install/asurt_msgs/include/asurt_msgs/asurt_msgs/msg/detail/cone_img_array__rosidl_typesupport_introspection_cpp.hpp
[24.803s] -- Symlinking: /home/ayasx9/FSAI26/perception_deep_logging/ros2_ws/install/asurt_msgs/include/asurt_msgs/asurt_msgs/msg/detail/event__rosidl_typesupport_introspection_cpp.hpp
[24.809s] -- Symlinking: /home/ayasx9/FSAI26/perception_deep_logging/ros2_ws/install/asurt_msgs/include/asurt_msgs/asurt_msgs/msg/detail/key_points__rosidl_typesupport_introspection_cpp.hpp
[24.814s] -- Symlinking: /home/ayasx9/FSAI26/perception_deep_logging/ros2_ws/install/asurt_msgs/include/asurt_msgs/asurt_msgs/msg/detail/landmark__rosidl_typesupport_introspection_cpp.hpp
[24.823s] -- Symlinking: /home/ayasx9/FSAI26/perception_deep_logging/ros2_ws/install/asurt_msgs/include/asurt_msgs/asurt_msgs/msg/detail/landmark_array__rosidl_typesupport_introspection_cpp.hpp
[24.832s] -- Symlinking: /home/ayasx9/FSAI26/perception_deep_logging/ros2_ws/install/asurt_msgs/include/asurt_msgs/asurt_msgs/msg/detail/node_status__rosidl_typesupport_introspection_cpp.hpp
[24.838s] -- Symlinking: /home/ayasx9/FSAI26/perception_deep_logging/ros2_ws/install/asurt_msgs/include/asurt_msgs/asurt_msgs/msg/detail/roadstate__rosidl_typesupport_introspection_cpp.hpp
[24.845s] -- Symlinking: /home/ayasx9/FSAI26/perception_deep_logging/ros2_ws/install/asurt_msgs/share/asurt_msgs/environment/pythonpath.sh
[24.853s] -- Symlinking: /home/ayasx9/FSAI26/perception_deep_logging/ros2_ws/install/asurt_msgs/share/asurt_msgs/environment/pythonpath.dsv
[24.862s] -- Symlinking: /home/ayasx9/FSAI26/perception_deep_logging/ros2_ws/install/asurt_msgs/local/lib/python3.10/dist-packages/asurt_msgs-2.0.0-py3.10.egg-info/PKG-INFO
[24.868s] -- Symlinking: /home/ayasx9/FSAI26/perception_deep_logging/ros2_ws/install/asurt_msgs/local/lib/python3.10/dist-packages/asurt_msgs-2.0.0-py3.10.egg-info/SOURCES.txt
[24.876s] -- Symlinking: /home/ayasx9/FSAI26/perception_deep_logging/ros2_ws/install/asurt_msgs/local/lib/python3.10/dist-packages/asurt_msgs-2.0.0-py3.10.egg-info/dependency_links.txt
[24.882s] -- Symlinking: /home/ayasx9/FSAI26/perception_deep_logging/ros2_ws/install/asurt_msgs/local/lib/python3.10/dist-packages/asurt_msgs-2.0.0-py3.10.egg-info/top_level.txt
[24.890s] -- Symlinking: /home/ayasx9/FSAI26/perception_deep_logging/ros2_ws/install/asurt_msgs/local/lib/python3.10/dist-packages/asurt_msgs/__init__.py
[24.896s] -- Symlinking: /home/ayasx9/FSAI26/perception_deep_logging/ros2_ws/install/asurt_msgs/local/lib/python3.10/dist-packages/asurt_msgs/_asurt_msgs_s.ep.rosidl_typesupport_c.c
[24.902s] -- Symlinking: /home/ayasx9/FSAI26/perception_deep_logging/ros2_ws/install/asurt_msgs/local/lib/python3.10/dist-packages/asurt_msgs/_asurt_msgs_s.ep.rosidl_typesupport_fastrtps_c.c
[24.909s] -- Symlinking: /home/ayasx9/FSAI26/perception_deep_logging/ros2_ws/install/asurt_msgs/local/lib/python3.10/dist-packages/asurt_msgs/_asurt_msgs_s.ep.rosidl_typesupport_introspection_c.c
[24.915s] -- Symlinking: /home/ayasx9/FSAI26/perception_deep_logging/ros2_ws/install/asurt_msgs/local/lib/python3.10/dist-packages/asurt_msgs/asurt_msgs_s__rosidl_typesupport_c.cpython-310-x86_64-linux-gnu.so
[24.922s] -- Symlinking: /home/ayasx9/FSAI26/perception_deep_logging/ros2_ws/install/asurt_msgs/local/lib/python3.10/dist-packages/asurt_msgs/asurt_msgs_s__rosidl_typesupport_fastrtps_c.cpython-310-x86_64-linux-gnu.so
[24.928s] -- Symlinking: /home/ayasx9/FSAI26/perception_deep_logging/ros2_ws/install/asurt_msgs/local/lib/python3.10/dist-packages/asurt_msgs/asurt_msgs_s__rosidl_typesupport_introspection_c.cpython-310-x86_64-linux-gnu.so
[24.935s] -- Symlinking: /home/ayasx9/FSAI26/perception_deep_logging/ros2_ws/install/asurt_msgs/local/lib/python3.10/dist-packages/asurt_msgs/libasurt_msgs__rosidl_generator_py.so
[24.942s] -- Symlinking: /home/ayasx9/FSAI26/perception_deep_logging/ros2_ws/install/asurt_msgs/local/lib/python3.10/dist-packages/asurt_msgs/msg/__init__.py
[24.948s] -- Symlinking: /home/ayasx9/FSAI26/perception_deep_logging/ros2_ws/install/asurt_msgs/local/lib/python3.10/dist-packages/asurt_msgs/msg/_bounding_box.py
[24.956s] -- Symlinking: /home/ayasx9/FSAI26/perception_deep_logging/ros2_ws/install/asurt_msgs/local/lib/python3.10/dist-packages/asurt_msgs/msg/_bounding_box_s.c
[24.961s] -- Symlinking: /home/ayasx9/FSAI26/perception_deep_logging/ros2_ws/install/asurt_msgs/local/lib/python3.10/dist-packages/asurt_msgs/msg/_bounding_boxes.py
[24.966s] -- Symlinking: /home/ayasx9/FSAI26/perception_deep_logging/ros2_ws/install/asurt_msgs/local/lib/python3.10/dist-packages/asurt_msgs/msg/_bounding_boxes_s.c
[24.973s] -- Symlinking: /home/ayasx9/FSAI26/perception_deep_logging/ros2_ws/install/asurt_msgs/local/lib/python3.10/dist-packages/asurt_msgs/msg/_cloud_info.py
[24.979s] -- Symlinking: /home/ayasx9/FSAI26/perception_deep_logging/ros2_ws/install/asurt_msgs/local/lib/python3.10/dist-packages/asurt_msgs/msg/_cloud_info_s.c
[24.985s] -- Symlinking: /home/ayasx9/FSAI26/perception_deep_logging/ros2_ws/install/asurt_msgs/local/lib/python3.10/dist-packages/asurt_msgs/msg/_cone_img.py
[24.990s] -- Symlinking: /home/ayasx9/FSAI26/perception_deep_logging/ros2_ws/install/asurt_msgs/local/lib/python3.10/dist-packages/asurt_msgs/msg/_cone_img_array.py
[24.996s] -- Symlinking: /home/ayasx9/FSAI26/perception_deep_logging/ros2_ws/install/asurt_msgs/local/lib/python3.10/dist-packages/asurt_msgs/msg/_cone_img_array_s.c
[25.002s] -- Symlinking: /home/ayasx9/FSAI26/perception_deep_logging/ros2_ws/install/asurt_msgs/local/lib/python3.10/dist-packages/asurt_msgs/msg/_cone_img_s.c
[25.007s] -- Symlinking: /home/ayasx9/FSAI26/perception_deep_logging/ros2_ws/install/asurt_msgs/local/lib/python3.10/dist-packages/asurt_msgs/msg/_event.py
[25.013s] -- Symlinking: /home/ayasx9/FSAI26/perception_deep_logging/ros2_ws/install/asurt_msgs/local/lib/python3.10/dist-packages/asurt_msgs/msg/_event_s.c
[25.019s] -- Symlinking: /home/ayasx9/FSAI26/perception_deep_logging/ros2_ws/install/asurt_msgs/local/lib/python3.10/dist-packages/asurt_msgs/msg/_key_points.py
[25.024s] -- Symlinking: /home/ayasx9/FSAI26/perception_deep_logging/ros2_ws/install/asurt_msgs/local/lib/python3.10/dist-packages/asurt_msgs/msg/_key_points_s.c
[25.030s] -- Symlinking: /home/ayasx9/FSAI26/perception_deep_logging/ros2_ws/install/asurt_msgs/local/lib/python3.10/dist-packages/asurt_msgs/msg/_landmark.py
[25.035s] -- Symlinking: /home/ayasx9/FSAI26/perception_deep_logging/ros2_ws/install/asurt_msgs/local/lib/python3.10/dist-packages/asurt_msgs/msg/_landmark_array.py
[25.042s] -- Symlinking: /home/ayasx9/FSAI26/perception_deep_logging/ros2_ws/install/asurt_msgs/local/lib/python3.10/dist-packages/asurt_msgs/msg/_landmark_array_s.c
[25.046s] -- Symlinking: /home/ayasx9/FSAI26/perception_deep_logging/ros2_ws/install/asurt_msgs/local/lib/python3.10/dist-packages/asurt_msgs/msg/_landmark_s.c
[25.051s] -- Symlinking: /home/ayasx9/FSAI26/perception_deep_logging/ros2_ws/install/asurt_msgs/local/lib/python3.10/dist-packages/asurt_msgs/msg/_node_status.py
[25.057s] -- Symlinking: /home/ayasx9/FSAI26/perception_deep_logging/ros2_ws/install/asurt_msgs/local/lib/python3.10/dist-packages/asurt_msgs/msg/_node_status_s.c
[25.062s] -- Symlinking: /home/ayasx9/FSAI26/perception_deep_logging/ros2_ws/install/asurt_msgs/local/lib/python3.10/dist-packages/asurt_msgs/msg/_roadstate.py
[25.067s] -- Symlinking: /home/ayasx9/FSAI26/perception_deep_logging/ros2_ws/install/asurt_msgs/local/lib/python3.10/dist-packages/asurt_msgs/msg/_roadstate_s.c
[25.073s] -- Up-to-date symlink: /home/ayasx9/FSAI26/perception_deep_logging/ros2_ws/install/asurt_msgs/local/lib/python3.10/dist-packages/asurt_msgs/asurt_msgs_s__rosidl_typesupport_fastrtps_c.cpython-310-x86_64-linux-gnu.so
[25.075s] -- Up-to-date symlink: /home/ayasx9/FSAI26/perception_deep_logging/ros2_ws/install/asurt_msgs/local/lib/python3.10/dist-packages/asurt_msgs/asurt_msgs_s__rosidl_typesupport_introspection_c.cpython-310-x86_64-linux-gnu.so
[25.075s] -- Up-to-date symlink: /home/ayasx9/FSAI26/perception_deep_logging/ros2_ws/install/asurt_msgs/local/lib/python3.10/dist-packages/asurt_msgs/asurt_msgs_s__rosidl_typesupport_c.cpython-310-x86_64-linux-gnu.so
[25.075s] -- Symlinking: /home/ayasx9/FSAI26/perception_deep_logging/ros2_ws/install/asurt_msgs/share/asurt_msgs/msg/Landmark.idl
[25.081s] -- Symlinking: /home/ayasx9/FSAI26/perception_deep_logging/ros2_ws/install/asurt_msgs/share/asurt_msgs/msg/LandmarkArray.idl
[25.087s] -- Symlinking: /home/ayasx9/FSAI26/perception_deep_logging/ros2_ws/install/asurt_msgs/share/asurt_msgs/msg/NodeStatus.idl
[25.095s] -- Symlinking: /home/ayasx9/FSAI26/perception_deep_logging/ros2_ws/install/asurt_msgs/share/asurt_msgs/msg/Roadstate.idl
[25.104s] -- Symlinking: /home/ayasx9/FSAI26/perception_deep_logging/ros2_ws/install/asurt_msgs/share/asurt_msgs/msg/CloudInfo.idl
[25.110s] -- Symlinking: /home/ayasx9/FSAI26/perception_deep_logging/ros2_ws/install/asurt_msgs/share/asurt_msgs/msg/BoundingBox.idl
[25.117s] -- Symlinking: /home/ayasx9/FSAI26/perception_deep_logging/ros2_ws/install/asurt_msgs/share/asurt_msgs/msg/BoundingBoxes.idl
[25.125s] -- Symlinking: /home/ayasx9/FSAI26/perception_deep_logging/ros2_ws/install/asurt_msgs/share/asurt_msgs/msg/ConeImg.idl
[25.132s] -- Symlinking: /home/ayasx9/FSAI26/perception_deep_logging/ros2_ws/install/asurt_msgs/share/asurt_msgs/msg/ConeImgArray.idl
[25.139s] -- Symlinking: /home/ayasx9/FSAI26/perception_deep_logging/ros2_ws/install/asurt_msgs/share/asurt_msgs/msg/KeyPoints.idl
[25.145s] -- Symlinking: /home/ayasx9/FSAI26/perception_deep_logging/ros2_ws/install/asurt_msgs/share/asurt_msgs/msg/Event.idl
[25.152s] -- Symlinking: /home/ayasx9/FSAI26/perception_deep_logging/ros2_ws/install/asurt_msgs/share/asurt_msgs/msg/Landmark.msg
[25.160s] -- Symlinking: /home/ayasx9/FSAI26/perception_deep_logging/ros2_ws/install/asurt_msgs/share/asurt_msgs/msg/LandmarkArray.msg
[25.167s] -- Symlinking: /home/ayasx9/FSAI26/perception_deep_logging/ros2_ws/install/asurt_msgs/share/asurt_msgs/msg/NodeStatus.msg
[25.176s] -- Symlinking: /home/ayasx9/FSAI26/perception_deep_logging/ros2_ws/install/asurt_msgs/share/asurt_msgs/msg/Roadstate.msg
[25.182s] -- Symlinking: /home/ayasx9/FSAI26/perception_deep_logging/ros2_ws/install/asurt_msgs/share/asurt_msgs/msg/CloudInfo.msg
[25.192s] -- Symlinking: /home/ayasx9/FSAI26/perception_deep_logging/ros2_ws/install/asurt_msgs/share/asurt_msgs/msg/BoundingBox.msg
[25.197s] -- Symlinking: /home/ayasx9/FSAI26/perception_deep_logging/ros2_ws/install/asurt_msgs/share/asurt_msgs/msg/BoundingBoxes.msg
[25.206s] -- Symlinking: /home/ayasx9/FSAI26/perception_deep_logging/ros2_ws/install/asurt_msgs/share/asurt_msgs/msg/ConeImg.msg
[25.211s] -- Symlinking: /home/ayasx9/FSAI26/perception_deep_logging/ros2_ws/install/asurt_msgs/share/asurt_msgs/msg/ConeImgArray.msg
[25.217s] -- Symlinking: /home/ayasx9/FSAI26/perception_deep_logging/ros2_ws/install/asurt_msgs/share/asurt_msgs/msg/KeyPoints.msg
[25.224s] -- Symlinking: /home/ayasx9/FSAI26/perception_deep_logging/ros2_ws/install/asurt_msgs/share/asurt_msgs/msg/Event.msg
[25.230s] -- Symlinking: /home/ayasx9/FSAI26/perception_deep_logging/ros2_ws/install/asurt_msgs/share/ament_index/resource_index/package_run_dependencies/asurt_msgs
[25.237s] -- Symlinking: /home/ayasx9/FSAI26/perception_deep_logging/ros2_ws/install/asurt_msgs/share/ament_index/resource_index/parent_prefix_path/asurt_msgs
[25.243s] -- Symlinking: /home/ayasx9/FSAI26/perception_deep_logging/ros2_ws/install/asurt_msgs/share/asurt_msgs/environment/ament_prefix_path.sh
[25.248s] -- Symlinking: /home/ayasx9/FSAI26/perception_deep_logging/ros2_ws/install/asurt_msgs/share/asurt_msgs/environment/ament_prefix_path.dsv
[25.255s] -- Symlinking: /home/ayasx9/FSAI26/perception_deep_logging/ros2_ws/install/asurt_msgs/share/asurt_msgs/environment/path.sh
[25.260s] -- Symlinking: /home/ayasx9/FSAI26/perception_deep_logging/ros2_ws/install/asurt_msgs/share/asurt_msgs/environment/path.dsv
[25.266s] -- Symlinking: /home/ayasx9/FSAI26/perception_deep_logging/ros2_ws/install/asurt_msgs/share/asurt_msgs/local_setup.bash
[25.272s] -- Symlinking: /home/ayasx9/FSAI26/perception_deep_logging/ros2_ws/install/asurt_msgs/share/asurt_msgs/local_setup.sh
[25.277s] -- Symlinking: /home/ayasx9/FSAI26/perception_deep_logging/ros2_ws/install/asurt_msgs/share/asurt_msgs/local_setup.zsh
[25.283s] -- Symlinking: /home/ayasx9/FSAI26/perception_deep_logging/ros2_ws/install/asurt_msgs/share/asurt_msgs/local_setup.dsv
[25.289s] -- Symlinking: /home/ayasx9/FSAI26/perception_deep_logging/ros2_ws/install/asurt_msgs/share/asurt_msgs/package.dsv
[25.295s] -- Symlinking: /home/ayasx9/FSAI26/perception_deep_logging/ros2_ws/install/asurt_msgs/share/ament_index/resource_index/packages/asurt_msgs
[25.301s] -- Symlinking: /home/ayasx9/FSAI26/perception_deep_logging/ros2_ws/install/asurt_msgs/share/asurt_msgs/cmake/rosidl_cmake-extras.cmake
[25.307s] -- Symlinking: /home/ayasx9/FSAI26/perception_deep_logging/ros2_ws/install/asurt_msgs/share/asurt_msgs/cmake/ament_cmake_export_dependencies-extras.cmake
[25.314s] -- Symlinking: /home/ayasx9/FSAI26/perception_deep_logging/ros2_ws/install/asurt_msgs/share/asurt_msgs/cmake/ament_cmake_export_include_directories-extras.cmake
[25.320s] -- Symlinking: /home/ayasx9/FSAI26/perception_deep_logging/ros2_ws/install/asurt_msgs/share/asurt_msgs/cmake/ament_cmake_export_libraries-extras.cmake
[25.326s] -- Symlinking: /home/ayasx9/FSAI26/perception_deep_logging/ros2_ws/install/asurt_msgs/share/asurt_msgs/cmake/ament_cmake_export_targets-extras.cmake
[25.333s] -- Symlinking: /home/ayasx9/FSAI26/perception_deep_logging/ros2_ws/install/asurt_msgs/share/asurt_msgs/cmake/rosidl_cmake_export_typesupport_targets-extras.cmake
[25.339s] -- Symlinking: /home/ayasx9/FSAI26/perception_deep_logging/ros2_ws/install/asurt_msgs/share/asurt_msgs/cmake/rosidl_cmake_export_typesupport_libraries-extras.cmake
[25.344s] -- Symlinking: /home/ayasx9/FSAI26/perception_deep_logging/ros2_ws/install/asurt_msgs/share/asurt_msgs/cmake/asurt_msgsConfig.cmake
[25.349s] -- Symlinking: /home/ayasx9/FSAI26/perception_deep_logging/ros2_ws/install/asurt_msgs/share/asurt_msgs/cmake/asurt_msgsConfig-version.cmake
[25.355s] -- Symlinking: /home/ayasx9/FSAI26/perception_deep_logging/ros2_ws/install/asurt_msgs/share/asurt_msgs/package.xml
[25.361s] -- Installing: /home/ayasx9/FSAI26/perception_deep_logging/ros2_ws/install/asurt_msgs/lib/libasurt_msgs__rosidl_generator_c.so
[25.361s] -- Set runtime path of "/home/ayasx9/FSAI26/perception_deep_logging/ros2_ws/install/asurt_msgs/lib/libasurt_msgs__rosidl_generator_c.so" to ""
[25.361s] -- Installing: /home/ayasx9/FSAI26/perception_deep_logging/ros2_ws/install/asurt_msgs/lib/libasurt_msgs__rosidl_typesupport_fastrtps_c.so
[25.361s] -- Set runtime path of "/home/ayasx9/FSAI26/perception_deep_logging/ros2_ws/install/asurt_msgs/lib/libasurt_msgs__rosidl_typesupport_fastrtps_c.so" to ""
[25.362s] -- Installing: /home/ayasx9/FSAI26/perception_deep_logging/ros2_ws/install/asurt_msgs/lib/libasurt_msgs__rosidl_typesupport_fastrtps_cpp.so
[25.362s] -- Set runtime path of "/home/ayasx9/FSAI26/perception_deep_logging/ros2_ws/install/asurt_msgs/lib/libasurt_msgs__rosidl_typesupport_fastrtps_cpp.so" to ""
[25.362s] -- Installing: /home/ayasx9/FSAI26/perception_deep_logging/ros2_ws/install/asurt_msgs/lib/libasurt_msgs__rosidl_typesupport_introspection_c.so
[25.362s] -- Set runtime path of "/home/ayasx9/FSAI26/perception_deep_logging/ros2_ws/install/asurt_msgs/lib/libasurt_msgs__rosidl_typesupport_introspection_c.so" to ""
[25.362s] -- Installing: /home/ayasx9/FSAI26/perception_deep_logging/ros2_ws/install/asurt_msgs/lib/libasurt_msgs__rosidl_typesupport_c.so
[25.362s] -- Set runtime path of "/home/ayasx9/FSAI26/perception_deep_logging/ros2_ws/install/asurt_msgs/lib/libasurt_msgs__rosidl_typesupport_c.so" to ""
[25.362s] -- Installing: /home/ayasx9/FSAI26/perception_deep_logging/ros2_ws/install/asurt_msgs/lib/libasurt_msgs__rosidl_typesupport_introspection_cpp.so
[25.363s] -- Set runtime path of "/home/ayasx9/FSAI26/perception_deep_logging/ros2_ws/install/asurt_msgs/lib/libasurt_msgs__rosidl_typesupport_introspection_cpp.so" to ""
[25.363s] -- Installing: /home/ayasx9/FSAI26/perception_deep_logging/ros2_ws/install/asurt_msgs/lib/libasurt_msgs__rosidl_typesupport_cpp.so
[25.363s] -- Set runtime path of "/home/ayasx9/FSAI26/perception_deep_logging/ros2_ws/install/asurt_msgs/lib/libasurt_msgs__rosidl_typesupport_cpp.so" to ""
[25.395s] Listing '/home/ayasx9/FSAI26/perception_deep_logging/ros2_ws/install/asurt_msgs/local/lib/python3.10/dist-packages/asurt_msgs'...
[25.395s] Compiling '/home/ayasx9/FSAI26/perception_deep_logging/ros2_ws/install/asurt_msgs/local/lib/python3.10/dist-packages/asurt_msgs/__init__.py'...
[25.395s] Listing '/home/ayasx9/FSAI26/perception_deep_logging/ros2_ws/install/asurt_msgs/local/lib/python3.10/dist-packages/asurt_msgs/msg'...
[25.395s] Compiling '/home/ayasx9/FSAI26/perception_deep_logging/ros2_ws/install/asurt_msgs/local/lib/python3.10/dist-packages/asurt_msgs/msg/__init__.py'...
[25.395s] Compiling '/home/ayasx9/FSAI26/perception_deep_logging/ros2_ws/install/asurt_msgs/local/lib/python3.10/dist-packages/asurt_msgs/msg/_bounding_box.py'...
[25.395s] Compiling '/home/ayasx9/FSAI26/perception_deep_logging/ros2_ws/install/asurt_msgs/local/lib/python3.10/dist-packages/asurt_msgs/msg/_bounding_boxes.py'...
[25.395s] Compiling '/home/ayasx9/FSAI26/perception_deep_logging/ros2_ws/install/asurt_msgs/local/lib/python3.10/dist-packages/asurt_msgs/msg/_cloud_info.py'...
[25.395s] Compiling '/home/ayasx9/FSAI26/perception_deep_logging/ros2_ws/install/asurt_msgs/local/lib/python3.10/dist-packages/asurt_msgs/msg/_cone_img.py'...
[25.395s] Compiling '/home/ayasx9/FSAI26/perception_deep_logging/ros2_ws/install/asurt_msgs/local/lib/python3.10/dist-packages/asurt_msgs/msg/_cone_img_array.py'...
[25.395s] Compiling '/home/ayasx9/FSAI26/perception_deep_logging/ros2_ws/install/asurt_msgs/local/lib/python3.10/dist-packages/asurt_msgs/msg/_event.py'...
[25.395s] Compiling '/home/ayasx9/FSAI26/perception_deep_logging/ros2_ws/install/asurt_msgs/local/lib/python3.10/dist-packages/asurt_msgs/msg/_key_points.py'...
[25.395s] Compiling '/home/ayasx9/FSAI26/perception_deep_logging/ros2_ws/install/asurt_msgs/local/lib/python3.10/dist-packages/asurt_msgs/msg/_landmark.py'...
[25.395s] Compiling '/home/ayasx9/FSAI26/perception_deep_logging/ros2_ws/install/asurt_msgs/local/lib/python3.10/dist-packages/asurt_msgs/msg/_landmark_array.py'...
[25.395s] Compiling '/home/ayasx9/FSAI26/perception_deep_logging/ros2_ws/install/asurt_msgs/local/lib/python3.10/dist-packages/asurt_msgs/msg/_node_status.py'...
[25.396s] Compiling '/home/ayasx9/FSAI26/perception_deep_logging/ros2_ws/install/asurt_msgs/local/lib/python3.10/dist-packages/asurt_msgs/msg/_roadstate.py'...
[25.398s] -- Installing: /home/ayasx9/FSAI26/perception_deep_logging/ros2_ws/install/asurt_msgs/lib/libasurt_msgs__rosidl_generator_py.so
[25.398s] -- Set runtime path of "/home/ayasx9/FSAI26/perception_deep_logging/ros2_ws/install/asurt_msgs/lib/libasurt_msgs__rosidl_generator_py.so" to ""
[25.398s] -- Installing: /home/ayasx9/FSAI26/perception_deep_logging/ros2_ws/install/asurt_msgs/share/asurt_msgs/cmake/export_asurt_msgs__rosidl_generator_cExport.cmake
[25.398s] -- Installing: /home/ayasx9/FSAI26/perception_deep_logging/ros2_ws/install/asurt_msgs/share/asurt_msgs/cmake/export_asurt_msgs__rosidl_generator_cExport-noconfig.cmake
[25.399s] -- Installing: /home/ayasx9/FSAI26/perception_deep_logging/ros2_ws/install/asurt_msgs/share/asurt_msgs/cmake/export_asurt_msgs__rosidl_typesupport_fastrtps_cExport.cmake
[25.399s] -- Installing: /home/ayasx9/FSAI26/perception_deep_logging/ros2_ws/install/asurt_msgs/share/asurt_msgs/cmake/export_asurt_msgs__rosidl_typesupport_fastrtps_cExport-noconfig.cmake
[25.399s] -- Installing: /home/ayasx9/FSAI26/perception_deep_logging/ros2_ws/install/asurt_msgs/share/asurt_msgs/cmake/export_asurt_msgs__rosidl_generator_cppExport.cmake
[25.399s] -- Installing: /home/ayasx9/FSAI26/perception_deep_logging/ros2_ws/install/asurt_msgs/share/asurt_msgs/cmake/export_asurt_msgs__rosidl_typesupport_fastrtps_cppExport.cmake
[25.399s] -- Installing: /home/ayasx9/FSAI26/perception_deep_logging/ros2_ws/install/asurt_msgs/share/asurt_msgs/cmake/export_asurt_msgs__rosidl_typesupport_fastrtps_cppExport-noconfig.cmake
[25.399s] -- Installing: /home/ayasx9/FSAI26/perception_deep_logging/ros2_ws/install/asurt_msgs/share/asurt_msgs/cmake/asurt_msgs__rosidl_typesupport_introspection_cExport.cmake
[25.399s] -- Installing: /home/ayasx9/FSAI26/perception_deep_logging/ros2_ws/install/asurt_msgs/share/asurt_msgs/cmake/asurt_msgs__rosidl_typesupport_introspection_cExport-noconfig.cmake
[25.399s] -- Installing: /home/ayasx9/FSAI26/perception_deep_logging/ros2_ws/install/asurt_msgs/share/asurt_msgs/cmake/asurt_msgs__rosidl_typesupport_cExport.cmake
[25.400s] -- Installing: /home/ayasx9/FSAI26/perception_deep_logging/ros2_ws/install/asurt_msgs/share/asurt_msgs/cmake/asurt_msgs__rosidl_typesupport_cExport-noconfig.cmake
[25.400s] -- Installing: /home/ayasx9/FSAI26/perception_deep_logging/ros2_ws/install/asurt_msgs/share/asurt_msgs/cmake/asurt_msgs__rosidl_typesupport_introspection_cppExport.cmake
[25.400s] -- Installing: /home/ayasx9/FSAI26/perception_deep_logging/ros2_ws/install/asurt_msgs/share/asurt_msgs/cmake/asurt_msgs__rosidl_typesupport_introspection_cppExport-noconfig.cmake
[25.400s] -- Installing: /home/ayasx9/FSAI26/perception_deep_logging/ros2_ws/install/asurt_msgs/share/asurt_msgs/cmake/asurt_msgs__rosidl_typesupport_cppExport.cmake
[25.400s] -- Installing: /home/ayasx9/FSAI26/perception_deep_logging/ros2_ws/install/asurt_msgs/share/asurt_msgs/cmake/asurt_msgs__rosidl_typesupport_cppExport-noconfig.cmake
[25.400s] -- Installing: /home/ayasx9/FSAI26/perception_deep_logging/ros2_ws/install/asurt_msgs/share/asurt_msgs/cmake/export_asurt_msgs__rosidl_generator_pyExport.cmake
[25.400s] -- Installing: /home/ayasx9/FSAI26/perception_deep_logging/ros2_ws/install/asurt_msgs/share/asurt_msgs/cmake/export_asurt_msgs__rosidl_generator_pyExport-noconfig.cmake
[25.402s] Invoked command in '/home/ayasx9/FSAI26/perception_deep_logging/ros2_ws/build/asurt_msgs' returned '0': CMAKE_PREFIX_PATH=${CMAKE_PREFIX_PATH}:/home/ayasx9/arl_workshop/turtle_proj1/install/project_nodes:/home/ayasx9/ros2_proj1/install/my_turtle_proj:/opt/ros/humble /usr/bin/cmake --install /home/ayasx9/FSAI26/perception_deep_logging/ros2_ws/build/asurt_msgs
