/home/aly-sultan/Desktop/fs-system-25/SLAM/install/cone_a_lisa/lib/python3.12/site-packages/cone_a_lisa/loop_closure.py
/home/aly-sultan/Desktop/fs-system-25/SLAM/install/cone_a_lisa/lib/python3.12/site-packages/cone_a_lisa/landmark_to_marker.py
/home/aly-sultan/Desktop/fs-system-25/SLAM/install/cone_a_lisa/lib/python3.12/site-packages/cone_a_lisa/cone_a_lisa.py
/home/aly-sultan/Desktop/fs-system-25/SLAM/install/cone_a_lisa/lib/python3.12/site-packages/cone_a_lisa/tranformation.py
/home/aly-sultan/Desktop/fs-system-25/SLAM/install/cone_a_lisa/lib/python3.12/site-packages/cone_a_lisa/__init__.py
/home/aly-sultan/Desktop/fs-system-25/SLAM/install/cone_a_lisa/lib/python3.12/site-packages/cone_a_lisa/map_plot.py
/home/aly-sultan/Desktop/fs-system-25/SLAM/install/cone_a_lisa/lib/python3.12/site-packages/cone_a_lisa/generated_cones.py
/home/aly-sultan/Desktop/fs-system-25/SLAM/install/cone_a_lisa/lib/python3.12/site-packages/cone_a_lisa/node.py
/home/aly-sultan/Desktop/fs-system-25/SLAM/install/cone_a_lisa/lib/python3.12/site-packages/cone_a_lisa/data.py
/home/aly-sultan/Desktop/fs-system-25/SLAM/install/cone_a_lisa/lib/python3.12/site-packages/cone_a_lisa/filtered_cones.py
/home/aly-sultan/Desktop/fs-system-25/SLAM/install/cone_a_lisa/lib/python3.12/site-packages/cone_a_lisa/__pycache__/loop_closure.cpython-312.pyc
/home/aly-sultan/Desktop/fs-system-25/SLAM/install/cone_a_lisa/lib/python3.12/site-packages/cone_a_lisa/__pycache__/landmark_to_marker.cpython-312.pyc
/home/aly-sultan/Desktop/fs-system-25/SLAM/install/cone_a_lisa/lib/python3.12/site-packages/cone_a_lisa/__pycache__/cone_a_lisa.cpython-312.pyc
/home/aly-sultan/Desktop/fs-system-25/SLAM/install/cone_a_lisa/lib/python3.12/site-packages/cone_a_lisa/__pycache__/tranformation.cpython-312.pyc
/home/aly-sultan/Desktop/fs-system-25/SLAM/install/cone_a_lisa/lib/python3.12/site-packages/cone_a_lisa/__pycache__/__init__.cpython-312.pyc
/home/aly-sultan/Desktop/fs-system-25/SLAM/install/cone_a_lisa/lib/python3.12/site-packages/cone_a_lisa/__pycache__/map_plot.cpython-312.pyc
/home/aly-sultan/Desktop/fs-system-25/SLAM/install/cone_a_lisa/lib/python3.12/site-packages/cone_a_lisa/__pycache__/generated_cones.cpython-312.pyc
/home/aly-sultan/Desktop/fs-system-25/SLAM/install/cone_a_lisa/lib/python3.12/site-packages/cone_a_lisa/__pycache__/node.cpython-312.pyc
/home/aly-sultan/Desktop/fs-system-25/SLAM/install/cone_a_lisa/lib/python3.12/site-packages/cone_a_lisa/__pycache__/data.cpython-312.pyc
/home/aly-sultan/Desktop/fs-system-25/SLAM/install/cone_a_lisa/lib/python3.12/site-packages/cone_a_lisa/__pycache__/filtered_cones.cpython-312.pyc
/home/aly-sultan/Desktop/fs-system-25/SLAM/install/cone_a_lisa/share/ament_index/resource_index/packages/cone_a_lisa
/home/aly-sultan/Desktop/fs-system-25/SLAM/install/cone_a_lisa/share/cone_a_lisa/package.xml
/home/aly-sultan/Desktop/fs-system-25/SLAM/install/cone_a_lisa/share/cone_a_lisa/launch/cone_mapping.launch.py
/home/aly-sultan/Desktop/fs-system-25/SLAM/install/cone_a_lisa/share/cone_a_lisa/launch/dbscan_launch.py
/home/aly-sultan/Desktop/fs-system-25/SLAM/install/cone_a_lisa/lib/python3.12/site-packages/cone_a_lisa-0.0.0-py3.12.egg-info/top_level.txt
/home/aly-sultan/Desktop/fs-system-25/SLAM/install/cone_a_lisa/lib/python3.12/site-packages/cone_a_lisa-0.0.0-py3.12.egg-info/requires.txt
/home/aly-sultan/Desktop/fs-system-25/SLAM/install/cone_a_lisa/lib/python3.12/site-packages/cone_a_lisa-0.0.0-py3.12.egg-info/zip-safe
/home/aly-sultan/Desktop/fs-system-25/SLAM/install/cone_a_lisa/lib/python3.12/site-packages/cone_a_lisa-0.0.0-py3.12.egg-info/entry_points.txt
/home/aly-sultan/Desktop/fs-system-25/SLAM/install/cone_a_lisa/lib/python3.12/site-packages/cone_a_lisa-0.0.0-py3.12.egg-info/dependency_links.txt
/home/aly-sultan/Desktop/fs-system-25/SLAM/install/cone_a_lisa/lib/python3.12/site-packages/cone_a_lisa-0.0.0-py3.12.egg-info/PKG-INFO
/home/aly-sultan/Desktop/fs-system-25/SLAM/install/cone_a_lisa/lib/python3.12/site-packages/cone_a_lisa-0.0.0-py3.12.egg-info/SOURCES.txt
/home/aly-sultan/Desktop/fs-system-25/SLAM/install/cone_a_lisa/lib/cone_a_lisa/cone_a_lisa
/home/aly-sultan/Desktop/fs-system-25/SLAM/install/cone_a_lisa/lib/cone_a_lisa/landmark_to_marker
/home/aly-sultan/Desktop/fs-system-25/SLAM/install/cone_a_lisa/lib/cone_a_lisa/map_plot
