[0.073s] DEBUG:colcon:Command line arguments: ['/usr/bin/colcon', 'build', '--packages-select', 'lego_loam_sr']
[0.073s] DEBUG:colcon:Parsed command line arguments: Namespace(log_base=None, log_level=None, verb_name='build', build_base='build', install_base='install', merge_install=False, symlink_install=False, test_result_base=None, continue_on_error=False, executor='parallel', parallel_workers=16, event_handlers=None, ignore_user_meta=False, metas=['./colcon.meta'], base_paths=['.'], packages_ignore=None, packages_ignore_regex=None, paths=None, packages_up_to=None, packages_up_to_regex=None, packages_above=None, packages_above_and_dependencies=None, packages_above_depth=None, packages_select_by_dep=None, packages_skip_by_dep=None, packages_skip_up_to=None, packages_select_build_failed=False, packages_skip_build_finished=False, packages_select_test_failures=False, packages_skip_test_passed=False, packages_select=['lego_loam_sr'], packages_skip=None, packages_select_regex=None, packages_skip_regex=None, packages_start=None, packages_end=None, allow_overriding=[], cmake_args=None, cmake_target=None, cmake_target_skip_unavailable=False, cmake_clean_cache=False, cmake_clean_first=False, cmake_force_configure=False, ament_cmake_args=None, catkin_cmake_args=None, catkin_skip_building_tests=False, verb_parser=<colcon_defaults.argument_parser.defaults.DefaultArgumentsDecorator object at 0x7dcd4be4c080>, verb_extension=<colcon_core.verb.build.BuildVerb object at 0x7dcd4be1bec0>, main=<bound method BuildVerb.main of <colcon_core.verb.build.BuildVerb object at 0x7dcd4be1bec0>>)
[0.100s] Level 1:colcon.colcon_core.package_discovery:discover_packages(colcon_meta) check parameters
[0.101s] Level 1:colcon.colcon_core.package_discovery:discover_packages(recursive) check parameters
[0.101s] Level 1:colcon.colcon_core.package_discovery:discover_packages(ignore) check parameters
[0.101s] Level 1:colcon.colcon_core.package_discovery:discover_packages(path) check parameters
[0.101s] Level 1:colcon.colcon_core.package_discovery:discover_packages(colcon_meta) discover
[0.101s] Level 1:colcon.colcon_core.package_discovery:discover_packages(recursive) discover
[0.101s] INFO:colcon.colcon_core.package_discovery:Crawling recursively for packages in '/home/aly-sultan/Desktop/SLAM'
[0.101s] Level 1:colcon.colcon_core.package_identification:_identify(.) by extensions ['ignore', 'ignore_ament_install']
[0.101s] Level 1:colcon.colcon_core.package_identification:_identify(.) by extension 'ignore'
[0.101s] Level 1:colcon.colcon_core.package_identification:_identify(.) by extension 'ignore_ament_install'
[0.101s] Level 1:colcon.colcon_core.package_identification:_identify(.) by extensions ['colcon_pkg']
[0.101s] Level 1:colcon.colcon_core.package_identification:_identify(.) by extension 'colcon_pkg'
[0.101s] Level 1:colcon.colcon_core.package_identification:_identify(.) by extensions ['colcon_meta']
[0.101s] Level 1:colcon.colcon_core.package_identification:_identify(.) by extension 'colcon_meta'
[0.101s] Level 1:colcon.colcon_core.package_identification:_identify(.) by extensions ['ros']
[0.101s] Level 1:colcon.colcon_core.package_identification:_identify(.) by extension 'ros'
[0.120s] Level 1:colcon.colcon_core.package_identification:_identify(.) by extensions ['cmake', 'python']
[0.120s] Level 1:colcon.colcon_core.package_identification:_identify(.) by extension 'cmake'
[0.121s] Level 1:colcon.colcon_core.package_identification:_identify(.) by extension 'python'
[0.121s] Level 1:colcon.colcon_core.package_identification:_identify(.) by extensions ['python_setup_py']
[0.121s] Level 1:colcon.colcon_core.package_identification:_identify(.) by extension 'python_setup_py'
[0.121s] Level 1:colcon.colcon_core.package_identification:_identify(LeGO-LOAM) by extensions ['ignore', 'ignore_ament_install']
[0.121s] Level 1:colcon.colcon_core.package_identification:_identify(LeGO-LOAM) by extension 'ignore'
[0.121s] Level 1:colcon.colcon_core.package_identification:_identify(LeGO-LOAM) by extension 'ignore_ament_install'
[0.121s] Level 1:colcon.colcon_core.package_identification:_identify(LeGO-LOAM) by extensions ['colcon_pkg']
[0.121s] Level 1:colcon.colcon_core.package_identification:_identify(LeGO-LOAM) by extension 'colcon_pkg'
[0.121s] Level 1:colcon.colcon_core.package_identification:_identify(LeGO-LOAM) by extensions ['colcon_meta']
[0.121s] Level 1:colcon.colcon_core.package_identification:_identify(LeGO-LOAM) by extension 'colcon_meta'
[0.121s] Level 1:colcon.colcon_core.package_identification:_identify(LeGO-LOAM) by extensions ['ros']
[0.121s] Level 1:colcon.colcon_core.package_identification:_identify(LeGO-LOAM) by extension 'ros'
[0.123s] DEBUG:colcon.colcon_core.package_identification:Package 'LeGO-LOAM' with type 'ros.ament_cmake' and name 'lego_loam_sr'
[0.123s] Level 1:colcon.colcon_core.package_identification:_identify(asurt_msgs) by extensions ['ignore', 'ignore_ament_install']
[0.123s] Level 1:colcon.colcon_core.package_identification:_identify(asurt_msgs) by extension 'ignore'
[0.123s] Level 1:colcon.colcon_core.package_identification:_identify(asurt_msgs) by extension 'ignore_ament_install'
[0.123s] Level 1:colcon.colcon_core.package_identification:_identify(asurt_msgs) by extensions ['colcon_pkg']
[0.123s] Level 1:colcon.colcon_core.package_identification:_identify(asurt_msgs) by extension 'colcon_pkg'
[0.123s] Level 1:colcon.colcon_core.package_identification:_identify(asurt_msgs) by extensions ['colcon_meta']
[0.123s] Level 1:colcon.colcon_core.package_identification:_identify(asurt_msgs) by extension 'colcon_meta'
[0.123s] Level 1:colcon.colcon_core.package_identification:_identify(asurt_msgs) by extensions ['ros']
[0.123s] Level 1:colcon.colcon_core.package_identification:_identify(asurt_msgs) by extension 'ros'
[0.124s] DEBUG:colcon.colcon_core.package_identification:Package 'asurt_msgs' with type 'ros.ament_cmake' and name 'asurt_msgs'
[0.124s] Level 1:colcon.colcon_core.package_identification:_identify(build) by extensions ['ignore', 'ignore_ament_install']
[0.124s] Level 1:colcon.colcon_core.package_identification:_identify(build) by extension 'ignore'
[0.124s] Level 1:colcon.colcon_core.package_identification:_identify(build) ignored
[0.124s] Level 1:colcon.colcon_core.package_identification:_identify(cloud_msgs) by extensions ['ignore', 'ignore_ament_install']
[0.124s] Level 1:colcon.colcon_core.package_identification:_identify(cloud_msgs) by extension 'ignore'
[0.124s] Level 1:colcon.colcon_core.package_identification:_identify(cloud_msgs) by extension 'ignore_ament_install'
[0.124s] Level 1:colcon.colcon_core.package_identification:_identify(cloud_msgs) by extensions ['colcon_pkg']
[0.124s] Level 1:colcon.colcon_core.package_identification:_identify(cloud_msgs) by extension 'colcon_pkg'
[0.124s] Level 1:colcon.colcon_core.package_identification:_identify(cloud_msgs) by extensions ['colcon_meta']
[0.124s] Level 1:colcon.colcon_core.package_identification:_identify(cloud_msgs) by extension 'colcon_meta'
[0.124s] Level 1:colcon.colcon_core.package_identification:_identify(cloud_msgs) by extensions ['ros']
[0.124s] Level 1:colcon.colcon_core.package_identification:_identify(cloud_msgs) by extension 'ros'
[0.124s] DEBUG:colcon.colcon_core.package_identification:Package 'cloud_msgs' with type 'ros.ament_cmake' and name 'cloud_msgs'
[0.124s] Level 1:colcon.colcon_core.package_identification:_identify(install) by extensions ['ignore', 'ignore_ament_install']
[0.125s] Level 1:colcon.colcon_core.package_identification:_identify(install) by extension 'ignore'
[0.125s] Level 1:colcon.colcon_core.package_identification:_identify(install) ignored
[0.125s] Level 1:colcon.colcon_core.package_identification:_identify(log) by extensions ['ignore', 'ignore_ament_install']
[0.125s] Level 1:colcon.colcon_core.package_identification:_identify(log) by extension 'ignore'
[0.125s] Level 1:colcon.colcon_core.package_identification:_identify(log) ignored
[0.125s] Level 1:colcon.colcon_core.package_discovery:discover_packages(recursive) using defaults
[0.125s] Level 1:colcon.colcon_core.package_discovery:discover_packages(ignore) discover
[0.125s] Level 1:colcon.colcon_core.package_discovery:discover_packages(ignore) using defaults
[0.125s] Level 1:colcon.colcon_core.package_discovery:discover_packages(path) discover
[0.125s] Level 1:colcon.colcon_core.package_discovery:discover_packages(path) using defaults
[0.137s] INFO:colcon.colcon_core.package_selection:Skipping not selected package 'asurt_msgs' in 'asurt_msgs'
[0.138s] INFO:colcon.colcon_core.package_selection:Skipping not selected package 'cloud_msgs' in 'cloud_msgs'
[0.138s] Level 1:colcon.colcon_core.package_discovery:discover_packages(prefix_path) check parameters
[0.138s] Level 1:colcon.colcon_core.package_discovery:discover_packages(prefix_path) discover
[0.140s] DEBUG:colcon.colcon_installed_package_information.package_discovery:Found 374 installed packages in /opt/ros/jazzy
[0.141s] Level 1:colcon.colcon_core.package_discovery:discover_packages(prefix_path) using defaults
[0.171s] Level 5:colcon.colcon_core.verb:set package 'lego_loam_sr' build argument 'cmake_args' from command line to 'None'
[0.171s] Level 5:colcon.colcon_core.verb:set package 'lego_loam_sr' build argument 'cmake_target' from command line to 'None'
[0.171s] Level 5:colcon.colcon_core.verb:set package 'lego_loam_sr' build argument 'cmake_target_skip_unavailable' from command line to 'False'
[0.171s] Level 5:colcon.colcon_core.verb:set package 'lego_loam_sr' build argument 'cmake_clean_cache' from command line to 'False'
[0.171s] Level 5:colcon.colcon_core.verb:set package 'lego_loam_sr' build argument 'cmake_clean_first' from command line to 'False'
[0.171s] Level 5:colcon.colcon_core.verb:set package 'lego_loam_sr' build argument 'cmake_force_configure' from command line to 'False'
[0.171s] Level 5:colcon.colcon_core.verb:set package 'lego_loam_sr' build argument 'ament_cmake_args' from command line to 'None'
[0.171s] Level 5:colcon.colcon_core.verb:set package 'lego_loam_sr' build argument 'catkin_cmake_args' from command line to 'None'
[0.171s] Level 5:colcon.colcon_core.verb:set package 'lego_loam_sr' build argument 'catkin_skip_building_tests' from command line to 'False'
[0.171s] DEBUG:colcon.colcon_core.verb:Building package 'lego_loam_sr' with the following arguments: {'ament_cmake_args': None, 'build_base': '/home/aly-sultan/Desktop/SLAM/build/lego_loam_sr', 'catkin_cmake_args': None, 'catkin_skip_building_tests': False, 'cmake_args': None, 'cmake_clean_cache': False, 'cmake_clean_first': False, 'cmake_force_configure': False, 'cmake_target': None, 'cmake_target_skip_unavailable': False, 'install_base': '/home/aly-sultan/Desktop/SLAM/install/lego_loam_sr', 'merge_install': False, 'path': '/home/aly-sultan/Desktop/SLAM/LeGO-LOAM', 'symlink_install': False, 'test_result_base': None}
[0.171s] INFO:colcon.colcon_core.executor:Executing jobs using 'parallel' executor
[0.172s] DEBUG:colcon.colcon_parallel_executor.executor.parallel:run_until_complete
[0.172s] INFO:colcon.colcon_ros.task.ament_cmake.build:Building ROS package in '/home/aly-sultan/Desktop/SLAM/LeGO-LOAM' with build type 'ament_cmake'
[0.172s] INFO:colcon.colcon_cmake.task.cmake.build:Building CMake package in '/home/aly-sultan/Desktop/SLAM/LeGO-LOAM'
[0.173s] INFO:colcon.colcon_core.plugin_system:Skipping extension 'colcon_core.shell.bat': Not used on non-Windows systems
[0.174s] INFO:colcon.colcon_core.shell:Skip shell extension 'powershell' for command environment: Not usable outside of PowerShell
[0.174s] DEBUG:colcon.colcon_core.shell:Skip shell extension 'dsv' for command environment
[0.187s] DEBUG:colcon.colcon_core.event_handler.log_command:Invoking command in '/home/aly-sultan/Desktop/SLAM/build/lego_loam_sr': AMENT_PREFIX_PATH=/home/aly-sultan/Desktop/fs-system-25/SLAM/install/cloud_msgs:/home/aly-sultan/Desktop/fs-system-25/SLAM/install/asurt_msgs:${AMENT_PREFIX_PATH} CMAKE_PREFIX_PATH=/home/aly-sultan/Desktop/SLAM/install/cloud_msgs:/home/aly-sultan/Desktop/SLAM/install/asurt_msgs:/opt/ros/jazzy/opt/gz_sim_vendor:/opt/ros/jazzy/opt/gz_sensors_vendor:/opt/ros/jazzy/opt/gz_physics_vendor:/opt/ros/jazzy/opt/sdformat_vendor:/opt/ros/jazzy/opt/gz_gui_vendor:/opt/ros/jazzy/opt/gz_transport_vendor:/opt/ros/jazzy/opt/gz_rendering_vendor:/opt/ros/jazzy/opt/gz_plugin_vendor:/opt/ros/jazzy/opt/gz_fuel_tools_vendor:/opt/ros/jazzy/opt/gz_msgs_vendor:/opt/ros/jazzy/opt/gz_common_vendor:/opt/ros/jazzy/opt/gz_math_vendor:/opt/ros/jazzy/opt/gz_utils_vendor:/opt/ros/jazzy/opt/gz_tools_vendor:/opt/ros/jazzy/opt/gz_ogre_next_vendor:/opt/ros/jazzy/opt/gz_dartsim_vendor:/opt/ros/jazzy/opt/gz_cmake_vendor:/opt/ros/jazzy DEBUGINFOD_URLS=https://debuginfod.ubuntu.com LD_LIBRARY_PATH=/home/aly-sultan/Desktop/fs-system-25/SLAM/install/cloud_msgs/lib:/home/aly-sultan/Desktop/SLAM/install/cloud_msgs/lib:/home/aly-sultan/Desktop/fs-system-25/SLAM/install/asurt_msgs/lib:/home/aly-sultan/Desktop/SLAM/install/asurt_msgs/lib:${LD_LIBRARY_PATH} PYTHONPATH=/home/aly-sultan/Desktop/fs-system-25/SLAM/install/cloud_msgs/lib/python3.12/site-packages:/home/aly-sultan/Desktop/SLAM/install/cloud_msgs/lib/python3.12/site-packages:/home/aly-sultan/Desktop/fs-system-25/SLAM/install/asurt_msgs/lib/python3.12/site-packages:/home/aly-sultan/Desktop/SLAM/install/asurt_msgs/lib/python3.12/site-packages:${PYTHONPATH} /usr/bin/cmake --build /home/aly-sultan/Desktop/SLAM/build/lego_loam_sr -- -j16 -l16
[39.740s] DEBUG:colcon.colcon_core.event_handler.log_command:Invoked command in '/home/aly-sultan/Desktop/SLAM/build/lego_loam_sr' returned '0': AMENT_PREFIX_PATH=/home/aly-sultan/Desktop/fs-system-25/SLAM/install/cloud_msgs:/home/aly-sultan/Desktop/fs-system-25/SLAM/install/asurt_msgs:${AMENT_PREFIX_PATH} CMAKE_PREFIX_PATH=/home/aly-sultan/Desktop/SLAM/install/cloud_msgs:/home/aly-sultan/Desktop/SLAM/install/asurt_msgs:/opt/ros/jazzy/opt/gz_sim_vendor:/opt/ros/jazzy/opt/gz_sensors_vendor:/opt/ros/jazzy/opt/gz_physics_vendor:/opt/ros/jazzy/opt/sdformat_vendor:/opt/ros/jazzy/opt/gz_gui_vendor:/opt/ros/jazzy/opt/gz_transport_vendor:/opt/ros/jazzy/opt/gz_rendering_vendor:/opt/ros/jazzy/opt/gz_plugin_vendor:/opt/ros/jazzy/opt/gz_fuel_tools_vendor:/opt/ros/jazzy/opt/gz_msgs_vendor:/opt/ros/jazzy/opt/gz_common_vendor:/opt/ros/jazzy/opt/gz_math_vendor:/opt/ros/jazzy/opt/gz_utils_vendor:/opt/ros/jazzy/opt/gz_tools_vendor:/opt/ros/jazzy/opt/gz_ogre_next_vendor:/opt/ros/jazzy/opt/gz_dartsim_vendor:/opt/ros/jazzy/opt/gz_cmake_vendor:/opt/ros/jazzy DEBUGINFOD_URLS=https://debuginfod.ubuntu.com LD_LIBRARY_PATH=/home/aly-sultan/Desktop/fs-system-25/SLAM/install/cloud_msgs/lib:/home/aly-sultan/Desktop/SLAM/install/cloud_msgs/lib:/home/aly-sultan/Desktop/fs-system-25/SLAM/install/asurt_msgs/lib:/home/aly-sultan/Desktop/SLAM/install/asurt_msgs/lib:${LD_LIBRARY_PATH} PYTHONPATH=/home/aly-sultan/Desktop/fs-system-25/SLAM/install/cloud_msgs/lib/python3.12/site-packages:/home/aly-sultan/Desktop/SLAM/install/cloud_msgs/lib/python3.12/site-packages:/home/aly-sultan/Desktop/fs-system-25/SLAM/install/asurt_msgs/lib/python3.12/site-packages:/home/aly-sultan/Desktop/SLAM/install/asurt_msgs/lib/python3.12/site-packages:${PYTHONPATH} /usr/bin/cmake --build /home/aly-sultan/Desktop/SLAM/build/lego_loam_sr -- -j16 -l16
[39.748s] DEBUG:colcon.colcon_core.event_handler.log_command:Invoking command in '/home/aly-sultan/Desktop/SLAM/build/lego_loam_sr': AMENT_PREFIX_PATH=/home/aly-sultan/Desktop/fs-system-25/SLAM/install/cloud_msgs:/home/aly-sultan/Desktop/fs-system-25/SLAM/install/asurt_msgs:${AMENT_PREFIX_PATH} CMAKE_PREFIX_PATH=/home/aly-sultan/Desktop/SLAM/install/cloud_msgs:/home/aly-sultan/Desktop/SLAM/install/asurt_msgs:/opt/ros/jazzy/opt/gz_sim_vendor:/opt/ros/jazzy/opt/gz_sensors_vendor:/opt/ros/jazzy/opt/gz_physics_vendor:/opt/ros/jazzy/opt/sdformat_vendor:/opt/ros/jazzy/opt/gz_gui_vendor:/opt/ros/jazzy/opt/gz_transport_vendor:/opt/ros/jazzy/opt/gz_rendering_vendor:/opt/ros/jazzy/opt/gz_plugin_vendor:/opt/ros/jazzy/opt/gz_fuel_tools_vendor:/opt/ros/jazzy/opt/gz_msgs_vendor:/opt/ros/jazzy/opt/gz_common_vendor:/opt/ros/jazzy/opt/gz_math_vendor:/opt/ros/jazzy/opt/gz_utils_vendor:/opt/ros/jazzy/opt/gz_tools_vendor:/opt/ros/jazzy/opt/gz_ogre_next_vendor:/opt/ros/jazzy/opt/gz_dartsim_vendor:/opt/ros/jazzy/opt/gz_cmake_vendor:/opt/ros/jazzy DEBUGINFOD_URLS=https://debuginfod.ubuntu.com LD_LIBRARY_PATH=/home/aly-sultan/Desktop/fs-system-25/SLAM/install/cloud_msgs/lib:/home/aly-sultan/Desktop/SLAM/install/cloud_msgs/lib:/home/aly-sultan/Desktop/fs-system-25/SLAM/install/asurt_msgs/lib:/home/aly-sultan/Desktop/SLAM/install/asurt_msgs/lib:${LD_LIBRARY_PATH} PYTHONPATH=/home/aly-sultan/Desktop/fs-system-25/SLAM/install/cloud_msgs/lib/python3.12/site-packages:/home/aly-sultan/Desktop/SLAM/install/cloud_msgs/lib/python3.12/site-packages:/home/aly-sultan/Desktop/fs-system-25/SLAM/install/asurt_msgs/lib/python3.12/site-packages:/home/aly-sultan/Desktop/SLAM/install/asurt_msgs/lib/python3.12/site-packages:${PYTHONPATH} /usr/bin/cmake --install /home/aly-sultan/Desktop/SLAM/build/lego_loam_sr
[39.795s] Level 1:colcon.colcon_core.environment:create_environment_scripts_only(lego_loam_sr)
[39.796s] DEBUG:colcon.colcon_core.event_handler.log_command:Invoked command in '/home/aly-sultan/Desktop/SLAM/build/lego_loam_sr' returned '0': AMENT_PREFIX_PATH=/home/aly-sultan/Desktop/fs-system-25/SLAM/install/cloud_msgs:/home/aly-sultan/Desktop/fs-system-25/SLAM/install/asurt_msgs:${AMENT_PREFIX_PATH} CMAKE_PREFIX_PATH=/home/aly-sultan/Desktop/SLAM/install/cloud_msgs:/home/aly-sultan/Desktop/SLAM/install/asurt_msgs:/opt/ros/jazzy/opt/gz_sim_vendor:/opt/ros/jazzy/opt/gz_sensors_vendor:/opt/ros/jazzy/opt/gz_physics_vendor:/opt/ros/jazzy/opt/sdformat_vendor:/opt/ros/jazzy/opt/gz_gui_vendor:/opt/ros/jazzy/opt/gz_transport_vendor:/opt/ros/jazzy/opt/gz_rendering_vendor:/opt/ros/jazzy/opt/gz_plugin_vendor:/opt/ros/jazzy/opt/gz_fuel_tools_vendor:/opt/ros/jazzy/opt/gz_msgs_vendor:/opt/ros/jazzy/opt/gz_common_vendor:/opt/ros/jazzy/opt/gz_math_vendor:/opt/ros/jazzy/opt/gz_utils_vendor:/opt/ros/jazzy/opt/gz_tools_vendor:/opt/ros/jazzy/opt/gz_ogre_next_vendor:/opt/ros/jazzy/opt/gz_dartsim_vendor:/opt/ros/jazzy/opt/gz_cmake_vendor:/opt/ros/jazzy DEBUGINFOD_URLS=https://debuginfod.ubuntu.com LD_LIBRARY_PATH=/home/aly-sultan/Desktop/fs-system-25/SLAM/install/cloud_msgs/lib:/home/aly-sultan/Desktop/SLAM/install/cloud_msgs/lib:/home/aly-sultan/Desktop/fs-system-25/SLAM/install/asurt_msgs/lib:/home/aly-sultan/Desktop/SLAM/install/asurt_msgs/lib:${LD_LIBRARY_PATH} PYTHONPATH=/home/aly-sultan/Desktop/fs-system-25/SLAM/install/cloud_msgs/lib/python3.12/site-packages:/home/aly-sultan/Desktop/SLAM/install/cloud_msgs/lib/python3.12/site-packages:/home/aly-sultan/Desktop/fs-system-25/SLAM/install/asurt_msgs/lib/python3.12/site-packages:/home/aly-sultan/Desktop/SLAM/install/asurt_msgs/lib/python3.12/site-packages:${PYTHONPATH} /usr/bin/cmake --install /home/aly-sultan/Desktop/SLAM/build/lego_loam_sr
[39.798s] Level 1:colcon.colcon_core.environment:checking '/home/aly-sultan/Desktop/SLAM/install/lego_loam_sr' for CMake module files
[39.798s] Level 1:colcon.colcon_core.environment:checking '/home/aly-sultan/Desktop/SLAM/install/lego_loam_sr' for CMake config files
[39.798s] Level 1:colcon.colcon_core.shell:create_environment_hook('lego_loam_sr', 'cmake_prefix_path')
[39.799s] INFO:colcon.colcon_core.shell:Creating environment hook '/home/aly-sultan/Desktop/SLAM/install/lego_loam_sr/share/lego_loam_sr/hook/cmake_prefix_path.ps1'
[39.799s] INFO:colcon.colcon_core.shell:Creating environment descriptor '/home/aly-sultan/Desktop/SLAM/install/lego_loam_sr/share/lego_loam_sr/hook/cmake_prefix_path.dsv'
[39.799s] INFO:colcon.colcon_core.shell:Creating environment hook '/home/aly-sultan/Desktop/SLAM/install/lego_loam_sr/share/lego_loam_sr/hook/cmake_prefix_path.sh'
[39.800s] Level 1:colcon.colcon_core.environment:checking '/home/aly-sultan/Desktop/SLAM/install/lego_loam_sr/lib'
[39.800s] Level 1:colcon.colcon_core.environment:checking '/home/aly-sultan/Desktop/SLAM/install/lego_loam_sr/bin'
[39.800s] Level 1:colcon.colcon_core.environment:checking '/home/aly-sultan/Desktop/SLAM/install/lego_loam_sr/lib/pkgconfig/lego_loam_sr.pc'
[39.800s] Level 1:colcon.colcon_core.environment:checking '/home/aly-sultan/Desktop/SLAM/install/lego_loam_sr/lib/python3.12/site-packages'
[39.801s] Level 1:colcon.colcon_core.environment:checking '/home/aly-sultan/Desktop/SLAM/install/lego_loam_sr/bin'
[39.801s] INFO:colcon.colcon_core.shell:Creating package script '/home/aly-sultan/Desktop/SLAM/install/lego_loam_sr/share/lego_loam_sr/package.ps1'
[39.801s] INFO:colcon.colcon_core.shell:Creating package descriptor '/home/aly-sultan/Desktop/SLAM/install/lego_loam_sr/share/lego_loam_sr/package.dsv'
[39.802s] INFO:colcon.colcon_core.shell:Creating package script '/home/aly-sultan/Desktop/SLAM/install/lego_loam_sr/share/lego_loam_sr/package.sh'
[39.802s] INFO:colcon.colcon_core.shell:Creating package script '/home/aly-sultan/Desktop/SLAM/install/lego_loam_sr/share/lego_loam_sr/package.bash'
[39.802s] INFO:colcon.colcon_core.shell:Creating package script '/home/aly-sultan/Desktop/SLAM/install/lego_loam_sr/share/lego_loam_sr/package.zsh'
[39.803s] Level 1:colcon.colcon_core.environment:create_file_with_runtime_dependencies(/home/aly-sultan/Desktop/SLAM/install/lego_loam_sr/share/colcon-core/packages/lego_loam_sr)
[39.803s] Level 1:colcon.colcon_core.environment:create_environment_scripts_only(lego_loam_sr)
[39.803s] Level 1:colcon.colcon_core.environment:checking '/home/aly-sultan/Desktop/SLAM/install/lego_loam_sr' for CMake module files
[39.803s] Level 1:colcon.colcon_core.environment:checking '/home/aly-sultan/Desktop/SLAM/install/lego_loam_sr' for CMake config files
[39.804s] Level 1:colcon.colcon_core.shell:create_environment_hook('lego_loam_sr', 'cmake_prefix_path')
[39.804s] INFO:colcon.colcon_core.shell:Creating environment hook '/home/aly-sultan/Desktop/SLAM/install/lego_loam_sr/share/lego_loam_sr/hook/cmake_prefix_path.ps1'
[39.804s] INFO:colcon.colcon_core.shell:Creating environment descriptor '/home/aly-sultan/Desktop/SLAM/install/lego_loam_sr/share/lego_loam_sr/hook/cmake_prefix_path.dsv'
[39.804s] INFO:colcon.colcon_core.shell:Creating environment hook '/home/aly-sultan/Desktop/SLAM/install/lego_loam_sr/share/lego_loam_sr/hook/cmake_prefix_path.sh'
[39.804s] Level 1:colcon.colcon_core.environment:checking '/home/aly-sultan/Desktop/SLAM/install/lego_loam_sr/lib'
[39.805s] Level 1:colcon.colcon_core.environment:checking '/home/aly-sultan/Desktop/SLAM/install/lego_loam_sr/bin'
[39.805s] Level 1:colcon.colcon_core.environment:checking '/home/aly-sultan/Desktop/SLAM/install/lego_loam_sr/lib/pkgconfig/lego_loam_sr.pc'
[39.805s] Level 1:colcon.colcon_core.environment:checking '/home/aly-sultan/Desktop/SLAM/install/lego_loam_sr/lib/python3.12/site-packages'
[39.805s] Level 1:colcon.colcon_core.environment:checking '/home/aly-sultan/Desktop/SLAM/install/lego_loam_sr/bin'
[39.805s] INFO:colcon.colcon_core.shell:Creating package script '/home/aly-sultan/Desktop/SLAM/install/lego_loam_sr/share/lego_loam_sr/package.ps1'
[39.805s] INFO:colcon.colcon_core.shell:Creating package descriptor '/home/aly-sultan/Desktop/SLAM/install/lego_loam_sr/share/lego_loam_sr/package.dsv'
[39.805s] INFO:colcon.colcon_core.shell:Creating package script '/home/aly-sultan/Desktop/SLAM/install/lego_loam_sr/share/lego_loam_sr/package.sh'
[39.806s] INFO:colcon.colcon_core.shell:Creating package script '/home/aly-sultan/Desktop/SLAM/install/lego_loam_sr/share/lego_loam_sr/package.bash'
[39.806s] INFO:colcon.colcon_core.shell:Creating package script '/home/aly-sultan/Desktop/SLAM/install/lego_loam_sr/share/lego_loam_sr/package.zsh'
[39.806s] Level 1:colcon.colcon_core.environment:create_file_with_runtime_dependencies(/home/aly-sultan/Desktop/SLAM/install/lego_loam_sr/share/colcon-core/packages/lego_loam_sr)
[39.806s] DEBUG:colcon.colcon_parallel_executor.executor.parallel:closing loop
[39.807s] DEBUG:colcon.colcon_parallel_executor.executor.parallel:loop closed
[39.807s] DEBUG:colcon.colcon_parallel_executor.executor.parallel:run_until_complete finished with '0'
[39.807s] DEBUG:colcon.colcon_core.event_reactor:joining thread
[39.811s] INFO:colcon.colcon_core.plugin_system:Skipping extension 'colcon_notification.desktop_notification.terminal_notifier': Not used on non-Darwin systems
[39.811s] INFO:colcon.colcon_core.plugin_system:Skipping extension 'colcon_notification.desktop_notification.win32': Not used on non-Windows systems
[39.811s] INFO:colcon.colcon_notification.desktop_notification:Sending desktop notification using 'notify2'
[39.823s] DEBUG:colcon.colcon_core.event_reactor:joined thread
[39.823s] INFO:colcon.colcon_core.shell:Creating prefix script '/home/aly-sultan/Desktop/SLAM/install/local_setup.ps1'
[39.824s] INFO:colcon.colcon_core.shell:Creating prefix util module '/home/aly-sultan/Desktop/SLAM/install/_local_setup_util_ps1.py'
[39.824s] INFO:colcon.colcon_core.shell:Creating prefix chain script '/home/aly-sultan/Desktop/SLAM/install/setup.ps1'
[39.825s] INFO:colcon.colcon_core.shell:Creating prefix script '/home/aly-sultan/Desktop/SLAM/install/local_setup.sh'
[39.825s] INFO:colcon.colcon_core.shell:Creating prefix util module '/home/aly-sultan/Desktop/SLAM/install/_local_setup_util_sh.py'
[39.826s] INFO:colcon.colcon_core.shell:Creating prefix chain script '/home/aly-sultan/Desktop/SLAM/install/setup.sh'
[39.826s] INFO:colcon.colcon_core.shell:Creating prefix script '/home/aly-sultan/Desktop/SLAM/install/local_setup.bash'
[39.827s] INFO:colcon.colcon_core.shell:Creating prefix chain script '/home/aly-sultan/Desktop/SLAM/install/setup.bash'
[39.827s] INFO:colcon.colcon_core.shell:Creating prefix script '/home/aly-sultan/Desktop/SLAM/install/local_setup.zsh'
[39.827s] INFO:colcon.colcon_core.shell:Creating prefix chain script '/home/aly-sultan/Desktop/SLAM/install/setup.zsh'
