[0.181s] DEBUG:colcon:Command line arguments: ['/usr/bin/colcon', 'build']
[0.181s] DEBUG:colcon:Parsed command line arguments: Namespace(log_base=None, log_level=None, verb_name='build', build_base='build', install_base='install', merge_install=False, symlink_install=False, test_result_base=None, continue_on_error=False, executor='parallel', parallel_workers=16, event_handlers=None, ignore_user_meta=False, metas=['./colcon.meta'], base_paths=['.'], packages_ignore=None, packages_ignore_regex=None, paths=None, packages_up_to=None, packages_up_to_regex=None, packages_above=None, packages_above_and_dependencies=None, packages_above_depth=None, packages_select_by_dep=None, packages_skip_by_dep=None, packages_skip_up_to=None, packages_select_build_failed=False, packages_skip_build_finished=False, packages_select_test_failures=False, packages_skip_test_passed=False, packages_select=None, packages_skip=None, packages_select_regex=None, packages_skip_regex=None, packages_start=None, packages_end=None, allow_overriding=[], cmake_args=None, cmake_target=None, cmake_target_skip_unavailable=False, cmake_clean_cache=False, cmake_clean_first=False, cmake_force_configure=False, ament_cmake_args=None, catkin_cmake_args=None, catkin_skip_building_tests=False, verb_parser=<colcon_defaults.argument_parser.defaults.DefaultArgumentsDecorator object at 0x7b8cf2663800>, verb_extension=<colcon_core.verb.build.BuildVerb object at 0x7b8cf26636b0>, main=<bound method BuildVerb.main of <colcon_core.verb.build.BuildVerb object at 0x7b8cf26636b0>>)
[0.226s] Level 1:colcon.colcon_core.package_discovery:discover_packages(colcon_meta) check parameters
[0.226s] Level 1:colcon.colcon_core.package_discovery:discover_packages(recursive) check parameters
[0.226s] Level 1:colcon.colcon_core.package_discovery:discover_packages(ignore) check parameters
[0.226s] Level 1:colcon.colcon_core.package_discovery:discover_packages(path) check parameters
[0.226s] Level 1:colcon.colcon_core.package_discovery:discover_packages(colcon_meta) discover
[0.226s] Level 1:colcon.colcon_core.package_discovery:discover_packages(recursive) discover
[0.226s] INFO:colcon.colcon_core.package_discovery:Crawling recursively for packages in '/home/aly-sultan/Desktop/fs-system-25/SLAM'
[0.227s] Level 1:colcon.colcon_core.package_identification:_identify(.) by extensions ['ignore', 'ignore_ament_install']
[0.227s] Level 1:colcon.colcon_core.package_identification:_identify(.) by extension 'ignore'
[0.227s] Level 1:colcon.colcon_core.package_identification:_identify(.) by extension 'ignore_ament_install'
[0.227s] Level 1:colcon.colcon_core.package_identification:_identify(.) by extensions ['colcon_pkg']
[0.227s] Level 1:colcon.colcon_core.package_identification:_identify(.) by extension 'colcon_pkg'
[0.227s] Level 1:colcon.colcon_core.package_identification:_identify(.) by extensions ['colcon_meta']
[0.227s] Level 1:colcon.colcon_core.package_identification:_identify(.) by extension 'colcon_meta'
[0.227s] Level 1:colcon.colcon_core.package_identification:_identify(.) by extensions ['ros']
[0.227s] Level 1:colcon.colcon_core.package_identification:_identify(.) by extension 'ros'
[0.257s] Level 1:colcon.colcon_core.package_identification:_identify(.) by extensions ['cmake', 'python']
[0.257s] Level 1:colcon.colcon_core.package_identification:_identify(.) by extension 'cmake'
[0.257s] Level 1:colcon.colcon_core.package_identification:_identify(.) by extension 'python'
[0.257s] Level 1:colcon.colcon_core.package_identification:_identify(.) by extensions ['python_setup_py']
[0.257s] Level 1:colcon.colcon_core.package_identification:_identify(.) by extension 'python_setup_py'
[0.258s] Level 1:colcon.colcon_core.package_identification:_identify(LeGO-LOAM) by extensions ['ignore', 'ignore_ament_install']
[0.258s] Level 1:colcon.colcon_core.package_identification:_identify(LeGO-LOAM) by extension 'ignore'
[0.258s] Level 1:colcon.colcon_core.package_identification:_identify(LeGO-LOAM) by extension 'ignore_ament_install'
[0.258s] Level 1:colcon.colcon_core.package_identification:_identify(LeGO-LOAM) by extensions ['colcon_pkg']
[0.258s] Level 1:colcon.colcon_core.package_identification:_identify(LeGO-LOAM) by extension 'colcon_pkg'
[0.258s] Level 1:colcon.colcon_core.package_identification:_identify(LeGO-LOAM) by extensions ['colcon_meta']
[0.258s] Level 1:colcon.colcon_core.package_identification:_identify(LeGO-LOAM) by extension 'colcon_meta'
[0.258s] Level 1:colcon.colcon_core.package_identification:_identify(LeGO-LOAM) by extensions ['ros']
[0.258s] Level 1:colcon.colcon_core.package_identification:_identify(LeGO-LOAM) by extension 'ros'
[0.261s] DEBUG:colcon.colcon_core.package_identification:Package 'LeGO-LOAM' with type 'ros.ament_cmake' and name 'lego_loam_sr'
[0.261s] Level 1:colcon.colcon_core.package_identification:_identify(asurt_msgs) by extensions ['ignore', 'ignore_ament_install']
[0.261s] Level 1:colcon.colcon_core.package_identification:_identify(asurt_msgs) by extension 'ignore'
[0.261s] Level 1:colcon.colcon_core.package_identification:_identify(asurt_msgs) by extension 'ignore_ament_install'
[0.261s] Level 1:colcon.colcon_core.package_identification:_identify(asurt_msgs) by extensions ['colcon_pkg']
[0.261s] Level 1:colcon.colcon_core.package_identification:_identify(asurt_msgs) by extension 'colcon_pkg'
[0.261s] Level 1:colcon.colcon_core.package_identification:_identify(asurt_msgs) by extensions ['colcon_meta']
[0.261s] Level 1:colcon.colcon_core.package_identification:_identify(asurt_msgs) by extension 'colcon_meta'
[0.261s] Level 1:colcon.colcon_core.package_identification:_identify(asurt_msgs) by extensions ['ros']
[0.261s] Level 1:colcon.colcon_core.package_identification:_identify(asurt_msgs) by extension 'ros'
[0.262s] DEBUG:colcon.colcon_core.package_identification:Package 'asurt_msgs' with type 'ros.ament_cmake' and name 'asurt_msgs'
[0.262s] Level 1:colcon.colcon_core.package_identification:_identify(build) by extensions ['ignore', 'ignore_ament_install']
[0.262s] Level 1:colcon.colcon_core.package_identification:_identify(build) by extension 'ignore'
[0.262s] Level 1:colcon.colcon_core.package_identification:_identify(build) ignored
[0.263s] Level 1:colcon.colcon_core.package_identification:_identify(cloud_msgs) by extensions ['ignore', 'ignore_ament_install']
[0.263s] Level 1:colcon.colcon_core.package_identification:_identify(cloud_msgs) by extension 'ignore'
[0.263s] Level 1:colcon.colcon_core.package_identification:_identify(cloud_msgs) by extension 'ignore_ament_install'
[0.263s] Level 1:colcon.colcon_core.package_identification:_identify(cloud_msgs) by extensions ['colcon_pkg']
[0.263s] Level 1:colcon.colcon_core.package_identification:_identify(cloud_msgs) by extension 'colcon_pkg'
[0.263s] Level 1:colcon.colcon_core.package_identification:_identify(cloud_msgs) by extensions ['colcon_meta']
[0.263s] Level 1:colcon.colcon_core.package_identification:_identify(cloud_msgs) by extension 'colcon_meta'
[0.263s] Level 1:colcon.colcon_core.package_identification:_identify(cloud_msgs) by extensions ['ros']
[0.263s] Level 1:colcon.colcon_core.package_identification:_identify(cloud_msgs) by extension 'ros'
[0.264s] DEBUG:colcon.colcon_core.package_identification:Package 'cloud_msgs' with type 'ros.ament_cmake' and name 'cloud_msgs'
[0.264s] Level 1:colcon.colcon_core.package_identification:_identify(cone_a_lisa) by extensions ['ignore', 'ignore_ament_install']
[0.264s] Level 1:colcon.colcon_core.package_identification:_identify(cone_a_lisa) by extension 'ignore'
[0.264s] Level 1:colcon.colcon_core.package_identification:_identify(cone_a_lisa) by extension 'ignore_ament_install'
[0.264s] Level 1:colcon.colcon_core.package_identification:_identify(cone_a_lisa) by extensions ['colcon_pkg']
[0.264s] Level 1:colcon.colcon_core.package_identification:_identify(cone_a_lisa) by extension 'colcon_pkg'
[0.264s] Level 1:colcon.colcon_core.package_identification:_identify(cone_a_lisa) by extensions ['colcon_meta']
[0.264s] Level 1:colcon.colcon_core.package_identification:_identify(cone_a_lisa) by extension 'colcon_meta'
[0.264s] Level 1:colcon.colcon_core.package_identification:_identify(cone_a_lisa) by extensions ['ros']
[0.264s] Level 1:colcon.colcon_core.package_identification:_identify(cone_a_lisa) by extension 'ros'
[0.265s] DEBUG:colcon.colcon_core.package_identification:Package 'cone_a_lisa' with type 'ros.ament_python' and name 'cone_a_lisa'
[0.265s] Level 1:colcon.colcon_core.package_identification:_identify(install) by extensions ['ignore', 'ignore_ament_install']
[0.265s] Level 1:colcon.colcon_core.package_identification:_identify(install) by extension 'ignore'
[0.265s] Level 1:colcon.colcon_core.package_identification:_identify(install) ignored
[0.265s] Level 1:colcon.colcon_core.package_identification:_identify(log) by extensions ['ignore', 'ignore_ament_install']
[0.265s] Level 1:colcon.colcon_core.package_identification:_identify(log) by extension 'ignore'
[0.265s] Level 1:colcon.colcon_core.package_identification:_identify(log) ignored
[0.265s] Level 1:colcon.colcon_core.package_discovery:discover_packages(recursive) using defaults
[0.265s] Level 1:colcon.colcon_core.package_discovery:discover_packages(ignore) discover
[0.265s] Level 1:colcon.colcon_core.package_discovery:discover_packages(ignore) using defaults
[0.265s] Level 1:colcon.colcon_core.package_discovery:discover_packages(path) discover
[0.265s] Level 1:colcon.colcon_core.package_discovery:discover_packages(path) using defaults
[0.295s] Level 1:colcon.colcon_core.package_discovery:discover_packages(prefix_path) check parameters
[0.296s] Level 1:colcon.colcon_core.package_discovery:discover_packages(prefix_path) discover
[0.313s] DEBUG:colcon.colcon_installed_package_information.package_discovery:Found 374 installed packages in /opt/ros/jazzy
[0.315s] Level 1:colcon.colcon_core.package_discovery:discover_packages(prefix_path) using defaults
[0.365s] Level 5:colcon.colcon_core.verb:set package 'asurt_msgs' build argument 'cmake_args' from command line to 'None'
[0.365s] Level 5:colcon.colcon_core.verb:set package 'asurt_msgs' build argument 'cmake_target' from command line to 'None'
[0.365s] Level 5:colcon.colcon_core.verb:set package 'asurt_msgs' build argument 'cmake_target_skip_unavailable' from command line to 'False'
[0.365s] Level 5:colcon.colcon_core.verb:set package 'asurt_msgs' build argument 'cmake_clean_cache' from command line to 'False'
[0.365s] Level 5:colcon.colcon_core.verb:set package 'asurt_msgs' build argument 'cmake_clean_first' from command line to 'False'
[0.365s] Level 5:colcon.colcon_core.verb:set package 'asurt_msgs' build argument 'cmake_force_configure' from command line to 'False'
[0.365s] Level 5:colcon.colcon_core.verb:set package 'asurt_msgs' build argument 'ament_cmake_args' from command line to 'None'
[0.365s] Level 5:colcon.colcon_core.verb:set package 'asurt_msgs' build argument 'catkin_cmake_args' from command line to 'None'
[0.365s] Level 5:colcon.colcon_core.verb:set package 'asurt_msgs' build argument 'catkin_skip_building_tests' from command line to 'False'
[0.365s] DEBUG:colcon.colcon_core.verb:Building package 'asurt_msgs' with the following arguments: {'ament_cmake_args': None, 'build_base': '/home/aly-sultan/Desktop/fs-system-25/SLAM/build/asurt_msgs', 'catkin_cmake_args': None, 'catkin_skip_building_tests': False, 'cmake_args': None, 'cmake_clean_cache': False, 'cmake_clean_first': False, 'cmake_force_configure': False, 'cmake_target': None, 'cmake_target_skip_unavailable': False, 'install_base': '/home/aly-sultan/Desktop/fs-system-25/SLAM/install/asurt_msgs', 'merge_install': False, 'path': '/home/aly-sultan/Desktop/fs-system-25/SLAM/asurt_msgs', 'symlink_install': False, 'test_result_base': None}
[0.366s] Level 5:colcon.colcon_core.verb:set package 'cloud_msgs' build argument 'cmake_args' from command line to 'None'
[0.366s] Level 5:colcon.colcon_core.verb:set package 'cloud_msgs' build argument 'cmake_target' from command line to 'None'
[0.366s] Level 5:colcon.colcon_core.verb:set package 'cloud_msgs' build argument 'cmake_target_skip_unavailable' from command line to 'False'
[0.366s] Level 5:colcon.colcon_core.verb:set package 'cloud_msgs' build argument 'cmake_clean_cache' from command line to 'False'
[0.366s] Level 5:colcon.colcon_core.verb:set package 'cloud_msgs' build argument 'cmake_clean_first' from command line to 'False'
[0.366s] Level 5:colcon.colcon_core.verb:set package 'cloud_msgs' build argument 'cmake_force_configure' from command line to 'False'
[0.366s] Level 5:colcon.colcon_core.verb:set package 'cloud_msgs' build argument 'ament_cmake_args' from command line to 'None'
[0.366s] Level 5:colcon.colcon_core.verb:set package 'cloud_msgs' build argument 'catkin_cmake_args' from command line to 'None'
[0.366s] Level 5:colcon.colcon_core.verb:set package 'cloud_msgs' build argument 'catkin_skip_building_tests' from command line to 'False'
[0.366s] DEBUG:colcon.colcon_core.verb:Building package 'cloud_msgs' with the following arguments: {'ament_cmake_args': None, 'build_base': '/home/aly-sultan/Desktop/fs-system-25/SLAM/build/cloud_msgs', 'catkin_cmake_args': None, 'catkin_skip_building_tests': False, 'cmake_args': None, 'cmake_clean_cache': False, 'cmake_clean_first': False, 'cmake_force_configure': False, 'cmake_target': None, 'cmake_target_skip_unavailable': False, 'install_base': '/home/aly-sultan/Desktop/fs-system-25/SLAM/install/cloud_msgs', 'merge_install': False, 'path': '/home/aly-sultan/Desktop/fs-system-25/SLAM/cloud_msgs', 'symlink_install': False, 'test_result_base': None}
[0.366s] Level 5:colcon.colcon_core.verb:set package 'cone_a_lisa' build argument 'cmake_args' from command line to 'None'
[0.366s] Level 5:colcon.colcon_core.verb:set package 'cone_a_lisa' build argument 'cmake_target' from command line to 'None'
[0.366s] Level 5:colcon.colcon_core.verb:set package 'cone_a_lisa' build argument 'cmake_target_skip_unavailable' from command line to 'False'
[0.366s] Level 5:colcon.colcon_core.verb:set package 'cone_a_lisa' build argument 'cmake_clean_cache' from command line to 'False'
[0.366s] Level 5:colcon.colcon_core.verb:set package 'cone_a_lisa' build argument 'cmake_clean_first' from command line to 'False'
[0.366s] Level 5:colcon.colcon_core.verb:set package 'cone_a_lisa' build argument 'cmake_force_configure' from command line to 'False'
[0.366s] Level 5:colcon.colcon_core.verb:set package 'cone_a_lisa' build argument 'ament_cmake_args' from command line to 'None'
[0.366s] Level 5:colcon.colcon_core.verb:set package 'cone_a_lisa' build argument 'catkin_cmake_args' from command line to 'None'
[0.366s] Level 5:colcon.colcon_core.verb:set package 'cone_a_lisa' build argument 'catkin_skip_building_tests' from command line to 'False'
[0.366s] DEBUG:colcon.colcon_core.verb:Building package 'cone_a_lisa' with the following arguments: {'ament_cmake_args': None, 'build_base': '/home/aly-sultan/Desktop/fs-system-25/SLAM/build/cone_a_lisa', 'catkin_cmake_args': None, 'catkin_skip_building_tests': False, 'cmake_args': None, 'cmake_clean_cache': False, 'cmake_clean_first': False, 'cmake_force_configure': False, 'cmake_target': None, 'cmake_target_skip_unavailable': False, 'install_base': '/home/aly-sultan/Desktop/fs-system-25/SLAM/install/cone_a_lisa', 'merge_install': False, 'path': '/home/aly-sultan/Desktop/fs-system-25/SLAM/cone_a_lisa', 'symlink_install': False, 'test_result_base': None}
[0.367s] Level 5:colcon.colcon_core.verb:set package 'lego_loam_sr' build argument 'cmake_args' from command line to 'None'
[0.367s] Level 5:colcon.colcon_core.verb:set package 'lego_loam_sr' build argument 'cmake_target' from command line to 'None'
[0.367s] Level 5:colcon.colcon_core.verb:set package 'lego_loam_sr' build argument 'cmake_target_skip_unavailable' from command line to 'False'
[0.367s] Level 5:colcon.colcon_core.verb:set package 'lego_loam_sr' build argument 'cmake_clean_cache' from command line to 'False'
[0.367s] Level 5:colcon.colcon_core.verb:set package 'lego_loam_sr' build argument 'cmake_clean_first' from command line to 'False'
[0.367s] Level 5:colcon.colcon_core.verb:set package 'lego_loam_sr' build argument 'cmake_force_configure' from command line to 'False'
[0.367s] Level 5:colcon.colcon_core.verb:set package 'lego_loam_sr' build argument 'ament_cmake_args' from command line to 'None'
[0.367s] Level 5:colcon.colcon_core.verb:set package 'lego_loam_sr' build argument 'catkin_cmake_args' from command line to 'None'
[0.367s] Level 5:colcon.colcon_core.verb:set package 'lego_loam_sr' build argument 'catkin_skip_building_tests' from command line to 'False'
[0.367s] DEBUG:colcon.colcon_core.verb:Building package 'lego_loam_sr' with the following arguments: {'ament_cmake_args': None, 'build_base': '/home/aly-sultan/Desktop/fs-system-25/SLAM/build/lego_loam_sr', 'catkin_cmake_args': None, 'catkin_skip_building_tests': False, 'cmake_args': None, 'cmake_clean_cache': False, 'cmake_clean_first': False, 'cmake_force_configure': False, 'cmake_target': None, 'cmake_target_skip_unavailable': False, 'install_base': '/home/aly-sultan/Desktop/fs-system-25/SLAM/install/lego_loam_sr', 'merge_install': False, 'path': '/home/aly-sultan/Desktop/fs-system-25/SLAM/LeGO-LOAM', 'symlink_install': False, 'test_result_base': None}
[0.367s] INFO:colcon.colcon_core.executor:Executing jobs using 'parallel' executor
[0.368s] DEBUG:colcon.colcon_parallel_executor.executor.parallel:run_until_complete
[0.368s] INFO:colcon.colcon_ros.task.ament_cmake.build:Building ROS package in '/home/aly-sultan/Desktop/fs-system-25/SLAM/asurt_msgs' with build type 'ament_cmake'
[0.368s] INFO:colcon.colcon_cmake.task.cmake.build:Building CMake package in '/home/aly-sultan/Desktop/fs-system-25/SLAM/asurt_msgs'
[0.373s] INFO:colcon.colcon_core.plugin_system:Skipping extension 'colcon_core.shell.bat': Not used on non-Windows systems
[0.373s] INFO:colcon.colcon_core.shell:Skip shell extension 'powershell' for command environment: Not usable outside of PowerShell
[0.373s] DEBUG:colcon.colcon_core.shell:Skip shell extension 'dsv' for command environment
[0.377s] INFO:colcon.colcon_ros.task.ament_cmake.build:Building ROS package in '/home/aly-sultan/Desktop/fs-system-25/SLAM/cloud_msgs' with build type 'ament_cmake'
[0.377s] INFO:colcon.colcon_cmake.task.cmake.build:Building CMake package in '/home/aly-sultan/Desktop/fs-system-25/SLAM/cloud_msgs'
[0.377s] INFO:colcon.colcon_core.shell:Skip shell extension 'powershell' for command environment: Not usable outside of PowerShell
[0.378s] DEBUG:colcon.colcon_core.shell:Skip shell extension 'dsv' for command environment
[0.381s] INFO:colcon.colcon_ros.task.ament_python.build:Building ROS package in '/home/aly-sultan/Desktop/fs-system-25/SLAM/cone_a_lisa' with build type 'ament_python'
[0.381s] Level 1:colcon.colcon_core.shell:create_environment_hook('cone_a_lisa', 'ament_prefix_path')
[0.381s] INFO:colcon.colcon_core.shell:Creating environment hook '/home/aly-sultan/Desktop/fs-system-25/SLAM/install/cone_a_lisa/share/cone_a_lisa/hook/ament_prefix_path.ps1'
[0.382s] INFO:colcon.colcon_core.shell:Creating environment descriptor '/home/aly-sultan/Desktop/fs-system-25/SLAM/install/cone_a_lisa/share/cone_a_lisa/hook/ament_prefix_path.dsv'
[0.382s] INFO:colcon.colcon_core.shell:Creating environment hook '/home/aly-sultan/Desktop/fs-system-25/SLAM/install/cone_a_lisa/share/cone_a_lisa/hook/ament_prefix_path.sh'
[0.383s] INFO:colcon.colcon_core.shell:Skip shell extension 'powershell' for command environment: Not usable outside of PowerShell
[0.383s] DEBUG:colcon.colcon_core.shell:Skip shell extension 'dsv' for command environment
[0.392s] DEBUG:colcon.colcon_core.event_handler.log_command:Invoking command in '/home/aly-sultan/Desktop/fs-system-25/SLAM/build/asurt_msgs': CMAKE_PREFIX_PATH=${CMAKE_PREFIX_PATH}:/opt/ros/jazzy DEBUGINFOD_URLS=https://debuginfod.ubuntu.com /usr/bin/cmake --build /home/aly-sultan/Desktop/fs-system-25/SLAM/build/asurt_msgs -- -j16 -l16
[0.400s] DEBUG:colcon.colcon_core.event_handler.log_command:Invoking command in '/home/aly-sultan/Desktop/fs-system-25/SLAM/build/cloud_msgs': CMAKE_PREFIX_PATH=${CMAKE_PREFIX_PATH}:/opt/ros/jazzy DEBUGINFOD_URLS=https://debuginfod.ubuntu.com /usr/bin/cmake --build /home/aly-sultan/Desktop/fs-system-25/SLAM/build/cloud_msgs -- -j16 -l16
[0.701s] INFO:colcon.colcon_core.task.python.build:Building Python package in '/home/aly-sultan/Desktop/fs-system-25/SLAM/cone_a_lisa'
[0.701s] INFO:colcon.colcon_core.shell:Skip shell extension 'powershell' for command environment: Not usable outside of PowerShell
[0.701s] DEBUG:colcon.colcon_core.shell:Skip shell extension 'dsv' for command environment
[0.946s] DEBUG:colcon.colcon_core.event_handler.log_command:Invoked command in '/home/aly-sultan/Desktop/fs-system-25/SLAM/build/asurt_msgs' returned '0': CMAKE_PREFIX_PATH=${CMAKE_PREFIX_PATH}:/opt/ros/jazzy DEBUGINFOD_URLS=https://debuginfod.ubuntu.com /usr/bin/cmake --build /home/aly-sultan/Desktop/fs-system-25/SLAM/build/asurt_msgs -- -j16 -l16
[0.964s] DEBUG:colcon.colcon_core.event_handler.log_command:Invoking command in '/home/aly-sultan/Desktop/fs-system-25/SLAM/build/asurt_msgs': CMAKE_PREFIX_PATH=${CMAKE_PREFIX_PATH}:/opt/ros/jazzy DEBUGINFOD_URLS=https://debuginfod.ubuntu.com /usr/bin/cmake --install /home/aly-sultan/Desktop/fs-system-25/SLAM/build/asurt_msgs
[0.966s] DEBUG:colcon.colcon_core.event_handler.log_command:Invoked command in '/home/aly-sultan/Desktop/fs-system-25/SLAM/build/cloud_msgs' returned '0': CMAKE_PREFIX_PATH=${CMAKE_PREFIX_PATH}:/opt/ros/jazzy DEBUGINFOD_URLS=https://debuginfod.ubuntu.com /usr/bin/cmake --build /home/aly-sultan/Desktop/fs-system-25/SLAM/build/cloud_msgs -- -j16 -l16
[0.968s] DEBUG:colcon.colcon_core.event_handler.log_command:Invoking command in '/home/aly-sultan/Desktop/fs-system-25/SLAM/build/cloud_msgs': CMAKE_PREFIX_PATH=${CMAKE_PREFIX_PATH}:/opt/ros/jazzy DEBUGINFOD_URLS=https://debuginfod.ubuntu.com /usr/bin/cmake --install /home/aly-sultan/Desktop/fs-system-25/SLAM/build/cloud_msgs
[1.074s] Level 1:colcon.colcon_core.environment:create_environment_scripts_only(cloud_msgs)
[1.082s] DEBUG:colcon.colcon_core.event_handler.log_command:Invoked command in '/home/aly-sultan/Desktop/fs-system-25/SLAM/build/cloud_msgs' returned '0': CMAKE_PREFIX_PATH=${CMAKE_PREFIX_PATH}:/opt/ros/jazzy DEBUGINFOD_URLS=https://debuginfod.ubuntu.com /usr/bin/cmake --install /home/aly-sultan/Desktop/fs-system-25/SLAM/build/cloud_msgs
[1.085s] Level 1:colcon.colcon_core.environment:checking '/home/aly-sultan/Desktop/fs-system-25/SLAM/install/cloud_msgs' for CMake module files
[1.087s] Level 1:colcon.colcon_core.environment:checking '/home/aly-sultan/Desktop/fs-system-25/SLAM/install/cloud_msgs' for CMake config files
[1.087s] Level 1:colcon.colcon_core.shell:create_environment_hook('cloud_msgs', 'cmake_prefix_path')
[1.087s] INFO:colcon.colcon_core.shell:Creating environment hook '/home/aly-sultan/Desktop/fs-system-25/SLAM/install/cloud_msgs/share/cloud_msgs/hook/cmake_prefix_path.ps1'
[1.088s] INFO:colcon.colcon_core.shell:Creating environment descriptor '/home/aly-sultan/Desktop/fs-system-25/SLAM/install/cloud_msgs/share/cloud_msgs/hook/cmake_prefix_path.dsv'
[1.089s] INFO:colcon.colcon_core.shell:Creating environment hook '/home/aly-sultan/Desktop/fs-system-25/SLAM/install/cloud_msgs/share/cloud_msgs/hook/cmake_prefix_path.sh'
[1.090s] Level 1:colcon.colcon_core.environment:checking '/home/aly-sultan/Desktop/fs-system-25/SLAM/install/cloud_msgs/lib'
[1.090s] Level 1:colcon.colcon_core.shell:create_environment_hook('cloud_msgs', 'ld_library_path_lib')
[1.090s] INFO:colcon.colcon_core.shell:Creating environment hook '/home/aly-sultan/Desktop/fs-system-25/SLAM/install/cloud_msgs/share/cloud_msgs/hook/ld_library_path_lib.ps1'
[1.091s] INFO:colcon.colcon_core.shell:Creating environment descriptor '/home/aly-sultan/Desktop/fs-system-25/SLAM/install/cloud_msgs/share/cloud_msgs/hook/ld_library_path_lib.dsv'
[1.091s] INFO:colcon.colcon_core.shell:Creating environment hook '/home/aly-sultan/Desktop/fs-system-25/SLAM/install/cloud_msgs/share/cloud_msgs/hook/ld_library_path_lib.sh'
[1.092s] Level 1:colcon.colcon_core.environment:checking '/home/aly-sultan/Desktop/fs-system-25/SLAM/install/cloud_msgs/bin'
[1.092s] Level 1:colcon.colcon_core.environment:checking '/home/aly-sultan/Desktop/fs-system-25/SLAM/install/cloud_msgs/lib/pkgconfig/cloud_msgs.pc'
[1.092s] Level 1:colcon.colcon_core.environment:checking '/home/aly-sultan/Desktop/fs-system-25/SLAM/install/cloud_msgs/lib/python3.12/site-packages'
[1.092s] Level 1:colcon.colcon_core.shell:create_environment_hook('cloud_msgs', 'pythonpath')
[1.092s] INFO:colcon.colcon_core.shell:Creating environment hook '/home/aly-sultan/Desktop/fs-system-25/SLAM/install/cloud_msgs/share/cloud_msgs/hook/pythonpath.ps1'
[1.093s] INFO:colcon.colcon_core.shell:Creating environment descriptor '/home/aly-sultan/Desktop/fs-system-25/SLAM/install/cloud_msgs/share/cloud_msgs/hook/pythonpath.dsv'
[1.093s] INFO:colcon.colcon_core.shell:Creating environment hook '/home/aly-sultan/Desktop/fs-system-25/SLAM/install/cloud_msgs/share/cloud_msgs/hook/pythonpath.sh'
[1.093s] Level 1:colcon.colcon_core.environment:checking '/home/aly-sultan/Desktop/fs-system-25/SLAM/install/cloud_msgs/bin'
[1.094s] INFO:colcon.colcon_core.shell:Creating package script '/home/aly-sultan/Desktop/fs-system-25/SLAM/install/cloud_msgs/share/cloud_msgs/package.ps1'
[1.095s] INFO:colcon.colcon_core.shell:Creating package descriptor '/home/aly-sultan/Desktop/fs-system-25/SLAM/install/cloud_msgs/share/cloud_msgs/package.dsv'
[1.095s] INFO:colcon.colcon_core.shell:Creating package script '/home/aly-sultan/Desktop/fs-system-25/SLAM/install/cloud_msgs/share/cloud_msgs/package.sh'
[1.096s] INFO:colcon.colcon_core.shell:Creating package script '/home/aly-sultan/Desktop/fs-system-25/SLAM/install/cloud_msgs/share/cloud_msgs/package.bash'
[1.097s] INFO:colcon.colcon_core.shell:Creating package script '/home/aly-sultan/Desktop/fs-system-25/SLAM/install/cloud_msgs/share/cloud_msgs/package.zsh'
[1.098s] Level 1:colcon.colcon_core.environment:create_file_with_runtime_dependencies(/home/aly-sultan/Desktop/fs-system-25/SLAM/install/cloud_msgs/share/colcon-core/packages/cloud_msgs)
[1.098s] Level 1:colcon.colcon_core.environment:create_environment_scripts_only(cloud_msgs)
[1.098s] Level 1:colcon.colcon_core.environment:checking '/home/aly-sultan/Desktop/fs-system-25/SLAM/install/cloud_msgs' for CMake module files
[1.099s] Level 1:colcon.colcon_core.environment:checking '/home/aly-sultan/Desktop/fs-system-25/SLAM/install/cloud_msgs' for CMake config files
[1.099s] Level 1:colcon.colcon_core.shell:create_environment_hook('cloud_msgs', 'cmake_prefix_path')
[1.099s] INFO:colcon.colcon_core.shell:Creating environment hook '/home/aly-sultan/Desktop/fs-system-25/SLAM/install/cloud_msgs/share/cloud_msgs/hook/cmake_prefix_path.ps1'
[1.100s] INFO:colcon.colcon_core.shell:Creating environment descriptor '/home/aly-sultan/Desktop/fs-system-25/SLAM/install/cloud_msgs/share/cloud_msgs/hook/cmake_prefix_path.dsv'
[1.100s] INFO:colcon.colcon_core.shell:Creating environment hook '/home/aly-sultan/Desktop/fs-system-25/SLAM/install/cloud_msgs/share/cloud_msgs/hook/cmake_prefix_path.sh'
[1.101s] Level 1:colcon.colcon_core.environment:checking '/home/aly-sultan/Desktop/fs-system-25/SLAM/install/cloud_msgs/lib'
[1.101s] Level 1:colcon.colcon_core.shell:create_environment_hook('cloud_msgs', 'ld_library_path_lib')
[1.101s] INFO:colcon.colcon_core.shell:Creating environment hook '/home/aly-sultan/Desktop/fs-system-25/SLAM/install/cloud_msgs/share/cloud_msgs/hook/ld_library_path_lib.ps1'
[1.101s] INFO:colcon.colcon_core.shell:Creating environment descriptor '/home/aly-sultan/Desktop/fs-system-25/SLAM/install/cloud_msgs/share/cloud_msgs/hook/ld_library_path_lib.dsv'
[1.102s] INFO:colcon.colcon_core.shell:Creating environment hook '/home/aly-sultan/Desktop/fs-system-25/SLAM/install/cloud_msgs/share/cloud_msgs/hook/ld_library_path_lib.sh'
[1.102s] Level 1:colcon.colcon_core.environment:checking '/home/aly-sultan/Desktop/fs-system-25/SLAM/install/cloud_msgs/bin'
[1.102s] Level 1:colcon.colcon_core.environment:checking '/home/aly-sultan/Desktop/fs-system-25/SLAM/install/cloud_msgs/lib/pkgconfig/cloud_msgs.pc'
[1.102s] Level 1:colcon.colcon_core.environment:checking '/home/aly-sultan/Desktop/fs-system-25/SLAM/install/cloud_msgs/lib/python3.12/site-packages'
[1.102s] Level 1:colcon.colcon_core.shell:create_environment_hook('cloud_msgs', 'pythonpath')
[1.102s] INFO:colcon.colcon_core.shell:Creating environment hook '/home/aly-sultan/Desktop/fs-system-25/SLAM/install/cloud_msgs/share/cloud_msgs/hook/pythonpath.ps1'
[1.103s] INFO:colcon.colcon_core.shell:Creating environment descriptor '/home/aly-sultan/Desktop/fs-system-25/SLAM/install/cloud_msgs/share/cloud_msgs/hook/pythonpath.dsv'
[1.103s] INFO:colcon.colcon_core.shell:Creating environment hook '/home/aly-sultan/Desktop/fs-system-25/SLAM/install/cloud_msgs/share/cloud_msgs/hook/pythonpath.sh'
[1.104s] Level 1:colcon.colcon_core.environment:checking '/home/aly-sultan/Desktop/fs-system-25/SLAM/install/cloud_msgs/bin'
[1.104s] INFO:colcon.colcon_core.shell:Creating package script '/home/aly-sultan/Desktop/fs-system-25/SLAM/install/cloud_msgs/share/cloud_msgs/package.ps1'
[1.105s] INFO:colcon.colcon_core.shell:Creating package descriptor '/home/aly-sultan/Desktop/fs-system-25/SLAM/install/cloud_msgs/share/cloud_msgs/package.dsv'
[1.105s] INFO:colcon.colcon_core.shell:Creating package script '/home/aly-sultan/Desktop/fs-system-25/SLAM/install/cloud_msgs/share/cloud_msgs/package.sh'
[1.105s] INFO:colcon.colcon_core.shell:Creating package script '/home/aly-sultan/Desktop/fs-system-25/SLAM/install/cloud_msgs/share/cloud_msgs/package.bash'
[1.106s] INFO:colcon.colcon_core.shell:Creating package script '/home/aly-sultan/Desktop/fs-system-25/SLAM/install/cloud_msgs/share/cloud_msgs/package.zsh'
[1.106s] Level 1:colcon.colcon_core.environment:create_file_with_runtime_dependencies(/home/aly-sultan/Desktop/fs-system-25/SLAM/install/cloud_msgs/share/colcon-core/packages/cloud_msgs)
[1.108s] Level 1:colcon.colcon_core.environment:create_environment_scripts_only(asurt_msgs)
[1.108s] DEBUG:colcon.colcon_core.event_handler.log_command:Invoked command in '/home/aly-sultan/Desktop/fs-system-25/SLAM/build/asurt_msgs' returned '0': CMAKE_PREFIX_PATH=${CMAKE_PREFIX_PATH}:/opt/ros/jazzy DEBUGINFOD_URLS=https://debuginfod.ubuntu.com /usr/bin/cmake --install /home/aly-sultan/Desktop/fs-system-25/SLAM/build/asurt_msgs
[1.108s] Level 1:colcon.colcon_core.environment:checking '/home/aly-sultan/Desktop/fs-system-25/SLAM/install/asurt_msgs' for CMake module files
[1.110s] Level 1:colcon.colcon_core.environment:checking '/home/aly-sultan/Desktop/fs-system-25/SLAM/install/asurt_msgs' for CMake config files
[1.111s] Level 1:colcon.colcon_core.shell:create_environment_hook('asurt_msgs', 'cmake_prefix_path')
[1.111s] INFO:colcon.colcon_core.shell:Creating environment hook '/home/aly-sultan/Desktop/fs-system-25/SLAM/install/asurt_msgs/share/asurt_msgs/hook/cmake_prefix_path.ps1'
[1.112s] INFO:colcon.colcon_core.shell:Creating environment descriptor '/home/aly-sultan/Desktop/fs-system-25/SLAM/install/asurt_msgs/share/asurt_msgs/hook/cmake_prefix_path.dsv'
[1.112s] INFO:colcon.colcon_core.shell:Creating environment hook '/home/aly-sultan/Desktop/fs-system-25/SLAM/install/asurt_msgs/share/asurt_msgs/hook/cmake_prefix_path.sh'
[1.114s] Level 1:colcon.colcon_core.environment:checking '/home/aly-sultan/Desktop/fs-system-25/SLAM/install/asurt_msgs/lib'
[1.114s] Level 1:colcon.colcon_core.shell:create_environment_hook('asurt_msgs', 'ld_library_path_lib')
[1.114s] INFO:colcon.colcon_core.shell:Creating environment hook '/home/aly-sultan/Desktop/fs-system-25/SLAM/install/asurt_msgs/share/asurt_msgs/hook/ld_library_path_lib.ps1'
[1.115s] INFO:colcon.colcon_core.shell:Creating environment descriptor '/home/aly-sultan/Desktop/fs-system-25/SLAM/install/asurt_msgs/share/asurt_msgs/hook/ld_library_path_lib.dsv'
[1.115s] INFO:colcon.colcon_core.shell:Creating environment hook '/home/aly-sultan/Desktop/fs-system-25/SLAM/install/asurt_msgs/share/asurt_msgs/hook/ld_library_path_lib.sh'
[1.116s] Level 1:colcon.colcon_core.environment:checking '/home/aly-sultan/Desktop/fs-system-25/SLAM/install/asurt_msgs/bin'
[1.116s] Level 1:colcon.colcon_core.environment:checking '/home/aly-sultan/Desktop/fs-system-25/SLAM/install/asurt_msgs/lib/pkgconfig/asurt_msgs.pc'
[1.117s] Level 1:colcon.colcon_core.environment:checking '/home/aly-sultan/Desktop/fs-system-25/SLAM/install/asurt_msgs/lib/python3.12/site-packages'
[1.117s] Level 1:colcon.colcon_core.shell:create_environment_hook('asurt_msgs', 'pythonpath')
[1.117s] INFO:colcon.colcon_core.shell:Creating environment hook '/home/aly-sultan/Desktop/fs-system-25/SLAM/install/asurt_msgs/share/asurt_msgs/hook/pythonpath.ps1'
[1.118s] INFO:colcon.colcon_core.shell:Creating environment descriptor '/home/aly-sultan/Desktop/fs-system-25/SLAM/install/asurt_msgs/share/asurt_msgs/hook/pythonpath.dsv'
[1.119s] INFO:colcon.colcon_core.shell:Creating environment hook '/home/aly-sultan/Desktop/fs-system-25/SLAM/install/asurt_msgs/share/asurt_msgs/hook/pythonpath.sh'
[1.120s] Level 1:colcon.colcon_core.environment:checking '/home/aly-sultan/Desktop/fs-system-25/SLAM/install/asurt_msgs/bin'
[1.120s] INFO:colcon.colcon_core.shell:Creating package script '/home/aly-sultan/Desktop/fs-system-25/SLAM/install/asurt_msgs/share/asurt_msgs/package.ps1'
[1.121s] INFO:colcon.colcon_core.shell:Creating package descriptor '/home/aly-sultan/Desktop/fs-system-25/SLAM/install/asurt_msgs/share/asurt_msgs/package.dsv'
[1.122s] INFO:colcon.colcon_core.shell:Creating package script '/home/aly-sultan/Desktop/fs-system-25/SLAM/install/asurt_msgs/share/asurt_msgs/package.sh'
[1.123s] INFO:colcon.colcon_core.shell:Creating package script '/home/aly-sultan/Desktop/fs-system-25/SLAM/install/asurt_msgs/share/asurt_msgs/package.bash'
[1.124s] INFO:colcon.colcon_core.shell:Creating package script '/home/aly-sultan/Desktop/fs-system-25/SLAM/install/asurt_msgs/share/asurt_msgs/package.zsh'
[1.124s] Level 1:colcon.colcon_core.environment:create_file_with_runtime_dependencies(/home/aly-sultan/Desktop/fs-system-25/SLAM/install/asurt_msgs/share/colcon-core/packages/asurt_msgs)
[1.125s] Level 1:colcon.colcon_core.environment:create_environment_scripts_only(asurt_msgs)
[1.125s] Level 1:colcon.colcon_core.environment:checking '/home/aly-sultan/Desktop/fs-system-25/SLAM/install/asurt_msgs' for CMake module files
[1.127s] Level 1:colcon.colcon_core.environment:checking '/home/aly-sultan/Desktop/fs-system-25/SLAM/install/asurt_msgs' for CMake config files
[1.127s] Level 1:colcon.colcon_core.shell:create_environment_hook('asurt_msgs', 'cmake_prefix_path')
[1.128s] INFO:colcon.colcon_core.shell:Creating environment hook '/home/aly-sultan/Desktop/fs-system-25/SLAM/install/asurt_msgs/share/asurt_msgs/hook/cmake_prefix_path.ps1'
[1.128s] INFO:colcon.colcon_core.shell:Creating environment descriptor '/home/aly-sultan/Desktop/fs-system-25/SLAM/install/asurt_msgs/share/asurt_msgs/hook/cmake_prefix_path.dsv'
[1.129s] INFO:colcon.colcon_core.shell:Creating environment hook '/home/aly-sultan/Desktop/fs-system-25/SLAM/install/asurt_msgs/share/asurt_msgs/hook/cmake_prefix_path.sh'
[1.130s] Level 1:colcon.colcon_core.environment:checking '/home/aly-sultan/Desktop/fs-system-25/SLAM/install/asurt_msgs/lib'
[1.130s] Level 1:colcon.colcon_core.shell:create_environment_hook('asurt_msgs', 'ld_library_path_lib')
[1.130s] INFO:colcon.colcon_core.shell:Creating environment hook '/home/aly-sultan/Desktop/fs-system-25/SLAM/install/asurt_msgs/share/asurt_msgs/hook/ld_library_path_lib.ps1'
[1.131s] INFO:colcon.colcon_core.shell:Creating environment descriptor '/home/aly-sultan/Desktop/fs-system-25/SLAM/install/asurt_msgs/share/asurt_msgs/hook/ld_library_path_lib.dsv'
[1.131s] INFO:colcon.colcon_core.shell:Creating environment hook '/home/aly-sultan/Desktop/fs-system-25/SLAM/install/asurt_msgs/share/asurt_msgs/hook/ld_library_path_lib.sh'
[1.132s] Level 1:colcon.colcon_core.environment:checking '/home/aly-sultan/Desktop/fs-system-25/SLAM/install/asurt_msgs/bin'
[1.132s] Level 1:colcon.colcon_core.environment:checking '/home/aly-sultan/Desktop/fs-system-25/SLAM/install/asurt_msgs/lib/pkgconfig/asurt_msgs.pc'
[1.132s] Level 1:colcon.colcon_core.environment:checking '/home/aly-sultan/Desktop/fs-system-25/SLAM/install/asurt_msgs/lib/python3.12/site-packages'
[1.133s] Level 1:colcon.colcon_core.shell:create_environment_hook('asurt_msgs', 'pythonpath')
[1.133s] INFO:colcon.colcon_core.shell:Creating environment hook '/home/aly-sultan/Desktop/fs-system-25/SLAM/install/asurt_msgs/share/asurt_msgs/hook/pythonpath.ps1'
[1.134s] INFO:colcon.colcon_core.shell:Creating environment descriptor '/home/aly-sultan/Desktop/fs-system-25/SLAM/install/asurt_msgs/share/asurt_msgs/hook/pythonpath.dsv'
[1.134s] INFO:colcon.colcon_core.shell:Creating environment hook '/home/aly-sultan/Desktop/fs-system-25/SLAM/install/asurt_msgs/share/asurt_msgs/hook/pythonpath.sh'
[1.135s] Level 1:colcon.colcon_core.environment:checking '/home/aly-sultan/Desktop/fs-system-25/SLAM/install/asurt_msgs/bin'
[1.136s] INFO:colcon.colcon_core.shell:Creating package script '/home/aly-sultan/Desktop/fs-system-25/SLAM/install/asurt_msgs/share/asurt_msgs/package.ps1'
[1.137s] INFO:colcon.colcon_core.shell:Creating package descriptor '/home/aly-sultan/Desktop/fs-system-25/SLAM/install/asurt_msgs/share/asurt_msgs/package.dsv'
[1.138s] INFO:colcon.colcon_core.shell:Creating package script '/home/aly-sultan/Desktop/fs-system-25/SLAM/install/asurt_msgs/share/asurt_msgs/package.sh'
[1.138s] INFO:colcon.colcon_core.shell:Creating package script '/home/aly-sultan/Desktop/fs-system-25/SLAM/install/asurt_msgs/share/asurt_msgs/package.bash'
[1.139s] INFO:colcon.colcon_core.shell:Creating package script '/home/aly-sultan/Desktop/fs-system-25/SLAM/install/asurt_msgs/share/asurt_msgs/package.zsh'
[1.140s] Level 1:colcon.colcon_core.environment:create_file_with_runtime_dependencies(/home/aly-sultan/Desktop/fs-system-25/SLAM/install/asurt_msgs/share/colcon-core/packages/asurt_msgs)
[1.140s] INFO:colcon.colcon_ros.task.ament_cmake.build:Building ROS package in '/home/aly-sultan/Desktop/fs-system-25/SLAM/LeGO-LOAM' with build type 'ament_cmake'
[1.141s] INFO:colcon.colcon_cmake.task.cmake.build:Building CMake package in '/home/aly-sultan/Desktop/fs-system-25/SLAM/LeGO-LOAM'
[1.141s] INFO:colcon.colcon_core.shell:Skip shell extension 'powershell' for command environment: Not usable outside of PowerShell
[1.142s] DEBUG:colcon.colcon_core.shell:Skip shell extension 'dsv' for command environment
[1.166s] DEBUG:colcon.colcon_core.event_handler.log_command:Invoking command in '/home/aly-sultan/Desktop/fs-system-25/SLAM/build/lego_loam_sr': AMENT_PREFIX_PATH=/home/aly-sultan/Desktop/fs-system-25/SLAM/install/cloud_msgs:/home/aly-sultan/Desktop/fs-system-25/SLAM/install/asurt_msgs:${AMENT_PREFIX_PATH} CMAKE_PREFIX_PATH=/home/aly-sultan/Desktop/fs-system-25/SLAM/install/cloud_msgs:/home/aly-sultan/Desktop/fs-system-25/SLAM/install/asurt_msgs:/opt/ros/jazzy/opt/gz_sim_vendor:/opt/ros/jazzy/opt/gz_sensors_vendor:/opt/ros/jazzy/opt/gz_physics_vendor:/opt/ros/jazzy/opt/sdformat_vendor:/opt/ros/jazzy/opt/gz_gui_vendor:/opt/ros/jazzy/opt/gz_transport_vendor:/opt/ros/jazzy/opt/gz_rendering_vendor:/opt/ros/jazzy/opt/gz_plugin_vendor:/opt/ros/jazzy/opt/gz_fuel_tools_vendor:/opt/ros/jazzy/opt/gz_msgs_vendor:/opt/ros/jazzy/opt/gz_common_vendor:/opt/ros/jazzy/opt/gz_math_vendor:/opt/ros/jazzy/opt/gz_utils_vendor:/opt/ros/jazzy/opt/gz_tools_vendor:/opt/ros/jazzy/opt/gz_ogre_next_vendor:/opt/ros/jazzy/opt/gz_dartsim_vendor:/opt/ros/jazzy/opt/gz_cmake_vendor:/opt/ros/jazzy DEBUGINFOD_URLS=https://debuginfod.ubuntu.com LD_LIBRARY_PATH=/home/aly-sultan/Desktop/fs-system-25/SLAM/install/cloud_msgs/lib:/home/aly-sultan/Desktop/fs-system-25/SLAM/install/asurt_msgs/lib:${LD_LIBRARY_PATH} PYTHONPATH=/home/aly-sultan/Desktop/fs-system-25/SLAM/install/cloud_msgs/lib/python3.12/site-packages:/home/aly-sultan/Desktop/fs-system-25/SLAM/install/asurt_msgs/lib/python3.12/site-packages:${PYTHONPATH} /usr/bin/cmake --build /home/aly-sultan/Desktop/fs-system-25/SLAM/build/lego_loam_sr -- -j16 -l16
[1.314s] DEBUG:colcon.colcon_core.event_handler.log_command:Invoked command in '/home/aly-sultan/Desktop/fs-system-25/SLAM/build/lego_loam_sr' returned '0': AMENT_PREFIX_PATH=/home/aly-sultan/Desktop/fs-system-25/SLAM/install/cloud_msgs:/home/aly-sultan/Desktop/fs-system-25/SLAM/install/asurt_msgs:${AMENT_PREFIX_PATH} CMAKE_PREFIX_PATH=/home/aly-sultan/Desktop/fs-system-25/SLAM/install/cloud_msgs:/home/aly-sultan/Desktop/fs-system-25/SLAM/install/asurt_msgs:/opt/ros/jazzy/opt/gz_sim_vendor:/opt/ros/jazzy/opt/gz_sensors_vendor:/opt/ros/jazzy/opt/gz_physics_vendor:/opt/ros/jazzy/opt/sdformat_vendor:/opt/ros/jazzy/opt/gz_gui_vendor:/opt/ros/jazzy/opt/gz_transport_vendor:/opt/ros/jazzy/opt/gz_rendering_vendor:/opt/ros/jazzy/opt/gz_plugin_vendor:/opt/ros/jazzy/opt/gz_fuel_tools_vendor:/opt/ros/jazzy/opt/gz_msgs_vendor:/opt/ros/jazzy/opt/gz_common_vendor:/opt/ros/jazzy/opt/gz_math_vendor:/opt/ros/jazzy/opt/gz_utils_vendor:/opt/ros/jazzy/opt/gz_tools_vendor:/opt/ros/jazzy/opt/gz_ogre_next_vendor:/opt/ros/jazzy/opt/gz_dartsim_vendor:/opt/ros/jazzy/opt/gz_cmake_vendor:/opt/ros/jazzy DEBUGINFOD_URLS=https://debuginfod.ubuntu.com LD_LIBRARY_PATH=/home/aly-sultan/Desktop/fs-system-25/SLAM/install/cloud_msgs/lib:/home/aly-sultan/Desktop/fs-system-25/SLAM/install/asurt_msgs/lib:${LD_LIBRARY_PATH} PYTHONPATH=/home/aly-sultan/Desktop/fs-system-25/SLAM/install/cloud_msgs/lib/python3.12/site-packages:/home/aly-sultan/Desktop/fs-system-25/SLAM/install/asurt_msgs/lib/python3.12/site-packages:${PYTHONPATH} /usr/bin/cmake --build /home/aly-sultan/Desktop/fs-system-25/SLAM/build/lego_loam_sr -- -j16 -l16
[1.316s] DEBUG:colcon.colcon_core.event_handler.log_command:Invoking command in '/home/aly-sultan/Desktop/fs-system-25/SLAM/build/lego_loam_sr': AMENT_PREFIX_PATH=/home/aly-sultan/Desktop/fs-system-25/SLAM/install/cloud_msgs:/home/aly-sultan/Desktop/fs-system-25/SLAM/install/asurt_msgs:${AMENT_PREFIX_PATH} CMAKE_PREFIX_PATH=/home/aly-sultan/Desktop/fs-system-25/SLAM/install/cloud_msgs:/home/aly-sultan/Desktop/fs-system-25/SLAM/install/asurt_msgs:/opt/ros/jazzy/opt/gz_sim_vendor:/opt/ros/jazzy/opt/gz_sensors_vendor:/opt/ros/jazzy/opt/gz_physics_vendor:/opt/ros/jazzy/opt/sdformat_vendor:/opt/ros/jazzy/opt/gz_gui_vendor:/opt/ros/jazzy/opt/gz_transport_vendor:/opt/ros/jazzy/opt/gz_rendering_vendor:/opt/ros/jazzy/opt/gz_plugin_vendor:/opt/ros/jazzy/opt/gz_fuel_tools_vendor:/opt/ros/jazzy/opt/gz_msgs_vendor:/opt/ros/jazzy/opt/gz_common_vendor:/opt/ros/jazzy/opt/gz_math_vendor:/opt/ros/jazzy/opt/gz_utils_vendor:/opt/ros/jazzy/opt/gz_tools_vendor:/opt/ros/jazzy/opt/gz_ogre_next_vendor:/opt/ros/jazzy/opt/gz_dartsim_vendor:/opt/ros/jazzy/opt/gz_cmake_vendor:/opt/ros/jazzy DEBUGINFOD_URLS=https://debuginfod.ubuntu.com LD_LIBRARY_PATH=/home/aly-sultan/Desktop/fs-system-25/SLAM/install/cloud_msgs/lib:/home/aly-sultan/Desktop/fs-system-25/SLAM/install/asurt_msgs/lib:${LD_LIBRARY_PATH} PYTHONPATH=/home/aly-sultan/Desktop/fs-system-25/SLAM/install/cloud_msgs/lib/python3.12/site-packages:/home/aly-sultan/Desktop/fs-system-25/SLAM/install/asurt_msgs/lib/python3.12/site-packages:${PYTHONPATH} /usr/bin/cmake --install /home/aly-sultan/Desktop/fs-system-25/SLAM/build/lego_loam_sr
[1.330s] Level 1:colcon.colcon_core.environment:create_environment_scripts_only(lego_loam_sr)
[1.331s] Level 1:colcon.colcon_core.environment:checking '/home/aly-sultan/Desktop/fs-system-25/SLAM/install/lego_loam_sr' for CMake module files
[1.334s] Level 1:colcon.colcon_core.environment:checking '/home/aly-sultan/Desktop/fs-system-25/SLAM/install/lego_loam_sr' for CMake config files
[1.334s] DEBUG:colcon.colcon_core.event_handler.log_command:Invoked command in '/home/aly-sultan/Desktop/fs-system-25/SLAM/build/lego_loam_sr' returned '0': AMENT_PREFIX_PATH=/home/aly-sultan/Desktop/fs-system-25/SLAM/install/cloud_msgs:/home/aly-sultan/Desktop/fs-system-25/SLAM/install/asurt_msgs:${AMENT_PREFIX_PATH} CMAKE_PREFIX_PATH=/home/aly-sultan/Desktop/fs-system-25/SLAM/install/cloud_msgs:/home/aly-sultan/Desktop/fs-system-25/SLAM/install/asurt_msgs:/opt/ros/jazzy/opt/gz_sim_vendor:/opt/ros/jazzy/opt/gz_sensors_vendor:/opt/ros/jazzy/opt/gz_physics_vendor:/opt/ros/jazzy/opt/sdformat_vendor:/opt/ros/jazzy/opt/gz_gui_vendor:/opt/ros/jazzy/opt/gz_transport_vendor:/opt/ros/jazzy/opt/gz_rendering_vendor:/opt/ros/jazzy/opt/gz_plugin_vendor:/opt/ros/jazzy/opt/gz_fuel_tools_vendor:/opt/ros/jazzy/opt/gz_msgs_vendor:/opt/ros/jazzy/opt/gz_common_vendor:/opt/ros/jazzy/opt/gz_math_vendor:/opt/ros/jazzy/opt/gz_utils_vendor:/opt/ros/jazzy/opt/gz_tools_vendor:/opt/ros/jazzy/opt/gz_ogre_next_vendor:/opt/ros/jazzy/opt/gz_dartsim_vendor:/opt/ros/jazzy/opt/gz_cmake_vendor:/opt/ros/jazzy DEBUGINFOD_URLS=https://debuginfod.ubuntu.com LD_LIBRARY_PATH=/home/aly-sultan/Desktop/fs-system-25/SLAM/install/cloud_msgs/lib:/home/aly-sultan/Desktop/fs-system-25/SLAM/install/asurt_msgs/lib:${LD_LIBRARY_PATH} PYTHONPATH=/home/aly-sultan/Desktop/fs-system-25/SLAM/install/cloud_msgs/lib/python3.12/site-packages:/home/aly-sultan/Desktop/fs-system-25/SLAM/install/asurt_msgs/lib/python3.12/site-packages:${PYTHONPATH} /usr/bin/cmake --install /home/aly-sultan/Desktop/fs-system-25/SLAM/build/lego_loam_sr
[1.335s] Level 1:colcon.colcon_core.shell:create_environment_hook('lego_loam_sr', 'cmake_prefix_path')
[1.335s] INFO:colcon.colcon_core.shell:Creating environment hook '/home/aly-sultan/Desktop/fs-system-25/SLAM/install/lego_loam_sr/share/lego_loam_sr/hook/cmake_prefix_path.ps1'
[1.336s] INFO:colcon.colcon_core.shell:Creating environment descriptor '/home/aly-sultan/Desktop/fs-system-25/SLAM/install/lego_loam_sr/share/lego_loam_sr/hook/cmake_prefix_path.dsv'
[1.336s] INFO:colcon.colcon_core.shell:Creating environment hook '/home/aly-sultan/Desktop/fs-system-25/SLAM/install/lego_loam_sr/share/lego_loam_sr/hook/cmake_prefix_path.sh'
[1.337s] Level 1:colcon.colcon_core.environment:checking '/home/aly-sultan/Desktop/fs-system-25/SLAM/install/lego_loam_sr/lib'
[1.337s] Level 1:colcon.colcon_core.environment:checking '/home/aly-sultan/Desktop/fs-system-25/SLAM/install/lego_loam_sr/bin'
[1.337s] Level 1:colcon.colcon_core.environment:checking '/home/aly-sultan/Desktop/fs-system-25/SLAM/install/lego_loam_sr/lib/pkgconfig/lego_loam_sr.pc'
[1.337s] Level 1:colcon.colcon_core.environment:checking '/home/aly-sultan/Desktop/fs-system-25/SLAM/install/lego_loam_sr/lib/python3.12/site-packages'
[1.337s] Level 1:colcon.colcon_core.environment:checking '/home/aly-sultan/Desktop/fs-system-25/SLAM/install/lego_loam_sr/bin'
[1.337s] INFO:colcon.colcon_core.shell:Creating package script '/home/aly-sultan/Desktop/fs-system-25/SLAM/install/lego_loam_sr/share/lego_loam_sr/package.ps1'
[1.338s] INFO:colcon.colcon_core.shell:Creating package descriptor '/home/aly-sultan/Desktop/fs-system-25/SLAM/install/lego_loam_sr/share/lego_loam_sr/package.dsv'
[1.338s] INFO:colcon.colcon_core.shell:Creating package script '/home/aly-sultan/Desktop/fs-system-25/SLAM/install/lego_loam_sr/share/lego_loam_sr/package.sh'
[1.339s] INFO:colcon.colcon_core.shell:Creating package script '/home/aly-sultan/Desktop/fs-system-25/SLAM/install/lego_loam_sr/share/lego_loam_sr/package.bash'
[1.339s] INFO:colcon.colcon_core.shell:Creating package script '/home/aly-sultan/Desktop/fs-system-25/SLAM/install/lego_loam_sr/share/lego_loam_sr/package.zsh'
[1.339s] Level 1:colcon.colcon_core.environment:create_file_with_runtime_dependencies(/home/aly-sultan/Desktop/fs-system-25/SLAM/install/lego_loam_sr/share/colcon-core/packages/lego_loam_sr)
[1.340s] Level 1:colcon.colcon_core.environment:create_environment_scripts_only(lego_loam_sr)
[1.340s] Level 1:colcon.colcon_core.environment:checking '/home/aly-sultan/Desktop/fs-system-25/SLAM/install/lego_loam_sr' for CMake module files
[1.340s] Level 1:colcon.colcon_core.environment:checking '/home/aly-sultan/Desktop/fs-system-25/SLAM/install/lego_loam_sr' for CMake config files
[1.341s] Level 1:colcon.colcon_core.shell:create_environment_hook('lego_loam_sr', 'cmake_prefix_path')
[1.341s] INFO:colcon.colcon_core.shell:Creating environment hook '/home/aly-sultan/Desktop/fs-system-25/SLAM/install/lego_loam_sr/share/lego_loam_sr/hook/cmake_prefix_path.ps1'
[1.341s] INFO:colcon.colcon_core.shell:Creating environment descriptor '/home/aly-sultan/Desktop/fs-system-25/SLAM/install/lego_loam_sr/share/lego_loam_sr/hook/cmake_prefix_path.dsv'
[1.341s] INFO:colcon.colcon_core.shell:Creating environment hook '/home/aly-sultan/Desktop/fs-system-25/SLAM/install/lego_loam_sr/share/lego_loam_sr/hook/cmake_prefix_path.sh'
[1.342s] Level 1:colcon.colcon_core.environment:checking '/home/aly-sultan/Desktop/fs-system-25/SLAM/install/lego_loam_sr/lib'
[1.342s] Level 1:colcon.colcon_core.environment:checking '/home/aly-sultan/Desktop/fs-system-25/SLAM/install/lego_loam_sr/bin'
[1.342s] Level 1:colcon.colcon_core.environment:checking '/home/aly-sultan/Desktop/fs-system-25/SLAM/install/lego_loam_sr/lib/pkgconfig/lego_loam_sr.pc'
[1.342s] Level 1:colcon.colcon_core.environment:checking '/home/aly-sultan/Desktop/fs-system-25/SLAM/install/lego_loam_sr/lib/python3.12/site-packages'
[1.343s] Level 1:colcon.colcon_core.environment:checking '/home/aly-sultan/Desktop/fs-system-25/SLAM/install/lego_loam_sr/bin'
[1.343s] INFO:colcon.colcon_core.shell:Creating package script '/home/aly-sultan/Desktop/fs-system-25/SLAM/install/lego_loam_sr/share/lego_loam_sr/package.ps1'
[1.343s] INFO:colcon.colcon_core.shell:Creating package descriptor '/home/aly-sultan/Desktop/fs-system-25/SLAM/install/lego_loam_sr/share/lego_loam_sr/package.dsv'
[1.344s] INFO:colcon.colcon_core.shell:Creating package script '/home/aly-sultan/Desktop/fs-system-25/SLAM/install/lego_loam_sr/share/lego_loam_sr/package.sh'
[1.345s] INFO:colcon.colcon_core.shell:Creating package script '/home/aly-sultan/Desktop/fs-system-25/SLAM/install/lego_loam_sr/share/lego_loam_sr/package.bash'
[1.345s] INFO:colcon.colcon_core.shell:Creating package script '/home/aly-sultan/Desktop/fs-system-25/SLAM/install/lego_loam_sr/share/lego_loam_sr/package.zsh'
[1.345s] Level 1:colcon.colcon_core.environment:create_file_with_runtime_dependencies(/home/aly-sultan/Desktop/fs-system-25/SLAM/install/lego_loam_sr/share/colcon-core/packages/lego_loam_sr)
[1.573s] DEBUG:colcon.colcon_core.event_handler.log_command:Invoking command in '/home/aly-sultan/Desktop/fs-system-25/SLAM/cone_a_lisa': DEBUGINFOD_URLS=https://debuginfod.ubuntu.com PYTHONPATH=/home/aly-sultan/Desktop/fs-system-25/SLAM/build/cone_a_lisa/prefix_override:/usr/lib/python3/dist-packages/colcon_core/task/python/colcon_distutils_commands:/home/aly-sultan/Desktop/fs-system-25/SLAM/install/cone_a_lisa/lib/python3.12/site-packages:${PYTHONPATH} /usr/bin/python3 -W ignore:setup.py install is deprecated -W ignore:easy_install command is deprecated setup.py egg_info --egg-base ../build/cone_a_lisa build --build-base /home/aly-sultan/Desktop/fs-system-25/SLAM/build/cone_a_lisa/build install --record /home/aly-sultan/Desktop/fs-system-25/SLAM/build/cone_a_lisa/install.log --single-version-externally-managed install_data
[2.193s] Level 1:colcon.colcon_core.environment:checking '/home/aly-sultan/Desktop/fs-system-25/SLAM/install/cone_a_lisa' for CMake module files
[2.194s] DEBUG:colcon.colcon_core.event_handler.log_command:Invoked command in '/home/aly-sultan/Desktop/fs-system-25/SLAM/cone_a_lisa' returned '0': DEBUGINFOD_URLS=https://debuginfod.ubuntu.com PYTHONPATH=/home/aly-sultan/Desktop/fs-system-25/SLAM/build/cone_a_lisa/prefix_override:/usr/lib/python3/dist-packages/colcon_core/task/python/colcon_distutils_commands:/home/aly-sultan/Desktop/fs-system-25/SLAM/install/cone_a_lisa/lib/python3.12/site-packages:${PYTHONPATH} /usr/bin/python3 -W ignore:setup.py install is deprecated -W ignore:easy_install command is deprecated setup.py egg_info --egg-base ../build/cone_a_lisa build --build-base /home/aly-sultan/Desktop/fs-system-25/SLAM/build/cone_a_lisa/build install --record /home/aly-sultan/Desktop/fs-system-25/SLAM/build/cone_a_lisa/install.log --single-version-externally-managed install_data
[2.194s] Level 1:colcon.colcon_core.environment:checking '/home/aly-sultan/Desktop/fs-system-25/SLAM/install/cone_a_lisa' for CMake config files
[2.195s] Level 1:colcon.colcon_core.environment:checking '/home/aly-sultan/Desktop/fs-system-25/SLAM/install/cone_a_lisa/lib'
[2.195s] Level 1:colcon.colcon_core.environment:checking '/home/aly-sultan/Desktop/fs-system-25/SLAM/install/cone_a_lisa/bin'
[2.195s] Level 1:colcon.colcon_core.environment:checking '/home/aly-sultan/Desktop/fs-system-25/SLAM/install/cone_a_lisa/lib/pkgconfig/cone_a_lisa.pc'
[2.195s] Level 1:colcon.colcon_core.environment:checking '/home/aly-sultan/Desktop/fs-system-25/SLAM/install/cone_a_lisa/lib/python3.12/site-packages'
[2.195s] Level 1:colcon.colcon_core.shell:create_environment_hook('cone_a_lisa', 'pythonpath')
[2.195s] INFO:colcon.colcon_core.shell:Creating environment hook '/home/aly-sultan/Desktop/fs-system-25/SLAM/install/cone_a_lisa/share/cone_a_lisa/hook/pythonpath.ps1'
[2.196s] INFO:colcon.colcon_core.shell:Creating environment descriptor '/home/aly-sultan/Desktop/fs-system-25/SLAM/install/cone_a_lisa/share/cone_a_lisa/hook/pythonpath.dsv'
[2.196s] INFO:colcon.colcon_core.shell:Creating environment hook '/home/aly-sultan/Desktop/fs-system-25/SLAM/install/cone_a_lisa/share/cone_a_lisa/hook/pythonpath.sh'
[2.197s] Level 1:colcon.colcon_core.environment:checking '/home/aly-sultan/Desktop/fs-system-25/SLAM/install/cone_a_lisa/bin'
[2.197s] Level 1:colcon.colcon_core.environment:create_environment_scripts_only(cone_a_lisa)
[2.197s] INFO:colcon.colcon_core.shell:Creating package script '/home/aly-sultan/Desktop/fs-system-25/SLAM/install/cone_a_lisa/share/cone_a_lisa/package.ps1'
[2.198s] INFO:colcon.colcon_core.shell:Creating package descriptor '/home/aly-sultan/Desktop/fs-system-25/SLAM/install/cone_a_lisa/share/cone_a_lisa/package.dsv'
[2.198s] INFO:colcon.colcon_core.shell:Creating package script '/home/aly-sultan/Desktop/fs-system-25/SLAM/install/cone_a_lisa/share/cone_a_lisa/package.sh'
[2.199s] INFO:colcon.colcon_core.shell:Creating package script '/home/aly-sultan/Desktop/fs-system-25/SLAM/install/cone_a_lisa/share/cone_a_lisa/package.bash'
[2.199s] INFO:colcon.colcon_core.shell:Creating package script '/home/aly-sultan/Desktop/fs-system-25/SLAM/install/cone_a_lisa/share/cone_a_lisa/package.zsh'
[2.199s] Level 1:colcon.colcon_core.environment:create_file_with_runtime_dependencies(/home/aly-sultan/Desktop/fs-system-25/SLAM/install/cone_a_lisa/share/colcon-core/packages/cone_a_lisa)
[2.199s] DEBUG:colcon.colcon_parallel_executor.executor.parallel:closing loop
[2.200s] DEBUG:colcon.colcon_parallel_executor.executor.parallel:loop closed
[2.200s] DEBUG:colcon.colcon_parallel_executor.executor.parallel:run_until_complete finished with '0'
[2.200s] DEBUG:colcon.colcon_core.event_reactor:joining thread
[2.207s] INFO:colcon.colcon_core.plugin_system:Skipping extension 'colcon_notification.desktop_notification.terminal_notifier': Not used on non-Darwin systems
[2.207s] INFO:colcon.colcon_core.plugin_system:Skipping extension 'colcon_notification.desktop_notification.win32': Not used on non-Windows systems
[2.208s] INFO:colcon.colcon_notification.desktop_notification:Sending desktop notification using 'notify2'
[2.227s] DEBUG:colcon.colcon_core.event_reactor:joined thread
[2.227s] INFO:colcon.colcon_core.shell:Creating prefix script '/home/aly-sultan/Desktop/fs-system-25/SLAM/install/local_setup.ps1'
[2.228s] INFO:colcon.colcon_core.shell:Creating prefix util module '/home/aly-sultan/Desktop/fs-system-25/SLAM/install/_local_setup_util_ps1.py'
[2.230s] INFO:colcon.colcon_core.shell:Creating prefix chain script '/home/aly-sultan/Desktop/fs-system-25/SLAM/install/setup.ps1'
[2.231s] INFO:colcon.colcon_core.shell:Creating prefix script '/home/aly-sultan/Desktop/fs-system-25/SLAM/install/local_setup.sh'
[2.232s] INFO:colcon.colcon_core.shell:Creating prefix util module '/home/aly-sultan/Desktop/fs-system-25/SLAM/install/_local_setup_util_sh.py'
[2.232s] INFO:colcon.colcon_core.shell:Creating prefix chain script '/home/aly-sultan/Desktop/fs-system-25/SLAM/install/setup.sh'
[2.233s] INFO:colcon.colcon_core.shell:Creating prefix script '/home/aly-sultan/Desktop/fs-system-25/SLAM/install/local_setup.bash'
[2.234s] INFO:colcon.colcon_core.shell:Creating prefix chain script '/home/aly-sultan/Desktop/fs-system-25/SLAM/install/setup.bash'
[2.235s] INFO:colcon.colcon_core.shell:Creating prefix script '/home/aly-sultan/Desktop/fs-system-25/SLAM/install/local_setup.zsh'
[2.235s] INFO:colcon.colcon_core.shell:Creating prefix chain script '/home/aly-sultan/Desktop/fs-system-25/SLAM/install/setup.zsh'
