running develop
running egg_info
creating perception_zed_pkg.egg-info
writing perception_zed_pkg.egg-info/PKG-INFO
writing dependency_links to perception_zed_pkg.egg-info/dependency_links.txt
writing entry points to perception_zed_pkg.egg-info/entry_points.txt
writing requirements to perception_zed_pkg.egg-info/requires.txt
writing top-level names to perception_zed_pkg.egg-info/top_level.txt
writing manifest file 'perception_zed_pkg.egg-info/SOURCES.txt'
reading manifest file 'perception_zed_pkg.egg-info/SOURCES.txt'
writing manifest file 'perception_zed_pkg.egg-info/SOURCES.txt'
running build_ext
Creating /home/ayasx9/FSAI26/perception_deep_logging/ros2_ws/install/perception_zed_pkg/lib/python3.10/site-packages/perception-zed-pkg.egg-link (link to .)
Installing conversion_node script to /home/ayasx9/FSAI26/perception_deep_logging/ros2_ws/install/perception_zed_pkg/lib/perception_zed_pkg

Installed /home/ayasx9/FSAI26/perception_deep_logging/ros2_ws/build/perception_zed_pkg
running symlink_data
creating /home/ayasx9/FSAI26/perception_deep_logging/ros2_ws/install/perception_zed_pkg/share/ament_index
creating /home/ayasx9/FSAI26/perception_deep_logging/ros2_ws/install/perception_zed_pkg/share/ament_index/resource_index
creating /home/ayasx9/FSAI26/perception_deep_logging/ros2_ws/install/perception_zed_pkg/share/ament_index/resource_index/packages
symbolically linking /home/ayasx9/FSAI26/perception_deep_logging/ros2_ws/build/perception_zed_pkg/resource/perception_zed_pkg -> /home/ayasx9/FSAI26/perception_deep_logging/ros2_ws/install/perception_zed_pkg/share/ament_index/resource_index/packages
symbolically linking /home/ayasx9/FSAI26/perception_deep_logging/ros2_ws/build/perception_zed_pkg/package.xml -> /home/ayasx9/FSAI26/perception_deep_logging/ros2_ws/install/perception_zed_pkg/share/perception_zed_pkg
creating /home/ayasx9/FSAI26/perception_deep_logging/ros2_ws/install/perception_zed_pkg/share/perception_zed_pkg/launch
symbolically linking /home/ayasx9/FSAI26/perception_deep_logging/ros2_ws/build/perception_zed_pkg/launch/perception_launch.py -> /home/ayasx9/FSAI26/perception_deep_logging/ros2_ws/install/perception_zed_pkg/share/perception_zed_pkg/launch
