-- Found ament_cmake: 2.5.4 (/opt/ros/jazzy/share/ament_cmake/cmake)
-- Found rclcpp: 28.1.12 (/opt/ros/jazzy/share/rclcpp/cmake)
-- Found rosidl_generator_c: 4.6.6 (/opt/ros/jazzy/share/rosidl_generator_c/cmake)
-- Found rosidl_generator_cpp: 4.6.6 (/opt/ros/jazzy/share/rosidl_generator_cpp/cmake)
-- Using all available rosidl_typesupport_c: rosidl_typesupport_fastrtps_c;rosidl_typesupport_introspection_c
-- Using all available rosidl_typesupport_cpp: rosidl_typesupport_fastrtps_cpp;rosidl_typesupport_introspection_cpp
-- Found rmw_implementation_cmake: 7.3.2 (/opt/ros/jazzy/share/rmw_implementation_cmake/cmake)
-- Found rmw_fastrtps_cpp: 8.4.3 (/opt/ros/jazzy/share/rmw_fastrtps_cpp/cmake)
-- Using RMW implementation 'rmw_fastrtps_cpp' as default
-- Found std_msgs: 5.3.6 (/opt/ros/jazzy/share/std_msgs/cmake)
-- Found sensor_msgs: 5.3.6 (/opt/ros/jazzy/share/sensor_msgs/cmake)
-- Found nav_msgs: 5.3.6 (/opt/ros/jazzy/share/nav_msgs/cmake)
-- Found tf2: 0.36.14 (/opt/ros/jazzy/share/tf2/cmake)
-- Found tf2_ros: 0.36.14 (/opt/ros/jazzy/share/tf2_ros/cmake)
-- Found tf2_geometry_msgs: 0.36.19 (/opt/ros/jazzy/share/tf2_geometry_msgs/cmake)
-- Found eigen3_cmake_module: 0.3.0 (/opt/ros/jazzy/share/eigen3_cmake_module/cmake)
-- Ensuring Eigen3 include directory is part of orocos-kdl CMake target
-- Found visualization_msgs: 5.3.6 (/opt/ros/jazzy/share/visualization_msgs/cmake)
-- Found pcl_conversions: 2.6.2 (/opt/ros/jazzy/share/pcl_conversions/cmake)
-- Found flann version 1.9.2
-- OpenNI found (version: 1.5.4.0, include: /usr/include/ni, lib: /usr/lib/libOpenNI.so;libusb::libusb)
-- OpenNI2 found (version: 2.2.0.33, include: /usr/include/openni2, lib: /usr/lib/x86_64-linux-gnu/libOpenNI2.so;libusb::libusb)
-- OpenNI found (version: 1.5.4.0, include: /usr/include/ni, lib: /usr/lib/libOpenNI.so;libusb::libusb)
-- OpenNI2 found (version: 2.2.0.33, include: /usr/include/openni2, lib: /usr/lib/x86_64-linux-gnu/libOpenNI2.so;libusb::libusb)
-- Found Qhull version 8.0.2
-- OpenNI found (version: 1.5.4.0, include: /usr/include/ni, lib: /usr/lib/libOpenNI.so;libusb::libusb)
-- Found cloud_msgs: 1.0.0 (/home/aly-sultan/Desktop/SLAM/install/cloud_msgs/share/cloud_msgs/cmake)
-- GTSAM include directory:  /usr/local/lib/cmake/GTSAM/../../../include
-- Found asurt_msgs: 2.0.0 (/home/aly-sultan/Desktop/SLAM/install/asurt_msgs/share/asurt_msgs/cmake)
-- Configuring done (2.6s)
-- Generating done (0.0s)
-- Build files have been written to: /home/aly-sultan/Desktop/SLAM/build/lego_loam_sr
[ 14%] [32mBuilding CXX object CMakeFiles/lego_loam_sr.dir/src/imageProjection.cpp.o[0m
[ 28%] [32mBuilding CXX object CMakeFiles/lego_loam_sr.dir/src/mapOptmization.cpp.o[0m
[ 42%] [32mBuilding CXX object CMakeFiles/lego_loam_sr.dir/src/transformFusion.cpp.o[0m
[ 71%] [32mBuilding CXX object CMakeFiles/lego_loam_sr.dir/src/StatusPublisher.cpp.o[0m
[ 71%] [32mBuilding CXX object CMakeFiles/lego_loam_sr.dir/src/featureAssociation.cpp.o[0m
[ 85%] [32mBuilding CXX object CMakeFiles/lego_loam_sr.dir/src/main.cpp.o[0m
[100%] [32m[1mLinking CXX executable lego_loam_sr[0m
[100%] Built target lego_loam_sr
-- Install configuration: ""
-- Installing: /home/aly-sultan/Desktop/SLAM/install/lego_loam_sr/lib/lego_loam_sr/lego_loam_sr
-- Set non-toolchain portion of runtime path of "/home/aly-sultan/Desktop/SLAM/install/lego_loam_sr/lib/lego_loam_sr/lego_loam_sr" to ""
-- Installing: /home/aly-sultan/Desktop/SLAM/install/lego_loam_sr/share/lego_loam_sr/config
-- Installing: /home/aly-sultan/Desktop/SLAM/install/lego_loam_sr/share/lego_loam_sr/config/loam_config.yaml
-- Installing: /home/aly-sultan/Desktop/SLAM/install/lego_loam_sr/share/lego_loam_sr/launch
-- Installing: /home/aly-sultan/Desktop/SLAM/install/lego_loam_sr/share/lego_loam_sr/launch/google-earth.png
-- Installing: /home/aly-sultan/Desktop/SLAM/install/lego_loam_sr/share/lego_loam_sr/launch/demo.gif
-- Installing: /home/aly-sultan/Desktop/SLAM/install/lego_loam_sr/share/lego_loam_sr/launch/block.png
-- Installing: /home/aly-sultan/Desktop/SLAM/install/lego_loam_sr/share/lego_loam_sr/launch/seg-total.jpg
-- Installing: /home/aly-sultan/Desktop/SLAM/install/lego_loam_sr/share/lego_loam_sr/launch/run.launch.py
-- Installing: /home/aly-sultan/Desktop/SLAM/install/lego_loam_sr/share/lego_loam_sr/launch/odometry.jpg
-- Installing: /home/aly-sultan/Desktop/SLAM/install/lego_loam_sr/share/lego_loam_sr/launch/dataset-demo.gif
-- Installing: /home/aly-sultan/Desktop/SLAM/install/lego_loam_sr/share/lego_loam_sr/rviz
-- Installing: /home/aly-sultan/Desktop/SLAM/install/lego_loam_sr/share/lego_loam_sr/rviz/test.rviz
-- Installing: /home/aly-sultan/Desktop/SLAM/install/lego_loam_sr/share/ament_index/resource_index/package_run_dependencies/lego_loam_sr
-- Installing: /home/aly-sultan/Desktop/SLAM/install/lego_loam_sr/share/ament_index/resource_index/parent_prefix_path/lego_loam_sr
-- Installing: /home/aly-sultan/Desktop/SLAM/install/lego_loam_sr/share/lego_loam_sr/environment/ament_prefix_path.sh
-- Installing: /home/aly-sultan/Desktop/SLAM/install/lego_loam_sr/share/lego_loam_sr/environment/ament_prefix_path.dsv
-- Installing: /home/aly-sultan/Desktop/SLAM/install/lego_loam_sr/share/lego_loam_sr/environment/path.sh
-- Installing: /home/aly-sultan/Desktop/SLAM/install/lego_loam_sr/share/lego_loam_sr/environment/path.dsv
-- Installing: /home/aly-sultan/Desktop/SLAM/install/lego_loam_sr/share/lego_loam_sr/local_setup.bash
-- Installing: /home/aly-sultan/Desktop/SLAM/install/lego_loam_sr/share/lego_loam_sr/local_setup.sh
-- Installing: /home/aly-sultan/Desktop/SLAM/install/lego_loam_sr/share/lego_loam_sr/local_setup.zsh
-- Installing: /home/aly-sultan/Desktop/SLAM/install/lego_loam_sr/share/lego_loam_sr/local_setup.dsv
-- Installing: /home/aly-sultan/Desktop/SLAM/install/lego_loam_sr/share/lego_loam_sr/package.dsv
-- Installing: /home/aly-sultan/Desktop/SLAM/install/lego_loam_sr/share/ament_index/resource_index/packages/lego_loam_sr
-- Installing: /home/aly-sultan/Desktop/SLAM/install/lego_loam_sr/share/lego_loam_sr/cmake/ament_cmake_export_include_directories-extras.cmake
-- Installing: /home/aly-sultan/Desktop/SLAM/install/lego_loam_sr/share/lego_loam_sr/cmake/lego_loam_srConfig.cmake
-- Installing: /home/aly-sultan/Desktop/SLAM/install/lego_loam_sr/share/lego_loam_sr/cmake/lego_loam_srConfig-version.cmake
-- Installing: /home/aly-sultan/Desktop/SLAM/install/lego_loam_sr/share/lego_loam_sr/package.xml
