[0.015s] Invoking command in '/home/aly-sultan/Desktop/SLAM/build/lego_loam_sr': AMENT_PREFIX_PATH=/home/aly-sultan/Desktop/fs-system-25/SLAM/install/cloud_msgs:/home/aly-sultan/Desktop/fs-system-25/SLAM/install/asurt_msgs:${AMENT_PREFIX_PATH} CMAKE_PREFIX_PATH=/home/aly-sultan/Desktop/SLAM/install/cloud_msgs:/home/aly-sultan/Desktop/SLAM/install/asurt_msgs:/opt/ros/jazzy/opt/gz_sim_vendor:/opt/ros/jazzy/opt/gz_sensors_vendor:/opt/ros/jazzy/opt/gz_physics_vendor:/opt/ros/jazzy/opt/sdformat_vendor:/opt/ros/jazzy/opt/gz_gui_vendor:/opt/ros/jazzy/opt/gz_transport_vendor:/opt/ros/jazzy/opt/gz_rendering_vendor:/opt/ros/jazzy/opt/gz_plugin_vendor:/opt/ros/jazzy/opt/gz_fuel_tools_vendor:/opt/ros/jazzy/opt/gz_msgs_vendor:/opt/ros/jazzy/opt/gz_common_vendor:/opt/ros/jazzy/opt/gz_math_vendor:/opt/ros/jazzy/opt/gz_utils_vendor:/opt/ros/jazzy/opt/gz_tools_vendor:/opt/ros/jazzy/opt/gz_ogre_next_vendor:/opt/ros/jazzy/opt/gz_dartsim_vendor:/opt/ros/jazzy/opt/gz_cmake_vendor:/opt/ros/jazzy DEBUGINFOD_URLS=https://debuginfod.ubuntu.com LD_LIBRARY_PATH=/home/aly-sultan/Desktop/fs-system-25/SLAM/install/cloud_msgs/lib:/home/aly-sultan/Desktop/SLAM/install/cloud_msgs/lib:/home/aly-sultan/Desktop/fs-system-25/SLAM/install/asurt_msgs/lib:/home/aly-sultan/Desktop/SLAM/install/asurt_msgs/lib:${LD_LIBRARY_PATH} PYTHONPATH=/home/aly-sultan/Desktop/fs-system-25/SLAM/install/cloud_msgs/lib/python3.12/site-packages:/home/aly-sultan/Desktop/SLAM/install/cloud_msgs/lib/python3.12/site-packages:/home/aly-sultan/Desktop/fs-system-25/SLAM/install/asurt_msgs/lib/python3.12/site-packages:/home/aly-sultan/Desktop/SLAM/install/asurt_msgs/lib/python3.12/site-packages:${PYTHONPATH} /usr/bin/cmake --build /home/aly-sultan/Desktop/SLAM/build/lego_loam_sr -- -j16 -l16
[0.043s] -- Found ament_cmake: 2.5.4 (/opt/ros/jazzy/share/ament_cmake/cmake)
[0.218s] -- Found rclcpp: 28.1.12 (/opt/ros/jazzy/share/rclcpp/cmake)
[0.239s] -- Found rosidl_generator_c: 4.6.6 (/opt/ros/jazzy/share/rosidl_generator_c/cmake)
[0.246s] -- Found rosidl_generator_cpp: 4.6.6 (/opt/ros/jazzy/share/rosidl_generator_cpp/cmake)
[0.257s] -- Using all available rosidl_typesupport_c: rosidl_typesupport_fastrtps_c;rosidl_typesupport_introspection_c
[0.267s] -- Using all available rosidl_typesupport_cpp: rosidl_typesupport_fastrtps_cpp;rosidl_typesupport_introspection_cpp
[0.312s] -- Found rmw_implementation_cmake: 7.3.2 (/opt/ros/jazzy/share/rmw_implementation_cmake/cmake)
[0.313s] -- Found rmw_fastrtps_cpp: 8.4.3 (/opt/ros/jazzy/share/rmw_fastrtps_cpp/cmake)
[0.376s] -- Using RMW implementation 'rmw_fastrtps_cpp' as default
[0.426s] -- Found std_msgs: 5.3.6 (/opt/ros/jazzy/share/std_msgs/cmake)
[0.436s] -- Found sensor_msgs: 5.3.6 (/opt/ros/jazzy/share/sensor_msgs/cmake)
[0.466s] -- Found nav_msgs: 5.3.6 (/opt/ros/jazzy/share/nav_msgs/cmake)
[0.486s] -- Found tf2: 0.36.14 (/opt/ros/jazzy/share/tf2/cmake)
[0.489s] -- Found tf2_ros: 0.36.14 (/opt/ros/jazzy/share/tf2_ros/cmake)
[0.572s] -- Found tf2_geometry_msgs: 0.36.19 (/opt/ros/jazzy/share/tf2_geometry_msgs/cmake)
[0.575s] -- Found eigen3_cmake_module: 0.3.0 (/opt/ros/jazzy/share/eigen3_cmake_module/cmake)
[0.576s] -- Ensuring Eigen3 include directory is part of orocos-kdl CMake target
[0.583s] -- Found visualization_msgs: 5.3.6 (/opt/ros/jazzy/share/visualization_msgs/cmake)
[0.617s] -- Found pcl_conversions: 2.6.2 (/opt/ros/jazzy/share/pcl_conversions/cmake)
[0.660s] [33mCMake Warning (dev) at /usr/lib/x86_64-linux-gnu/cmake/pcl/Modules/FindFLANN.cmake:45 (find_package):
[0.660s]   Policy CMP0144 is not set: find_package uses upper-case <PACKAGENAME>_ROOT
[0.660s]   variables.  Run "cmake --help-policy CMP0144" for policy details.  Use the
[0.660s]   cmake_policy command to set the policy and suppress this warning.
[0.660s] 
[0.660s]   CMake variable FLANN_ROOT is set to:
[0.660s] 
[0.661s]     /usr
[0.661s] 
[0.661s]   For compatibility, find_package is ignoring the variable, but code in a
[0.661s]   .cmake module might still use it.
[0.661s] Call Stack (most recent call first):
[0.661s]   /usr/lib/x86_64-linux-gnu/cmake/pcl/PCLConfig.cmake:261 (find_package)
[0.661s]   /usr/lib/x86_64-linux-gnu/cmake/pcl/PCLConfig.cmake:306 (find_flann)
[0.661s]   /usr/lib/x86_64-linux-gnu/cmake/pcl/PCLConfig.cmake:570 (find_external_library)
[0.661s]   /opt/ros/jazzy/share/pcl_conversions/cmake/ament_cmake_export_dependencies-extras.cmake:21 (find_package)
[0.661s]   /opt/ros/jazzy/share/pcl_conversions/cmake/pcl_conversionsConfig.cmake:41 (include)
[0.661s]   CMakeLists.txt:24 (find_package)
[0.662s] This warning is for project developers.  Use -Wno-dev to suppress it.
[0.662s] [0m
[0.662s] -- Found flann version 1.9.2
[1.042s] -- OpenNI found (version: 1.5.4.0, include: /usr/include/ni, lib: /usr/lib/libOpenNI.so;libusb::libusb)
[1.049s] -- OpenNI2 found (version: 2.2.0.33, include: /usr/include/openni2, lib: /usr/lib/x86_64-linux-gnu/libOpenNI2.so;libusb::libusb)
[1.435s] -- OpenNI found (version: 1.5.4.0, include: /usr/include/ni, lib: /usr/lib/libOpenNI.so;libusb::libusb)
[1.441s] -- OpenNI2 found (version: 2.2.0.33, include: /usr/include/openni2, lib: /usr/lib/x86_64-linux-gnu/libOpenNI2.so;libusb::libusb)
[1.793s] -- Found Qhull version 8.0.2
[2.153s] -- OpenNI found (version: 1.5.4.0, include: /usr/include/ni, lib: /usr/lib/libOpenNI.so;libusb::libusb)
[2.507s] -- Found cloud_msgs: 1.0.0 (/home/aly-sultan/Desktop/SLAM/install/cloud_msgs/share/cloud_msgs/cmake)
[2.519s] [33mCMake Warning (dev) at CMakeLists.txt:28 (find_package):
[2.519s]   Policy CMP0074 is not set: find_package uses <PackageName>_ROOT variables.
[2.519s]   Run "cmake --help-policy CMP0074" for policy details.  Use the cmake_policy
[2.519s]   command to set the policy and suppress this warning.
[2.519s] 
[2.519s]   CMake variable PCL_ROOT is set to:
[2.520s] 
[2.520s]     /usr
[2.520s] 
[2.520s]   For compatibility, CMake is ignoring the variable.
[2.520s] This warning is for project developers.  Use -Wno-dev to suppress it.
[2.520s] [0m
[2.543s] -- GTSAM include directory:  /usr/local/lib/cmake/GTSAM/../../../include
[2.548s] -- Found asurt_msgs: 2.0.0 (/home/aly-sultan/Desktop/SLAM/install/asurt_msgs/share/asurt_msgs/cmake)
[2.650s] -- Configuring done (2.6s)
[2.691s] -- Generating done (0.0s)
[2.697s] -- Build files have been written to: /home/aly-sultan/Desktop/SLAM/build/lego_loam_sr
[2.776s] [ 14%] [32mBuilding CXX object CMakeFiles/lego_loam_sr.dir/src/imageProjection.cpp.o[0m
[2.782s] [ 28%] [32mBuilding CXX object CMakeFiles/lego_loam_sr.dir/src/mapOptmization.cpp.o[0m
[2.784s] [ 42%] [32mBuilding CXX object CMakeFiles/lego_loam_sr.dir/src/transformFusion.cpp.o[0m
[2.785s] [ 71%] [32mBuilding CXX object CMakeFiles/lego_loam_sr.dir/src/StatusPublisher.cpp.o[0m
[2.785s] [ 71%] [32mBuilding CXX object CMakeFiles/lego_loam_sr.dir/src/featureAssociation.cpp.o[0m
[2.788s] [ 85%] [32mBuilding CXX object CMakeFiles/lego_loam_sr.dir/src/main.cpp.o[0m
[7.593s] [01m[K/home/aly-sultan/Desktop/SLAM/LeGO-LOAM/src/featureAssociation.cpp:[m[K In destructor ‘[01m[Kvirtual FeatureAssociation::[01;32m[K~FeatureAssociation[m[K()[m[K’:
[7.593s] [01m[K/home/aly-sultan/Desktop/SLAM/LeGO-LOAM/src/featureAssociation.cpp:195:22:[m[K [01;35m[Kwarning: [m[Kconverting to ‘[01m[Kcloud_msgs::msg::CloudInfo[m[K’ {aka ‘[01m[Kcloud_msgs::msg::CloudInfo_<std::allocator<void> >[m[K’} from initializer list would use explicit constructor ‘[01m[Kcloud_msgs::msg::CloudInfo_<ContainerAllocator>::[01;32m[KCloudInfo_[m[K(rosidl_runtime_cpp::MessageInitialization) [35m[K[with ContainerAllocator = std::allocator<void>][m[K[m[K’
[7.593s]   195 |   [01;35m[K_input_channel.send({})[m[K;
[7.593s]       |   [01;35m[K~~~~~~~~~~~~~~~~~~~^~~~[m[K
[7.593s] [01m[K/home/aly-sultan/Desktop/SLAM/LeGO-LOAM/src/featureAssociation.cpp:195:22:[m[K [01;36m[Knote: [m[Kin C++11 and above a default constructor can be explicit
[9.778s] [01m[K/home/aly-sultan/Desktop/SLAM/LeGO-LOAM/src/mapOptmization.cpp:[m[K In destructor ‘[01m[Kvirtual MapOptimization::[01;32m[K~MapOptimization[m[K()[m[K’:
[9.778s] [01m[K/home/aly-sultan/Desktop/SLAM/LeGO-LOAM/src/mapOptmization.cpp:259:22:[m[K [01;35m[Kwarning: [m[Kconverting to ‘[01m[Knav_msgs::msg::Odometry[m[K’ {aka ‘[01m[Knav_msgs::msg::Odometry_<std::allocator<void> >[m[K’} from initializer list would use explicit constructor ‘[01m[Knav_msgs::msg::Odometry_<ContainerAllocator>::[01;32m[KOdometry_[m[K(rosidl_runtime_cpp::MessageInitialization) [35m[K[with ContainerAllocator = std::allocator<void>][m[K[m[K’
[9.778s]   259 |   [01;35m[K_input_channel.send({})[m[K;
[9.778s]       |   [01;35m[K~~~~~~~~~~~~~~~~~~~^~~~[m[K
[9.778s] [01m[K/home/aly-sultan/Desktop/SLAM/LeGO-LOAM/src/mapOptmization.cpp:259:22:[m[K [01;36m[Knote: [m[Kin C++11 and above a default constructor can be explicit
[10.240s] [01m[K/home/aly-sultan/Desktop/SLAM/LeGO-LOAM/src/imageProjection.cpp:[m[K In member function ‘[01m[Kvoid ImageProjection::[01;32m[KcloudSegmentation[m[K()[m[K’:
[10.240s] [01m[K/home/aly-sultan/Desktop/SLAM/LeGO-LOAM/src/imageProjection.cpp:744:11:[m[K [01;35m[Kwarning: [m[Kunused variable ‘[01m[Kstd_r[m[K’ [[01;35m[K]8;;https://gcc.gnu.org/onlinedocs/gcc/Warning-Options.html#index-Wunused-variable-Wunused-variable]8;;[m[K]
[10.240s]   744 |     float [01;35m[Kstd_r[m[K  = std::sqrt(std::max(0.0f, var_r));
[10.240s]       |           [01;35m[K^~~~~[m[K
[29.247s] In file included from [01m[K/usr/include/eigen3/Eigen/Core:253[m[K,
[29.248s]                  from [01m[K/usr/include/eigen3/Eigen/StdVector:14[m[K,
[29.248s]                  from [01m[K/usr/include/pcl-1.14/pcl/point_cloud.h:45[m[K,
[29.248s]                  from [01m[K/home/aly-sultan/Desktop/SLAM/LeGO-LOAM/include/lego_loam/utility.h:14[m[K,
[29.248s]                  from [01m[K/home/aly-sultan/Desktop/SLAM/LeGO-LOAM/src/featureAssociation.h:4[m[K,
[29.248s]                  from [01m[K/home/aly-sultan/Desktop/SLAM/LeGO-LOAM/src/featureAssociation.cpp:37[m[K:
[29.248s] In member function ‘[01m[KEigen::internal::scalar_product_op<LhsScalar, RhsScalar>::result_type Eigen::internal::scalar_product_op<LhsScalar, RhsScalar>::[01;32m[Koperator()[m[K(const LhsScalar&, const RhsScalar&) const [35m[K[with LhsScalar = float; RhsScalar = float][m[K[m[K’,
[29.248s]     inlined from ‘[01m[KEigen::internal::binary_evaluator<Eigen::CwiseBinaryOp<BinaryOp, Lhs, Rhs>, Eigen::internal::IndexBased, Eigen::internal::IndexBased>::CoeffReturnType Eigen::internal::binary_evaluator<Eigen::CwiseBinaryOp<BinaryOp, Lhs, Rhs>, Eigen::internal::IndexBased, Eigen::internal::IndexBased>::[01;32m[Kcoeff[m[K(Eigen::Index, Eigen::Index) const [35m[K[with BinaryOp = Eigen::internal::scalar_product_op<float, float>; Lhs = const Eigen::Transpose<const Eigen::Block<const Eigen::Matrix<float, 3, 3>, 1, 3, false> >; Rhs = const Eigen::Block<const Eigen::Matrix<float, 3, 1>, 3, 1, true>][m[K[m[K’ at [01m[K/usr/include/eigen3/Eigen/src/Core/CoreEvaluators.h:769:22[m[K,
[29.248s]     inlined from ‘[01m[KEigen::internal::redux_evaluator<_XprType>::CoeffReturnType Eigen::internal::redux_evaluator<_XprType>::[01;32m[KcoeffByOuterInner[m[K(Eigen::Index, Eigen::Index) const [35m[K[with _XprType = Eigen::CwiseBinaryOp<Eigen::internal::scalar_product_op<float, float>, const Eigen::Transpose<const Eigen::Block<const Eigen::Matrix<float, 3, 3>, 1, 3, false> >, const Eigen::Block<const Eigen::Matrix<float, 3, 1>, 3, 1, true> >][m[K[m[K’ at [01m[K/usr/include/eigen3/Eigen/src/Core/Redux.h:381:23[m[K,
[29.248s]     inlined from ‘[01m[Kstatic Eigen::internal::redux_novec_unroller<Func, Evaluator, Start, 1>::Scalar Eigen::internal::redux_novec_unroller<Func, Evaluator, Start, 1>::[01;32m[Krun[m[K(const Evaluator&, const Func&) [35m[K[with Func = Eigen::internal::scalar_sum_op<float, float>; Evaluator = Eigen::internal::redux_evaluator<Eigen::CwiseBinaryOp<Eigen::internal::scalar_product_op<float, float>, const Eigen::Transpose<const Eigen::Block<const Eigen::Matrix<float, 3, 3>, 1, 3, false> >, const Eigen::Block<const Eigen::Matrix<float, 3, 1>, 3, 1, true> > >; int Start = 2][m[K[m[K’ at [01m[K/usr/include/eigen3/Eigen/src/Core/Redux.h:128:34[m[K,
[29.248s]     inlined from ‘[01m[Kstatic Eigen::internal::redux_novec_unroller<Func, Evaluator, Start, Length>::Scalar Eigen::internal::redux_novec_unroller<Func, Evaluator, Start, Length>::[01;32m[Krun[m[K(const Evaluator&, const Func&) [35m[K[with Func = Eigen::internal::scalar_sum_op<float, float>; Evaluator = Eigen::internal::redux_evaluator<Eigen::CwiseBinaryOp<Eigen::internal::scalar_product_op<float, float>, const Eigen::Transpose<const Eigen::Block<const Eigen::Matrix<float, 3, 3>, 1, 3, false> >, const Eigen::Block<const Eigen::Matrix<float, 3, 1>, 3, 1, true> > >; int Start = 1; int Length = 2][m[K[m[K’ at [01m[K/usr/include/eigen3/Eigen/src/Core/Redux.h:111:96[m[K,
[29.248s]     inlined from ‘[01m[Kstatic Eigen::internal::redux_novec_unroller<Func, Evaluator, Start, Length>::Scalar Eigen::internal::redux_novec_unroller<Func, Evaluator, Start, Length>::[01;32m[Krun[m[K(const Evaluator&, const Func&) [35m[K[with Func = Eigen::internal::scalar_sum_op<float, float>; Evaluator = Eigen::internal::redux_evaluator<Eigen::CwiseBinaryOp<Eigen::internal::scalar_product_op<float, float>, const Eigen::Transpose<const Eigen::Block<const Eigen::Matrix<float, 3, 3>, 1, 3, false> >, const Eigen::Block<const Eigen::Matrix<float, 3, 1>, 3, 1, true> > >; int Start = 0; int Length = 3][m[K[m[K’ at [01m[K/usr/include/eigen3/Eigen/src/Core/Redux.h:111:96[m[K,
[29.248s]     inlined from ‘[01m[Kstatic Eigen::internal::redux_impl<Func, Evaluator, 0, 2>::Scalar Eigen::internal::redux_impl<Func, Evaluator, 0, 2>::[01;32m[Krun[m[K(const Evaluator&, const Func&, const XprType&) [35m[K[with XprType = Eigen::CwiseBinaryOp<Eigen::internal::scalar_product_op<float, float>, const Eigen::Transpose<const Eigen::Block<const Eigen::Matrix<float, 3, 3>, 1, 3, false> >, const Eigen::Block<const Eigen::Matrix<float, 3, 1>, 3, 1, true> >; Func = Eigen::internal::scalar_sum_op<float, float>; Evaluator = Eigen::internal::redux_evaluator<Eigen::CwiseBinaryOp<Eigen::internal::scalar_product_op<float, float>, const Eigen::Transpose<const Eigen::Block<const Eigen::Matrix<float, 3, 3>, 1, 3, false> >, const Eigen::Block<const Eigen::Matrix<float, 3, 1>, 3, 1, true> > >][m[K[m[K’ at [01m[K/usr/include/eigen3/Eigen/src/Core/Redux.h:222:21[m[K,
[29.248s]     inlined from ‘[01m[Ktypename Eigen::internal::traits<T>::Scalar Eigen::DenseBase<Derived>::[01;32m[Kredux[m[K(const Func&) const [35m[K[with BinaryOp = Eigen::internal::scalar_sum_op<float, float>; Derived = Eigen::CwiseBinaryOp<Eigen::internal::scalar_product_op<float, float>, const Eigen::Transpose<const Eigen::Block<const Eigen::Matrix<float, 3, 3>, 1, 3, false> >, const Eigen::Block<const Eigen::Matrix<float, 3, 1>, 3, 1, true> >][m[K[m[K’ at [01m[K/usr/include/eigen3/Eigen/src/Core/Redux.h:418:56[m[K,
[29.249s]     inlined from ‘[01m[Ktypename Eigen::internal::traits<T>::Scalar Eigen::DenseBase<Derived>::[01;32m[Ksum[m[K() const [35m[K[with Derived = Eigen::CwiseBinaryOp<Eigen::internal::scalar_product_op<float, float>, const Eigen::Transpose<const Eigen::Block<const Eigen::Matrix<float, 3, 3>, 1, 3, false> >, const Eigen::Block<const Eigen::Matrix<float, 3, 1>, 3, 1, true> >][m[K[m[K’ at [01m[K/usr/include/eigen3/Eigen/src/Core/Redux.h:463:25[m[K,
[29.249s]     inlined from ‘[01m[Kconst Eigen::internal::product_evaluator<Eigen::Product<Lhs, Rhs, 1>, ProductTag, Eigen::DenseShape, Eigen::DenseShape>::CoeffReturnType Eigen::internal::product_evaluator<Eigen::Product<Lhs, Rhs, 1>, ProductTag, Eigen::DenseShape, Eigen::DenseShape>::[01;32m[Kcoeff[m[K(Eigen::Index, Eigen::Index) const [35m[K[with Lhs = Eigen::Matrix<float, 3, 3>; Rhs = Eigen::Matrix<float, 3, 1>; int ProductTag = 3][m[K[m[K’ at [01m[K/usr/include/eigen3/Eigen/src/Core/ProductEvaluators.h:606:75[m[K,
[29.249s]     inlined from ‘[01m[Kvoid Eigen::internal::generic_dense_assignment_kernel<DstEvaluatorTypeT, SrcEvaluatorTypeT, Functor, Version>::[01;32m[KassignCoeff[m[K(Eigen::Index, Eigen::Index) [35m[K[with DstEvaluatorTypeT = Eigen::internal::evaluator<Eigen::Matrix<float, 3, 1> >; SrcEvaluatorTypeT = Eigen::internal::evaluator<Eigen::Product<Eigen::Matrix<float, 3, 3>, Eigen::Matrix<float, 3, 1>, 1> >; Functor = Eigen::internal::assign_op<float, float>; int Version = 0][m[K[m[K’ at [01m[K/usr/include/eigen3/Eigen/src/Core/AssignEvaluator.h:654:63[m[K,
[29.249s]     inlined from ‘[01m[Kvoid Eigen::internal::generic_dense_assignment_kernel<DstEvaluatorTypeT, SrcEvaluatorTypeT, Functor, Version>::[01;32m[KassignCoeffByOuterInner[m[K(Eigen::Index, Eigen::Index) [35m[K[with DstEvaluatorTypeT = Eigen::internal::evaluator<Eigen::Matrix<float, 3, 1> >; SrcEvaluatorTypeT = Eigen::internal::evaluator<Eigen::Product<Eigen::Matrix<float, 3, 3>, Eigen::Matrix<float, 3, 1>, 1> >; Functor = Eigen::internal::assign_op<float, float>; int Version = 0][m[K[m[K’ at [01m[K/usr/include/eigen3/Eigen/src/Core/AssignEvaluator.h:668:16[m[K,
[29.249s]     inlined from ‘[01m[Kstatic void Eigen::internal::copy_using_evaluator_DefaultTraversal_CompleteUnrolling<Kernel, Index, Stop>::[01;32m[Krun[m[K(Kernel&) [35m[K[with Kernel = Eigen::internal::generic_dense_assignment_kernel<Eigen::internal::evaluator<Eigen::Matrix<float, 3, 1> >, Eigen::internal::evaluator<Eigen::Product<Eigen::Matrix<float, 3, 3>, Eigen::Matrix<float, 3, 1>, 1> >, Eigen::internal::assign_op<float, float>, 0>; int Index = 2; int Stop = 3][m[K[m[K’ at [01m[K/usr/include/eigen3/Eigen/src/Core/AssignEvaluator.h:211:35[m[K,
[29.249s]     inlined from ‘[01m[Kstatic void Eigen::internal::copy_using_evaluator_DefaultTraversal_CompleteUnrolling<Kernel, Index, Stop>::[01;32m[Krun[m[K(Kernel&) [35m[K[with Kernel = Eigen::internal::generic_dense_assignment_kernel<Eigen::internal::evaluator<Eigen::Matrix<float, 3, 1> >, Eigen::internal::evaluator<Eigen::Product<Eigen::Matrix<float, 3, 3>, Eigen::Matrix<float, 3, 1>, 1> >, Eigen::internal::assign_op<float, float>, 0>; int Index = 1; int Stop = 3][m[K[m[K’ at [01m[K/usr/include/eigen3/Eigen/src/Core/AssignEvaluator.h:212:88[m[K,
[29.249s]     inlined from ‘[01m[Kstatic void Eigen::internal::copy_using_evaluator_DefaultTraversal_CompleteUnrolling<Kernel, Index, Stop>::[01;32m[Krun[m[K(Kernel&) [35m[K[with Kernel = Eigen::internal::generic_dense_assignment_kernel<Eigen::internal::evaluator<Eigen::Matrix<float, 3, 1> >, Eigen::internal::evaluator<Eigen::Product<Eigen::Matrix<float, 3, 3>, Eigen::Matrix<float, 3, 1>, 1> >, Eigen::internal::assign_op<float, float>, 0>; int Index = 0; int Stop = 3][m[K[m[K’ at [01m[K/usr/include/eigen3/Eigen/src/Core/AssignEvaluator.h:212:88[m[K,
[29.249s]     inlined from ‘[01m[Kstatic void Eigen::internal::dense_assignment_loop<Kernel, 3, 2>::[01;32m[Krun[m[K(Kernel&) [35m[K[with Kernel = Eigen::internal::generic_dense_assignment_kernel<Eigen::internal::evaluator<Eigen::Matrix<float, 3, 1> >, Eigen::internal::evaluator<Eigen::Product<Eigen::Matrix<float, 3, 3>, Eigen::Matrix<float, 3, 1>, 1> >, Eigen::internal::assign_op<float, float>, 0>][m[K[m[K’ at [01m[K/usr/include/eigen3/Eigen/src/Core/AssignEvaluator.h:456:92[m[K,
[29.249s]     inlined from ‘[01m[Kvoid Eigen::internal::[01;32m[Kcall_dense_assignment_loop[m[K(DstXprType&, const SrcXprType&, const Functor&) [35m[K[with DstXprType = Eigen::Matrix<float, 3, 1>; SrcXprType = Eigen::Product<Eigen::Matrix<float, 3, 3>, Eigen::Matrix<float, 3, 1>, 1>; Functor = assign_op<float, float>][m[K[m[K’ at [01m[K/usr/include/eigen3/Eigen/src/Core/AssignEvaluator.h:785:37[m[K,
[29.249s]     inlined from ‘[01m[Kstatic void Eigen::internal::Assignment<DstXprType, SrcXprType, Functor, Eigen::internal::Dense2Dense, Weak>::[01;32m[Krun[m[K(DstXprType&, const SrcXprType&, const Functor&) [35m[K[with DstXprType = Eigen::Matrix<float, 3, 1>; SrcXprType = Eigen::Product<Eigen::Matrix<float, 3, 3>, Eigen::Matrix<float, 3, 1>, 1>; Functor = Eigen::internal::assign_op<float, float>; Weak = void][m[K[m[K’ at [01m[K/usr/include/eigen3/Eigen/src/Core/AssignEvaluator.h:954:31[m[K,
[29.249s]     inlined from ‘[01m[Kvoid Eigen::internal::[01;32m[Kcall_assignment_no_alias[m[K(Dst&, const Src&, const Func&) [35m[K[with Dst = Eigen::Matrix<float, 3, 1>; Src = Eigen::Product<Eigen::Matrix<float, 3, 3>, Eigen::Matrix<float, 3, 1>, 1>; Func = assign_op<float, float>][m[K[m[K’ at [01m[K/usr/include/eigen3/Eigen/src/Core/AssignEvaluator.h:890:49[m[K,
[29.249s]     inlined from ‘[01m[Kstatic void Eigen::internal::generic_product_impl<Lhs, Rhs, Eigen::DenseShape, Eigen::DenseShape, 3>::[01;32m[KevalTo[m[K(Dst&, const Lhs&, const Rhs&) [35m[K[with Dst = Eigen::Matrix<float, 3, 1>; Lhs = Eigen::Matrix<float, 3, 3>; Rhs = Eigen::Matrix<float, 3, 1>][m[K[m[K’ at [01m[K/usr/include/eigen3/Eigen/src/Core/ProductEvaluators.h:402:29[m[K,
[29.249s]     inlined from ‘[01m[Kstatic void Eigen::internal::Assignment<DstXprType, Eigen::Product<Lhs, Rhs, Options>, Eigen::internal::assign_op<Scalar, Scalar>, Eigen::internal::Dense2Dense, typename Eigen::internal::enable_if<((Options == Eigen::DefaultProduct) || (Options == Eigen::AliasFreeProduct))>::type>::[01;32m[Krun[m[K(DstXprType&, const SrcXprType&, const Eigen::internal::assign_op<Scalar, Scalar>&) [35m[K[with DstXprType = Eigen::Matrix<float, 3, 1>; Lhs = Eigen::Matrix<float, 3, 3>; Rhs = Eigen::Matrix<float, 3, 1>; int Options = 0; Scalar = float][m[K[m[K’ at [01m[K/usr/include/eigen3/Eigen/src/Core/ProductEvaluators.h:148:43[m[K,
[29.249s]     inlined from ‘[01m[Kvoid Eigen::internal::[01;32m[Kcall_assignment_no_alias[m[K(Dst&, const Src&, const Func&) [35m[K[with Dst = Eigen::Matrix<float, 3, 1>; Src = Eigen::Product<Eigen::Matrix<float, 3, 3>, Eigen::Matrix<float, 3, 1>, 0>; Func = assign_op<float, float>][m[K[m[K’ at [01m[K/usr/include/eigen3/Eigen/src/Core/AssignEvaluator.h:890:49[m[K,
[29.249s]     inlined from ‘[01m[KDerived& Eigen::PlainObjectBase<Derived>::[01;32m[K_set_noalias[m[K(const Eigen::DenseBase<OtherDerived>&) [35m[K[with OtherDerived = Eigen::Product<Eigen::Matrix<float, 3, 3>, Eigen::Matrix<float, 3, 1>, 0>; Derived = Eigen::Matrix<float, 3, 1>][m[K[m[K’ at [01m[K/usr/include/eigen3/Eigen/src/Core/PlainObjectBase.h:797:41[m[K,
[29.249s]     inlined from ‘[01m[Kvoid Eigen::PlainObjectBase<Derived>::[01;32m[K_init1[m[K(const Eigen::DenseBase<ElseDerived>&) [35m[K[with T = Eigen::Product<Eigen::Matrix<float, 3, 3>, Eigen::Matrix<float, 3, 1>, 0>; OtherDerived = Eigen::Product<Eigen::Matrix<float, 3, 3>, Eigen::Matrix<float, 3, 1>, 0>; Derived = Eigen::Matrix<float, 3, 1>][m[K[m[K’ at [01m[K/usr/include/eigen3/Eigen/src/Core/PlainObjectBase.h:883:25[m[K,
[29.249s]     inlined from ‘[01m[KEigen::Matrix<_Scalar, _Rows, _Cols, _Options, _MaxRows, _MaxCols>::[01;32m[KMatrix[m[K(const T&) [35m[K[with T = Eigen::Product<Eigen::Matrix<float, 3, 3>, Eigen::Matrix<float, 3, 1>, 0>; _Scalar = float; int _Rows = 3; int _Cols = 1; int _Options = 0; int _MaxRows = 3; int _MaxCols = 1][m[K[m[K’ at [01m[K/usr/include/eigen3/Eigen/src/Core/Matrix.h:332:31[m[K,
[29.249s]     inlined from ‘[01m[Kvoid Eigen::internal::[01;32m[Kcall_assignment[m[K(Dst&, const Src&, const Func&, typename enable_if<evaluator_assume_aliasing<Src>::value, void*>::type) [35m[K[with Dst = Eigen::Matrix<float, 3, 1>; Src = Eigen::Product<Eigen::Matrix<float, 3, 3>, Eigen::Matrix<float, 3, 1>, 0>; Func = assign_op<float, float>][m[K[m[K’ at [01m[K/usr/include/eigen3/Eigen/src/Core/AssignEvaluator.h:850:41[m[K,
[29.249s]     inlined from ‘[01m[Kvoid Eigen::internal::[01;32m[Kcall_assignment[m[K(Dst&, const Src&) [35m[K[with Dst = Eigen::Matrix<float, 3, 1>; Src = Eigen::Product<Eigen::Matrix<float, 3, 3>, Eigen::Matrix<float, 3, 1>, 0>][m[K[m[K’ at [01m[K/usr/include/eigen3/Eigen/src/Core/AssignEvaluator.h:836:18[m[K,
[29.249s]     inlined from ‘[01m[KDerived& Eigen::PlainObjectBase<Derived>::[01;32m[K_set[m[K(const Eigen::DenseBase<OtherDerived>&) [35m[K[with OtherDerived = Eigen::Product<Eigen::Matrix<float, 3, 3>, Eigen::Matrix<float, 3, 1>, 0>; Derived = Eigen::Matrix<float, 3, 1>][m[K[m[K’ at [01m[K/usr/include/eigen3/Eigen/src/Core/PlainObjectBase.h:779:32[m[K,
[29.249s]     inlined from ‘[01m[KEigen::Matrix<_Scalar, _Rows, _Cols, _Options, _MaxRows, _MaxCols>& Eigen::Matrix<_Scalar, _Rows, _Cols, _Options, _MaxRows, _MaxCols>::[01;32m[Koperator=[m[K(const Eigen::DenseBase<OtherDerived>&) [35m[K[with OtherDerived = Eigen::Product<Eigen::Matrix<float, 3, 3>, Eigen::Matrix<float, 3, 1>, 0>; _Scalar = float; int _Rows = 3; int _Cols = 1; int _Options = 0; int _MaxRows = 3; int _MaxCols = 1][m[K[m[K’ at [01m[K/usr/include/eigen3/Eigen/src/Core/Matrix.h:225:24[m[K,
[29.249s]     inlined from ‘[01m[Kbool FeatureAssociation::[01;32m[KcalculateTransformationSurf[m[K(int)[m[K’ at [01m[K/home/aly-sultan/Desktop/SLAM/LeGO-LOAM/src/featureAssociation.cpp:1270:19[m[K:
[29.249s] [01m[K/usr/include/eigen3/Eigen/src/Core/functors/BinaryFunctors.h:80:124:[m[K [01;35m[Kwarning: [m[K‘[01m[KmatP.Eigen::Matrix<float, 3, 3, 0, 3, 3>::<unnamed>.Eigen::PlainObjectBase<Eigen::Matrix<float, 3, 3, 0, 3, 3> >::m_storage.Eigen::DenseStorage<float, 9, 3, 3, 0>::m_data.Eigen::internal::plain_array<float, 9, 0, 0>::array[8][m[K’ may be used uninitialized [[01;35m[K]8;;https://gcc.gnu.org/onlinedocs/gcc/Warning-Options.html#index-Wmaybe-uninitialized-Wmaybe-uninitialized]8;;[m[K]
[29.249s]    80 |   EIGEN_DEVICE_FUNC EIGEN_STRONG_INLINE result_type operator() (const LhsScalar& a, const RhsScalar& b) const { return a * [01;35m[Kb[m[K; }
[29.249s]       |                                                                                                                            [01;35m[K^[m[K
[29.250s] [01m[K/home/aly-sultan/Desktop/SLAM/LeGO-LOAM/src/featureAssociation.cpp:[m[K In member function ‘[01m[Kbool FeatureAssociation::[01;32m[KcalculateTransformationSurf[m[K(int)[m[K’:
[29.250s] [01m[K/home/aly-sultan/Desktop/SLAM/LeGO-LOAM/src/featureAssociation.cpp:1175:28:[m[K [01;36m[Knote: [m[K‘[01m[KmatP.Eigen::Matrix<float, 3, 3, 0, 3, 3>::<unnamed>.Eigen::PlainObjectBase<Eigen::Matrix<float, 3, 3, 0, 3, 3> >::m_storage.Eigen::DenseStorage<float, 9, 3, 3, 0>::m_data.Eigen::internal::plain_array<float, 9, 0, 0>::array[8][m[K’ was declared here
[29.250s]  1175 |   Eigen::Matrix<float,3,3> [01;36m[KmatP[m[K;
[29.250s]       |                            [01;36m[K^~~~[m[K
[29.347s] In member function ‘[01m[KEigen::internal::scalar_product_op<LhsScalar, RhsScalar>::result_type Eigen::internal::scalar_product_op<LhsScalar, RhsScalar>::[01;32m[Koperator()[m[K(const LhsScalar&, const RhsScalar&) const [35m[K[with LhsScalar = float; RhsScalar = float][m[K[m[K’,
[29.347s]     inlined from ‘[01m[KEigen::internal::binary_evaluator<Eigen::CwiseBinaryOp<BinaryOp, Lhs, Rhs>, Eigen::internal::IndexBased, Eigen::internal::IndexBased>::CoeffReturnType Eigen::internal::binary_evaluator<Eigen::CwiseBinaryOp<BinaryOp, Lhs, Rhs>, Eigen::internal::IndexBased, Eigen::internal::IndexBased>::[01;32m[Kcoeff[m[K(Eigen::Index, Eigen::Index) const [35m[K[with BinaryOp = Eigen::internal::scalar_product_op<float, float>; Lhs = const Eigen::Transpose<const Eigen::Block<const Eigen::Matrix<float, 3, 3>, 1, 3, false> >; Rhs = const Eigen::Block<const Eigen::Matrix<float, 3, 1>, 3, 1, true>][m[K[m[K’ at [01m[K/usr/include/eigen3/Eigen/src/Core/CoreEvaluators.h:769:22[m[K,
[29.347s]     inlined from ‘[01m[KEigen::internal::redux_evaluator<_XprType>::CoeffReturnType Eigen::internal::redux_evaluator<_XprType>::[01;32m[KcoeffByOuterInner[m[K(Eigen::Index, Eigen::Index) const [35m[K[with _XprType = Eigen::CwiseBinaryOp<Eigen::internal::scalar_product_op<float, float>, const Eigen::Transpose<const Eigen::Block<const Eigen::Matrix<float, 3, 3>, 1, 3, false> >, const Eigen::Block<const Eigen::Matrix<float, 3, 1>, 3, 1, true> >][m[K[m[K’ at [01m[K/usr/include/eigen3/Eigen/src/Core/Redux.h:381:23[m[K,
[29.347s]     inlined from ‘[01m[Kstatic Eigen::internal::redux_novec_unroller<Func, Evaluator, Start, 1>::Scalar Eigen::internal::redux_novec_unroller<Func, Evaluator, Start, 1>::[01;32m[Krun[m[K(const Evaluator&, const Func&) [35m[K[with Func = Eigen::internal::scalar_sum_op<float, float>; Evaluator = Eigen::internal::redux_evaluator<Eigen::CwiseBinaryOp<Eigen::internal::scalar_product_op<float, float>, const Eigen::Transpose<const Eigen::Block<const Eigen::Matrix<float, 3, 3>, 1, 3, false> >, const Eigen::Block<const Eigen::Matrix<float, 3, 1>, 3, 1, true> > >; int Start = 2][m[K[m[K’ at [01m[K/usr/include/eigen3/Eigen/src/Core/Redux.h:128:34[m[K,
[29.348s]     inlined from ‘[01m[Kstatic Eigen::internal::redux_novec_unroller<Func, Evaluator, Start, Length>::Scalar Eigen::internal::redux_novec_unroller<Func, Evaluator, Start, Length>::[01;32m[Krun[m[K(const Evaluator&, const Func&) [35m[K[with Func = Eigen::internal::scalar_sum_op<float, float>; Evaluator = Eigen::internal::redux_evaluator<Eigen::CwiseBinaryOp<Eigen::internal::scalar_product_op<float, float>, const Eigen::Transpose<const Eigen::Block<const Eigen::Matrix<float, 3, 3>, 1, 3, false> >, const Eigen::Block<const Eigen::Matrix<float, 3, 1>, 3, 1, true> > >; int Start = 1; int Length = 2][m[K[m[K’ at [01m[K/usr/include/eigen3/Eigen/src/Core/Redux.h:111:96[m[K,
[29.348s]     inlined from ‘[01m[Kstatic Eigen::internal::redux_novec_unroller<Func, Evaluator, Start, Length>::Scalar Eigen::internal::redux_novec_unroller<Func, Evaluator, Start, Length>::[01;32m[Krun[m[K(const Evaluator&, const Func&) [35m[K[with Func = Eigen::internal::scalar_sum_op<float, float>; Evaluator = Eigen::internal::redux_evaluator<Eigen::CwiseBinaryOp<Eigen::internal::scalar_product_op<float, float>, const Eigen::Transpose<const Eigen::Block<const Eigen::Matrix<float, 3, 3>, 1, 3, false> >, const Eigen::Block<const Eigen::Matrix<float, 3, 1>, 3, 1, true> > >; int Start = 0; int Length = 3][m[K[m[K’ at [01m[K/usr/include/eigen3/Eigen/src/Core/Redux.h:111:96[m[K,
[29.348s]     inlined from ‘[01m[Kstatic Eigen::internal::redux_impl<Func, Evaluator, 0, 2>::Scalar Eigen::internal::redux_impl<Func, Evaluator, 0, 2>::[01;32m[Krun[m[K(const Evaluator&, const Func&, const XprType&) [35m[K[with XprType = Eigen::CwiseBinaryOp<Eigen::internal::scalar_product_op<float, float>, const Eigen::Transpose<const Eigen::Block<const Eigen::Matrix<float, 3, 3>, 1, 3, false> >, const Eigen::Block<const Eigen::Matrix<float, 3, 1>, 3, 1, true> >; Func = Eigen::internal::scalar_sum_op<float, float>; Evaluator = Eigen::internal::redux_evaluator<Eigen::CwiseBinaryOp<Eigen::internal::scalar_product_op<float, float>, const Eigen::Transpose<const Eigen::Block<const Eigen::Matrix<float, 3, 3>, 1, 3, false> >, const Eigen::Block<const Eigen::Matrix<float, 3, 1>, 3, 1, true> > >][m[K[m[K’ at [01m[K/usr/include/eigen3/Eigen/src/Core/Redux.h:222:21[m[K,
[29.348s]     inlined from ‘[01m[Ktypename Eigen::internal::traits<T>::Scalar Eigen::DenseBase<Derived>::[01;32m[Kredux[m[K(const Func&) const [35m[K[with BinaryOp = Eigen::internal::scalar_sum_op<float, float>; Derived = Eigen::CwiseBinaryOp<Eigen::internal::scalar_product_op<float, float>, const Eigen::Transpose<const Eigen::Block<const Eigen::Matrix<float, 3, 3>, 1, 3, false> >, const Eigen::Block<const Eigen::Matrix<float, 3, 1>, 3, 1, true> >][m[K[m[K’ at [01m[K/usr/include/eigen3/Eigen/src/Core/Redux.h:418:56[m[K,
[29.348s]     inlined from ‘[01m[Ktypename Eigen::internal::traits<T>::Scalar Eigen::DenseBase<Derived>::[01;32m[Ksum[m[K() const [35m[K[with Derived = Eigen::CwiseBinaryOp<Eigen::internal::scalar_product_op<float, float>, const Eigen::Transpose<const Eigen::Block<const Eigen::Matrix<float, 3, 3>, 1, 3, false> >, const Eigen::Block<const Eigen::Matrix<float, 3, 1>, 3, 1, true> >][m[K[m[K’ at [01m[K/usr/include/eigen3/Eigen/src/Core/Redux.h:463:25[m[K,
[29.348s]     inlined from ‘[01m[Kconst Eigen::internal::product_evaluator<Eigen::Product<Lhs, Rhs, 1>, ProductTag, Eigen::DenseShape, Eigen::DenseShape>::CoeffReturnType Eigen::internal::product_evaluator<Eigen::Product<Lhs, Rhs, 1>, ProductTag, Eigen::DenseShape, Eigen::DenseShape>::[01;32m[Kcoeff[m[K(Eigen::Index, Eigen::Index) const [35m[K[with Lhs = Eigen::Matrix<float, 3, 3>; Rhs = Eigen::Matrix<float, 3, 1>; int ProductTag = 3][m[K[m[K’ at [01m[K/usr/include/eigen3/Eigen/src/Core/ProductEvaluators.h:606:75[m[K,
[29.348s]     inlined from ‘[01m[Kvoid Eigen::internal::generic_dense_assignment_kernel<DstEvaluatorTypeT, SrcEvaluatorTypeT, Functor, Version>::[01;32m[KassignCoeff[m[K(Eigen::Index, Eigen::Index) [35m[K[with DstEvaluatorTypeT = Eigen::internal::evaluator<Eigen::Matrix<float, 3, 1> >; SrcEvaluatorTypeT = Eigen::internal::evaluator<Eigen::Product<Eigen::Matrix<float, 3, 3>, Eigen::Matrix<float, 3, 1>, 1> >; Functor = Eigen::internal::assign_op<float, float>; int Version = 0][m[K[m[K’ at [01m[K/usr/include/eigen3/Eigen/src/Core/AssignEvaluator.h:654:63[m[K,
[29.348s]     inlined from ‘[01m[Kvoid Eigen::internal::generic_dense_assignment_kernel<DstEvaluatorTypeT, SrcEvaluatorTypeT, Functor, Version>::[01;32m[KassignCoeffByOuterInner[m[K(Eigen::Index, Eigen::Index) [35m[K[with DstEvaluatorTypeT = Eigen::internal::evaluator<Eigen::Matrix<float, 3, 1> >; SrcEvaluatorTypeT = Eigen::internal::evaluator<Eigen::Product<Eigen::Matrix<float, 3, 3>, Eigen::Matrix<float, 3, 1>, 1> >; Functor = Eigen::internal::assign_op<float, float>; int Version = 0][m[K[m[K’ at [01m[K/usr/include/eigen3/Eigen/src/Core/AssignEvaluator.h:668:16[m[K,
[29.348s]     inlined from ‘[01m[Kstatic void Eigen::internal::copy_using_evaluator_DefaultTraversal_CompleteUnrolling<Kernel, Index, Stop>::[01;32m[Krun[m[K(Kernel&) [35m[K[with Kernel = Eigen::internal::generic_dense_assignment_kernel<Eigen::internal::evaluator<Eigen::Matrix<float, 3, 1> >, Eigen::internal::evaluator<Eigen::Product<Eigen::Matrix<float, 3, 3>, Eigen::Matrix<float, 3, 1>, 1> >, Eigen::internal::assign_op<float, float>, 0>; int Index = 2; int Stop = 3][m[K[m[K’ at [01m[K/usr/include/eigen3/Eigen/src/Core/AssignEvaluator.h:211:35[m[K,
[29.348s]     inlined from ‘[01m[Kstatic void Eigen::internal::copy_using_evaluator_DefaultTraversal_CompleteUnrolling<Kernel, Index, Stop>::[01;32m[Krun[m[K(Kernel&) [35m[K[with Kernel = Eigen::internal::generic_dense_assignment_kernel<Eigen::internal::evaluator<Eigen::Matrix<float, 3, 1> >, Eigen::internal::evaluator<Eigen::Product<Eigen::Matrix<float, 3, 3>, Eigen::Matrix<float, 3, 1>, 1> >, Eigen::internal::assign_op<float, float>, 0>; int Index = 1; int Stop = 3][m[K[m[K’ at [01m[K/usr/include/eigen3/Eigen/src/Core/AssignEvaluator.h:212:88[m[K,
[29.348s]     inlined from ‘[01m[Kstatic void Eigen::internal::copy_using_evaluator_DefaultTraversal_CompleteUnrolling<Kernel, Index, Stop>::[01;32m[Krun[m[K(Kernel&) [35m[K[with Kernel = Eigen::internal::generic_dense_assignment_kernel<Eigen::internal::evaluator<Eigen::Matrix<float, 3, 1> >, Eigen::internal::evaluator<Eigen::Product<Eigen::Matrix<float, 3, 3>, Eigen::Matrix<float, 3, 1>, 1> >, Eigen::internal::assign_op<float, float>, 0>; int Index = 0; int Stop = 3][m[K[m[K’ at [01m[K/usr/include/eigen3/Eigen/src/Core/AssignEvaluator.h:212:88[m[K,
[29.348s]     inlined from ‘[01m[Kstatic void Eigen::internal::dense_assignment_loop<Kernel, 3, 2>::[01;32m[Krun[m[K(Kernel&) [35m[K[with Kernel = Eigen::internal::generic_dense_assignment_kernel<Eigen::internal::evaluator<Eigen::Matrix<float, 3, 1> >, Eigen::internal::evaluator<Eigen::Product<Eigen::Matrix<float, 3, 3>, Eigen::Matrix<float, 3, 1>, 1> >, Eigen::internal::assign_op<float, float>, 0>][m[K[m[K’ at [01m[K/usr/include/eigen3/Eigen/src/Core/AssignEvaluator.h:456:92[m[K,
[29.349s]     inlined from ‘[01m[Kvoid Eigen::internal::[01;32m[Kcall_dense_assignment_loop[m[K(DstXprType&, const SrcXprType&, const Functor&) [35m[K[with DstXprType = Eigen::Matrix<float, 3, 1>; SrcXprType = Eigen::Product<Eigen::Matrix<float, 3, 3>, Eigen::Matrix<float, 3, 1>, 1>; Functor = assign_op<float, float>][m[K[m[K’ at [01m[K/usr/include/eigen3/Eigen/src/Core/AssignEvaluator.h:785:37[m[K,
[29.349s]     inlined from ‘[01m[Kstatic void Eigen::internal::Assignment<DstXprType, SrcXprType, Functor, Eigen::internal::Dense2Dense, Weak>::[01;32m[Krun[m[K(DstXprType&, const SrcXprType&, const Functor&) [35m[K[with DstXprType = Eigen::Matrix<float, 3, 1>; SrcXprType = Eigen::Product<Eigen::Matrix<float, 3, 3>, Eigen::Matrix<float, 3, 1>, 1>; Functor = Eigen::internal::assign_op<float, float>; Weak = void][m[K[m[K’ at [01m[K/usr/include/eigen3/Eigen/src/Core/AssignEvaluator.h:954:31[m[K,
[29.349s]     inlined from ‘[01m[Kvoid Eigen::internal::[01;32m[Kcall_assignment_no_alias[m[K(Dst&, const Src&, const Func&) [35m[K[with Dst = Eigen::Matrix<float, 3, 1>; Src = Eigen::Product<Eigen::Matrix<float, 3, 3>, Eigen::Matrix<float, 3, 1>, 1>; Func = assign_op<float, float>][m[K[m[K’ at [01m[K/usr/include/eigen3/Eigen/src/Core/AssignEvaluator.h:890:49[m[K,
[29.349s]     inlined from ‘[01m[Kstatic void Eigen::internal::generic_product_impl<Lhs, Rhs, Eigen::DenseShape, Eigen::DenseShape, 3>::[01;32m[KevalTo[m[K(Dst&, const Lhs&, const Rhs&) [35m[K[with Dst = Eigen::Matrix<float, 3, 1>; Lhs = Eigen::Matrix<float, 3, 3>; Rhs = Eigen::Matrix<float, 3, 1>][m[K[m[K’ at [01m[K/usr/include/eigen3/Eigen/src/Core/ProductEvaluators.h:402:29[m[K,
[29.349s]     inlined from ‘[01m[Kstatic void Eigen::internal::Assignment<DstXprType, Eigen::Product<Lhs, Rhs, Options>, Eigen::internal::assign_op<Scalar, Scalar>, Eigen::internal::Dense2Dense, typename Eigen::internal::enable_if<((Options == Eigen::DefaultProduct) || (Options == Eigen::AliasFreeProduct))>::type>::[01;32m[Krun[m[K(DstXprType&, const SrcXprType&, const Eigen::internal::assign_op<Scalar, Scalar>&) [35m[K[with DstXprType = Eigen::Matrix<float, 3, 1>; Lhs = Eigen::Matrix<float, 3, 3>; Rhs = Eigen::Matrix<float, 3, 1>; int Options = 0; Scalar = float][m[K[m[K’ at [01m[K/usr/include/eigen3/Eigen/src/Core/ProductEvaluators.h:148:43[m[K,
[29.349s]     inlined from ‘[01m[Kvoid Eigen::internal::[01;32m[Kcall_assignment_no_alias[m[K(Dst&, const Src&, const Func&) [35m[K[with Dst = Eigen::Matrix<float, 3, 1>; Src = Eigen::Product<Eigen::Matrix<float, 3, 3>, Eigen::Matrix<float, 3, 1>, 0>; Func = assign_op<float, float>][m[K[m[K’ at [01m[K/usr/include/eigen3/Eigen/src/Core/AssignEvaluator.h:890:49[m[K,
[29.349s]     inlined from ‘[01m[KDerived& Eigen::PlainObjectBase<Derived>::[01;32m[K_set_noalias[m[K(const Eigen::DenseBase<OtherDerived>&) [35m[K[with OtherDerived = Eigen::Product<Eigen::Matrix<float, 3, 3>, Eigen::Matrix<float, 3, 1>, 0>; Derived = Eigen::Matrix<float, 3, 1>][m[K[m[K’ at [01m[K/usr/include/eigen3/Eigen/src/Core/PlainObjectBase.h:797:41[m[K,
[29.349s]     inlined from ‘[01m[Kvoid Eigen::PlainObjectBase<Derived>::[01;32m[K_init1[m[K(const Eigen::DenseBase<ElseDerived>&) [35m[K[with T = Eigen::Product<Eigen::Matrix<float, 3, 3>, Eigen::Matrix<float, 3, 1>, 0>; OtherDerived = Eigen::Product<Eigen::Matrix<float, 3, 3>, Eigen::Matrix<float, 3, 1>, 0>; Derived = Eigen::Matrix<float, 3, 1>][m[K[m[K’ at [01m[K/usr/include/eigen3/Eigen/src/Core/PlainObjectBase.h:883:25[m[K,
[29.349s]     inlined from ‘[01m[KEigen::Matrix<_Scalar, _Rows, _Cols, _Options, _MaxRows, _MaxCols>::[01;32m[KMatrix[m[K(const T&) [35m[K[with T = Eigen::Product<Eigen::Matrix<float, 3, 3>, Eigen::Matrix<float, 3, 1>, 0>; _Scalar = float; int _Rows = 3; int _Cols = 1; int _Options = 0; int _MaxRows = 3; int _MaxCols = 1][m[K[m[K’ at [01m[K/usr/include/eigen3/Eigen/src/Core/Matrix.h:332:31[m[K,
[29.349s]     inlined from ‘[01m[Kvoid Eigen::internal::[01;32m[Kcall_assignment[m[K(Dst&, const Src&, const Func&, typename enable_if<evaluator_assume_aliasing<Src>::value, void*>::type) [35m[K[with Dst = Eigen::Matrix<float, 3, 1>; Src = Eigen::Product<Eigen::Matrix<float, 3, 3>, Eigen::Matrix<float, 3, 1>, 0>; Func = assign_op<float, float>][m[K[m[K’ at [01m[K/usr/include/eigen3/Eigen/src/Core/AssignEvaluator.h:850:41[m[K,
[29.349s]     inlined from ‘[01m[Kvoid Eigen::internal::[01;32m[Kcall_assignment[m[K(Dst&, const Src&) [35m[K[with Dst = Eigen::Matrix<float, 3, 1>; Src = Eigen::Product<Eigen::Matrix<float, 3, 3>, Eigen::Matrix<float, 3, 1>, 0>][m[K[m[K’ at [01m[K/usr/include/eigen3/Eigen/src/Core/AssignEvaluator.h:836:18[m[K,
[29.349s]     inlined from ‘[01m[KDerived& Eigen::PlainObjectBase<Derived>::[01;32m[K_set[m[K(const Eigen::DenseBase<OtherDerived>&) [35m[K[with OtherDerived = Eigen::Product<Eigen::Matrix<float, 3, 3>, Eigen::Matrix<float, 3, 1>, 0>; Derived = Eigen::Matrix<float, 3, 1>][m[K[m[K’ at [01m[K/usr/include/eigen3/Eigen/src/Core/PlainObjectBase.h:779:32[m[K,
[29.349s]     inlined from ‘[01m[KEigen::Matrix<_Scalar, _Rows, _Cols, _Options, _MaxRows, _MaxCols>& Eigen::Matrix<_Scalar, _Rows, _Cols, _Options, _MaxRows, _MaxCols>::[01;32m[Koperator=[m[K(const Eigen::DenseBase<OtherDerived>&) [35m[K[with OtherDerived = Eigen::Product<Eigen::Matrix<float, 3, 3>, Eigen::Matrix<float, 3, 1>, 0>; _Scalar = float; int _Rows = 3; int _Cols = 1; int _Options = 0; int _MaxRows = 3; int _MaxCols = 1][m[K[m[K’ at [01m[K/usr/include/eigen3/Eigen/src/Core/Matrix.h:225:24[m[K,
[29.349s]     inlined from ‘[01m[Kbool FeatureAssociation::[01;32m[KcalculateTransformationCorner[m[K(int)[m[K’ at [01m[K/home/aly-sultan/Desktop/SLAM/LeGO-LOAM/src/featureAssociation.cpp:1405:19[m[K:
[29.349s] [01m[K/usr/include/eigen3/Eigen/src/Core/functors/BinaryFunctors.h:80:124:[m[K [01;35m[Kwarning: [m[K‘[01m[KmatP.Eigen::Matrix<float, 3, 3, 0, 3, 3>::<unnamed>.Eigen::PlainObjectBase<Eigen::Matrix<float, 3, 3, 0, 3, 3> >::m_storage.Eigen::DenseStorage<float, 9, 3, 3, 0>::m_data.Eigen::internal::plain_array<float, 9, 0, 0>::array[8][m[K’ may be used uninitialized [[01;35m[K]8;;https://gcc.gnu.org/onlinedocs/gcc/Warning-Options.html#index-Wmaybe-uninitialized-Wmaybe-uninitialized]8;;[m[K]
[29.349s]    80 |   EIGEN_DEVICE_FUNC EIGEN_STRONG_INLINE result_type operator() (const LhsScalar& a, const RhsScalar& b) const { return a * [01;35m[Kb[m[K; }
[29.349s]       |                                                                                                                            [01;35m[K^[m[K
[29.349s] [01m[K/home/aly-sultan/Desktop/SLAM/LeGO-LOAM/src/featureAssociation.cpp:[m[K In member function ‘[01m[Kbool FeatureAssociation::[01;32m[KcalculateTransformationCorner[m[K(int)[m[K’:
[29.349s] [01m[K/home/aly-sultan/Desktop/SLAM/LeGO-LOAM/src/featureAssociation.cpp:1329:28:[m[K [01;36m[Knote: [m[K‘[01m[KmatP.Eigen::Matrix<float, 3, 3, 0, 3, 3>::<unnamed>.Eigen::PlainObjectBase<Eigen::Matrix<float, 3, 3, 0, 3, 3> >::m_storage.Eigen::DenseStorage<float, 9, 3, 3, 0>::m_data.Eigen::internal::plain_array<float, 9, 0, 0>::array[8][m[K’ was declared here
[29.349s]  1329 |   Eigen::Matrix<float,3,3> [01;36m[KmatP[m[K;
[29.349s]       |                            [01;36m[K^~~~[m[K
[38.530s] [100%] [32m[1mLinking CXX executable lego_loam_sr[0m
[39.555s] [100%] Built target lego_loam_sr
[39.568s] Invoked command in '/home/aly-sultan/Desktop/SLAM/build/lego_loam_sr' returned '0': AMENT_PREFIX_PATH=/home/aly-sultan/Desktop/fs-system-25/SLAM/install/cloud_msgs:/home/aly-sultan/Desktop/fs-system-25/SLAM/install/asurt_msgs:${AMENT_PREFIX_PATH} CMAKE_PREFIX_PATH=/home/aly-sultan/Desktop/SLAM/install/cloud_msgs:/home/aly-sultan/Desktop/SLAM/install/asurt_msgs:/opt/ros/jazzy/opt/gz_sim_vendor:/opt/ros/jazzy/opt/gz_sensors_vendor:/opt/ros/jazzy/opt/gz_physics_vendor:/opt/ros/jazzy/opt/sdformat_vendor:/opt/ros/jazzy/opt/gz_gui_vendor:/opt/ros/jazzy/opt/gz_transport_vendor:/opt/ros/jazzy/opt/gz_rendering_vendor:/opt/ros/jazzy/opt/gz_plugin_vendor:/opt/ros/jazzy/opt/gz_fuel_tools_vendor:/opt/ros/jazzy/opt/gz_msgs_vendor:/opt/ros/jazzy/opt/gz_common_vendor:/opt/ros/jazzy/opt/gz_math_vendor:/opt/ros/jazzy/opt/gz_utils_vendor:/opt/ros/jazzy/opt/gz_tools_vendor:/opt/ros/jazzy/opt/gz_ogre_next_vendor:/opt/ros/jazzy/opt/gz_dartsim_vendor:/opt/ros/jazzy/opt/gz_cmake_vendor:/opt/ros/jazzy DEBUGINFOD_URLS=https://debuginfod.ubuntu.com LD_LIBRARY_PATH=/home/aly-sultan/Desktop/fs-system-25/SLAM/install/cloud_msgs/lib:/home/aly-sultan/Desktop/SLAM/install/cloud_msgs/lib:/home/aly-sultan/Desktop/fs-system-25/SLAM/install/asurt_msgs/lib:/home/aly-sultan/Desktop/SLAM/install/asurt_msgs/lib:${LD_LIBRARY_PATH} PYTHONPATH=/home/aly-sultan/Desktop/fs-system-25/SLAM/install/cloud_msgs/lib/python3.12/site-packages:/home/aly-sultan/Desktop/SLAM/install/cloud_msgs/lib/python3.12/site-packages:/home/aly-sultan/Desktop/fs-system-25/SLAM/install/asurt_msgs/lib/python3.12/site-packages:/home/aly-sultan/Desktop/SLAM/install/asurt_msgs/lib/python3.12/site-packages:${PYTHONPATH} /usr/bin/cmake --build /home/aly-sultan/Desktop/SLAM/build/lego_loam_sr -- -j16 -l16
[39.576s] Invoking command in '/home/aly-sultan/Desktop/SLAM/build/lego_loam_sr': AMENT_PREFIX_PATH=/home/aly-sultan/Desktop/fs-system-25/SLAM/install/cloud_msgs:/home/aly-sultan/Desktop/fs-system-25/SLAM/install/asurt_msgs:${AMENT_PREFIX_PATH} CMAKE_PREFIX_PATH=/home/aly-sultan/Desktop/SLAM/install/cloud_msgs:/home/aly-sultan/Desktop/SLAM/install/asurt_msgs:/opt/ros/jazzy/opt/gz_sim_vendor:/opt/ros/jazzy/opt/gz_sensors_vendor:/opt/ros/jazzy/opt/gz_physics_vendor:/opt/ros/jazzy/opt/sdformat_vendor:/opt/ros/jazzy/opt/gz_gui_vendor:/opt/ros/jazzy/opt/gz_transport_vendor:/opt/ros/jazzy/opt/gz_rendering_vendor:/opt/ros/jazzy/opt/gz_plugin_vendor:/opt/ros/jazzy/opt/gz_fuel_tools_vendor:/opt/ros/jazzy/opt/gz_msgs_vendor:/opt/ros/jazzy/opt/gz_common_vendor:/opt/ros/jazzy/opt/gz_math_vendor:/opt/ros/jazzy/opt/gz_utils_vendor:/opt/ros/jazzy/opt/gz_tools_vendor:/opt/ros/jazzy/opt/gz_ogre_next_vendor:/opt/ros/jazzy/opt/gz_dartsim_vendor:/opt/ros/jazzy/opt/gz_cmake_vendor:/opt/ros/jazzy DEBUGINFOD_URLS=https://debuginfod.ubuntu.com LD_LIBRARY_PATH=/home/aly-sultan/Desktop/fs-system-25/SLAM/install/cloud_msgs/lib:/home/aly-sultan/Desktop/SLAM/install/cloud_msgs/lib:/home/aly-sultan/Desktop/fs-system-25/SLAM/install/asurt_msgs/lib:/home/aly-sultan/Desktop/SLAM/install/asurt_msgs/lib:${LD_LIBRARY_PATH} PYTHONPATH=/home/aly-sultan/Desktop/fs-system-25/SLAM/install/cloud_msgs/lib/python3.12/site-packages:/home/aly-sultan/Desktop/SLAM/install/cloud_msgs/lib/python3.12/site-packages:/home/aly-sultan/Desktop/fs-system-25/SLAM/install/asurt_msgs/lib/python3.12/site-packages:/home/aly-sultan/Desktop/SLAM/install/asurt_msgs/lib/python3.12/site-packages:${PYTHONPATH} /usr/bin/cmake --install /home/aly-sultan/Desktop/SLAM/build/lego_loam_sr
[39.583s] -- Install configuration: ""
[39.583s] -- Installing: /home/aly-sultan/Desktop/SLAM/install/lego_loam_sr/lib/lego_loam_sr/lego_loam_sr
[39.585s] -- Set non-toolchain portion of runtime path of "/home/aly-sultan/Desktop/SLAM/install/lego_loam_sr/lib/lego_loam_sr/lego_loam_sr" to ""
[39.585s] -- Installing: /home/aly-sultan/Desktop/SLAM/install/lego_loam_sr/share/lego_loam_sr/config
[39.585s] -- Installing: /home/aly-sultan/Desktop/SLAM/install/lego_loam_sr/share/lego_loam_sr/config/loam_config.yaml
[39.585s] -- Installing: /home/aly-sultan/Desktop/SLAM/install/lego_loam_sr/share/lego_loam_sr/launch
[39.585s] -- Installing: /home/aly-sultan/Desktop/SLAM/install/lego_loam_sr/share/lego_loam_sr/launch/google-earth.png
[39.588s] -- Installing: /home/aly-sultan/Desktop/SLAM/install/lego_loam_sr/share/lego_loam_sr/launch/demo.gif
[39.615s] -- Installing: /home/aly-sultan/Desktop/SLAM/install/lego_loam_sr/share/lego_loam_sr/launch/block.png
[39.615s] -- Installing: /home/aly-sultan/Desktop/SLAM/install/lego_loam_sr/share/lego_loam_sr/launch/seg-total.jpg
[39.615s] -- Installing: /home/aly-sultan/Desktop/SLAM/install/lego_loam_sr/share/lego_loam_sr/launch/run.launch.py
[39.615s] -- Installing: /home/aly-sultan/Desktop/SLAM/install/lego_loam_sr/share/lego_loam_sr/launch/odometry.jpg
[39.615s] -- Installing: /home/aly-sultan/Desktop/SLAM/install/lego_loam_sr/share/lego_loam_sr/launch/dataset-demo.gif
[39.621s] -- Installing: /home/aly-sultan/Desktop/SLAM/install/lego_loam_sr/share/lego_loam_sr/rviz
[39.621s] -- Installing: /home/aly-sultan/Desktop/SLAM/install/lego_loam_sr/share/lego_loam_sr/rviz/test.rviz
[39.621s] -- Installing: /home/aly-sultan/Desktop/SLAM/install/lego_loam_sr/share/ament_index/resource_index/package_run_dependencies/lego_loam_sr
[39.621s] -- Installing: /home/aly-sultan/Desktop/SLAM/install/lego_loam_sr/share/ament_index/resource_index/parent_prefix_path/lego_loam_sr
[39.621s] -- Installing: /home/aly-sultan/Desktop/SLAM/install/lego_loam_sr/share/lego_loam_sr/environment/ament_prefix_path.sh
[39.621s] -- Installing: /home/aly-sultan/Desktop/SLAM/install/lego_loam_sr/share/lego_loam_sr/environment/ament_prefix_path.dsv
[39.621s] -- Installing: /home/aly-sultan/Desktop/SLAM/install/lego_loam_sr/share/lego_loam_sr/environment/path.sh
[39.621s] -- Installing: /home/aly-sultan/Desktop/SLAM/install/lego_loam_sr/share/lego_loam_sr/environment/path.dsv
[39.621s] -- Installing: /home/aly-sultan/Desktop/SLAM/install/lego_loam_sr/share/lego_loam_sr/local_setup.bash
[39.621s] -- Installing: /home/aly-sultan/Desktop/SLAM/install/lego_loam_sr/share/lego_loam_sr/local_setup.sh
[39.621s] -- Installing: /home/aly-sultan/Desktop/SLAM/install/lego_loam_sr/share/lego_loam_sr/local_setup.zsh
[39.622s] -- Installing: /home/aly-sultan/Desktop/SLAM/install/lego_loam_sr/share/lego_loam_sr/local_setup.dsv
[39.622s] -- Installing: /home/aly-sultan/Desktop/SLAM/install/lego_loam_sr/share/lego_loam_sr/package.dsv
[39.622s] -- Installing: /home/aly-sultan/Desktop/SLAM/install/lego_loam_sr/share/ament_index/resource_index/packages/lego_loam_sr
[39.622s] -- Installing: /home/aly-sultan/Desktop/SLAM/install/lego_loam_sr/share/lego_loam_sr/cmake/ament_cmake_export_include_directories-extras.cmake
[39.622s] -- Installing: /home/aly-sultan/Desktop/SLAM/install/lego_loam_sr/share/lego_loam_sr/cmake/lego_loam_srConfig.cmake
[39.622s] -- Installing: /home/aly-sultan/Desktop/SLAM/install/lego_loam_sr/share/lego_loam_sr/cmake/lego_loam_srConfig-version.cmake
[39.622s] -- Installing: /home/aly-sultan/Desktop/SLAM/install/lego_loam_sr/share/lego_loam_sr/package.xml
[39.623s] Invoked command in '/home/aly-sultan/Desktop/SLAM/build/lego_loam_sr' returned '0': AMENT_PREFIX_PATH=/home/aly-sultan/Desktop/fs-system-25/SLAM/install/cloud_msgs:/home/aly-sultan/Desktop/fs-system-25/SLAM/install/asurt_msgs:${AMENT_PREFIX_PATH} CMAKE_PREFIX_PATH=/home/aly-sultan/Desktop/SLAM/install/cloud_msgs:/home/aly-sultan/Desktop/SLAM/install/asurt_msgs:/opt/ros/jazzy/opt/gz_sim_vendor:/opt/ros/jazzy/opt/gz_sensors_vendor:/opt/ros/jazzy/opt/gz_physics_vendor:/opt/ros/jazzy/opt/sdformat_vendor:/opt/ros/jazzy/opt/gz_gui_vendor:/opt/ros/jazzy/opt/gz_transport_vendor:/opt/ros/jazzy/opt/gz_rendering_vendor:/opt/ros/jazzy/opt/gz_plugin_vendor:/opt/ros/jazzy/opt/gz_fuel_tools_vendor:/opt/ros/jazzy/opt/gz_msgs_vendor:/opt/ros/jazzy/opt/gz_common_vendor:/opt/ros/jazzy/opt/gz_math_vendor:/opt/ros/jazzy/opt/gz_utils_vendor:/opt/ros/jazzy/opt/gz_tools_vendor:/opt/ros/jazzy/opt/gz_ogre_next_vendor:/opt/ros/jazzy/opt/gz_dartsim_vendor:/opt/ros/jazzy/opt/gz_cmake_vendor:/opt/ros/jazzy DEBUGINFOD_URLS=https://debuginfod.ubuntu.com LD_LIBRARY_PATH=/home/aly-sultan/Desktop/fs-system-25/SLAM/install/cloud_msgs/lib:/home/aly-sultan/Desktop/SLAM/install/cloud_msgs/lib:/home/aly-sultan/Desktop/fs-system-25/SLAM/install/asurt_msgs/lib:/home/aly-sultan/Desktop/SLAM/install/asurt_msgs/lib:${LD_LIBRARY_PATH} PYTHONPATH=/home/aly-sultan/Desktop/fs-system-25/SLAM/install/cloud_msgs/lib/python3.12/site-packages:/home/aly-sultan/Desktop/SLAM/install/cloud_msgs/lib/python3.12/site-packages:/home/aly-sultan/Desktop/fs-system-25/SLAM/install/asurt_msgs/lib/python3.12/site-packages:/home/aly-sultan/Desktop/SLAM/install/asurt_msgs/lib/python3.12/site-packages:${PYTHONPATH} /usr/bin/cmake --install /home/aly-sultan/Desktop/SLAM/build/lego_loam_sr
