[0.020s] Invoking command in '/home/aly-sultan/Desktop/fs-system-25/SLAM/build/lego_loam_sr': CMAKE_PREFIX_PATH=/home/aly-sultan/Desktop/fs-system-25/SLAM/install/cloud_msgs:/home/aly-sultan/Desktop/fs-system-25/SLAM/install/asurt_msgs:/home/aly-sultan/Desktop/fs-system-25/SLAM/install/lego_loam_sr:/opt/ros/jazzy/opt/gz_sim_vendor:/opt/ros/jazzy/opt/gz_sensors_vendor:/opt/ros/jazzy/opt/gz_physics_vendor:/opt/ros/jazzy/opt/sdformat_vendor:/opt/ros/jazzy/opt/gz_gui_vendor:/opt/ros/jazzy/opt/gz_transport_vendor:/opt/ros/jazzy/opt/gz_rendering_vendor:/opt/ros/jazzy/opt/gz_plugin_vendor:/opt/ros/jazzy/opt/gz_fuel_tools_vendor:/opt/ros/jazzy/opt/gz_msgs_vendor:/opt/ros/jazzy/opt/gz_common_vendor:/opt/ros/jazzy/opt/gz_math_vendor:/opt/ros/jazzy/opt/gz_utils_vendor:/opt/ros/jazzy/opt/gz_tools_vendor:/opt/ros/jazzy/opt/gz_ogre_next_vendor:/opt/ros/jazzy/opt/gz_dartsim_vendor:/opt/ros/jazzy/opt/gz_cmake_vendor:/home/aly-sultan/Desktop/fs-system-25/SLAM/install/cone_a_lisa:/opt/ros/jazzy DEBUGINFOD_URLS=https://debuginfod.ubuntu.com PYTHONPATH=/home/aly-sultan/Desktop/fs-system-25/SLAM/install/cloud_msgs/lib/python3.12/site-packages:/home/aly-sultan/Desktop/fs-system-25/SLAM/install/asurt_msgs/lib/python3.12/site-packages:/home/aly-sultan/Desktop/fs-system-25/SLAM/install/cone_a_lisa/lib/python3.12/site-packages:/opt/ros/jazzy/lib/python3.12/site-packages /usr/bin/cmake --build /home/aly-sultan/Desktop/fs-system-25/SLAM/build/lego_loam_sr -- -j16 -l16
[0.113s] [100%] Built target lego_loam_sr
[0.128s] Invoked command in '/home/aly-sultan/Desktop/fs-system-25/SLAM/build/lego_loam_sr' returned '0': CMAKE_PREFIX_PATH=/home/aly-sultan/Desktop/fs-system-25/SLAM/install/cloud_msgs:/home/aly-sultan/Desktop/fs-system-25/SLAM/install/asurt_msgs:/home/aly-sultan/Desktop/fs-system-25/SLAM/install/lego_loam_sr:/opt/ros/jazzy/opt/gz_sim_vendor:/opt/ros/jazzy/opt/gz_sensors_vendor:/opt/ros/jazzy/opt/gz_physics_vendor:/opt/ros/jazzy/opt/sdformat_vendor:/opt/ros/jazzy/opt/gz_gui_vendor:/opt/ros/jazzy/opt/gz_transport_vendor:/opt/ros/jazzy/opt/gz_rendering_vendor:/opt/ros/jazzy/opt/gz_plugin_vendor:/opt/ros/jazzy/opt/gz_fuel_tools_vendor:/opt/ros/jazzy/opt/gz_msgs_vendor:/opt/ros/jazzy/opt/gz_common_vendor:/opt/ros/jazzy/opt/gz_math_vendor:/opt/ros/jazzy/opt/gz_utils_vendor:/opt/ros/jazzy/opt/gz_tools_vendor:/opt/ros/jazzy/opt/gz_ogre_next_vendor:/opt/ros/jazzy/opt/gz_dartsim_vendor:/opt/ros/jazzy/opt/gz_cmake_vendor:/home/aly-sultan/Desktop/fs-system-25/SLAM/install/cone_a_lisa:/opt/ros/jazzy DEBUGINFOD_URLS=https://debuginfod.ubuntu.com PYTHONPATH=/home/aly-sultan/Desktop/fs-system-25/SLAM/install/cloud_msgs/lib/python3.12/site-packages:/home/aly-sultan/Desktop/fs-system-25/SLAM/install/asurt_msgs/lib/python3.12/site-packages:/home/aly-sultan/Desktop/fs-system-25/SLAM/install/cone_a_lisa/lib/python3.12/site-packages:/opt/ros/jazzy/lib/python3.12/site-packages /usr/bin/cmake --build /home/aly-sultan/Desktop/fs-system-25/SLAM/build/lego_loam_sr -- -j16 -l16
[0.130s] Invoking command in '/home/aly-sultan/Desktop/fs-system-25/SLAM/build/lego_loam_sr': CMAKE_PREFIX_PATH=/home/aly-sultan/Desktop/fs-system-25/SLAM/install/cloud_msgs:/home/aly-sultan/Desktop/fs-system-25/SLAM/install/asurt_msgs:/home/aly-sultan/Desktop/fs-system-25/SLAM/install/lego_loam_sr:/opt/ros/jazzy/opt/gz_sim_vendor:/opt/ros/jazzy/opt/gz_sensors_vendor:/opt/ros/jazzy/opt/gz_physics_vendor:/opt/ros/jazzy/opt/sdformat_vendor:/opt/ros/jazzy/opt/gz_gui_vendor:/opt/ros/jazzy/opt/gz_transport_vendor:/opt/ros/jazzy/opt/gz_rendering_vendor:/opt/ros/jazzy/opt/gz_plugin_vendor:/opt/ros/jazzy/opt/gz_fuel_tools_vendor:/opt/ros/jazzy/opt/gz_msgs_vendor:/opt/ros/jazzy/opt/gz_common_vendor:/opt/ros/jazzy/opt/gz_math_vendor:/opt/ros/jazzy/opt/gz_utils_vendor:/opt/ros/jazzy/opt/gz_tools_vendor:/opt/ros/jazzy/opt/gz_ogre_next_vendor:/opt/ros/jazzy/opt/gz_dartsim_vendor:/opt/ros/jazzy/opt/gz_cmake_vendor:/home/aly-sultan/Desktop/fs-system-25/SLAM/install/cone_a_lisa:/opt/ros/jazzy DEBUGINFOD_URLS=https://debuginfod.ubuntu.com PYTHONPATH=/home/aly-sultan/Desktop/fs-system-25/SLAM/install/cloud_msgs/lib/python3.12/site-packages:/home/aly-sultan/Desktop/fs-system-25/SLAM/install/asurt_msgs/lib/python3.12/site-packages:/home/aly-sultan/Desktop/fs-system-25/SLAM/install/cone_a_lisa/lib/python3.12/site-packages:/opt/ros/jazzy/lib/python3.12/site-packages /usr/bin/cmake --install /home/aly-sultan/Desktop/fs-system-25/SLAM/build/lego_loam_sr
[0.139s] -- Install configuration: ""
[0.140s] -- Up-to-date: /home/aly-sultan/Desktop/fs-system-25/SLAM/install/lego_loam_sr/lib/lego_loam_sr/lego_loam_sr
[0.140s] -- Up-to-date: /home/aly-sultan/Desktop/fs-system-25/SLAM/install/lego_loam_sr/share/lego_loam_sr/config
[0.140s] -- Up-to-date: /home/aly-sultan/Desktop/fs-system-25/SLAM/install/lego_loam_sr/share/lego_loam_sr/config/loam_config.yaml
[0.141s] -- Up-to-date: /home/aly-sultan/Desktop/fs-system-25/SLAM/install/lego_loam_sr/share/lego_loam_sr/launch
[0.141s] -- Up-to-date: /home/aly-sultan/Desktop/fs-system-25/SLAM/install/lego_loam_sr/share/lego_loam_sr/launch/google-earth.png
[0.141s] -- Up-to-date: /home/aly-sultan/Desktop/fs-system-25/SLAM/install/lego_loam_sr/share/lego_loam_sr/launch/demo.gif
[0.141s] -- Up-to-date: /home/aly-sultan/Desktop/fs-system-25/SLAM/install/lego_loam_sr/share/lego_loam_sr/launch/block.png
[0.141s] -- Up-to-date: /home/aly-sultan/Desktop/fs-system-25/SLAM/install/lego_loam_sr/share/lego_loam_sr/launch/seg-total.jpg
[0.141s] -- Up-to-date: /home/aly-sultan/Desktop/fs-system-25/SLAM/install/lego_loam_sr/share/lego_loam_sr/launch/run.launch.py
[0.142s] -- Up-to-date: /home/aly-sultan/Desktop/fs-system-25/SLAM/install/lego_loam_sr/share/lego_loam_sr/launch/odometry.jpg
[0.142s] -- Up-to-date: /home/aly-sultan/Desktop/fs-system-25/SLAM/install/lego_loam_sr/share/lego_loam_sr/launch/dataset-demo.gif
[0.142s] -- Up-to-date: /home/aly-sultan/Desktop/fs-system-25/SLAM/install/lego_loam_sr/share/lego_loam_sr/rviz
[0.142s] -- Up-to-date: /home/aly-sultan/Desktop/fs-system-25/SLAM/install/lego_loam_sr/share/lego_loam_sr/rviz/test.rviz
[0.142s] -- Up-to-date: /home/aly-sultan/Desktop/fs-system-25/SLAM/install/lego_loam_sr/share/ament_index/resource_index/package_run_dependencies/lego_loam_sr
[0.142s] -- Up-to-date: /home/aly-sultan/Desktop/fs-system-25/SLAM/install/lego_loam_sr/share/ament_index/resource_index/parent_prefix_path/lego_loam_sr
[0.143s] -- Up-to-date: /home/aly-sultan/Desktop/fs-system-25/SLAM/install/lego_loam_sr/share/lego_loam_sr/environment/ament_prefix_path.sh
[0.143s] -- Up-to-date: /home/aly-sultan/Desktop/fs-system-25/SLAM/install/lego_loam_sr/share/lego_loam_sr/environment/ament_prefix_path.dsv
[0.143s] -- Up-to-date: /home/aly-sultan/Desktop/fs-system-25/SLAM/install/lego_loam_sr/share/lego_loam_sr/environment/path.sh
[0.143s] -- Up-to-date: /home/aly-sultan/Desktop/fs-system-25/SLAM/install/lego_loam_sr/share/lego_loam_sr/environment/path.dsv
[0.143s] -- Up-to-date: /home/aly-sultan/Desktop/fs-system-25/SLAM/install/lego_loam_sr/share/lego_loam_sr/local_setup.bash
[0.143s] -- Up-to-date: /home/aly-sultan/Desktop/fs-system-25/SLAM/install/lego_loam_sr/share/lego_loam_sr/local_setup.sh
[0.144s] -- Up-to-date: /home/aly-sultan/Desktop/fs-system-25/SLAM/install/lego_loam_sr/share/lego_loam_sr/local_setup.zsh
[0.144s] -- Up-to-date: /home/aly-sultan/Desktop/fs-system-25/SLAM/install/lego_loam_sr/share/lego_loam_sr/local_setup.dsv
[0.146s] -- Installing: /home/aly-sultan/Desktop/fs-system-25/SLAM/install/lego_loam_sr/share/lego_loam_sr/package.dsv
[0.146s] -- Up-to-date: /home/aly-sultan/Desktop/fs-system-25/SLAM/install/lego_loam_sr/share/ament_index/resource_index/packages/lego_loam_sr
[0.146s] -- Up-to-date: /home/aly-sultan/Desktop/fs-system-25/SLAM/install/lego_loam_sr/share/lego_loam_sr/cmake/ament_cmake_export_include_directories-extras.cmake
[0.147s] -- Up-to-date: /home/aly-sultan/Desktop/fs-system-25/SLAM/install/lego_loam_sr/share/lego_loam_sr/cmake/lego_loam_srConfig.cmake
[0.147s] -- Up-to-date: /home/aly-sultan/Desktop/fs-system-25/SLAM/install/lego_loam_sr/share/lego_loam_sr/cmake/lego_loam_srConfig-version.cmake
[0.147s] -- Up-to-date: /home/aly-sultan/Desktop/fs-system-25/SLAM/install/lego_loam_sr/share/lego_loam_sr/package.xml
[0.147s] Invoked command in '/home/aly-sultan/Desktop/fs-system-25/SLAM/build/lego_loam_sr' returned '0': CMAKE_PREFIX_PATH=/home/aly-sultan/Desktop/fs-system-25/SLAM/install/cloud_msgs:/home/aly-sultan/Desktop/fs-system-25/SLAM/install/asurt_msgs:/home/aly-sultan/Desktop/fs-system-25/SLAM/install/lego_loam_sr:/opt/ros/jazzy/opt/gz_sim_vendor:/opt/ros/jazzy/opt/gz_sensors_vendor:/opt/ros/jazzy/opt/gz_physics_vendor:/opt/ros/jazzy/opt/sdformat_vendor:/opt/ros/jazzy/opt/gz_gui_vendor:/opt/ros/jazzy/opt/gz_transport_vendor:/opt/ros/jazzy/opt/gz_rendering_vendor:/opt/ros/jazzy/opt/gz_plugin_vendor:/opt/ros/jazzy/opt/gz_fuel_tools_vendor:/opt/ros/jazzy/opt/gz_msgs_vendor:/opt/ros/jazzy/opt/gz_common_vendor:/opt/ros/jazzy/opt/gz_math_vendor:/opt/ros/jazzy/opt/gz_utils_vendor:/opt/ros/jazzy/opt/gz_tools_vendor:/opt/ros/jazzy/opt/gz_ogre_next_vendor:/opt/ros/jazzy/opt/gz_dartsim_vendor:/opt/ros/jazzy/opt/gz_cmake_vendor:/home/aly-sultan/Desktop/fs-system-25/SLAM/install/cone_a_lisa:/opt/ros/jazzy DEBUGINFOD_URLS=https://debuginfod.ubuntu.com PYTHONPATH=/home/aly-sultan/Desktop/fs-system-25/SLAM/install/cloud_msgs/lib/python3.12/site-packages:/home/aly-sultan/Desktop/fs-system-25/SLAM/install/asurt_msgs/lib/python3.12/site-packages:/home/aly-sultan/Desktop/fs-system-25/SLAM/install/cone_a_lisa/lib/python3.12/site-packages:/opt/ros/jazzy/lib/python3.12/site-packages /usr/bin/cmake --install /home/aly-sultan/Desktop/fs-system-25/SLAM/build/lego_loam_sr
