[0.851s] Invoking command in '/home/ayasx9/FSAI26/perception_deep_logging/ros2_ws/build/logging_system': AMENT_PREFIX_PATH=/home/ayasx9/FSAI26/perception_deep_logging/ros2_ws/install/asurt_msgs:${AMENT_PREFIX_PATH} CMAKE_PREFIX_PATH=/home/ayasx9/FSAI26/perception_deep_logging/ros2_ws/install/asurt_msgs:${CMAKE_PREFIX_PATH} LD_LIBRARY_PATH=/home/ayasx9/FSAI26/perception_deep_logging/ros2_ws/install/asurt_msgs/lib:${LD_LIBRARY_PATH} PYTHONPATH=/home/ayasx9/FSAI26/perception_deep_logging/ros2_ws/build/logging_system/prefix_override:/usr/lib/python3/dist-packages/colcon_core/task/python/colcon_distutils_commands:/home/ayasx9/FSAI26/perception_deep_logging/ros2_ws/install/logging_system/lib/python3.10/site-packages:/home/ayasx9/FSAI26/perception_deep_logging/ros2_ws/install/asurt_msgs/local/lib/python3.10/dist-packages:${PYTHONPATH} /usr/bin/python3 -W ignore:setup.py install is deprecated -W ignore:easy_install command is deprecated setup.py develop --editable --build-directory /home/ayasx9/FSAI26/perception_deep_logging/ros2_ws/build/logging_system/build --no-deps symlink_data
[1.053s] running develop
[1.146s] running egg_info
[1.146s] creating logging_system.egg-info
[1.146s] writing logging_system.egg-info/PKG-INFO
[1.146s] writing dependency_links to logging_system.egg-info/dependency_links.txt
[1.147s] writing entry points to logging_system.egg-info/entry_points.txt
[1.147s] writing requirements to logging_system.egg-info/requires.txt
[1.147s] writing top-level names to logging_system.egg-info/top_level.txt
[1.147s] writing manifest file 'logging_system.egg-info/SOURCES.txt'
[1.149s] reading manifest file 'logging_system.egg-info/SOURCES.txt'
[1.149s] writing manifest file 'logging_system.egg-info/SOURCES.txt'
[1.187s] running build_ext
[1.188s] Creating /home/ayasx9/FSAI26/perception_deep_logging/ros2_ws/install/logging_system/lib/python3.10/site-packages/logging-system.egg-link (link to .)
[1.188s] Installing logger_node script to /home/ayasx9/FSAI26/perception_deep_logging/ros2_ws/install/logging_system/lib/logging_system
[1.189s] Installing resource_monitor script to /home/ayasx9/FSAI26/perception_deep_logging/ros2_ws/install/logging_system/lib/logging_system
[1.189s] Installing rosout_monitor script to /home/ayasx9/FSAI26/perception_deep_logging/ros2_ws/install/logging_system/lib/logging_system
[1.189s] Installing topic_monitor script to /home/ayasx9/FSAI26/perception_deep_logging/ros2_ws/install/logging_system/lib/logging_system
[1.189s] 
[1.190s] Installed /home/ayasx9/FSAI26/perception_deep_logging/ros2_ws/build/logging_system
[1.190s] running symlink_data
[1.190s] creating /home/ayasx9/FSAI26/perception_deep_logging/ros2_ws/install/logging_system/share/ament_index
[1.190s] creating /home/ayasx9/FSAI26/perception_deep_logging/ros2_ws/install/logging_system/share/ament_index/resource_index
[1.190s] creating /home/ayasx9/FSAI26/perception_deep_logging/ros2_ws/install/logging_system/share/ament_index/resource_index/packages
[1.191s] symbolically linking /home/ayasx9/FSAI26/perception_deep_logging/ros2_ws/build/logging_system/resource/logging_system -> /home/ayasx9/FSAI26/perception_deep_logging/ros2_ws/install/logging_system/share/ament_index/resource_index/packages
[1.191s] symbolically linking /home/ayasx9/FSAI26/perception_deep_logging/ros2_ws/build/logging_system/package.xml -> /home/ayasx9/FSAI26/perception_deep_logging/ros2_ws/install/logging_system/share/logging_system
[1.191s] creating /home/ayasx9/FSAI26/perception_deep_logging/ros2_ws/install/logging_system/share/logging_system/launch
[1.191s] symbolically linking /home/ayasx9/FSAI26/perception_deep_logging/ros2_ws/build/logging_system/launch/logging_launch.py -> /home/ayasx9/FSAI26/perception_deep_logging/ros2_ws/install/logging_system/share/logging_system/launch
[1.215s] Invoked command in '/home/ayasx9/FSAI26/perception_deep_logging/ros2_ws/build/logging_system' returned '0': AMENT_PREFIX_PATH=/home/ayasx9/FSAI26/perception_deep_logging/ros2_ws/install/asurt_msgs:${AMENT_PREFIX_PATH} CMAKE_PREFIX_PATH=/home/ayasx9/FSAI26/perception_deep_logging/ros2_ws/install/asurt_msgs:${CMAKE_PREFIX_PATH} LD_LIBRARY_PATH=/home/ayasx9/FSAI26/perception_deep_logging/ros2_ws/install/asurt_msgs/lib:${LD_LIBRARY_PATH} PYTHONPATH=/home/ayasx9/FSAI26/perception_deep_logging/ros2_ws/build/logging_system/prefix_override:/usr/lib/python3/dist-packages/colcon_core/task/python/colcon_distutils_commands:/home/ayasx9/FSAI26/perception_deep_logging/ros2_ws/install/logging_system/lib/python3.10/site-packages:/home/ayasx9/FSAI26/perception_deep_logging/ros2_ws/install/asurt_msgs/local/lib/python3.10/dist-packages:${PYTHONPATH} /usr/bin/python3 -W ignore:setup.py install is deprecated -W ignore:easy_install command is deprecated setup.py develop --editable --build-directory /home/ayasx9/FSAI26/perception_deep_logging/ros2_ws/build/logging_system/build --no-deps symlink_data
