[33mCMake Warning (dev) at /usr/lib/x86_64-linux-gnu/cmake/pcl/Modules/FindFLANN.cmake:45 (find_package):
  Policy CMP0144 is not set: find_package uses upper-case <PACKAGENAME>_ROOT
  variables.  Run "cmake --help-policy CMP0144" for policy details.  Use the
  cmake_policy command to set the policy and suppress this warning.

  CMake variable FLANN_ROOT is set to:

    /usr

  For compatibility, find_package is ignoring the variable, but code in a
  .cmake module might still use it.
Call Stack (most recent call first):
  /usr/lib/x86_64-linux-gnu/cmake/pcl/PCLConfig.cmake:261 (find_package)
  /usr/lib/x86_64-linux-gnu/cmake/pcl/PCLConfig.cmake:306 (find_flann)
  /usr/lib/x86_64-linux-gnu/cmake/pcl/PCLConfig.cmake:570 (find_external_library)
  /opt/ros/jazzy/share/pcl_conversions/cmake/ament_cmake_export_dependencies-extras.cmake:21 (find_package)
  /opt/ros/jazzy/share/pcl_conversions/cmake/pcl_conversionsConfig.cmake:41 (include)
  CMakeLists.txt:23 (find_package)
This warning is for project developers.  Use -Wno-dev to suppress it.
[0m
[33mCMake Warning (dev) at CMakeLists.txt:27 (find_package):
  Policy CMP0074 is not set: find_package uses <PackageName>_ROOT variables.
  Run "cmake --help-policy CMP0074" for policy details.  Use the cmake_policy
  command to set the policy and suppress this warning.

  CMake variable PCL_ROOT is set to:

    /usr

  For compatibility, CMake is ignoring the variable.
This warning is for project developers.  Use -Wno-dev to suppress it.
[0m
In file included from [01m[K/home/aly-sultan/Desktop/SLAM/LeGO-LOAM/src/featureAssociation.h:4[m[K,
                 from [01m[K/home/aly-sultan/Desktop/SLAM/LeGO-LOAM/src/main.cpp:2[m[K:
[01m[K/home/aly-sultan/Desktop/SLAM/LeGO-LOAM/include/lego_loam/utility.h:25:10:[m[K [01;31m[Kfatal error: [m[Ktf2_geometry_msgs/tf2_geometry_msgs.h: No such file or directory
   25 | #include [01;31m[K<tf2_geometry_msgs/tf2_geometry_msgs.h>[m[K
      |          [01;31m[K^~~~~~~~~~~~~~~~~~~~~~~~~~~~~~~~~~~~~~~[m[K
compilation terminated.
In file included from [01m[K/home/aly-sultan/Desktop/SLAM/LeGO-LOAM/src/imageProjection.h:4[m[K,
                 from [01m[K/home/aly-sultan/Desktop/SLAM/LeGO-LOAM/src/imageProjection.cpp:30[m[K:
[01m[K/home/aly-sultan/Desktop/SLAM/LeGO-LOAM/include/lego_loam/utility.h:25:10:[m[K [01;31m[Kfatal error: [m[Ktf2_geometry_msgs/tf2_geometry_msgs.h: No such file or directory
   25 | #include [01;31m[K<tf2_geometry_msgs/tf2_geometry_msgs.h>[m[K
      |          [01;31m[K^~~~~~~~~~~~~~~~~~~~~~~~~~~~~~~~~~~~~~~[m[K
compilation terminated.
In file included from [01m[K/home/aly-sultan/Desktop/SLAM/LeGO-LOAM/src/featureAssociation.h:4[m[K,
                 from [01m[K/home/aly-sultan/Desktop/SLAM/LeGO-LOAM/src/featureAssociation.cpp:37[m[K:
[01m[K/home/aly-sultan/Desktop/SLAM/LeGO-LOAM/include/lego_loam/utility.h:25:10:[m[K [01;31m[Kfatal error: [m[Ktf2_geometry_msgs/tf2_geometry_msgs.h: No such file or directory
   25 | #include [01;31m[K<tf2_geometry_msgs/tf2_geometry_msgs.h>[m[K
      |          [01;31m[K^~~~~~~~~~~~~~~~~~~~~~~~~~~~~~~~~~~~~~~[m[K
compilation terminated.
gmake[2]: *** [CMakeFiles/lego_loam_sr.dir/build.make:76: CMakeFiles/lego_loam_sr.dir/src/imageProjection.cpp.o] Error 1
gmake[2]: *** Waiting for unfinished jobs....
gmake[2]: *** [CMakeFiles/lego_loam_sr.dir/build.make:146: CMakeFiles/lego_loam_sr.dir/src/main.cpp.o] Error 1
gmake[2]: *** [CMakeFiles/lego_loam_sr.dir/build.make:90: CMakeFiles/lego_loam_sr.dir/src/featureAssociation.cpp.o] Error 1
In file included from [01m[K/home/aly-sultan/Desktop/SLAM/LeGO-LOAM/src/transformFusion.h:4[m[K,
                 from [01m[K/home/aly-sultan/Desktop/SLAM/LeGO-LOAM/src/transformFusion.cpp:33[m[K:
[01m[K/home/aly-sultan/Desktop/SLAM/LeGO-LOAM/include/lego_loam/utility.h:25:10:[m[K [01;31m[Kfatal error: [m[Ktf2_geometry_msgs/tf2_geometry_msgs.h: No such file or directory
   25 | #include [01;31m[K<tf2_geometry_msgs/tf2_geometry_msgs.h>[m[K
      |          [01;31m[K^~~~~~~~~~~~~~~~~~~~~~~~~~~~~~~~~~~~~~~[m[K
compilation terminated.
In file included from [01m[K/home/aly-sultan/Desktop/SLAM/LeGO-LOAM/src/mapOptimization.h:4[m[K,
                 from [01m[K/home/aly-sultan/Desktop/SLAM/LeGO-LOAM/src/mapOptmization.cpp:37[m[K:
[01m[K/home/aly-sultan/Desktop/SLAM/LeGO-LOAM/include/lego_loam/utility.h:25:10:[m[K [01;31m[Kfatal error: [m[Ktf2_geometry_msgs/tf2_geometry_msgs.h: No such file or directory
   25 | #include [01;31m[K<tf2_geometry_msgs/tf2_geometry_msgs.h>[m[K
      |          [01;31m[K^~~~~~~~~~~~~~~~~~~~~~~~~~~~~~~~~~~~~~~[m[K
compilation terminated.
gmake[2]: *** [CMakeFiles/lego_loam_sr.dir/build.make:118: CMakeFiles/lego_loam_sr.dir/src/transformFusion.cpp.o] Error 1
gmake[2]: *** [CMakeFiles/lego_loam_sr.dir/build.make:104: CMakeFiles/lego_loam_sr.dir/src/mapOptmization.cpp.o] Error 1
gmake[1]: *** [CMakeFiles/Makefile2:137: CMakeFiles/lego_loam_sr.dir/all] Error 2
gmake: *** [Makefile:146: all] Error 2
