[0.015s] Invoking command in '/home/aly-sultan/Desktop/SLAM/build/lego_loam_sr': AMENT_PREFIX_PATH=/home/aly-sultan/Desktop/fs-system-25/SLAM/install/cloud_msgs:/home/aly-sultan/Desktop/fs-system-25/SLAM/install/asurt_msgs:${AMENT_PREFIX_PATH} CMAKE_PREFIX_PATH=/home/aly-sultan/Desktop/SLAM/install/cloud_msgs:/home/aly-sultan/Desktop/SLAM/install/asurt_msgs:/opt/ros/jazzy/opt/gz_sim_vendor:/opt/ros/jazzy/opt/gz_sensors_vendor:/opt/ros/jazzy/opt/gz_physics_vendor:/opt/ros/jazzy/opt/sdformat_vendor:/opt/ros/jazzy/opt/gz_gui_vendor:/opt/ros/jazzy/opt/gz_transport_vendor:/opt/ros/jazzy/opt/gz_rendering_vendor:/opt/ros/jazzy/opt/gz_plugin_vendor:/opt/ros/jazzy/opt/gz_fuel_tools_vendor:/opt/ros/jazzy/opt/gz_msgs_vendor:/opt/ros/jazzy/opt/gz_common_vendor:/opt/ros/jazzy/opt/gz_math_vendor:/opt/ros/jazzy/opt/gz_utils_vendor:/opt/ros/jazzy/opt/gz_tools_vendor:/opt/ros/jazzy/opt/gz_ogre_next_vendor:/opt/ros/jazzy/opt/gz_dartsim_vendor:/opt/ros/jazzy/opt/gz_cmake_vendor:/opt/ros/jazzy DEBUGINFOD_URLS=https://debuginfod.ubuntu.com LD_LIBRARY_PATH=/home/aly-sultan/Desktop/fs-system-25/SLAM/install/cloud_msgs/lib:/home/aly-sultan/Desktop/SLAM/install/cloud_msgs/lib:/home/aly-sultan/Desktop/fs-system-25/SLAM/install/asurt_msgs/lib:/home/aly-sultan/Desktop/SLAM/install/asurt_msgs/lib:${LD_LIBRARY_PATH} PYTHONPATH=/home/aly-sultan/Desktop/fs-system-25/SLAM/install/cloud_msgs/lib/python3.12/site-packages:/home/aly-sultan/Desktop/SLAM/install/cloud_msgs/lib/python3.12/site-packages:/home/aly-sultan/Desktop/fs-system-25/SLAM/install/asurt_msgs/lib/python3.12/site-packages:/home/aly-sultan/Desktop/SLAM/install/asurt_msgs/lib/python3.12/site-packages:${PYTHONPATH} /usr/bin/cmake /home/aly-sultan/Desktop/SLAM/LeGO-LOAM -DCMAKE_INSTALL_PREFIX=/home/aly-sultan/Desktop/SLAM/install/lego_loam_sr
[0.090s] -- The C compiler identification is GNU 13.3.0
[0.153s] -- The CXX compiler identification is GNU 13.3.0
[0.171s] -- Detecting C compiler ABI info
[0.258s] -- Detecting C compiler ABI info - done
[0.265s] -- Check for working C compiler: /usr/bin/cc - skipped
[0.266s] -- Detecting C compile features
[0.266s] -- Detecting C compile features - done
[0.277s] -- Detecting CXX compiler ABI info
[0.374s] -- Detecting CXX compiler ABI info - done
[0.382s] -- Check for working CXX compiler: /usr/bin/c++ - skipped
[0.382s] -- Detecting CXX compile features
[0.382s] -- Detecting CXX compile features - done
[0.386s] -- Found ament_cmake: 2.5.4 (/opt/ros/jazzy/share/ament_cmake/cmake)
[0.516s] -- Found Python3: /usr/bin/python3 (found version "3.12.3") found components: Interpreter 
[0.618s] -- Found rclcpp: 28.1.12 (/opt/ros/jazzy/share/rclcpp/cmake)
[0.657s] -- Found rosidl_generator_c: 4.6.6 (/opt/ros/jazzy/share/rosidl_generator_c/cmake)
[0.670s] -- Found rosidl_generator_cpp: 4.6.6 (/opt/ros/jazzy/share/rosidl_generator_cpp/cmake)
[0.684s] -- Using all available rosidl_typesupport_c: rosidl_typesupport_fastrtps_c;rosidl_typesupport_introspection_c
[0.700s] -- Using all available rosidl_typesupport_cpp: rosidl_typesupport_fastrtps_cpp;rosidl_typesupport_introspection_cpp
[0.768s] -- Found rmw_implementation_cmake: 7.3.2 (/opt/ros/jazzy/share/rmw_implementation_cmake/cmake)
[0.771s] -- Found rmw_fastrtps_cpp: 8.4.3 (/opt/ros/jazzy/share/rmw_fastrtps_cpp/cmake)
[0.855s] -- Found OpenSSL: /usr/lib/x86_64-linux-gnu/libcrypto.so (found version "3.0.13")  
[0.875s] -- Found FastRTPS: /opt/ros/jazzy/include (Required is at least version "2.13") 
[0.899s] -- Using RMW implementation 'rmw_fastrtps_cpp' as default
[0.963s] -- Found std_msgs: 5.3.6 (/opt/ros/jazzy/share/std_msgs/cmake)
[0.976s] -- Found sensor_msgs: 5.3.6 (/opt/ros/jazzy/share/sensor_msgs/cmake)
[1.008s] -- Found nav_msgs: 5.3.6 (/opt/ros/jazzy/share/nav_msgs/cmake)
[1.032s] -- Found tf2: 0.36.14 (/opt/ros/jazzy/share/tf2/cmake)
[1.037s] -- Found tf2_ros: 0.36.14 (/opt/ros/jazzy/share/tf2_ros/cmake)
[1.144s] -- Found tf2_geometry_msgs: 0.36.19 (/opt/ros/jazzy/share/tf2_geometry_msgs/cmake)
[1.160s] -- Found eigen3_cmake_module: 0.3.0 (/opt/ros/jazzy/share/eigen3_cmake_module/cmake)
[1.161s] -- Found Eigen3: TRUE (found version "3.4.0") 
[1.161s] -- Ensuring Eigen3 include directory is part of orocos-kdl CMake target
[1.165s] -- Found pcl_conversions: 2.6.2 (/opt/ros/jazzy/share/pcl_conversions/cmake)
[1.225s] [33mCMake Warning (dev) at /usr/lib/x86_64-linux-gnu/cmake/pcl/Modules/FindFLANN.cmake:45 (find_package):
[1.225s]   Policy CMP0144 is not set: find_package uses upper-case <PACKAGENAME>_ROOT
[1.225s]   variables.  Run "cmake --help-policy CMP0144" for policy details.  Use the
[1.225s]   cmake_policy command to set the policy and suppress this warning.
[1.225s] 
[1.226s]   CMake variable FLANN_ROOT is set to:
[1.226s] 
[1.226s]     /usr
[1.226s] 
[1.226s]   For compatibility, find_package is ignoring the variable, but code in a
[1.226s]   .cmake module might still use it.
[1.226s] Call Stack (most recent call first):
[1.226s]   /usr/lib/x86_64-linux-gnu/cmake/pcl/PCLConfig.cmake:261 (find_package)
[1.226s]   /usr/lib/x86_64-linux-gnu/cmake/pcl/PCLConfig.cmake:306 (find_flann)
[1.226s]   /usr/lib/x86_64-linux-gnu/cmake/pcl/PCLConfig.cmake:570 (find_external_library)
[1.226s]   /opt/ros/jazzy/share/pcl_conversions/cmake/ament_cmake_export_dependencies-extras.cmake:21 (find_package)
[1.227s]   /opt/ros/jazzy/share/pcl_conversions/cmake/pcl_conversionsConfig.cmake:41 (include)
[1.227s]   CMakeLists.txt:23 (find_package)
[1.227s] This warning is for project developers.  Use -Wno-dev to suppress it.
[1.227s] [0m
[1.227s] -- Found flann version 1.9.2
[1.509s] -- Found OpenMP_CXX: -fopenmp (found version "4.5") 
[1.509s] -- Found OpenMP: TRUE (found version "4.5") found components: CXX 
[2.724s] -- Checking for module 'libusb-1.0'
[2.742s] --   Found libusb-1.0, version 1.0.27
[2.778s] -- Found libusb: /usr/lib/x86_64-linux-gnu/libusb-1.0.so  
[2.778s] -- OpenNI found (version: 1.5.4.0, include: /usr/include/ni, lib: /usr/lib/libOpenNI.so;libusb::libusb)
[2.838s] -- OpenNI2 found (version: 2.2.0.33, include: /usr/include/openni2, lib: /usr/lib/x86_64-linux-gnu/libOpenNI2.so;libusb::libusb)
[2.840s] -- Found Pcap: /usr/lib/x86_64-linux-gnu/libpcap.so  
[2.851s] -- Found ZLIB: /usr/lib/x86_64-linux-gnu/libz.so (found version "1.3")  
[2.867s] -- Found PNG: /usr/lib/x86_64-linux-gnu/libpng.so (found version "1.6.43") 
[3.244s] -- OpenNI found (version: 1.5.4.0, include: /usr/include/ni, lib: /usr/lib/libOpenNI.so;libusb::libusb)
[3.250s] -- OpenNI2 found (version: 2.2.0.33, include: /usr/include/openni2, lib: /usr/lib/x86_64-linux-gnu/libOpenNI2.so;libusb::libusb)
[3.610s] -- Found Qhull version 8.0.2
[3.972s] -- OpenNI found (version: 1.5.4.0, include: /usr/include/ni, lib: /usr/lib/libOpenNI.so;libusb::libusb)
[4.336s] -- Found PCL_COMMON: /usr/lib/x86_64-linux-gnu/libpcl_common.so  
[4.337s] -- Found PCL_KDTREE: /usr/lib/x86_64-linux-gnu/libpcl_kdtree.so  
[4.337s] -- Found PCL_OCTREE: /usr/lib/x86_64-linux-gnu/libpcl_octree.so  
[4.338s] -- Found PCL_SEARCH: /usr/lib/x86_64-linux-gnu/libpcl_search.so  
[4.339s] -- Found PCL_SAMPLE_CONSENSUS: /usr/lib/x86_64-linux-gnu/libpcl_sample_consensus.so  
[4.340s] -- Found PCL_FILTERS: /usr/lib/x86_64-linux-gnu/libpcl_filters.so  
[4.340s] -- Found PCL_2D: /usr/include/pcl-1.14  
[4.340s] -- Found PCL_GEOMETRY: /usr/include/pcl-1.14  
[4.341s] -- Found PCL_IO: /usr/lib/x86_64-linux-gnu/libpcl_io.so  
[4.342s] -- Found PCL_FEATURES: /usr/lib/x86_64-linux-gnu/libpcl_features.so  
[4.343s] -- Found PCL_ML: /usr/lib/x86_64-linux-gnu/libpcl_ml.so  
[4.344s] -- Found PCL_SEGMENTATION: /usr/lib/x86_64-linux-gnu/libpcl_segmentation.so  
[4.345s] -- Found PCL_VISUALIZATION: /usr/lib/x86_64-linux-gnu/libpcl_visualization.so  
[4.346s] -- Found PCL_SURFACE: /usr/lib/x86_64-linux-gnu/libpcl_surface.so  
[4.347s] -- Found PCL_REGISTRATION: /usr/lib/x86_64-linux-gnu/libpcl_registration.so  
[4.348s] -- Found PCL_KEYPOINTS: /usr/lib/x86_64-linux-gnu/libpcl_keypoints.so  
[4.349s] -- Found PCL_TRACKING: /usr/lib/x86_64-linux-gnu/libpcl_tracking.so  
[4.349s] -- Found PCL_RECOGNITION: /usr/lib/x86_64-linux-gnu/libpcl_recognition.so  
[4.350s] -- Found PCL_STEREO: /usr/lib/x86_64-linux-gnu/libpcl_stereo.so  
[4.351s] -- Found PCL_APPS: /usr/lib/x86_64-linux-gnu/libpcl_apps.so  
[4.352s] -- Found PCL_IN_HAND_SCANNER: /usr/include/pcl-1.14  
[4.352s] -- Found PCL_MODELER: /usr/include/pcl-1.14  
[4.352s] -- Found PCL_POINT_CLOUD_EDITOR: /usr/include/pcl-1.14  
[4.353s] -- Found PCL_OUTOFCORE: /usr/lib/x86_64-linux-gnu/libpcl_outofcore.so  
[4.354s] -- Found PCL_PEOPLE: /usr/lib/x86_64-linux-gnu/libpcl_people.so  
[4.357s] -- Found cloud_msgs: 1.0.0 (/home/aly-sultan/Desktop/SLAM/install/cloud_msgs/share/cloud_msgs/cmake)
[4.370s] [33mCMake Warning (dev) at CMakeLists.txt:27 (find_package):
[4.370s]   Policy CMP0074 is not set: find_package uses <PackageName>_ROOT variables.
[4.370s]   Run "cmake --help-policy CMP0074" for policy details.  Use the cmake_policy
[4.370s]   command to set the policy and suppress this warning.
[4.370s] 
[4.370s]   CMake variable PCL_ROOT is set to:
[4.370s] 
[4.370s]     /usr
[4.370s] 
[4.370s]   For compatibility, CMake is ignoring the variable.
[4.370s] This warning is for project developers.  Use -Wno-dev to suppress it.
[4.371s] [0m
[4.406s] -- GTSAM include directory:  /usr/local/lib/cmake/GTSAM/../../../include
[4.409s] -- Found Boost: /usr/lib/x86_64-linux-gnu/cmake/Boost-1.83.0/BoostConfig.cmake (found version "1.83.0") found components: thread serialization timer 
[4.410s] -- Found asurt_msgs: 2.0.0 (/home/aly-sultan/Desktop/SLAM/install/asurt_msgs/share/asurt_msgs/cmake)
[4.515s] -- Configuring done (4.5s)
[4.548s] -- Generating done (0.0s)
[4.554s] -- Build files have been written to: /home/aly-sultan/Desktop/SLAM/build/lego_loam_sr
[4.574s] Invoked command in '/home/aly-sultan/Desktop/SLAM/build/lego_loam_sr' returned '0': AMENT_PREFIX_PATH=/home/aly-sultan/Desktop/fs-system-25/SLAM/install/cloud_msgs:/home/aly-sultan/Desktop/fs-system-25/SLAM/install/asurt_msgs:${AMENT_PREFIX_PATH} CMAKE_PREFIX_PATH=/home/aly-sultan/Desktop/SLAM/install/cloud_msgs:/home/aly-sultan/Desktop/SLAM/install/asurt_msgs:/opt/ros/jazzy/opt/gz_sim_vendor:/opt/ros/jazzy/opt/gz_sensors_vendor:/opt/ros/jazzy/opt/gz_physics_vendor:/opt/ros/jazzy/opt/sdformat_vendor:/opt/ros/jazzy/opt/gz_gui_vendor:/opt/ros/jazzy/opt/gz_transport_vendor:/opt/ros/jazzy/opt/gz_rendering_vendor:/opt/ros/jazzy/opt/gz_plugin_vendor:/opt/ros/jazzy/opt/gz_fuel_tools_vendor:/opt/ros/jazzy/opt/gz_msgs_vendor:/opt/ros/jazzy/opt/gz_common_vendor:/opt/ros/jazzy/opt/gz_math_vendor:/opt/ros/jazzy/opt/gz_utils_vendor:/opt/ros/jazzy/opt/gz_tools_vendor:/opt/ros/jazzy/opt/gz_ogre_next_vendor:/opt/ros/jazzy/opt/gz_dartsim_vendor:/opt/ros/jazzy/opt/gz_cmake_vendor:/opt/ros/jazzy DEBUGINFOD_URLS=https://debuginfod.ubuntu.com LD_LIBRARY_PATH=/home/aly-sultan/Desktop/fs-system-25/SLAM/install/cloud_msgs/lib:/home/aly-sultan/Desktop/SLAM/install/cloud_msgs/lib:/home/aly-sultan/Desktop/fs-system-25/SLAM/install/asurt_msgs/lib:/home/aly-sultan/Desktop/SLAM/install/asurt_msgs/lib:${LD_LIBRARY_PATH} PYTHONPATH=/home/aly-sultan/Desktop/fs-system-25/SLAM/install/cloud_msgs/lib/python3.12/site-packages:/home/aly-sultan/Desktop/SLAM/install/cloud_msgs/lib/python3.12/site-packages:/home/aly-sultan/Desktop/fs-system-25/SLAM/install/asurt_msgs/lib/python3.12/site-packages:/home/aly-sultan/Desktop/SLAM/install/asurt_msgs/lib/python3.12/site-packages:${PYTHONPATH} /usr/bin/cmake /home/aly-sultan/Desktop/SLAM/LeGO-LOAM -DCMAKE_INSTALL_PREFIX=/home/aly-sultan/Desktop/SLAM/install/lego_loam_sr
[4.575s] Invoking command in '/home/aly-sultan/Desktop/SLAM/build/lego_loam_sr': AMENT_PREFIX_PATH=/home/aly-sultan/Desktop/fs-system-25/SLAM/install/cloud_msgs:/home/aly-sultan/Desktop/fs-system-25/SLAM/install/asurt_msgs:${AMENT_PREFIX_PATH} CMAKE_PREFIX_PATH=/home/aly-sultan/Desktop/SLAM/install/cloud_msgs:/home/aly-sultan/Desktop/SLAM/install/asurt_msgs:/opt/ros/jazzy/opt/gz_sim_vendor:/opt/ros/jazzy/opt/gz_sensors_vendor:/opt/ros/jazzy/opt/gz_physics_vendor:/opt/ros/jazzy/opt/sdformat_vendor:/opt/ros/jazzy/opt/gz_gui_vendor:/opt/ros/jazzy/opt/gz_transport_vendor:/opt/ros/jazzy/opt/gz_rendering_vendor:/opt/ros/jazzy/opt/gz_plugin_vendor:/opt/ros/jazzy/opt/gz_fuel_tools_vendor:/opt/ros/jazzy/opt/gz_msgs_vendor:/opt/ros/jazzy/opt/gz_common_vendor:/opt/ros/jazzy/opt/gz_math_vendor:/opt/ros/jazzy/opt/gz_utils_vendor:/opt/ros/jazzy/opt/gz_tools_vendor:/opt/ros/jazzy/opt/gz_ogre_next_vendor:/opt/ros/jazzy/opt/gz_dartsim_vendor:/opt/ros/jazzy/opt/gz_cmake_vendor:/opt/ros/jazzy DEBUGINFOD_URLS=https://debuginfod.ubuntu.com LD_LIBRARY_PATH=/home/aly-sultan/Desktop/fs-system-25/SLAM/install/cloud_msgs/lib:/home/aly-sultan/Desktop/SLAM/install/cloud_msgs/lib:/home/aly-sultan/Desktop/fs-system-25/SLAM/install/asurt_msgs/lib:/home/aly-sultan/Desktop/SLAM/install/asurt_msgs/lib:${LD_LIBRARY_PATH} PYTHONPATH=/home/aly-sultan/Desktop/fs-system-25/SLAM/install/cloud_msgs/lib/python3.12/site-packages:/home/aly-sultan/Desktop/SLAM/install/cloud_msgs/lib/python3.12/site-packages:/home/aly-sultan/Desktop/fs-system-25/SLAM/install/asurt_msgs/lib/python3.12/site-packages:/home/aly-sultan/Desktop/SLAM/install/asurt_msgs/lib/python3.12/site-packages:${PYTHONPATH} /usr/bin/cmake --build /home/aly-sultan/Desktop/SLAM/build/lego_loam_sr -- -j16 -l16
[4.633s] [ 57%] [32mBuilding CXX object CMakeFiles/lego_loam_sr.dir/src/StatusPublisher.cpp.o[0m
[4.633s] [ 57%] [32mBuilding CXX object CMakeFiles/lego_loam_sr.dir/src/main.cpp.o[0m
[4.633s] [ 57%] [32mBuilding CXX object CMakeFiles/lego_loam_sr.dir/src/imageProjection.cpp.o[0m
[4.633s] [ 57%] [32mBuilding CXX object CMakeFiles/lego_loam_sr.dir/src/featureAssociation.cpp.o[0m
[4.634s] [ 71%] [32mBuilding CXX object CMakeFiles/lego_loam_sr.dir/src/mapOptmization.cpp.o[0m
[4.634s] [ 85%] [32mBuilding CXX object CMakeFiles/lego_loam_sr.dir/src/transformFusion.cpp.o[0m
[6.021s] In file included from [01m[K/home/aly-sultan/Desktop/SLAM/LeGO-LOAM/src/featureAssociation.h:4[m[K,
[6.021s]                  from [01m[K/home/aly-sultan/Desktop/SLAM/LeGO-LOAM/src/main.cpp:2[m[K:
[6.021s] [01m[K/home/aly-sultan/Desktop/SLAM/LeGO-LOAM/include/lego_loam/utility.h:25:10:[m[K [01;31m[Kfatal error: [m[Ktf2_geometry_msgs/tf2_geometry_msgs.h: No such file or directory
[6.021s]    25 | #include [01;31m[K<tf2_geometry_msgs/tf2_geometry_msgs.h>[m[K
[6.021s]       |          [01;31m[K^~~~~~~~~~~~~~~~~~~~~~~~~~~~~~~~~~~~~~~[m[K
[6.021s] compilation terminated.
[6.025s] In file included from [01m[K/home/aly-sultan/Desktop/SLAM/LeGO-LOAM/src/imageProjection.h:4[m[K,
[6.025s]                  from [01m[K/home/aly-sultan/Desktop/SLAM/LeGO-LOAM/src/imageProjection.cpp:30[m[K:
[6.025s] [01m[K/home/aly-sultan/Desktop/SLAM/LeGO-LOAM/include/lego_loam/utility.h:25:10:[m[K [01;31m[Kfatal error: [m[Ktf2_geometry_msgs/tf2_geometry_msgs.h: No such file or directory
[6.025s]    25 | #include [01;31m[K<tf2_geometry_msgs/tf2_geometry_msgs.h>[m[K
[6.025s]       |          [01;31m[K^~~~~~~~~~~~~~~~~~~~~~~~~~~~~~~~~~~~~~~[m[K
[6.025s] compilation terminated.
[6.037s] In file included from [01m[K/home/aly-sultan/Desktop/SLAM/LeGO-LOAM/src/featureAssociation.h:4[m[K,
[6.037s]                  from [01m[K/home/aly-sultan/Desktop/SLAM/LeGO-LOAM/src/featureAssociation.cpp:37[m[K:
[6.037s] [01m[K/home/aly-sultan/Desktop/SLAM/LeGO-LOAM/include/lego_loam/utility.h:25:10:[m[K [01;31m[Kfatal error: [m[Ktf2_geometry_msgs/tf2_geometry_msgs.h: No such file or directory
[6.037s]    25 | #include [01;31m[K<tf2_geometry_msgs/tf2_geometry_msgs.h>[m[K
[6.037s]       |          [01;31m[K^~~~~~~~~~~~~~~~~~~~~~~~~~~~~~~~~~~~~~~[m[K
[6.037s] compilation terminated.
[6.040s] gmake[2]: *** [CMakeFiles/lego_loam_sr.dir/build.make:76: CMakeFiles/lego_loam_sr.dir/src/imageProjection.cpp.o] Error 1
[6.040s] gmake[2]: *** Waiting for unfinished jobs....
[6.040s] gmake[2]: *** [CMakeFiles/lego_loam_sr.dir/build.make:146: CMakeFiles/lego_loam_sr.dir/src/main.cpp.o] Error 1
[6.059s] gmake[2]: *** [CMakeFiles/lego_loam_sr.dir/build.make:90: CMakeFiles/lego_loam_sr.dir/src/featureAssociation.cpp.o] Error 1
[6.516s] In file included from [01m[K/home/aly-sultan/Desktop/SLAM/LeGO-LOAM/src/transformFusion.h:4[m[K,
[6.517s]                  from [01m[K/home/aly-sultan/Desktop/SLAM/LeGO-LOAM/src/transformFusion.cpp:33[m[K:
[6.517s] [01m[K/home/aly-sultan/Desktop/SLAM/LeGO-LOAM/include/lego_loam/utility.h:25:10:[m[K [01;31m[Kfatal error: [m[Ktf2_geometry_msgs/tf2_geometry_msgs.h: No such file or directory
[6.517s]    25 | #include [01;31m[K<tf2_geometry_msgs/tf2_geometry_msgs.h>[m[K
[6.517s]       |          [01;31m[K^~~~~~~~~~~~~~~~~~~~~~~~~~~~~~~~~~~~~~~[m[K
[6.517s] compilation terminated.
[6.529s] In file included from [01m[K/home/aly-sultan/Desktop/SLAM/LeGO-LOAM/src/mapOptimization.h:4[m[K,
[6.529s]                  from [01m[K/home/aly-sultan/Desktop/SLAM/LeGO-LOAM/src/mapOptmization.cpp:37[m[K:
[6.529s] [01m[K/home/aly-sultan/Desktop/SLAM/LeGO-LOAM/include/lego_loam/utility.h:25:10:[m[K [01;31m[Kfatal error: [m[Ktf2_geometry_msgs/tf2_geometry_msgs.h: No such file or directory
[6.529s]    25 | #include [01;31m[K<tf2_geometry_msgs/tf2_geometry_msgs.h>[m[K
[6.529s]       |          [01;31m[K^~~~~~~~~~~~~~~~~~~~~~~~~~~~~~~~~~~~~~~[m[K
[6.529s] compilation terminated.
[6.533s] gmake[2]: *** [CMakeFiles/lego_loam_sr.dir/build.make:118: CMakeFiles/lego_loam_sr.dir/src/transformFusion.cpp.o] Error 1
[6.548s] gmake[2]: *** [CMakeFiles/lego_loam_sr.dir/build.make:104: CMakeFiles/lego_loam_sr.dir/src/mapOptmization.cpp.o] Error 1
[8.696s] gmake[1]: *** [CMakeFiles/Makefile2:137: CMakeFiles/lego_loam_sr.dir/all] Error 2
[8.696s] gmake: *** [Makefile:146: all] Error 2
[8.698s] Invoked command in '/home/aly-sultan/Desktop/SLAM/build/lego_loam_sr' returned '2': AMENT_PREFIX_PATH=/home/aly-sultan/Desktop/fs-system-25/SLAM/install/cloud_msgs:/home/aly-sultan/Desktop/fs-system-25/SLAM/install/asurt_msgs:${AMENT_PREFIX_PATH} CMAKE_PREFIX_PATH=/home/aly-sultan/Desktop/SLAM/install/cloud_msgs:/home/aly-sultan/Desktop/SLAM/install/asurt_msgs:/opt/ros/jazzy/opt/gz_sim_vendor:/opt/ros/jazzy/opt/gz_sensors_vendor:/opt/ros/jazzy/opt/gz_physics_vendor:/opt/ros/jazzy/opt/sdformat_vendor:/opt/ros/jazzy/opt/gz_gui_vendor:/opt/ros/jazzy/opt/gz_transport_vendor:/opt/ros/jazzy/opt/gz_rendering_vendor:/opt/ros/jazzy/opt/gz_plugin_vendor:/opt/ros/jazzy/opt/gz_fuel_tools_vendor:/opt/ros/jazzy/opt/gz_msgs_vendor:/opt/ros/jazzy/opt/gz_common_vendor:/opt/ros/jazzy/opt/gz_math_vendor:/opt/ros/jazzy/opt/gz_utils_vendor:/opt/ros/jazzy/opt/gz_tools_vendor:/opt/ros/jazzy/opt/gz_ogre_next_vendor:/opt/ros/jazzy/opt/gz_dartsim_vendor:/opt/ros/jazzy/opt/gz_cmake_vendor:/opt/ros/jazzy DEBUGINFOD_URLS=https://debuginfod.ubuntu.com LD_LIBRARY_PATH=/home/aly-sultan/Desktop/fs-system-25/SLAM/install/cloud_msgs/lib:/home/aly-sultan/Desktop/SLAM/install/cloud_msgs/lib:/home/aly-sultan/Desktop/fs-system-25/SLAM/install/asurt_msgs/lib:/home/aly-sultan/Desktop/SLAM/install/asurt_msgs/lib:${LD_LIBRARY_PATH} PYTHONPATH=/home/aly-sultan/Desktop/fs-system-25/SLAM/install/cloud_msgs/lib/python3.12/site-packages:/home/aly-sultan/Desktop/SLAM/install/cloud_msgs/lib/python3.12/site-packages:/home/aly-sultan/Desktop/fs-system-25/SLAM/install/asurt_msgs/lib/python3.12/site-packages:/home/aly-sultan/Desktop/SLAM/install/asurt_msgs/lib/python3.12/site-packages:${PYTHONPATH} /usr/bin/cmake --build /home/aly-sultan/Desktop/SLAM/build/lego_loam_sr -- -j16 -l16
